NCCL version 2.21.5+cuda12.4
LA_CA_NEAR event=0 split_controllerLA_CA_NEAR event=0 split_controllerLA_CA_NEAR event=0 split_controller


LA_CA_NEAR event=0 split_controller
LA_CA_NEAR event=0 split_controllerLA_CA_NEAR event=0 split_controllerLA_CA_NEAR event=0 split_controller


LA_CA_NEAR event=0 split_controller
LA_CA_NEAR event=768 split_controllerLA_CA_NEAR event=768 split_controllerLA_CA_NEAR event=768 split_controller


LA_CA_NEAR event=768 split_controller
LA_CA_NEAR event=1536 split_controllerLA_CA_NEAR event=1536 split_controllerLA_CA_NEAR event=1536 split_controller


LA_CA_NEAR event=1536 split_controller
LA_CA_NEAR event=2304 split_controllerLA_CA_NEAR event=2304 split_controllerLA_CA_NEAR event=2304 split_controller


LA_CA_NEAR event=2304 split_controller
{"status": "PASS", "candidate": "_warmup", "arm": "R-NEAR", "repeat": 0, "TTFT": 15.297351029, "TPOT": 3.3662257436190477, "E2E": 227.369572877, "throughput": 72.05889421652405, "output_tokens": 64, "decode_forwards": 63, "local_batch": 64, "global_requests": 256, "smoke": false, "profiled": false, "nomination": false}
LA_CA_NEAR event=0 split_controllerLA_CA_NEAR event=0 split_controllerLA_CA_NEAR event=0 split_controller


LA_CA_NEAR event=0 split_controller
LA_CA_NEAR event=768 split_controllerLA_CA_NEAR event=768 split_controllerLA_CA_NEAR event=768 split_controller


LA_CA_NEAR event=768 split_controller
LA_CA_NEAR event=1536 split_controllerLA_CA_NEAR event=1536 split_controllerLA_CA_NEAR event=1536 split_controller


LA_CA_NEAR event=1536 split_controller
LA_CA_NEAR event=2304 split_controllerLA_CA_NEAR event=2304 split_controllerLA_CA_NEAR event=2304 split_controller


LA_CA_NEAR event=2304 split_controller
{"status": "PASS", "candidate": "_warmup", "arm": "G-NEAR", "repeat": 0, "TTFT": 16.690146498, "TPOT": 3.1795994353174604, "E2E": 217.004910923, "throughput": 75.5005954948805, "output_tokens": 64, "decode_forwards": 63, "local_batch": 64, "global_requests": 256, "smoke": false, "profiled": false, "nomination": false}
{"status": "PASS", "candidate": "family_2", "arm": "R-NEAR", "repeat": 1, "TTFT": 15.331363685, "TPOT": 1.1606586990952381, "E2E": 88.452861728, "throughput": 185.2286028956551, "output_tokens": 64, "decode_forwards": 63, "local_batch": 64, "global_requests": 256, "smoke": false, "profiled": false, "nomination": false}
{"status": "PASS", "candidate": "family_2", "arm": "G-NEAR", "repeat": 1, "TTFT": 15.869852018, "TPOT": 1.1233773162222223, "E2E": 86.64262294, "throughput": 189.0986150239925, "output_tokens": 64, "decode_forwards": 63, "local_batch": 64, "global_requests": 256, "smoke": false, "profiled": false, "nomination": false}
{"status": "PASS", "candidate": "family_6", "arm": "G-NEAR", "repeat": 1, "TTFT": 16.409008024, "TPOT": 1.481918640015873, "E2E": 109.769882345, "throughput": 149.2576984687484, "output_tokens": 64, "decode_forwards": 63, "local_batch": 64, "global_requests": 256, "smoke": false, "profiled": false, "nomination": false}
{"status": "PASS", "candidate": "family_6", "arm": "R-NEAR", "repeat": 1, "TTFT": 16.528864153, "TPOT": 1.4704029563492063, "E2E": 109.164250403, "throughput": 150.0857647033295, "output_tokens": 64, "decode_forwards": 63, "local_batch": 64, "global_requests": 256, "smoke": false, "profiled": false, "nomination": false}
{"status": "PASS", "candidate": "coherent_0", "arm": "R-NEAR", "repeat": 1, "TTFT": 16.62498671, "TPOT": 1.7103099186666666, "E2E": 124.374511586, "throughput": 131.73117056762163, "output_tokens": 64, "decode_forwards": 63, "local_batch": 64, "global_requests": 256, "smoke": false, "profiled": false, "nomination": false}
{"status": "PASS", "candidate": "coherent_0", "arm": "G-NEAR", "repeat": 1, "TTFT": 15.48623861, "TPOT": 1.5360762377777777, "E2E": 112.25904159, "throughput": 145.94815498103702, "output_tokens": 64, "decode_forwards": 63, "local_batch": 64, "global_requests": 256, "smoke": false, "profiled": false, "nomination": false}
{"status": "PASS", "candidate": "family_7", "arm": "G-NEAR", "repeat": 1, "TTFT": 15.422920852, "TPOT": 1.8800858461269843, "E2E": 133.868329158, "throughput": 122.3889182979385, "output_tokens": 64, "decode_forwards": 63, "local_batch": 64, "global_requests": 256, "smoke": false, "profiled": false, "nomination": false}
{"status": "PASS", "candidate": "family_7", "arm": "R-NEAR", "repeat": 1, "TTFT": 17.081095171, "TPOT": 1.9429021850952382, "E2E": 139.483932832, "throughput": 117.46155752385863, "output_tokens": 64, "decode_forwards": 63, "local_batch": 64, "global_requests": 256, "smoke": false, "profiled": false, "nomination": false}
{"status": "PASS", "candidate": "mixed_1", "arm": "R-NEAR", "repeat": 1, "TTFT": 15.413883561, "TPOT": 1.7306666732539682, "E2E": 124.445883976, "throughput": 131.65561990913042, "output_tokens": 64, "decode_forwards": 63, "local_batch": 64, "global_requests": 256, "smoke": false, "profiled": false, "nomination": false}
{"status": "PASS", "candidate": "mixed_1", "arm": "G-NEAR", "repeat": 1, "TTFT": 14.993699106, "TPOT": 1.7372743607301586, "E2E": 124.441983832, "throughput": 131.65974613614998, "output_tokens": 64, "decode_forwards": 63, "local_batch": 64, "global_requests": 256, "smoke": false, "profiled": false, "nomination": false}
{"status": "PASS", "candidate": "coherent_3", "arm": "G-NEAR", "repeat": 1, "TTFT": 15.332869844, "TPOT": 1.7930450698730158, "E2E": 128.294709246, "throughput": 127.70596773857862, "output_tokens": 64, "decode_forwards": 63, "local_batch": 64, "global_requests": 256, "smoke": false, "profiled": false, "nomination": false}
{"status": "PASS", "candidate": "coherent_3", "arm": "R-NEAR", "repeat": 1, "TTFT": 14.859755136, "TPOT": 1.8257943823174603, "E2E": 129.884801222, "throughput": 126.14254975065447, "output_tokens": 64, "decode_forwards": 63, "local_batch": 64, "global_requests": 256, "smoke": false, "profiled": false, "nomination": false}
{"status": "PASS", "candidate": "family_3", "arm": "R-NEAR", "repeat": 1, "TTFT": 15.311063879, "TPOT": 1.4889524434761905, "E2E": 109.115067818, "throughput": 150.15341444252155, "output_tokens": 64, "decode_forwards": 63, "local_batch": 64, "global_requests": 256, "smoke": false, "profiled": false, "nomination": false}
{"status": "PASS", "candidate": "family_3", "arm": "G-NEAR", "repeat": 1, "TTFT": 15.186148074, "TPOT": 1.4944076432222222, "E2E": 109.333829597, "throughput": 149.85297835437348, "output_tokens": 64, "decode_forwards": 63, "local_batch": 64, "global_requests": 256, "smoke": false, "profiled": false, "nomination": false}
{"status": "PASS", "candidate": "coherent_5", "arm": "G-NEAR", "repeat": 1, "TTFT": 15.406369276, "TPOT": 1.6117240285714285, "E2E": 116.944983076, "throughput": 140.10006730560127, "output_tokens": 64, "decode_forwards": 63, "local_batch": 64, "global_requests": 256, "smoke": false, "profiled": false, "nomination": false}
{"status": "PASS", "candidate": "coherent_5", "arm": "R-NEAR", "repeat": 1, "TTFT": 15.301028661, "TPOT": 1.61206482, "E2E": 116.861112321, "throughput": 140.2006165660618, "output_tokens": 64, "decode_forwards": 63, "local_batch": 64, "global_requests": 256, "smoke": false, "profiled": false, "nomination": false}
{"status": "PASS", "candidate": "previous_best_control", "arm": "R-NEAR", "repeat": 1, "TTFT": 15.245869855, "TPOT": 1.8555625024761904, "E2E": 132.146307511, "throughput": 123.98378969942976, "output_tokens": 64, "decode_forwards": 63, "local_batch": 64, "global_requests": 256, "smoke": false, "profiled": false, "nomination": false}
{"status": "PASS", "candidate": "previous_best_control", "arm": "G-NEAR", "repeat": 1, "TTFT": 15.141167718, "TPOT": 1.8457826318095238, "E2E": 131.425473522, "throughput": 124.66380801935932, "output_tokens": 64, "decode_forwards": 63, "local_batch": 64, "global_requests": 256, "smoke": false, "profiled": false, "nomination": false}
