[20261007 03:32:30.188184Z ][2825405 ][INFO  ]Creating I/O thread pool with  48  threads - archer_prio_aio_handle.cpp:234
[20261007 03:32:30.188219Z ][2825405 ][INFO  ]Create ArcherAioThread for thread:  0 - archer_aio_thread.cpp:12
[20261007 03:32:30.188224Z ][2825405 ][INFO  ]Create ArcherAioThread for thread:  1 - archer_aio_thread.cpp:12
[20261007 03:32:30.188228Z ][2825405 ][INFO  ]Create ArcherAioThread for thread:  2 - archer_aio_thread.cpp:12
[20261007 03:32:30.188232Z ][2825405 ][INFO  ]Create ArcherAioThread for thread:  3 - archer_aio_thread.cpp:12
[20261007 03:32:30.188235Z ][2825405 ][INFO  ]Create ArcherAioThread for thread:  4 - archer_aio_thread.cpp:12
[20261007 03:32:30.188238Z ][2825405 ][INFO  ]Create ArcherAioThread for thread:  5 - archer_aio_thread.cpp:12
[20261007 03:32:30.188241Z ][2825405 ][INFO  ]Create ArcherAioThread for thread:  6 - archer_aio_thread.cpp:12
[20261007 03:32:30.188244Z ][2825405 ][INFO  ]Create ArcherAioThread for thread:  7 - archer_aio_thread.cpp:12
[20261007 03:32:30.188247Z ][2825405 ][INFO  ]Create ArcherAioThread for thread:  8 - archer_aio_thread.cpp:12
[20261007 03:32:30.188250Z ][2825405 ][INFO  ]Create ArcherAioThread for thread:  9 - archer_aio_thread.cpp:12
[20261007 03:32:30.188252Z ][2825405 ][INFO  ]Create ArcherAioThread for thread:  10 - archer_aio_thread.cpp:12
[20261007 03:32:30.188256Z ][2825405 ][INFO  ]Create ArcherAioThread for thread:  11 - archer_aio_thread.cpp:12
[20261007 03:32:30.188259Z ][2825405 ][INFO  ]Create ArcherAioThread for thread:  12 - archer_aio_thread.cpp:12
[20261007 03:32:30.188262Z ][2825405 ][INFO  ]Create ArcherAioThread for thread:  13 - archer_aio_thread.cpp:12
[20261007 03:32:30.188265Z ][2825405 ][INFO  ]Create ArcherAioThread for thread:  14 - archer_aio_thread.cpp:12
[20261007 03:32:30.188267Z ][2825405 ][INFO  ]Create ArcherAioThread for thread:  15 - archer_aio_thread.cpp:12
[20261007 03:32:30.188270Z ][2825405 ][INFO  ]Create ArcherAioThread for thread:  16 - archer_aio_thread.cpp:12
[20261007 03:32:30.188273Z ][2825405 ][INFO  ]Create ArcherAioThread for thread:  17 - archer_aio_thread.cpp:12
[20261007 03:32:30.188276Z ][2825405 ][INFO  ]Create ArcherAioThread for thread:  18 - archer_aio_thread.cpp:12
[20261007 03:32:30.188279Z ][2825405 ][INFO  ]Create ArcherAioThread for thread:  19 - archer_aio_thread.cpp:12
[20261007 03:32:30.188283Z ][2825405 ][INFO  ]Create ArcherAioThread for thread:  20 - archer_aio_thread.cpp:12
[20261007 03:32:30.188285Z ][2825405 ][INFO  ]Create ArcherAioThread for thread:  21 - archer_aio_thread.cpp:12
[20261007 03:32:30.188288Z ][2825405 ][INFO  ]Create ArcherAioThread for thread:  22 - archer_aio_thread.cpp:12
[20261007 03:32:30.188291Z ][2825405 ][INFO  ]Create ArcherAioThread for thread:  23 - archer_aio_thread.cpp:12
[20261007 03:32:30.188294Z ][2825405 ][INFO  ]Create ArcherAioThread for thread:  24 - archer_aio_thread.cpp:12
[20261007 03:32:30.188296Z ][2825405 ][INFO  ]Create ArcherAioThread for thread:  25 - archer_aio_thread.cpp:12
[20261007 03:32:30.188300Z ][2825405 ][INFO  ]Create ArcherAioThread for thread:  26 - archer_aio_thread.cpp:12
[20261007 03:32:30.188303Z ][2825405 ][INFO  ]Create ArcherAioThread for thread:  27 - archer_aio_thread.cpp:12
[20261007 03:32:30.188306Z ][2825405 ][INFO  ]Create ArcherAioThread for thread:  28 - archer_aio_thread.cpp:12
[20261007 03:32:30.188309Z ][2825405 ][INFO  ]Create ArcherAioThread for thread:  29 - archer_aio_thread.cpp:12
[20261007 03:32:30.188312Z ][2825405 ][INFO  ]Create ArcherAioThread for thread:  30 - archer_aio_thread.cpp:12
[20261007 03:32:30.188314Z ][2825405 ][INFO  ]Create ArcherAioThread for thread:  31 - archer_aio_thread.cpp:12
[20261007 03:32:30.188318Z ][2825405 ][INFO  ]Create ArcherAioThread for thread:  32 - archer_aio_thread.cpp:12
[20261007 03:32:30.188321Z ][2825405 ][INFO  ]Create ArcherAioThread for thread:  33 - archer_aio_thread.cpp:12
[20261007 03:32:30.188323Z ][2825405 ][INFO  ]Create ArcherAioThread for thread:  34 - archer_aio_thread.cpp:12
[20261007 03:32:30.188326Z ][2825405 ][INFO  ]Create ArcherAioThread for thread:  35 - archer_aio_thread.cpp:12
[20261007 03:32:30.188338Z ][2825405 ][INFO  ]Create ArcherAioThread for thread:  36 - archer_aio_thread.cpp:12
[20261007 03:32:30.188341Z ][2825405 ][INFO  ]Create ArcherAioThread for thread:  37 - archer_aio_thread.cpp:12
[20261007 03:32:30.188343Z ][2825405 ][INFO  ]Create ArcherAioThread for thread:  38 - archer_aio_thread.cpp:12
[20261007 03:32:30.188346Z ][2825405 ][INFO  ]Create ArcherAioThread for thread:  39 - archer_aio_thread.cpp:12
[20261007 03:32:30.188350Z ][2825405 ][INFO  ]Create ArcherAioThread for thread:  40 - archer_aio_thread.cpp:12
[20261007 03:32:30.188353Z ][2825405 ][INFO  ]Create ArcherAioThread for thread:  41 - archer_aio_thread.cpp:12
[20261007 03:32:30.188356Z ][2825405 ][INFO  ]Create ArcherAioThread for thread:  42 - archer_aio_thread.cpp:12
[20261007 03:32:30.188359Z ][2825405 ][INFO  ]Create ArcherAioThread for thread:  43 - archer_aio_thread.cpp:12
[20261007 03:32:30.188362Z ][2825405 ][INFO  ]Create ArcherAioThread for thread:  44 - archer_aio_thread.cpp:12
[20261007 03:32:30.188365Z ][2825405 ][INFO  ]Create ArcherAioThread for thread:  45 - archer_aio_thread.cpp:12
[20261007 03:32:30.188368Z ][2825405 ][INFO  ]Create ArcherAioThread for thread:  46 - archer_aio_thread.cpp:12
[20261007 03:32:30.188371Z ][2825405 ][INFO  ]Create ArcherAioThread for thread:  47 - archer_aio_thread.cpp:12
[20261007 03:32:30.191061Z ][2825405 ][INFO  ]Creating pinned memory pool:  192  chunks of  1024  KB - pinned_memory_pool.cpp:16
[20261007 03:32:30.371734Z ][2825405 ][INFO  ]Index file /home/hwlee/mgo-results/headline_r4_20261007/infinity_dispatch_chunks1/tiny_store/archer_index  does not exist, creating - archer_tensor_handle.cpp:61
[20261007 03:32:30.371755Z ][2825405 ][INFO  ]Index file size  0 - archer_tensor_handle.cpp:63
[20261007 03:32:30.372318Z ][2825405 ][INFO  ]Device count  4 - archer_prefetch_handle.cpp:66
[20261007 03:32:30.373499Z ][2825405 ][INFO  ]Enabled peer access between device  0 1 - archer_prefetch_handle.cpp:82
[20261007 03:32:30.374540Z ][2825405 ][INFO  ]Enabled peer access between device  0 2 - archer_prefetch_handle.cpp:82
[20261007 03:32:30.375583Z ][2825405 ][INFO  ]Enabled peer access between device  0 3 - archer_prefetch_handle.cpp:82
[20261007 03:32:30.375670Z ][2825405 ][INFO  ]Enabled peer access between device  1 0 - archer_prefetch_handle.cpp:82
[20261007 03:32:30.376581Z ][2825405 ][INFO  ]Enabled peer access between device  1 2 - archer_prefetch_handle.cpp:82
[20261007 03:32:30.377504Z ][2825405 ][INFO  ]Enabled peer access between device  1 3 - archer_prefetch_handle.cpp:82
[20261007 03:32:30.377583Z ][2825405 ][INFO  ]Enabled peer access between device  2 0 - archer_prefetch_handle.cpp:82
[20261007 03:32:30.377648Z ][2825405 ][INFO  ]Enabled peer access between device  2 1 - archer_prefetch_handle.cpp:82
[20261007 03:32:30.378558Z ][2825405 ][INFO  ]Enabled peer access between device  2 3 - archer_prefetch_handle.cpp:82
[20261007 03:32:30.378635Z ][2825405 ][INFO  ]Enabled peer access between device  3 0 - archer_prefetch_handle.cpp:82
[20261007 03:32:30.378699Z ][2825405 ][INFO  ]Enabled peer access between device  3 1 - archer_prefetch_handle.cpp:82
[20261007 03:32:30.378764Z ][2825405 ][INFO  ]Enabled peer access between device  3 2 - archer_prefetch_handle.cpp:82
[20261007 03:32:30.378774Z ][2825405 ][INFO  ]Enabled peer access for all devices - archer_prefetch_handle.cpp:89
[20261007 03:32:30.550702Z ][2825405 ][INFO  ]Moving dense parameters to CPU - model_topology.cpp:659
11 left10 left9 left8 left7 left6 left5 left4 left3 left2 left1 left
finished: 12/12
[20261007 03:32:30.565716Z ][2825405 ][INFO  ]Moving sparse parameters to CPU - model_topology.cpp:673
[20261007 03:32:30.568986Z ][2825405 ][INFO  ]Processing partition  0  ( 0  MB,  12  tensors) - model_topology.cpp:745
{'rows': 1, 'input_gpu': 1, 'max_abs_error': 8.392333984375e-05}
{'rows': 1, 'input_gpu': 3, 'max_abs_error': 8.392333984375e-05}
{'rows': 1, 'input_gpu': 0, 'max_abs_error': 8.392333984375e-05}
{'rows': 1, 'input_gpu': 2, 'max_abs_error': 8.392333984375e-05}
{'rows': 17, 'input_gpu': 1, 'max_abs_error': 0.0001010894775390625}
{'rows': 17, 'input_gpu': 3, 'max_abs_error': 0.0001010894775390625}
{'rows': 17, 'input_gpu': 0, 'max_abs_error': 0.0001010894775390625}
{'rows': 17, 'input_gpu': 2, 'max_abs_error': 0.0001010894775390625}
{'rows': 8193, 'input_gpu': 1, 'max_abs_error': 0.000213623046875}
{'rows': 8193, 'input_gpu': 3, 'max_abs_error': 0.000213623046875}
{'rows': 8193, 'input_gpu': 0, 'max_abs_error': 0.000213623046875}
{'rows': 8193, 'input_gpu': 2, 'max_abs_error': 0.000213623046875}
