dmserver1:3517833:3517833 [0] NCCL INFO cudaDriverVersion 12020
dmserver1:3517833:3517833 [0] NCCL INFO Bootstrap : Using eno2:143.248.135.95<0>
dmserver1:3517833:3517833 [0] NCCL INFO NET/Plugin: No plugin found (libnccl-net.so)
dmserver1:3517833:3517833 [0] NCCL INFO NET/Plugin: Plugin load returned 2 : libnccl-net.so: cannot open shared object file: No such file or directory : when loading libnccl-net.so
dmserver1:3517833:3517833 [0] NCCL INFO NET/Plugin: Using internal network plugin.
dmserver1:3517833:3518844 [0] NCCL INFO NET/IB : No device found.
dmserver1:3517833:3518844 [0] NCCL INFO NET/Socket : Using [0]eno2:143.248.135.95<0> [1]br-d1b1d403abe1:172.18.0.1<0> [2]br-b10fced7ab8e:172.19.0.1<0> [3]enxd298e5a6d5a1:fe80::15cc:ab11:6d1b:5174%enxd298e5a6d5a1<0> [4]veth541b4aa:fe80::8880:dbff:fedd:42f3%veth541b4aa<0> [5]vethf1ed907:fe80::b859:d7ff:fe5f:616d%vethf1ed907<0> [6]veth0f3240e:fe80::d0:56ff:fef9:f837%veth0f3240e<0> [7]veth686c6ae:fe80::4802:f4ff:fe6d:3d92%veth686c6ae<0> [8]vethdc9704a:fe80::5846:d4ff:fef0:3458%vethdc9704a<0> [9]vethf0da3b1:fe80::b89e:4cff:feea:bb6c%vethf0da3b1<0>
dmserver1:3517833:3518844 [0] NCCL INFO Using non-device net plugin version 0
dmserver1:3517833:3518844 [0] NCCL INFO Using network Socket
dmserver1:3517833:3518844 [0] NCCL INFO ncclCommInitRank comm 0x55d7453d08f0 rank 1 nranks 2 cudaDev 0 nvmlDev 5 busId 8a000 commId 0x21a0a9f2e1e97fd8 - Init START
dmserver1:3517833:3518844 [0] NCCL INFO Setting affinity for GPU 5 to ffff0000,00000000
dmserver1:3517833:3518844 [0] NCCL INFO comm 0x55d7453d08f0 rank 1 nRanks 2 nNodes 1 localRanks 2 localRank 1 MNNVL 0
dmserver1:3517833:3518844 [0] NCCL INFO Trees [0] -1/-1/-1->1->0 [1] -1/-1/-1->1->0
dmserver1:3517833:3518844 [0] NCCL INFO P2P Chunksize set to 131072
dmserver1:3517833:3518844 [0] NCCL INFO Channel 00 : 1[5] -> 0[0] via SHM/direct/direct
dmserver1:3517833:3518844 [0] NCCL INFO Channel 01 : 1[5] -> 0[0] via SHM/direct/direct
dmserver1:3517833:3518844 [0] NCCL INFO Connected all rings
dmserver1:3517833:3518844 [0] NCCL INFO Connected all trees
dmserver1:3517833:3518844 [0] NCCL INFO threadThresholds 8/8/64 | 16/8/64 | 512 | 512
dmserver1:3517833:3518844 [0] NCCL INFO 2 coll channels, 2 collnet channels, 0 nvls channels, 2 p2p channels, 2 p2p channels per peer
dmserver1:3517833:3518844 [0] NCCL INFO TUNER/Plugin: Plugin load returned 2 : libnccl-net.so: cannot open shared object file: No such file or directory : when loading libnccl-tuner.so
dmserver1:3517833:3518844 [0] NCCL INFO TUNER/Plugin: Using internal tuner plugin.
dmserver1:3517833:3518844 [0] NCCL INFO ncclCommInitRank comm 0x55d7453d08f0 rank 1 nranks 2 cudaDev 0 nvmlDev 5 busId 8a000 commId 0x21a0a9f2e1e97fd8 - Init COMPLETE
dmserver1:3517833:3518853 [0] NCCL INFO [Service thread] Connection closed by localRank 1
dmserver1:3517833:3518886 [0] NCCL INFO comm 0x55d7453d08f0 rank 1 nranks 2 cudaDev 0 busId 8a000 - Abort COMPLETE
dmserver1:3517833:3519063 [0] NCCL INFO Using non-device net plugin version 0
dmserver1:3517833:3519063 [0] NCCL INFO Using network Socket
dmserver1:3517833:3519063 [0] NCCL INFO ncclCommInitRank comm 0x55d7453da960 rank 1 nranks 2 cudaDev 0 nvmlDev 5 busId 8a000 commId 0x3d7d4428e5fc4f71 - Init START
dmserver1:3517833:3519063 [0] NCCL INFO Setting affinity for GPU 5 to ffff0000,00000000
dmserver1:3517833:3519063 [0] NCCL INFO comm 0x55d7453da960 rank 1 nRanks 2 nNodes 1 localRanks 2 localRank 1 MNNVL 0
dmserver1:3517833:3519063 [0] NCCL INFO Trees [0] -1/-1/-1->1->0 [1] -1/-1/-1->1->0
dmserver1:3517833:3519063 [0] NCCL INFO P2P Chunksize set to 131072
dmserver1:3517833:3519063 [0] NCCL INFO Channel 00 : 1[5] -> 0[1] via SHM/direct/direct
dmserver1:3517833:3519063 [0] NCCL INFO Channel 01 : 1[5] -> 0[1] via SHM/direct/direct
dmserver1:3517833:3519063 [0] NCCL INFO Connected all rings
dmserver1:3517833:3519063 [0] NCCL INFO Connected all trees
dmserver1:3517833:3519063 [0] NCCL INFO threadThresholds 8/8/64 | 16/8/64 | 512 | 512
dmserver1:3517833:3519063 [0] NCCL INFO 2 coll channels, 2 collnet channels, 0 nvls channels, 2 p2p channels, 2 p2p channels per peer
dmserver1:3517833:3519063 [0] NCCL INFO ncclCommInitRank comm 0x55d7453da960 rank 1 nranks 2 cudaDev 0 nvmlDev 5 busId 8a000 commId 0x3d7d4428e5fc4f71 - Init COMPLETE
dmserver1:3517833:3519064 [0] NCCL INFO [Service thread] Connection closed by localRank 1
dmserver1:3517833:3519099 [0] NCCL INFO comm 0x55d7453da960 rank 1 nranks 2 cudaDev 0 busId 8a000 - Abort COMPLETE
dmserver1:3517833:3519225 [0] NCCL INFO Using non-device net plugin version 0
dmserver1:3517833:3519225 [0] NCCL INFO Using network Socket
dmserver1:3517833:3519225 [0] NCCL INFO ncclCommInitRank comm 0x55d7453dc2e0 rank 1 nranks 2 cudaDev 0 nvmlDev 5 busId 8a000 commId 0x3e1a51c6aa296e0a - Init START
dmserver1:3517833:3519225 [0] NCCL INFO Setting affinity for GPU 5 to ffff0000,00000000
dmserver1:3517833:3519225 [0] NCCL INFO comm 0x55d7453dc2e0 rank 1 nRanks 2 nNodes 1 localRanks 2 localRank 1 MNNVL 0
dmserver1:3517833:3519225 [0] NCCL INFO Trees [0] -1/-1/-1->1->0 [1] -1/-1/-1->1->0
dmserver1:3517833:3519225 [0] NCCL INFO P2P Chunksize set to 131072
dmserver1:3517833:3519225 [0] NCCL INFO Channel 00/0 : 1[5] -> 0[4] via P2P/CUMEM
dmserver1:3517833:3519225 [0] NCCL INFO Channel 01/0 : 1[5] -> 0[4] via P2P/CUMEM
dmserver1:3517833:3519225 [0] NCCL INFO Connected all rings
dmserver1:3517833:3519225 [0] NCCL INFO Connected all trees
dmserver1:3517833:3519225 [0] NCCL INFO threadThresholds 8/8/64 | 16/8/64 | 512 | 512
dmserver1:3517833:3519225 [0] NCCL INFO 2 coll channels, 2 collnet channels, 0 nvls channels, 2 p2p channels, 2 p2p channels per peer
dmserver1:3517833:3519225 [0] NCCL INFO ncclCommInitRank comm 0x55d7453dc2e0 rank 1 nranks 2 cudaDev 0 nvmlDev 5 busId 8a000 commId 0x3e1a51c6aa296e0a - Init COMPLETE
dmserver1:3517833:3519226 [0] NCCL INFO [Service thread] Connection closed by localRank 1
dmserver1:3517833:3519260 [0] NCCL INFO comm 0x55d7453dc2e0 rank 1 nranks 2 cudaDev 0 busId 8a000 - Abort COMPLETE
dmserver1:3517833:3519284 [0] NCCL INFO Using non-device net plugin version 0
dmserver1:3517833:3519284 [0] NCCL INFO Using network Socket
dmserver1:3517833:3519284 [0] NCCL INFO ncclCommInitRank comm 0x55d7453dc2c0 rank 1 nranks 2 cudaDev 0 nvmlDev 5 busId 8a000 commId 0x8deac85343284416 - Init START
dmserver1:3517833:3519284 [0] NCCL INFO Setting affinity for GPU 5 to ffff0000,00000000
dmserver1:3517833:3519284 [0] NCCL INFO comm 0x55d7453dc2c0 rank 1 nRanks 2 nNodes 1 localRanks 2 localRank 1 MNNVL 0
dmserver1:3517833:3519284 [0] NCCL INFO Trees [0] -1/-1/-1->1->0 [1] -1/-1/-1->1->0
dmserver1:3517833:3519284 [0] NCCL INFO P2P Chunksize set to 131072
dmserver1:3517833:3519284 [0] NCCL INFO Channel 00 : 1[5] -> 0[0] via SHM/direct/direct
dmserver1:3517833:3519284 [0] NCCL INFO Channel 01 : 1[5] -> 0[0] via SHM/direct/direct
dmserver1:3517833:3519284 [0] NCCL INFO Connected all rings
dmserver1:3517833:3519284 [0] NCCL INFO Connected all trees
dmserver1:3517833:3519284 [0] NCCL INFO threadThresholds 8/8/64 | 16/8/64 | 512 | 512
dmserver1:3517833:3519284 [0] NCCL INFO 2 coll channels, 2 collnet channels, 0 nvls channels, 2 p2p channels, 2 p2p channels per peer
dmserver1:3517833:3519284 [0] NCCL INFO ncclCommInitRank comm 0x55d7453dc2c0 rank 1 nranks 2 cudaDev 0 nvmlDev 5 busId 8a000 commId 0x8deac85343284416 - Init COMPLETE
dmserver1:3517833:3519285 [0] NCCL INFO [Service thread] Connection closed by localRank 1
dmserver1:3517833:3519309 [0] NCCL INFO comm 0x55d7453dc2c0 rank 1 nranks 2 cudaDev 0 busId 8a000 - Abort COMPLETE
dmserver1:3517833:3519333 [0] NCCL INFO Using non-device net plugin version 0
dmserver1:3517833:3519333 [0] NCCL INFO Using network Socket
dmserver1:3517833:3519333 [0] NCCL INFO ncclCommInitRank comm 0x55d7453dc290 rank 1 nranks 2 cudaDev 0 nvmlDev 5 busId 8a000 commId 0x5bd8e804cc15a4c2 - Init START
dmserver1:3517833:3519333 [0] NCCL INFO Setting affinity for GPU 5 to ffff0000,00000000
dmserver1:3517833:3519333 [0] NCCL INFO comm 0x55d7453dc290 rank 1 nRanks 2 nNodes 1 localRanks 2 localRank 1 MNNVL 0
dmserver1:3517833:3519333 [0] NCCL INFO Trees [0] -1/-1/-1->1->0 [1] -1/-1/-1->1->0
dmserver1:3517833:3519333 [0] NCCL INFO P2P Chunksize set to 131072
dmserver1:3517833:3519333 [0] NCCL INFO Channel 00 : 1[5] -> 0[1] via SHM/direct/direct
dmserver1:3517833:3519333 [0] NCCL INFO Channel 01 : 1[5] -> 0[1] via SHM/direct/direct
dmserver1:3517833:3519333 [0] NCCL INFO Connected all rings
dmserver1:3517833:3519333 [0] NCCL INFO Connected all trees
dmserver1:3517833:3519333 [0] NCCL INFO threadThresholds 8/8/64 | 16/8/64 | 512 | 512
dmserver1:3517833:3519333 [0] NCCL INFO 2 coll channels, 2 collnet channels, 0 nvls channels, 2 p2p channels, 2 p2p channels per peer
dmserver1:3517833:3519333 [0] NCCL INFO ncclCommInitRank comm 0x55d7453dc290 rank 1 nranks 2 cudaDev 0 nvmlDev 5 busId 8a000 commId 0x5bd8e804cc15a4c2 - Init COMPLETE
dmserver1:3517833:3519335 [0] NCCL INFO [Service thread] Connection closed by localRank 1
dmserver1:3517833:3519447 [0] NCCL INFO comm 0x55d7453dc290 rank 1 nranks 2 cudaDev 0 busId 8a000 - Abort COMPLETE
dmserver1:3517833:3519459 [0] NCCL INFO Using non-device net plugin version 0
dmserver1:3517833:3519459 [0] NCCL INFO Using network Socket
dmserver1:3517833:3519459 [0] NCCL INFO ncclCommInitRank comm 0x55d7453dc290 rank 1 nranks 2 cudaDev 0 nvmlDev 5 busId 8a000 commId 0xecb1aedcf28b05cd - Init START
dmserver1:3517833:3519459 [0] NCCL INFO Setting affinity for GPU 5 to ffff0000,00000000
dmserver1:3517833:3519459 [0] NCCL INFO comm 0x55d7453dc290 rank 1 nRanks 2 nNodes 1 localRanks 2 localRank 1 MNNVL 0
dmserver1:3517833:3519459 [0] NCCL INFO Trees [0] -1/-1/-1->1->0 [1] -1/-1/-1->1->0
dmserver1:3517833:3519459 [0] NCCL INFO P2P Chunksize set to 131072
dmserver1:3517833:3519459 [0] NCCL INFO Channel 00/0 : 1[5] -> 0[4] via P2P/CUMEM
dmserver1:3517833:3519459 [0] NCCL INFO Channel 01/0 : 1[5] -> 0[4] via P2P/CUMEM
dmserver1:3517833:3519459 [0] NCCL INFO Connected all rings
dmserver1:3517833:3519459 [0] NCCL INFO Connected all trees
dmserver1:3517833:3519459 [0] NCCL INFO threadThresholds 8/8/64 | 16/8/64 | 512 | 512
dmserver1:3517833:3519459 [0] NCCL INFO 2 coll channels, 2 collnet channels, 0 nvls channels, 2 p2p channels, 2 p2p channels per peer
dmserver1:3517833:3519459 [0] NCCL INFO ncclCommInitRank comm 0x55d7453dc290 rank 1 nranks 2 cudaDev 0 nvmlDev 5 busId 8a000 commId 0xecb1aedcf28b05cd - Init COMPLETE
dmserver1:3517833:3519461 [0] NCCL INFO [Service thread] Connection closed by localRank 1
dmserver1:3517833:3519506 [0] NCCL INFO comm 0x55d7453dc290 rank 1 nranks 2 cudaDev 0 busId 8a000 - Abort COMPLETE
dmserver1:3517833:3519521 [0] NCCL INFO Using non-device net plugin version 0
dmserver1:3517833:3519521 [0] NCCL INFO Using network Socket
dmserver1:3517833:3519521 [0] NCCL INFO ncclCommInitRank comm 0x55d7453dc290 rank 3 nranks 4 cudaDev 0 nvmlDev 5 busId 8a000 commId 0xe5acac1abefff7b4 - Init START
dmserver1:3517833:3519521 [0] NCCL INFO Setting affinity for GPU 5 to ffff0000,00000000
dmserver1:3517833:3519521 [0] NCCL INFO NVLS multicast support is not available on dev 0
dmserver1:3517833:3519521 [0] NCCL INFO comm 0x55d7453dc290 rank 3 nRanks 4 nNodes 1 localRanks 4 localRank 3 MNNVL 0
dmserver1:3517833:3519521 [0] NCCL INFO Trees [0] -1/-1/-1->3->2 [1] -1/-1/-1->3->2
dmserver1:3517833:3519521 [0] NCCL INFO P2P Chunksize set to 131072
dmserver1:3517833:3519521 [0] NCCL INFO Channel 00 : 3[5] -> 0[0] via SHM/direct/direct
dmserver1:3517833:3519521 [0] NCCL INFO Channel 01 : 3[5] -> 0[0] via SHM/direct/direct
dmserver1:3517833:3519521 [0] NCCL INFO Connected all rings
dmserver1:3517833:3519521 [0] NCCL INFO Channel 00/0 : 3[5] -> 2[4] via P2P/CUMEM
dmserver1:3517833:3519521 [0] NCCL INFO Channel 01/0 : 3[5] -> 2[4] via P2P/CUMEM
dmserver1:3517833:3519521 [0] NCCL INFO Connected all trees
dmserver1:3517833:3519521 [0] NCCL INFO threadThresholds 8/8/64 | 32/8/64 | 512 | 512
dmserver1:3517833:3519521 [0] NCCL INFO 2 coll channels, 2 collnet channels, 0 nvls channels, 2 p2p channels, 2 p2p channels per peer
dmserver1:3517833:3519521 [0] NCCL INFO ncclCommInitRank comm 0x55d7453dc290 rank 3 nranks 4 cudaDev 0 nvmlDev 5 busId 8a000 commId 0xe5acac1abefff7b4 - Init COMPLETE
dmserver1:3517833:3519538 [0] NCCL INFO Channel 00 : 3[5] -> 0[0] via SHM/direct/direct
dmserver1:3517833:3519538 [0] NCCL INFO Channel 01 : 3[5] -> 0[0] via SHM/direct/direct
dmserver1:3517833:3519538 [0] NCCL INFO Channel 00 : 3[5] -> 1[1] via SHM/direct/direct
dmserver1:3517833:3519538 [0] NCCL INFO Channel 01 : 3[5] -> 1[1] via SHM/direct/direct
dmserver1:3517833:3519538 [0] NCCL INFO Channel 00/1 : 3[5] -> 2[4] via P2P/CUMEM
dmserver1:3517833:3519538 [0] NCCL INFO Channel 01/1 : 3[5] -> 2[4] via P2P/CUMEM
dmserver1:3517833:3519524 [0] NCCL INFO [Service thread] Connection closed by localRank 3
dmserver1:3517833:3519565 [0] NCCL INFO comm 0x55d7453dc290 rank 3 nranks 4 cudaDev 0 busId 8a000 - Abort COMPLETE
