# nccl-cloud-0n58xq-1958834.log
cloud-0n58xq:1958834:1958834 [0] NCCL INFO NCCL version 2.28.9+cuda12.9
cloud-0n58xq:1958834:1958834 [0] NCCL INFO ncclCommInitRankConfig comm 0x5589e90d9b60 rank 0 nranks 4 cudaDev 0 nvmlDev 0 busId 3000 commId 0xcffd6c5828d7b866 - Init COMPLETE
cloud-0n58xq:1958834:1958834 [0] NCCL INFO Channel 00/0 : 0[0] -> 1[1] via P2P/CUMEM
cloud-0n58xq:1958834:1958834 [0] NCCL INFO Channel 01/0 : 0[0] -> 1[1] via P2P/CUMEM
cloud-0n58xq:1958834:1958834 [0] NCCL INFO Channel 02/0 : 0[0] -> 1[1] via P2P/CUMEM
cloud-0n58xq:1958834:1958834 [0] NCCL INFO Channel 03/0 : 0[0] -> 1[1] via P2P/CUMEM
cloud-0n58xq:1958834:1958834 [0] NCCL INFO Imported shareable buffer device 0 size 10485760 ptr 0x2aee000000
cloud-0n58xq:1958834:1958834 [0] NCCL INFO UDS converted handle 0x7f0358086ce0 to fd 110 on remote peer 3
cloud-0n58xq:1958834:1958834 [0] NCCL INFO Imported shareable buffer device 0 size 2097152 ptr 0x2aeea00000
cloud-0n58xq:1958834:1958834 [0] NCCL INFO UDS converted handle 0x7f71a005aa60 to fd 110 on remote peer 1
cloud-0n58xq:1958834:1958834 [0] NCCL INFO Imported shareable buffer device 0 size 10485760 ptr 0x2aeec00000
cloud-0n58xq:1958834:1958834 [0] NCCL INFO UDS converted handle 0x7f03580883a0 to fd 110 on remote peer 3
cloud-0n58xq:1958834:1958834 [0] NCCL INFO Imported shareable buffer device 0 size 2097152 ptr 0x2aef600000
cloud-0n58xq:1958834:1958834 [0] NCCL INFO UDS converted handle 0x7f71a005c120 to fd 110 on remote peer 1
cloud-0n58xq:1958834:1958834 [0] NCCL INFO Imported shareable buffer device 0 size 10485760 ptr 0x2af0000000
cloud-0n58xq:1958834:1958834 [0] NCCL INFO UDS converted handle 0x7f0358089740 to fd 110 on remote peer 3
cloud-0n58xq:1958834:1958834 [0] NCCL INFO Imported shareable buffer device 0 size 2097152 ptr 0x2af0a00000
cloud-0n58xq:1958834:1958834 [0] NCCL INFO UDS converted handle 0x7f71a005d7e0 to fd 110 on remote peer 1
cloud-0n58xq:1958834:1958834 [0] NCCL INFO Imported shareable buffer device 0 size 10485760 ptr 0x2af0c00000
cloud-0n58xq:1958834:1958834 [0] NCCL INFO UDS converted handle 0x7f035808ae00 to fd 110 on remote peer 3
cloud-0n58xq:1958834:1958834 [0] NCCL INFO Imported shareable buffer device 0 size 2097152 ptr 0x2af1600000
cloud-0n58xq:1958834:1958834 [0] NCCL INFO UDS converted handle 0x7f71a005eea0 to fd 110 on remote peer 1
cloud-0n58xq:1958834:1958834 [0] NCCL INFO Imported shareable buffer device 0 size 10485760 ptr 0x2af2000000
cloud-0n58xq:1958834:1958834 [0] NCCL INFO UDS converted handle 0x7f035808c4c0 to fd 110 on remote peer 3
cloud-0n58xq:1958834:1958834 [0] NCCL INFO Imported shareable buffer device 0 size 2097152 ptr 0x2af2a00000
cloud-0n58xq:1958834:1958834 [0] NCCL INFO UDS converted handle 0x7f71a0060560 to fd 110 on remote peer 1
cloud-0n58xq:1958834:1958834 [0] NCCL INFO Imported shareable buffer device 0 size 10485760 ptr 0x2af2c00000
cloud-0n58xq:1958834:1958834 [0] NCCL INFO UDS converted handle 0x7f035808db80 to fd 110 on remote peer 3
cloud-0n58xq:1958834:1958834 [0] NCCL INFO Imported shareable buffer device 0 size 2097152 ptr 0x2af3600000
cloud-0n58xq:1958834:1958834 [0] NCCL INFO UDS converted handle 0x7f71a0061c20 to fd 110 on remote peer 1
cloud-0n58xq:1958834:1958834 [0] NCCL INFO Imported shareable buffer device 0 size 10485760 ptr 0x2af4000000
cloud-0n58xq:1958834:1958834 [0] NCCL INFO UDS converted handle 0x7f035808f1a0 to fd 107 on remote peer 3
cloud-0n58xq:1958834:1958834 [0] NCCL INFO Imported shareable buffer device 0 size 2097152 ptr 0x2af4a00000
cloud-0n58xq:1958834:1958834 [0] NCCL INFO UDS converted handle 0x7f71a00632e0 to fd 110 on remote peer 1
cloud-0n58xq:1958834:1958834 [0] NCCL INFO Imported shareable buffer device 0 size 10485760 ptr 0x2af4c00000
cloud-0n58xq:1958834:1958834 [0] NCCL INFO UDS converted handle 0x7f0358090860 to fd 110 on remote peer 3
cloud-0n58xq:1958834:1958834 [0] NCCL INFO Imported shareable buffer device 0 size 2097152 ptr 0x2af5600000
cloud-0n58xq:1958834:1958834 [0] NCCL INFO UDS converted handle 0x7f71a00649a0 to fd 110 on remote peer 1
cloud-0n58xq:1958834:1958834 [0] NCCL INFO Imported shareable buffer device 0 size 10485760 ptr 0x2af6000000
cloud-0n58xq:1958834:1958834 [0] NCCL INFO UDS converted handle 0x7f0358091f20 to fd 110 on remote peer 3
cloud-0n58xq:1958834:1958834 [0] NCCL INFO Imported shareable buffer device 0 size 2097152 ptr 0x2af6a00000
cloud-0n58xq:1958834:1958834 [0] NCCL INFO UDS converted handle 0x7f71a0066060 to fd 110 on remote peer 1
cloud-0n58xq:1958834:1958834 [0] NCCL INFO Imported shareable buffer device 0 size 10485760 ptr 0x2af6c00000
cloud-0n58xq:1958834:1958834 [0] NCCL INFO UDS converted handle 0x7f03580935e0 to fd 110 on remote peer 3
cloud-0n58xq:1958834:1958834 [0] NCCL INFO Imported shareable buffer device 0 size 2097152 ptr 0x2af7600000
cloud-0n58xq:1958834:1958834 [0] NCCL INFO UDS converted handle 0x7f71a0067720 to fd 110 on remote peer 1
cloud-0n58xq:1958834:1958834 [0] NCCL INFO Imported shareable buffer device 0 size 10485760 ptr 0x2af8000000
cloud-0n58xq:1958834:1958834 [0] NCCL INFO UDS converted handle 0x7f0358094980 to fd 111 on remote peer 3
cloud-0n58xq:1958834:1958834 [0] NCCL INFO Imported shareable buffer device 0 size 2097152 ptr 0x2af8a00000
cloud-0n58xq:1958834:1958834 [0] NCCL INFO UDS converted handle 0x7f71a0068de0 to fd 110 on remote peer 1
cloud-0n58xq:1958834:1958834 [0] NCCL INFO Imported shareable buffer device 0 size 10485760 ptr 0x2af8c00000
cloud-0n58xq:1958834:1958834 [0] NCCL INFO UDS converted handle 0x7f0358096040 to fd 110 on remote peer 3
cloud-0n58xq:1958834:1958834 [0] NCCL INFO Imported shareable buffer device 0 size 2097152 ptr 0x2af9600000
cloud-0n58xq:1958834:1958834 [0] NCCL INFO UDS converted handle 0x7f71a006a4a0 to fd 110 on remote peer 1
cloud-0n58xq:1958834:1958834 [0] NCCL INFO Imported shareable buffer device 0 size 10485760 ptr 0x2afa000000
cloud-0n58xq:1958834:1958834 [0] NCCL INFO UDS converted handle 0x7f0358097700 to fd 110 on remote peer 3

# nccl-cloud-0n58xq-1958835.log
cloud-0n58xq:1958835:1958835 [0] NCCL INFO NCCL version 2.28.9+cuda12.9
cloud-0n58xq:1958835:1958835 [0] NCCL INFO ncclCommInitRankConfig comm 0x563f4c397180 rank 1 nranks 4 cudaDev 0 nvmlDev 1 busId 8000 commId 0xcffd6c5828d7b866 - Init COMPLETE
cloud-0n58xq:1958835:1958835 [0] NCCL INFO Channel 00/0 : 1[1] -> 2[4] via P2P/CUMEM
cloud-0n58xq:1958835:1958835 [0] NCCL INFO Channel 01/0 : 1[1] -> 2[4] via P2P/CUMEM
cloud-0n58xq:1958835:1958835 [0] NCCL INFO Channel 02/0 : 1[1] -> 2[4] via P2P/CUMEM
cloud-0n58xq:1958835:1958835 [0] NCCL INFO Channel 03/0 : 1[1] -> 2[4] via P2P/CUMEM
cloud-0n58xq:1958835:1958835 [0] NCCL INFO Imported shareable buffer device 0 size 2097152 ptr 0x2af6a00000
cloud-0n58xq:1958835:1958835 [0] NCCL INFO UDS converted handle 0x7f2d40066060 to fd 108 on remote peer 2
cloud-0n58xq:1958835:1958835 [0] NCCL INFO Imported shareable buffer device 0 size 10485760 ptr 0x2af6c00000
cloud-0n58xq:1958835:1958835 [0] NCCL INFO UDS converted handle 0x7f7ffc0935e0 to fd 108 on remote peer 0
cloud-0n58xq:1958835:1958835 [0] NCCL INFO Imported shareable buffer device 0 size 2097152 ptr 0x2af7600000
cloud-0n58xq:1958835:1958835 [0] NCCL INFO UDS converted handle 0x7f2d40067720 to fd 108 on remote peer 2
cloud-0n58xq:1958835:1958835 [0] NCCL INFO Imported shareable buffer device 0 size 10485760 ptr 0x2af8000000
cloud-0n58xq:1958835:1958835 [0] NCCL INFO UDS converted handle 0x7f7ffc094980 to fd 108 on remote peer 0
cloud-0n58xq:1958835:1958835 [0] NCCL INFO Imported shareable buffer device 0 size 2097152 ptr 0x2af8a00000
cloud-0n58xq:1958835:1958835 [0] NCCL INFO UDS converted handle 0x7f2d40068de0 to fd 108 on remote peer 2
cloud-0n58xq:1958835:1958835 [0] NCCL INFO Imported shareable buffer device 0 size 10485760 ptr 0x2af8c00000
cloud-0n58xq:1958835:1958835 [0] NCCL INFO UDS converted handle 0x7f7ffc096040 to fd 109 on remote peer 0
cloud-0n58xq:1958835:1958835 [0] NCCL INFO Imported shareable buffer device 0 size 2097152 ptr 0x2af9600000
cloud-0n58xq:1958835:1958835 [0] NCCL INFO UDS converted handle 0x7f2d4006a4a0 to fd 108 on remote peer 2
cloud-0n58xq:1958835:1958835 [0] NCCL INFO Imported shareable buffer device 0 size 10485760 ptr 0x2afa000000
cloud-0n58xq:1958835:1958835 [0] NCCL INFO UDS converted handle 0x7f7ffc097700 to fd 108 on remote peer 0
cloud-0n58xq:1958835:1958835 [0] NCCL INFO Imported shareable buffer device 0 size 2097152 ptr 0x2afaa00000
cloud-0n58xq:1958835:1958835 [0] NCCL INFO UDS converted handle 0x7f2d4006bb60 to fd 108 on remote peer 2
cloud-0n58xq:1958835:1958835 [0] NCCL INFO Imported shareable buffer device 0 size 10485760 ptr 0x2afac00000
cloud-0n58xq:1958835:1958835 [0] NCCL INFO UDS converted handle 0x7f7ffc098dc0 to fd 108 on remote peer 0
cloud-0n58xq:1958835:1958835 [0] NCCL INFO Imported shareable buffer device 0 size 2097152 ptr 0x2afb600000
cloud-0n58xq:1958835:1958835 [0] NCCL INFO UDS converted handle 0x7f2d4006d220 to fd 108 on remote peer 2
cloud-0n58xq:1958835:1958835 [0] NCCL INFO Imported shareable buffer device 0 size 10485760 ptr 0x2afc000000
cloud-0n58xq:1958835:1958835 [0] NCCL INFO UDS converted handle 0x7f7ffc09a160 to fd 108 on remote peer 0
cloud-0n58xq:1958835:1958835 [0] NCCL INFO Imported shareable buffer device 0 size 2097152 ptr 0x2afca00000
cloud-0n58xq:1958835:1958835 [0] NCCL INFO UDS converted handle 0x7f2d4006e8e0 to fd 108 on remote peer 2
cloud-0n58xq:1958835:1958835 [0] NCCL INFO Imported shareable buffer device 0 size 10485760 ptr 0x2afcc00000
cloud-0n58xq:1958835:1958835 [0] NCCL INFO UDS converted handle 0x7f7ffc09b820 to fd 108 on remote peer 0
cloud-0n58xq:1958835:1958835 [0] NCCL INFO Imported shareable buffer device 0 size 2097152 ptr 0x2afd600000
cloud-0n58xq:1958835:1958835 [0] NCCL INFO UDS converted handle 0x7f2d4006ffa0 to fd 108 on remote peer 2
cloud-0n58xq:1958835:1958835 [0] NCCL INFO Imported shareable buffer device 0 size 10485760 ptr 0x2afe000000
cloud-0n58xq:1958835:1958835 [0] NCCL INFO UDS converted handle 0x7f7ffc09cee0 to fd 108 on remote peer 0
cloud-0n58xq:1958835:1958835 [0] NCCL INFO Imported shareable buffer device 0 size 2097152 ptr 0x2afea00000
cloud-0n58xq:1958835:1958835 [0] NCCL INFO UDS converted handle 0x7f2d40071660 to fd 108 on remote peer 2
cloud-0n58xq:1958835:1958835 [0] NCCL INFO Imported shareable buffer device 0 size 10485760 ptr 0x2afec00000
cloud-0n58xq:1958835:1958835 [0] NCCL INFO UDS converted handle 0x7f7ffc09e5a0 to fd 108 on remote peer 0
cloud-0n58xq:1958835:1958835 [0] NCCL INFO Imported shareable buffer device 0 size 2097152 ptr 0x2aff600000
cloud-0n58xq:1958835:1958835 [0] NCCL INFO UDS converted handle 0x7f2d40072d20 to fd 108 on remote peer 2
cloud-0n58xq:1958835:1958835 [0] NCCL INFO Imported shareable buffer device 0 size 10485760 ptr 0x2b00000000
cloud-0n58xq:1958835:1958835 [0] NCCL INFO UDS converted handle 0x7f7ffc09f940 to fd 108 on remote peer 0
cloud-0n58xq:1958835:1958835 [0] NCCL INFO Imported shareable buffer device 0 size 2097152 ptr 0x2b00a00000
cloud-0n58xq:1958835:1958835 [0] NCCL INFO UDS converted handle 0x7f2d400743e0 to fd 108 on remote peer 2
cloud-0n58xq:1958835:1958835 [0] NCCL INFO Imported shareable buffer device 0 size 10485760 ptr 0x2b00c00000
cloud-0n58xq:1958835:1958835 [0] NCCL INFO UDS converted handle 0x7f7ffc0a1000 to fd 108 on remote peer 0
cloud-0n58xq:1958835:1958835 [0] NCCL INFO Imported shareable buffer device 0 size 2097152 ptr 0x2b01600000
cloud-0n58xq:1958835:1958835 [0] NCCL INFO UDS converted handle 0x7f2d40075aa0 to fd 108 on remote peer 2
cloud-0n58xq:1958835:1958835 [0] NCCL INFO Imported shareable buffer device 0 size 10485760 ptr 0x2b02000000
cloud-0n58xq:1958835:1958835 [0] NCCL INFO UDS converted handle 0x7f7ffc0a26c0 to fd 108 on remote peer 0
cloud-0n58xq:1958835:1958835 [0] NCCL INFO Imported shareable buffer device 0 size 2097152 ptr 0x2b02a00000
cloud-0n58xq:1958835:1958835 [0] NCCL INFO UDS converted handle 0x7f2d40077160 to fd 108 on remote peer 2

# nccl-cloud-0n58xq-1958836.log
cloud-0n58xq:1958836:1958836 [0] NCCL INFO NCCL version 2.28.9+cuda12.9
cloud-0n58xq:1958836:1958836 [0] NCCL INFO ncclCommInitRankConfig comm 0x5635b0fb4070 rank 2 nranks 4 cudaDev 0 nvmlDev 4 busId 17000 commId 0xcffd6c5828d7b866 - Init COMPLETE
cloud-0n58xq:1958836:1958836 [0] NCCL INFO Channel 00/0 : 2[4] -> 3[5] via P2P/CUMEM
cloud-0n58xq:1958836:1958836 [0] NCCL INFO Channel 01/0 : 2[4] -> 3[5] via P2P/CUMEM
cloud-0n58xq:1958836:1958836 [0] NCCL INFO Channel 02/0 : 2[4] -> 3[5] via P2P/CUMEM
cloud-0n58xq:1958836:1958836 [0] NCCL INFO Channel 03/0 : 2[4] -> 3[5] via P2P/CUMEM
cloud-0n58xq:1958836:1958836 [0] NCCL INFO Imported shareable buffer device 0 size 2097152 ptr 0x2ae9600000
cloud-0n58xq:1958836:1958836 [0] NCCL INFO UDS converted handle 0x7f03580538a0 to fd 110 on remote peer 3
cloud-0n58xq:1958836:1958836 [0] NCCL INFO Imported shareable buffer device 0 size 10485760 ptr 0x2aea000000
cloud-0n58xq:1958836:1958836 [0] NCCL INFO UDS converted handle 0x7f71a0081280 to fd 110 on remote peer 1
cloud-0n58xq:1958836:1958836 [0] NCCL INFO Imported shareable buffer device 0 size 2097152 ptr 0x2aeaa00000
cloud-0n58xq:1958836:1958836 [0] NCCL INFO UDS converted handle 0x7f0358054f60 to fd 110 on remote peer 3
cloud-0n58xq:1958836:1958836 [0] NCCL INFO Imported shareable buffer device 0 size 10485760 ptr 0x2aeac00000
cloud-0n58xq:1958836:1958836 [0] NCCL INFO UDS converted handle 0x7f71a0082940 to fd 110 on remote peer 1
cloud-0n58xq:1958836:1958836 [0] NCCL INFO Imported shareable buffer device 0 size 2097152 ptr 0x2aeb600000
cloud-0n58xq:1958836:1958836 [0] NCCL INFO UDS converted handle 0x7f0358056620 to fd 110 on remote peer 3
cloud-0n58xq:1958836:1958836 [0] NCCL INFO Imported shareable buffer device 0 size 10485760 ptr 0x2aec000000
cloud-0n58xq:1958836:1958836 [0] NCCL INFO UDS converted handle 0x7f71a0083f60 to fd 110 on remote peer 1
cloud-0n58xq:1958836:1958836 [0] NCCL INFO Imported shareable buffer device 0 size 2097152 ptr 0x2aeca00000
cloud-0n58xq:1958836:1958836 [0] NCCL INFO UDS converted handle 0x7f0358057ce0 to fd 110 on remote peer 3
cloud-0n58xq:1958836:1958836 [0] NCCL INFO Imported shareable buffer device 0 size 10485760 ptr 0x2aecc00000
cloud-0n58xq:1958836:1958836 [0] NCCL INFO UDS converted handle 0x7f71a0085620 to fd 110 on remote peer 1
cloud-0n58xq:1958836:1958836 [0] NCCL INFO Imported shareable buffer device 0 size 2097152 ptr 0x2aed600000
cloud-0n58xq:1958836:1958836 [0] NCCL INFO UDS converted handle 0x7f03580593a0 to fd 110 on remote peer 3
cloud-0n58xq:1958836:1958836 [0] NCCL INFO Imported shareable buffer device 0 size 10485760 ptr 0x2aee000000
cloud-0n58xq:1958836:1958836 [0] NCCL INFO UDS converted handle 0x7f71a0086ce0 to fd 110 on remote peer 1
cloud-0n58xq:1958836:1958836 [0] NCCL INFO Imported shareable buffer device 0 size 2097152 ptr 0x2aeea00000
cloud-0n58xq:1958836:1958836 [0] NCCL INFO UDS converted handle 0x7f035805aa60 to fd 110 on remote peer 3
cloud-0n58xq:1958836:1958836 [0] NCCL INFO Imported shareable buffer device 0 size 10485760 ptr 0x2aeec00000
cloud-0n58xq:1958836:1958836 [0] NCCL INFO UDS converted handle 0x7f71a00883a0 to fd 110 on remote peer 1
cloud-0n58xq:1958836:1958836 [0] NCCL INFO Imported shareable buffer device 0 size 2097152 ptr 0x2aef600000
cloud-0n58xq:1958836:1958836 [0] NCCL INFO UDS converted handle 0x7f035805c120 to fd 110 on remote peer 3
cloud-0n58xq:1958836:1958836 [0] NCCL INFO Imported shareable buffer device 0 size 10485760 ptr 0x2af0000000
cloud-0n58xq:1958836:1958836 [0] NCCL INFO UDS converted handle 0x7f71a0089740 to fd 110 on remote peer 1
cloud-0n58xq:1958836:1958836 [0] NCCL INFO Imported shareable buffer device 0 size 2097152 ptr 0x2af0a00000
cloud-0n58xq:1958836:1958836 [0] NCCL INFO UDS converted handle 0x7f035805d7e0 to fd 110 on remote peer 3
cloud-0n58xq:1958836:1958836 [0] NCCL INFO Imported shareable buffer device 0 size 10485760 ptr 0x2af0c00000
cloud-0n58xq:1958836:1958836 [0] NCCL INFO UDS converted handle 0x7f71a008ae00 to fd 110 on remote peer 1
cloud-0n58xq:1958836:1958836 [0] NCCL INFO Imported shareable buffer device 0 size 2097152 ptr 0x2af1600000
cloud-0n58xq:1958836:1958836 [0] NCCL INFO UDS converted handle 0x7f035805eea0 to fd 110 on remote peer 3
cloud-0n58xq:1958836:1958836 [0] NCCL INFO Imported shareable buffer device 0 size 10485760 ptr 0x2af2000000
cloud-0n58xq:1958836:1958836 [0] NCCL INFO UDS converted handle 0x7f71a008c4c0 to fd 110 on remote peer 1
cloud-0n58xq:1958836:1958836 [0] NCCL INFO Imported shareable buffer device 0 size 2097152 ptr 0x2af2a00000
cloud-0n58xq:1958836:1958836 [0] NCCL INFO UDS converted handle 0x7f0358060560 to fd 110 on remote peer 3
cloud-0n58xq:1958836:1958836 [0] NCCL INFO Imported shareable buffer device 0 size 10485760 ptr 0x2af2c00000
cloud-0n58xq:1958836:1958836 [0] NCCL INFO UDS converted handle 0x7f71a008db80 to fd 110 on remote peer 1
cloud-0n58xq:1958836:1958836 [0] NCCL INFO Imported shareable buffer device 0 size 2097152 ptr 0x2af3600000
cloud-0n58xq:1958836:1958836 [0] NCCL INFO UDS converted handle 0x7f0358061c20 to fd 110 on remote peer 3
cloud-0n58xq:1958836:1958836 [0] NCCL INFO Imported shareable buffer device 0 size 10485760 ptr 0x2af4000000
cloud-0n58xq:1958836:1958836 [0] NCCL INFO UDS converted handle 0x7f71a008f1a0 to fd 110 on remote peer 1
cloud-0n58xq:1958836:1958836 [0] NCCL INFO Imported shareable buffer device 0 size 2097152 ptr 0x2af4a00000
cloud-0n58xq:1958836:1958836 [0] NCCL INFO UDS converted handle 0x7f03580632e0 to fd 110 on remote peer 3
cloud-0n58xq:1958836:1958836 [0] NCCL INFO Imported shareable buffer device 0 size 10485760 ptr 0x2af4c00000
cloud-0n58xq:1958836:1958836 [0] NCCL INFO UDS converted handle 0x7f71a0090860 to fd 110 on remote peer 1
cloud-0n58xq:1958836:1958836 [0] NCCL INFO Imported shareable buffer device 0 size 2097152 ptr 0x2af5600000
cloud-0n58xq:1958836:1958836 [0] NCCL INFO UDS converted handle 0x7f03580649a0 to fd 110 on remote peer 3

# nccl-cloud-0n58xq-1958837.log
cloud-0n58xq:1958837:1958837 [0] NCCL INFO NCCL version 2.28.9+cuda12.9
cloud-0n58xq:1958837:1958837 [0] NCCL INFO ncclCommInitRankConfig comm 0x55e0746db980 rank 3 nranks 4 cudaDev 0 nvmlDev 5 busId 1c000 commId 0xcffd6c5828d7b866 - Init COMPLETE
cloud-0n58xq:1958837:1958837 [0] NCCL INFO Channel 00/0 : 3[5] -> 0[0] via P2P/CUMEM
cloud-0n58xq:1958837:1958837 [0] NCCL INFO Channel 01/0 : 3[5] -> 0[0] via P2P/CUMEM
cloud-0n58xq:1958837:1958837 [0] NCCL INFO Channel 02/0 : 3[5] -> 0[0] via P2P/CUMEM
cloud-0n58xq:1958837:1958837 [0] NCCL INFO Channel 03/0 : 3[5] -> 0[0] via P2P/CUMEM
cloud-0n58xq:1958837:1958837 [0] NCCL INFO Imported shareable buffer device 0 size 10485760 ptr 0x2aee000000
cloud-0n58xq:1958837:1958837 [0] NCCL INFO UDS converted handle 0x7f2d40086ce0 to fd 109 on remote peer 2
cloud-0n58xq:1958837:1958837 [0] NCCL INFO Imported shareable buffer device 0 size 2097152 ptr 0x2aeea00000
cloud-0n58xq:1958837:1958837 [0] NCCL INFO UDS converted handle 0x7f7ffc05aa60 to fd 109 on remote peer 0
cloud-0n58xq:1958837:1958837 [0] NCCL INFO Imported shareable buffer device 0 size 10485760 ptr 0x2aeec00000
cloud-0n58xq:1958837:1958837 [0] NCCL INFO UDS converted handle 0x7f2d400883a0 to fd 109 on remote peer 2
cloud-0n58xq:1958837:1958837 [0] NCCL INFO Imported shareable buffer device 0 size 2097152 ptr 0x2aef600000
cloud-0n58xq:1958837:1958837 [0] NCCL INFO UDS converted handle 0x7f7ffc05c120 to fd 109 on remote peer 0
cloud-0n58xq:1958837:1958837 [0] NCCL INFO Imported shareable buffer device 0 size 10485760 ptr 0x2af0000000
cloud-0n58xq:1958837:1958837 [0] NCCL INFO UDS converted handle 0x7f2d40089740 to fd 109 on remote peer 2
cloud-0n58xq:1958837:1958837 [0] NCCL INFO Imported shareable buffer device 0 size 2097152 ptr 0x2af0a00000
cloud-0n58xq:1958837:1958837 [0] NCCL INFO UDS converted handle 0x7f7ffc05d7e0 to fd 109 on remote peer 0
cloud-0n58xq:1958837:1958837 [0] NCCL INFO Imported shareable buffer device 0 size 10485760 ptr 0x2af0c00000
cloud-0n58xq:1958837:1958837 [0] NCCL INFO UDS converted handle 0x7f2d4008ae00 to fd 109 on remote peer 2
cloud-0n58xq:1958837:1958837 [0] NCCL INFO Imported shareable buffer device 0 size 2097152 ptr 0x2af1600000
cloud-0n58xq:1958837:1958837 [0] NCCL INFO UDS converted handle 0x7f7ffc05eea0 to fd 109 on remote peer 0
cloud-0n58xq:1958837:1958837 [0] NCCL INFO Imported shareable buffer device 0 size 10485760 ptr 0x2af2000000
cloud-0n58xq:1958837:1958837 [0] NCCL INFO UDS converted handle 0x7f2d4008c4c0 to fd 109 on remote peer 2
cloud-0n58xq:1958837:1958837 [0] NCCL INFO Imported shareable buffer device 0 size 2097152 ptr 0x2af2a00000
cloud-0n58xq:1958837:1958837 [0] NCCL INFO UDS converted handle 0x7f7ffc060560 to fd 109 on remote peer 0
cloud-0n58xq:1958837:1958837 [0] NCCL INFO Imported shareable buffer device 0 size 10485760 ptr 0x2af2c00000
cloud-0n58xq:1958837:1958837 [0] NCCL INFO UDS converted handle 0x7f2d4008db80 to fd 109 on remote peer 2
cloud-0n58xq:1958837:1958837 [0] NCCL INFO Imported shareable buffer device 0 size 2097152 ptr 0x2af3600000
cloud-0n58xq:1958837:1958837 [0] NCCL INFO UDS converted handle 0x7f7ffc061c20 to fd 109 on remote peer 0
cloud-0n58xq:1958837:1958837 [0] NCCL INFO Imported shareable buffer device 0 size 10485760 ptr 0x2af4000000
cloud-0n58xq:1958837:1958837 [0] NCCL INFO UDS converted handle 0x7f2d4008f1a0 to fd 109 on remote peer 2
cloud-0n58xq:1958837:1958837 [0] NCCL INFO Imported shareable buffer device 0 size 2097152 ptr 0x2af4a00000
cloud-0n58xq:1958837:1958837 [0] NCCL INFO UDS converted handle 0x7f7ffc0632e0 to fd 109 on remote peer 0
cloud-0n58xq:1958837:1958837 [0] NCCL INFO Imported shareable buffer device 0 size 10485760 ptr 0x2af4c00000
cloud-0n58xq:1958837:1958837 [0] NCCL INFO UDS converted handle 0x7f2d40090860 to fd 109 on remote peer 2
cloud-0n58xq:1958837:1958837 [0] NCCL INFO Imported shareable buffer device 0 size 2097152 ptr 0x2af5600000
cloud-0n58xq:1958837:1958837 [0] NCCL INFO UDS converted handle 0x7f7ffc0649a0 to fd 109 on remote peer 0
cloud-0n58xq:1958837:1958837 [0] NCCL INFO Imported shareable buffer device 0 size 10485760 ptr 0x2af6000000
cloud-0n58xq:1958837:1958837 [0] NCCL INFO UDS converted handle 0x7f2d40091f20 to fd 109 on remote peer 2
cloud-0n58xq:1958837:1958837 [0] NCCL INFO Imported shareable buffer device 0 size 2097152 ptr 0x2af6a00000
cloud-0n58xq:1958837:1958837 [0] NCCL INFO UDS converted handle 0x7f7ffc066060 to fd 109 on remote peer 0
cloud-0n58xq:1958837:1958837 [0] NCCL INFO Imported shareable buffer device 0 size 10485760 ptr 0x2af6c00000
cloud-0n58xq:1958837:1958837 [0] NCCL INFO UDS converted handle 0x7f2d400935e0 to fd 109 on remote peer 2
cloud-0n58xq:1958837:1958837 [0] NCCL INFO Imported shareable buffer device 0 size 2097152 ptr 0x2af7600000
cloud-0n58xq:1958837:1958837 [0] NCCL INFO UDS converted handle 0x7f7ffc067720 to fd 109 on remote peer 0
cloud-0n58xq:1958837:1958837 [0] NCCL INFO Imported shareable buffer device 0 size 10485760 ptr 0x2af8000000
cloud-0n58xq:1958837:1958837 [0] NCCL INFO UDS converted handle 0x7f2d40094980 to fd 109 on remote peer 2
cloud-0n58xq:1958837:1958837 [0] NCCL INFO Imported shareable buffer device 0 size 2097152 ptr 0x2af8a00000
cloud-0n58xq:1958837:1958837 [0] NCCL INFO UDS converted handle 0x7f7ffc068de0 to fd 109 on remote peer 0
cloud-0n58xq:1958837:1958837 [0] NCCL INFO Imported shareable buffer device 0 size 10485760 ptr 0x2af8c00000
cloud-0n58xq:1958837:1958837 [0] NCCL INFO UDS converted handle 0x7f2d40096040 to fd 109 on remote peer 2
cloud-0n58xq:1958837:1958837 [0] NCCL INFO Imported shareable buffer device 0 size 2097152 ptr 0x2af9600000
cloud-0n58xq:1958837:1958837 [0] NCCL INFO UDS converted handle 0x7f7ffc06a4a0 to fd 109 on remote peer 0
cloud-0n58xq:1958837:1958837 [0] NCCL INFO Imported shareable buffer device 0 size 10485760 ptr 0x2afa000000
cloud-0n58xq:1958837:1958837 [0] NCCL INFO UDS converted handle 0x7f2d40097700 to fd 109 on remote peer 2
