# nccl-cloud-0n58xq-1961862.log
cloud-0n58xq:1961862:1961862 [0] NCCL INFO NCCL version 2.28.9+cuda12.9
cloud-0n58xq:1961862:1961862 [0] NCCL INFO ncclCommInitRankConfig comm 0x561f60f632e0 rank 0 nranks 4 cudaDev 0 nvmlDev 0 busId 3000 commId 0x4b84ad31a11cebc - Init COMPLETE
cloud-0n58xq:1961862:1961862 [0] NCCL INFO Channel 00/0 : 0[0] -> 1[1] via P2P/CUMEM
cloud-0n58xq:1961862:1961862 [0] NCCL INFO Channel 01/0 : 0[0] -> 1[1] via P2P/CUMEM
cloud-0n58xq:1961862:1961862 [0] NCCL INFO Channel 02/0 : 0[0] -> 1[1] via P2P/CUMEM
cloud-0n58xq:1961862:1961862 [0] NCCL INFO Channel 03/0 : 0[0] -> 1[1] via P2P/CUMEM
cloud-0n58xq:1961862:1961862 [0] NCCL INFO Imported shareable buffer device 0 size 10485760 ptr 0x2aec000000
cloud-0n58xq:1961862:1961862 [0] NCCL INFO UDS converted handle 0x7fb478083f60 to fd 110 on remote peer 3
cloud-0n58xq:1961862:1961862 [0] NCCL INFO Imported shareable buffer device 0 size 2097152 ptr 0x2aeca00000
cloud-0n58xq:1961862:1961862 [0] NCCL INFO UDS converted handle 0x7f7a0c057ce0 to fd 110 on remote peer 1
cloud-0n58xq:1961862:1961862 [0] NCCL INFO Imported shareable buffer device 0 size 10485760 ptr 0x2aecc00000
cloud-0n58xq:1961862:1961862 [0] NCCL INFO UDS converted handle 0x7fb478085620 to fd 110 on remote peer 3
cloud-0n58xq:1961862:1961862 [0] NCCL INFO Imported shareable buffer device 0 size 2097152 ptr 0x2aed600000
cloud-0n58xq:1961862:1961862 [0] NCCL INFO UDS converted handle 0x7f7a0c0593a0 to fd 110 on remote peer 1
cloud-0n58xq:1961862:1961862 [0] NCCL INFO Imported shareable buffer device 0 size 10485760 ptr 0x2aee000000
cloud-0n58xq:1961862:1961862 [0] NCCL INFO UDS converted handle 0x7fb478086ce0 to fd 107 on remote peer 3
cloud-0n58xq:1961862:1961862 [0] NCCL INFO Imported shareable buffer device 0 size 2097152 ptr 0x2aeea00000
cloud-0n58xq:1961862:1961862 [0] NCCL INFO UDS converted handle 0x7f7a0c05aa60 to fd 110 on remote peer 1
cloud-0n58xq:1961862:1961862 [0] NCCL INFO Imported shareable buffer device 0 size 10485760 ptr 0x2aeec00000
cloud-0n58xq:1961862:1961862 [0] NCCL INFO UDS converted handle 0x7fb4780883a0 to fd 110 on remote peer 3
cloud-0n58xq:1961862:1961862 [0] NCCL INFO Imported shareable buffer device 0 size 2097152 ptr 0x2aef600000
cloud-0n58xq:1961862:1961862 [0] NCCL INFO UDS converted handle 0x7f7a0c05c120 to fd 110 on remote peer 1
cloud-0n58xq:1961862:1961862 [0] NCCL INFO Imported shareable buffer device 0 size 10485760 ptr 0x2af0000000
cloud-0n58xq:1961862:1961862 [0] NCCL INFO UDS converted handle 0x7fb478089740 to fd 110 on remote peer 3
cloud-0n58xq:1961862:1961862 [0] NCCL INFO Imported shareable buffer device 0 size 2097152 ptr 0x2af0a00000
cloud-0n58xq:1961862:1961862 [0] NCCL INFO UDS converted handle 0x7f7a0c05d7e0 to fd 111 on remote peer 1
cloud-0n58xq:1961862:1961862 [0] NCCL INFO Imported shareable buffer device 0 size 10485760 ptr 0x2af0c00000
cloud-0n58xq:1961862:1961862 [0] NCCL INFO UDS converted handle 0x7fb47808ae00 to fd 110 on remote peer 3
cloud-0n58xq:1961862:1961862 [0] NCCL INFO Imported shareable buffer device 0 size 2097152 ptr 0x2af1600000
cloud-0n58xq:1961862:1961862 [0] NCCL INFO UDS converted handle 0x7f7a0c05eea0 to fd 110 on remote peer 1
cloud-0n58xq:1961862:1961862 [0] NCCL INFO Imported shareable buffer device 0 size 10485760 ptr 0x2af2000000
cloud-0n58xq:1961862:1961862 [0] NCCL INFO UDS converted handle 0x7fb47808c4c0 to fd 110 on remote peer 3
cloud-0n58xq:1961862:1961862 [0] NCCL INFO Imported shareable buffer device 0 size 2097152 ptr 0x2af2a00000
cloud-0n58xq:1961862:1961862 [0] NCCL INFO UDS converted handle 0x7f7a0c060560 to fd 110 on remote peer 1
cloud-0n58xq:1961862:1961862 [0] NCCL INFO Imported shareable buffer device 0 size 10485760 ptr 0x2af2c00000
cloud-0n58xq:1961862:1961862 [0] NCCL INFO UDS converted handle 0x7fb47808db80 to fd 110 on remote peer 3
cloud-0n58xq:1961862:1961862 [0] NCCL INFO Imported shareable buffer device 0 size 2097152 ptr 0x2af3600000
cloud-0n58xq:1961862:1961862 [0] NCCL INFO UDS converted handle 0x7f7a0c061c20 to fd 110 on remote peer 1
cloud-0n58xq:1961862:1961862 [0] NCCL INFO Imported shareable buffer device 0 size 10485760 ptr 0x2af4000000
cloud-0n58xq:1961862:1961862 [0] NCCL INFO UDS converted handle 0x7fb47808f1a0 to fd 110 on remote peer 3
cloud-0n58xq:1961862:1961862 [0] NCCL INFO Imported shareable buffer device 0 size 2097152 ptr 0x2af4a00000
cloud-0n58xq:1961862:1961862 [0] NCCL INFO UDS converted handle 0x7f7a0c0632e0 to fd 110 on remote peer 1
cloud-0n58xq:1961862:1961862 [0] NCCL INFO Imported shareable buffer device 0 size 10485760 ptr 0x2af4c00000
cloud-0n58xq:1961862:1961862 [0] NCCL INFO UDS converted handle 0x7fb478090860 to fd 110 on remote peer 3
cloud-0n58xq:1961862:1961862 [0] NCCL INFO Imported shareable buffer device 0 size 2097152 ptr 0x2af5600000
cloud-0n58xq:1961862:1961862 [0] NCCL INFO UDS converted handle 0x7f7a0c0649a0 to fd 110 on remote peer 1
cloud-0n58xq:1961862:1961862 [0] NCCL INFO Imported shareable buffer device 0 size 10485760 ptr 0x2af6000000
cloud-0n58xq:1961862:1961862 [0] NCCL INFO UDS converted handle 0x7fb478091f20 to fd 110 on remote peer 3
cloud-0n58xq:1961862:1961862 [0] NCCL INFO Imported shareable buffer device 0 size 2097152 ptr 0x2af6a00000
cloud-0n58xq:1961862:1961862 [0] NCCL INFO UDS converted handle 0x7f7a0c066060 to fd 110 on remote peer 1
cloud-0n58xq:1961862:1961862 [0] NCCL INFO Imported shareable buffer device 0 size 10485760 ptr 0x2af6c00000
cloud-0n58xq:1961862:1961862 [0] NCCL INFO UDS converted handle 0x7fb4780935e0 to fd 110 on remote peer 3
cloud-0n58xq:1961862:1961862 [0] NCCL INFO Imported shareable buffer device 0 size 2097152 ptr 0x2af7600000
cloud-0n58xq:1961862:1961862 [0] NCCL INFO UDS converted handle 0x7f7a0c067720 to fd 110 on remote peer 1
cloud-0n58xq:1961862:1961862 [0] NCCL INFO Imported shareable buffer device 0 size 10485760 ptr 0x2af8000000
cloud-0n58xq:1961862:1961862 [0] NCCL INFO UDS converted handle 0x7fb478094980 to fd 110 on remote peer 3

# nccl-cloud-0n58xq-1961863.log
cloud-0n58xq:1961863:1961863 [0] NCCL INFO NCCL version 2.28.9+cuda12.9
cloud-0n58xq:1961863:1961863 [0] NCCL INFO ncclCommInitRankConfig comm 0x55d39b2fd000 rank 1 nranks 4 cudaDev 0 nvmlDev 1 busId 8000 commId 0x4b84ad31a11cebc - Init COMPLETE
cloud-0n58xq:1961863:1961863 [0] NCCL INFO Channel 00/0 : 1[1] -> 2[4] via P2P/CUMEM
cloud-0n58xq:1961863:1961863 [0] NCCL INFO Channel 01/0 : 1[1] -> 2[4] via P2P/CUMEM
cloud-0n58xq:1961863:1961863 [0] NCCL INFO Channel 02/0 : 1[1] -> 2[4] via P2P/CUMEM
cloud-0n58xq:1961863:1961863 [0] NCCL INFO Channel 03/0 : 1[1] -> 2[4] via P2P/CUMEM
cloud-0n58xq:1961863:1961863 [0] NCCL INFO Imported shareable buffer device 0 size 2097152 ptr 0x2af4a00000
cloud-0n58xq:1961863:1961863 [0] NCCL INFO UDS converted handle 0x7f63c80632e0 to fd 108 on remote peer 2
cloud-0n58xq:1961863:1961863 [0] NCCL INFO Imported shareable buffer device 0 size 10485760 ptr 0x2af4c00000
cloud-0n58xq:1961863:1961863 [0] NCCL INFO UDS converted handle 0x7fa8bc090860 to fd 108 on remote peer 0
cloud-0n58xq:1961863:1961863 [0] NCCL INFO Imported shareable buffer device 0 size 2097152 ptr 0x2af5600000
cloud-0n58xq:1961863:1961863 [0] NCCL INFO UDS converted handle 0x7f63c80649a0 to fd 108 on remote peer 2
cloud-0n58xq:1961863:1961863 [0] NCCL INFO Imported shareable buffer device 0 size 10485760 ptr 0x2af6000000
cloud-0n58xq:1961863:1961863 [0] NCCL INFO UDS converted handle 0x7fa8bc091f20 to fd 108 on remote peer 0
cloud-0n58xq:1961863:1961863 [0] NCCL INFO Imported shareable buffer device 0 size 2097152 ptr 0x2af6a00000
cloud-0n58xq:1961863:1961863 [0] NCCL INFO UDS converted handle 0x7f63c8066060 to fd 108 on remote peer 2
cloud-0n58xq:1961863:1961863 [0] NCCL INFO Imported shareable buffer device 0 size 10485760 ptr 0x2af6c00000
cloud-0n58xq:1961863:1961863 [0] NCCL INFO UDS converted handle 0x7fa8bc0935e0 to fd 108 on remote peer 0
cloud-0n58xq:1961863:1961863 [0] NCCL INFO Imported shareable buffer device 0 size 2097152 ptr 0x2af7600000
cloud-0n58xq:1961863:1961863 [0] NCCL INFO UDS converted handle 0x7f63c8067720 to fd 108 on remote peer 2
cloud-0n58xq:1961863:1961863 [0] NCCL INFO Imported shareable buffer device 0 size 10485760 ptr 0x2af8000000
cloud-0n58xq:1961863:1961863 [0] NCCL INFO UDS converted handle 0x7fa8bc094980 to fd 108 on remote peer 0
cloud-0n58xq:1961863:1961863 [0] NCCL INFO Imported shareable buffer device 0 size 2097152 ptr 0x2af8a00000
cloud-0n58xq:1961863:1961863 [0] NCCL INFO UDS converted handle 0x7f63c8068de0 to fd 108 on remote peer 2
cloud-0n58xq:1961863:1961863 [0] NCCL INFO Imported shareable buffer device 0 size 10485760 ptr 0x2af8c00000
cloud-0n58xq:1961863:1961863 [0] NCCL INFO UDS converted handle 0x7fa8bc096040 to fd 108 on remote peer 0
cloud-0n58xq:1961863:1961863 [0] NCCL INFO Imported shareable buffer device 0 size 2097152 ptr 0x2af9600000
cloud-0n58xq:1961863:1961863 [0] NCCL INFO UDS converted handle 0x7f63c806a4a0 to fd 108 on remote peer 2
cloud-0n58xq:1961863:1961863 [0] NCCL INFO Imported shareable buffer device 0 size 10485760 ptr 0x2afa000000
cloud-0n58xq:1961863:1961863 [0] NCCL INFO UDS converted handle 0x7fa8bc097700 to fd 108 on remote peer 0
cloud-0n58xq:1961863:1961863 [0] NCCL INFO Imported shareable buffer device 0 size 2097152 ptr 0x2afaa00000
cloud-0n58xq:1961863:1961863 [0] NCCL INFO UDS converted handle 0x7f63c806bb60 to fd 108 on remote peer 2
cloud-0n58xq:1961863:1961863 [0] NCCL INFO Imported shareable buffer device 0 size 10485760 ptr 0x2afac00000
cloud-0n58xq:1961863:1961863 [0] NCCL INFO UDS converted handle 0x7fa8bc098dc0 to fd 108 on remote peer 0
cloud-0n58xq:1961863:1961863 [0] NCCL INFO Imported shareable buffer device 0 size 2097152 ptr 0x2afb600000
cloud-0n58xq:1961863:1961863 [0] NCCL INFO UDS converted handle 0x7f63c806d220 to fd 108 on remote peer 2
cloud-0n58xq:1961863:1961863 [0] NCCL INFO Imported shareable buffer device 0 size 10485760 ptr 0x2afc000000
cloud-0n58xq:1961863:1961863 [0] NCCL INFO UDS converted handle 0x7fa8bc09a160 to fd 108 on remote peer 0
cloud-0n58xq:1961863:1961863 [0] NCCL INFO Imported shareable buffer device 0 size 2097152 ptr 0x2afca00000
cloud-0n58xq:1961863:1961863 [0] NCCL INFO UDS converted handle 0x7f63c806e8e0 to fd 108 on remote peer 2
cloud-0n58xq:1961863:1961863 [0] NCCL INFO Imported shareable buffer device 0 size 10485760 ptr 0x2afcc00000
cloud-0n58xq:1961863:1961863 [0] NCCL INFO UDS converted handle 0x7fa8bc09b820 to fd 108 on remote peer 0
cloud-0n58xq:1961863:1961863 [0] NCCL INFO Imported shareable buffer device 0 size 2097152 ptr 0x2afd600000
cloud-0n58xq:1961863:1961863 [0] NCCL INFO UDS converted handle 0x7f63c806ffa0 to fd 108 on remote peer 2
cloud-0n58xq:1961863:1961863 [0] NCCL INFO Imported shareable buffer device 0 size 10485760 ptr 0x2afe000000
cloud-0n58xq:1961863:1961863 [0] NCCL INFO UDS converted handle 0x7fa8bc09cee0 to fd 108 on remote peer 0
cloud-0n58xq:1961863:1961863 [0] NCCL INFO Imported shareable buffer device 0 size 2097152 ptr 0x2afea00000
cloud-0n58xq:1961863:1961863 [0] NCCL INFO UDS converted handle 0x7f63c8071660 to fd 108 on remote peer 2
cloud-0n58xq:1961863:1961863 [0] NCCL INFO Imported shareable buffer device 0 size 10485760 ptr 0x2afec00000
cloud-0n58xq:1961863:1961863 [0] NCCL INFO UDS converted handle 0x7fa8bc09e5a0 to fd 108 on remote peer 0
cloud-0n58xq:1961863:1961863 [0] NCCL INFO Imported shareable buffer device 0 size 2097152 ptr 0x2aff600000
cloud-0n58xq:1961863:1961863 [0] NCCL INFO UDS converted handle 0x7f63c8072d20 to fd 108 on remote peer 2
cloud-0n58xq:1961863:1961863 [0] NCCL INFO Imported shareable buffer device 0 size 10485760 ptr 0x2b00000000
cloud-0n58xq:1961863:1961863 [0] NCCL INFO UDS converted handle 0x7fa8bc09f940 to fd 108 on remote peer 0
cloud-0n58xq:1961863:1961863 [0] NCCL INFO Imported shareable buffer device 0 size 2097152 ptr 0x2b00a00000
cloud-0n58xq:1961863:1961863 [0] NCCL INFO UDS converted handle 0x7f63c80743e0 to fd 108 on remote peer 2

# nccl-cloud-0n58xq-1961864.log
cloud-0n58xq:1961864:1961864 [0] NCCL INFO NCCL version 2.28.9+cuda12.9
cloud-0n58xq:1961864:1961864 [0] NCCL INFO ncclCommInitRankConfig comm 0x55c7b60f5b80 rank 2 nranks 4 cudaDev 0 nvmlDev 4 busId 17000 commId 0x4b84ad31a11cebc - Init COMPLETE
cloud-0n58xq:1961864:1961864 [0] NCCL INFO Channel 00/0 : 2[4] -> 3[5] via P2P/CUMEM
cloud-0n58xq:1961864:1961864 [0] NCCL INFO Channel 01/0 : 2[4] -> 3[5] via P2P/CUMEM
cloud-0n58xq:1961864:1961864 [0] NCCL INFO Channel 02/0 : 2[4] -> 3[5] via P2P/CUMEM
cloud-0n58xq:1961864:1961864 [0] NCCL INFO Channel 03/0 : 2[4] -> 3[5] via P2P/CUMEM
cloud-0n58xq:1961864:1961864 [0] NCCL INFO Imported shareable buffer device 0 size 2097152 ptr 0x2ae7600000
cloud-0n58xq:1961864:1961864 [0] NCCL INFO UDS converted handle 0x7fb478050b20 to fd 110 on remote peer 3
cloud-0n58xq:1961864:1961864 [0] NCCL INFO Imported shareable buffer device 0 size 10485760 ptr 0x2ae8000000
cloud-0n58xq:1961864:1961864 [0] NCCL INFO UDS converted handle 0x7f7a0c07e500 to fd 110 on remote peer 1
cloud-0n58xq:1961864:1961864 [0] NCCL INFO Imported shareable buffer device 0 size 2097152 ptr 0x2ae8a00000
cloud-0n58xq:1961864:1961864 [0] NCCL INFO UDS converted handle 0x7fb4780521e0 to fd 110 on remote peer 3
cloud-0n58xq:1961864:1961864 [0] NCCL INFO Imported shareable buffer device 0 size 10485760 ptr 0x2ae8c00000
cloud-0n58xq:1961864:1961864 [0] NCCL INFO UDS converted handle 0x7f7a0c07fbc0 to fd 110 on remote peer 1
cloud-0n58xq:1961864:1961864 [0] NCCL INFO Imported shareable buffer device 0 size 2097152 ptr 0x2ae9600000
cloud-0n58xq:1961864:1961864 [0] NCCL INFO UDS converted handle 0x7fb4780538a0 to fd 110 on remote peer 3
cloud-0n58xq:1961864:1961864 [0] NCCL INFO Imported shareable buffer device 0 size 10485760 ptr 0x2aea000000
cloud-0n58xq:1961864:1961864 [0] NCCL INFO UDS converted handle 0x7f7a0c081280 to fd 110 on remote peer 1
cloud-0n58xq:1961864:1961864 [0] NCCL INFO Imported shareable buffer device 0 size 2097152 ptr 0x2aeaa00000
cloud-0n58xq:1961864:1961864 [0] NCCL INFO UDS converted handle 0x7fb478054f60 to fd 110 on remote peer 3
cloud-0n58xq:1961864:1961864 [0] NCCL INFO Imported shareable buffer device 0 size 10485760 ptr 0x2aeac00000
cloud-0n58xq:1961864:1961864 [0] NCCL INFO UDS converted handle 0x7f7a0c082940 to fd 110 on remote peer 1
cloud-0n58xq:1961864:1961864 [0] NCCL INFO Imported shareable buffer device 0 size 2097152 ptr 0x2aeb600000
cloud-0n58xq:1961864:1961864 [0] NCCL INFO UDS converted handle 0x7fb478056620 to fd 110 on remote peer 3
cloud-0n58xq:1961864:1961864 [0] NCCL INFO Imported shareable buffer device 0 size 10485760 ptr 0x2aec000000
cloud-0n58xq:1961864:1961864 [0] NCCL INFO UDS converted handle 0x7f7a0c083f60 to fd 110 on remote peer 1
cloud-0n58xq:1961864:1961864 [0] NCCL INFO Imported shareable buffer device 0 size 2097152 ptr 0x2aeca00000
cloud-0n58xq:1961864:1961864 [0] NCCL INFO UDS converted handle 0x7fb478057ce0 to fd 110 on remote peer 3
cloud-0n58xq:1961864:1961864 [0] NCCL INFO Imported shareable buffer device 0 size 10485760 ptr 0x2aecc00000
cloud-0n58xq:1961864:1961864 [0] NCCL INFO UDS converted handle 0x7f7a0c085620 to fd 110 on remote peer 1
cloud-0n58xq:1961864:1961864 [0] NCCL INFO Imported shareable buffer device 0 size 2097152 ptr 0x2aed600000
cloud-0n58xq:1961864:1961864 [0] NCCL INFO UDS converted handle 0x7fb4780593a0 to fd 110 on remote peer 3
cloud-0n58xq:1961864:1961864 [0] NCCL INFO Imported shareable buffer device 0 size 10485760 ptr 0x2aee000000
cloud-0n58xq:1961864:1961864 [0] NCCL INFO UDS converted handle 0x7f7a0c086ce0 to fd 110 on remote peer 1
cloud-0n58xq:1961864:1961864 [0] NCCL INFO Imported shareable buffer device 0 size 2097152 ptr 0x2aeea00000
cloud-0n58xq:1961864:1961864 [0] NCCL INFO UDS converted handle 0x7fb47805aa60 to fd 110 on remote peer 3
cloud-0n58xq:1961864:1961864 [0] NCCL INFO Imported shareable buffer device 0 size 10485760 ptr 0x2aeec00000
cloud-0n58xq:1961864:1961864 [0] NCCL INFO UDS converted handle 0x7f7a0c0883a0 to fd 110 on remote peer 1
cloud-0n58xq:1961864:1961864 [0] NCCL INFO Imported shareable buffer device 0 size 2097152 ptr 0x2aef600000
cloud-0n58xq:1961864:1961864 [0] NCCL INFO UDS converted handle 0x7fb47805c120 to fd 110 on remote peer 3
cloud-0n58xq:1961864:1961864 [0] NCCL INFO Imported shareable buffer device 0 size 10485760 ptr 0x2af0000000
cloud-0n58xq:1961864:1961864 [0] NCCL INFO UDS converted handle 0x7f7a0c089740 to fd 110 on remote peer 1
cloud-0n58xq:1961864:1961864 [0] NCCL INFO Imported shareable buffer device 0 size 2097152 ptr 0x2af0a00000
cloud-0n58xq:1961864:1961864 [0] NCCL INFO UDS converted handle 0x7fb47805d7e0 to fd 110 on remote peer 3
cloud-0n58xq:1961864:1961864 [0] NCCL INFO Imported shareable buffer device 0 size 10485760 ptr 0x2af0c00000
cloud-0n58xq:1961864:1961864 [0] NCCL INFO UDS converted handle 0x7f7a0c08ae00 to fd 110 on remote peer 1
cloud-0n58xq:1961864:1961864 [0] NCCL INFO Imported shareable buffer device 0 size 2097152 ptr 0x2af1600000
cloud-0n58xq:1961864:1961864 [0] NCCL INFO UDS converted handle 0x7fb47805eea0 to fd 110 on remote peer 3
cloud-0n58xq:1961864:1961864 [0] NCCL INFO Imported shareable buffer device 0 size 10485760 ptr 0x2af2000000
cloud-0n58xq:1961864:1961864 [0] NCCL INFO UDS converted handle 0x7f7a0c08c4c0 to fd 110 on remote peer 1
cloud-0n58xq:1961864:1961864 [0] NCCL INFO Imported shareable buffer device 0 size 2097152 ptr 0x2af2a00000
cloud-0n58xq:1961864:1961864 [0] NCCL INFO UDS converted handle 0x7fb478060560 to fd 110 on remote peer 3
cloud-0n58xq:1961864:1961864 [0] NCCL INFO Imported shareable buffer device 0 size 10485760 ptr 0x2af2c00000
cloud-0n58xq:1961864:1961864 [0] NCCL INFO UDS converted handle 0x7f7a0c08db80 to fd 110 on remote peer 1
cloud-0n58xq:1961864:1961864 [0] NCCL INFO Imported shareable buffer device 0 size 2097152 ptr 0x2af3600000
cloud-0n58xq:1961864:1961864 [0] NCCL INFO UDS converted handle 0x7fb478061c20 to fd 110 on remote peer 3

# nccl-cloud-0n58xq-1961865.log
cloud-0n58xq:1961865:1961865 [0] NCCL INFO NCCL version 2.28.9+cuda12.9
cloud-0n58xq:1961865:1961865 [0] NCCL INFO ncclCommInitRankConfig comm 0x555ad6df6f30 rank 3 nranks 4 cudaDev 0 nvmlDev 5 busId 1c000 commId 0x4b84ad31a11cebc - Init COMPLETE
cloud-0n58xq:1961865:1961865 [0] NCCL INFO Channel 00/0 : 3[5] -> 0[0] via P2P/CUMEM
cloud-0n58xq:1961865:1961865 [0] NCCL INFO Channel 01/0 : 3[5] -> 0[0] via P2P/CUMEM
cloud-0n58xq:1961865:1961865 [0] NCCL INFO Channel 02/0 : 3[5] -> 0[0] via P2P/CUMEM
cloud-0n58xq:1961865:1961865 [0] NCCL INFO Channel 03/0 : 3[5] -> 0[0] via P2P/CUMEM
cloud-0n58xq:1961865:1961865 [0] NCCL INFO Imported shareable buffer device 0 size 10485760 ptr 0x2aec000000
cloud-0n58xq:1961865:1961865 [0] NCCL INFO UDS converted handle 0x7f63c8083f60 to fd 109 on remote peer 2
cloud-0n58xq:1961865:1961865 [0] NCCL INFO Imported shareable buffer device 0 size 2097152 ptr 0x2aeca00000
cloud-0n58xq:1961865:1961865 [0] NCCL INFO UDS converted handle 0x7fa8bc057ce0 to fd 109 on remote peer 0
cloud-0n58xq:1961865:1961865 [0] NCCL INFO Imported shareable buffer device 0 size 10485760 ptr 0x2aecc00000
cloud-0n58xq:1961865:1961865 [0] NCCL INFO UDS converted handle 0x7f63c8085620 to fd 109 on remote peer 2
cloud-0n58xq:1961865:1961865 [0] NCCL INFO Imported shareable buffer device 0 size 2097152 ptr 0x2aed600000
cloud-0n58xq:1961865:1961865 [0] NCCL INFO UDS converted handle 0x7fa8bc0593a0 to fd 109 on remote peer 0
cloud-0n58xq:1961865:1961865 [0] NCCL INFO Imported shareable buffer device 0 size 10485760 ptr 0x2aee000000
cloud-0n58xq:1961865:1961865 [0] NCCL INFO UDS converted handle 0x7f63c8086ce0 to fd 109 on remote peer 2
cloud-0n58xq:1961865:1961865 [0] NCCL INFO Imported shareable buffer device 0 size 2097152 ptr 0x2aeea00000
cloud-0n58xq:1961865:1961865 [0] NCCL INFO UDS converted handle 0x7fa8bc05aa60 to fd 109 on remote peer 0
cloud-0n58xq:1961865:1961865 [0] NCCL INFO Imported shareable buffer device 0 size 10485760 ptr 0x2aeec00000
cloud-0n58xq:1961865:1961865 [0] NCCL INFO UDS converted handle 0x7f63c80883a0 to fd 109 on remote peer 2
cloud-0n58xq:1961865:1961865 [0] NCCL INFO Imported shareable buffer device 0 size 2097152 ptr 0x2aef600000
cloud-0n58xq:1961865:1961865 [0] NCCL INFO UDS converted handle 0x7fa8bc05c120 to fd 109 on remote peer 0
cloud-0n58xq:1961865:1961865 [0] NCCL INFO Imported shareable buffer device 0 size 10485760 ptr 0x2af0000000
cloud-0n58xq:1961865:1961865 [0] NCCL INFO UDS converted handle 0x7f63c8089740 to fd 109 on remote peer 2
cloud-0n58xq:1961865:1961865 [0] NCCL INFO Imported shareable buffer device 0 size 2097152 ptr 0x2af0a00000
cloud-0n58xq:1961865:1961865 [0] NCCL INFO UDS converted handle 0x7fa8bc05d7e0 to fd 109 on remote peer 0
cloud-0n58xq:1961865:1961865 [0] NCCL INFO Imported shareable buffer device 0 size 10485760 ptr 0x2af0c00000
cloud-0n58xq:1961865:1961865 [0] NCCL INFO UDS converted handle 0x7f63c808ae00 to fd 109 on remote peer 2
cloud-0n58xq:1961865:1961865 [0] NCCL INFO Imported shareable buffer device 0 size 2097152 ptr 0x2af1600000
cloud-0n58xq:1961865:1961865 [0] NCCL INFO UDS converted handle 0x7fa8bc05eea0 to fd 109 on remote peer 0
cloud-0n58xq:1961865:1961865 [0] NCCL INFO Imported shareable buffer device 0 size 10485760 ptr 0x2af2000000
cloud-0n58xq:1961865:1961865 [0] NCCL INFO UDS converted handle 0x7f63c808c4c0 to fd 109 on remote peer 2
cloud-0n58xq:1961865:1961865 [0] NCCL INFO Imported shareable buffer device 0 size 2097152 ptr 0x2af2a00000
cloud-0n58xq:1961865:1961865 [0] NCCL INFO UDS converted handle 0x7fa8bc060560 to fd 109 on remote peer 0
cloud-0n58xq:1961865:1961865 [0] NCCL INFO Imported shareable buffer device 0 size 10485760 ptr 0x2af2c00000
cloud-0n58xq:1961865:1961865 [0] NCCL INFO UDS converted handle 0x7f63c808db80 to fd 109 on remote peer 2
cloud-0n58xq:1961865:1961865 [0] NCCL INFO Imported shareable buffer device 0 size 2097152 ptr 0x2af3600000
cloud-0n58xq:1961865:1961865 [0] NCCL INFO UDS converted handle 0x7fa8bc061c20 to fd 109 on remote peer 0
cloud-0n58xq:1961865:1961865 [0] NCCL INFO Imported shareable buffer device 0 size 10485760 ptr 0x2af4000000
cloud-0n58xq:1961865:1961865 [0] NCCL INFO UDS converted handle 0x7f63c808f1a0 to fd 109 on remote peer 2
cloud-0n58xq:1961865:1961865 [0] NCCL INFO Imported shareable buffer device 0 size 2097152 ptr 0x2af4a00000
cloud-0n58xq:1961865:1961865 [0] NCCL INFO UDS converted handle 0x7fa8bc0632e0 to fd 109 on remote peer 0
cloud-0n58xq:1961865:1961865 [0] NCCL INFO Imported shareable buffer device 0 size 10485760 ptr 0x2af4c00000
cloud-0n58xq:1961865:1961865 [0] NCCL INFO UDS converted handle 0x7f63c8090860 to fd 109 on remote peer 2
cloud-0n58xq:1961865:1961865 [0] NCCL INFO Imported shareable buffer device 0 size 2097152 ptr 0x2af5600000
cloud-0n58xq:1961865:1961865 [0] NCCL INFO UDS converted handle 0x7fa8bc0649a0 to fd 109 on remote peer 0
cloud-0n58xq:1961865:1961865 [0] NCCL INFO Imported shareable buffer device 0 size 10485760 ptr 0x2af6000000
cloud-0n58xq:1961865:1961865 [0] NCCL INFO UDS converted handle 0x7f63c8091f20 to fd 109 on remote peer 2
cloud-0n58xq:1961865:1961865 [0] NCCL INFO Imported shareable buffer device 0 size 2097152 ptr 0x2af6a00000
cloud-0n58xq:1961865:1961865 [0] NCCL INFO UDS converted handle 0x7fa8bc066060 to fd 109 on remote peer 0
cloud-0n58xq:1961865:1961865 [0] NCCL INFO Imported shareable buffer device 0 size 10485760 ptr 0x2af6c00000
cloud-0n58xq:1961865:1961865 [0] NCCL INFO UDS converted handle 0x7f63c80935e0 to fd 109 on remote peer 2
cloud-0n58xq:1961865:1961865 [0] NCCL INFO Imported shareable buffer device 0 size 2097152 ptr 0x2af7600000
cloud-0n58xq:1961865:1961865 [0] NCCL INFO UDS converted handle 0x7fa8bc067720 to fd 109 on remote peer 0
cloud-0n58xq:1961865:1961865 [0] NCCL INFO Imported shareable buffer device 0 size 10485760 ptr 0x2af8000000
cloud-0n58xq:1961865:1961865 [0] NCCL INFO UDS converted handle 0x7f63c8094980 to fd 109 on remote peer 2
