# nccl-cloud-0n58xq-1963578.log
cloud-0n58xq:1963578:1963578 [0] NCCL INFO NCCL version 2.28.9+cuda12.9
cloud-0n58xq:1963578:1963578 [0] NCCL INFO ncclCommInitRankConfig comm 0x55d39862eaa0 rank 0 nranks 4 cudaDev 0 nvmlDev 0 busId 3000 commId 0x955caaff73bdd11d - Init COMPLETE
cloud-0n58xq:1963578:1963578 [0] NCCL INFO Channel 00/0 : 0[0] -> 1[1] via P2P/IPC
cloud-0n58xq:1963578:1963578 [0] NCCL INFO Channel 01/0 : 0[0] -> 1[1] via P2P/IPC
cloud-0n58xq:1963578:1963578 [0] NCCL INFO Channel 02/0 : 0[0] -> 1[1] via P2P/IPC
cloud-0n58xq:1963578:1963578 [0] NCCL INFO Channel 03/0 : 0[0] -> 1[1] via P2P/IPC
cloud-0n58xq:1963578:1963578 [0] NCCL INFO Imported shareable buffer device 0 size 10485760 ptr 0x7f0b52000000
cloud-0n58xq:1963578:1963578 [0] NCCL INFO Imported shareable buffer device 0 size 2097152 ptr 0x7f0b52a00000
cloud-0n58xq:1963578:1963578 [0] NCCL INFO Imported shareable buffer device 0 size 10485760 ptr 0x7f0b52c00000
cloud-0n58xq:1963578:1963578 [0] NCCL INFO Imported shareable buffer device 0 size 2097152 ptr 0x7f0b53600000
cloud-0n58xq:1963578:1963578 [0] NCCL INFO Imported shareable buffer device 0 size 10485760 ptr 0x7f0b50000000
cloud-0n58xq:1963578:1963578 [0] NCCL INFO Imported shareable buffer device 0 size 2097152 ptr 0x7f0b50a00000
cloud-0n58xq:1963578:1963578 [0] NCCL INFO Imported shareable buffer device 0 size 10485760 ptr 0x7f0b50c00000
cloud-0n58xq:1963578:1963578 [0] NCCL INFO Imported shareable buffer device 0 size 2097152 ptr 0x7f0b51600000
cloud-0n58xq:1963578:1963578 [0] NCCL INFO Imported shareable buffer device 0 size 10485760 ptr 0x7f0b4e000000
cloud-0n58xq:1963578:1963578 [0] NCCL INFO Imported shareable buffer device 0 size 2097152 ptr 0x7f0b4ea00000
cloud-0n58xq:1963578:1963578 [0] NCCL INFO Imported shareable buffer device 0 size 10485760 ptr 0x7f0b4ec00000
cloud-0n58xq:1963578:1963578 [0] NCCL INFO Imported shareable buffer device 0 size 2097152 ptr 0x7f0b4f600000
cloud-0n58xq:1963578:1963578 [0] NCCL INFO Imported shareable buffer device 0 size 10485760 ptr 0x7f0b4c000000
cloud-0n58xq:1963578:1963578 [0] NCCL INFO Imported shareable buffer device 0 size 2097152 ptr 0x7f0b4ca00000
cloud-0n58xq:1963578:1963578 [0] NCCL INFO Imported shareable buffer device 0 size 10485760 ptr 0x7f0b4cc00000
cloud-0n58xq:1963578:1963578 [0] NCCL INFO Imported shareable buffer device 0 size 2097152 ptr 0x7f0b4d600000
cloud-0n58xq:1963578:1963578 [0] NCCL INFO Imported shareable buffer device 0 size 10485760 ptr 0x7f0b4a000000
cloud-0n58xq:1963578:1963578 [0] NCCL INFO Imported shareable buffer device 0 size 2097152 ptr 0x7f0b4aa00000
cloud-0n58xq:1963578:1963578 [0] NCCL INFO Imported shareable buffer device 0 size 10485760 ptr 0x7f0b4ac00000
cloud-0n58xq:1963578:1963578 [0] NCCL INFO Imported shareable buffer device 0 size 2097152 ptr 0x7f0b4b600000
cloud-0n58xq:1963578:1963578 [0] NCCL INFO Imported shareable buffer device 0 size 10485760 ptr 0x7f0b48000000
cloud-0n58xq:1963578:1963578 [0] NCCL INFO Imported shareable buffer device 0 size 2097152 ptr 0x7f0b48a00000
cloud-0n58xq:1963578:1963578 [0] NCCL INFO Imported shareable buffer device 0 size 10485760 ptr 0x7f0b48c00000
cloud-0n58xq:1963578:1963578 [0] NCCL INFO Imported shareable buffer device 0 size 2097152 ptr 0x7f0b49600000
cloud-0n58xq:1963578:1963578 [0] NCCL INFO Imported shareable buffer device 0 size 10485760 ptr 0x7f0b46000000
cloud-0n58xq:1963578:1963578 [0] NCCL INFO Imported shareable buffer device 0 size 2097152 ptr 0x7f0b46a00000
cloud-0n58xq:1963578:1963578 [0] NCCL INFO Imported shareable buffer device 0 size 10485760 ptr 0x7f0b46c00000
cloud-0n58xq:1963578:1963578 [0] NCCL INFO Imported shareable buffer device 0 size 2097152 ptr 0x7f0b47600000
cloud-0n58xq:1963578:1963578 [0] NCCL INFO Imported shareable buffer device 0 size 10485760 ptr 0x7f0b44000000
cloud-0n58xq:1963578:1963578 [0] NCCL INFO Imported shareable buffer device 0 size 2097152 ptr 0x7f0b44a00000
cloud-0n58xq:1963578:1963578 [0] NCCL INFO Imported shareable buffer device 0 size 10485760 ptr 0x7f0b44c00000
cloud-0n58xq:1963578:1963578 [0] NCCL INFO Imported shareable buffer device 0 size 2097152 ptr 0x7f0b45600000
cloud-0n58xq:1963578:1963578 [0] NCCL INFO Imported shareable buffer device 0 size 10485760 ptr 0x7f0b42000000
cloud-0n58xq:1963578:1963578 [0] NCCL INFO Imported shareable buffer device 0 size 2097152 ptr 0x7f0b42a00000
cloud-0n58xq:1963578:1963578 [0] NCCL INFO Imported shareable buffer device 0 size 10485760 ptr 0x7f0b42c00000
cloud-0n58xq:1963578:1963578 [0] NCCL INFO Imported shareable buffer device 0 size 2097152 ptr 0x7f0b43600000
cloud-0n58xq:1963578:1963578 [0] NCCL INFO Imported shareable buffer device 0 size 10485760 ptr 0x7f0b40000000
cloud-0n58xq:1963578:1963578 [0] NCCL INFO Imported shareable buffer device 0 size 2097152 ptr 0x7f0b40a00000
cloud-0n58xq:1963578:1963578 [0] NCCL INFO Imported shareable buffer device 0 size 10485760 ptr 0x7f0b40c00000
cloud-0n58xq:1963578:1963578 [0] NCCL INFO Imported shareable buffer device 0 size 2097152 ptr 0x7f0b41600000
cloud-0n58xq:1963578:1963578 [0] NCCL INFO Imported shareable buffer device 0 size 10485760 ptr 0x7f0b3e000000
cloud-0n58xq:1963578:1963578 [0] NCCL INFO Imported shareable buffer device 0 size 2097152 ptr 0x7f0b3ea00000
cloud-0n58xq:1963578:1963578 [0] NCCL INFO Imported shareable buffer device 0 size 10485760 ptr 0x7f0b3ec00000
cloud-0n58xq:1963578:1963578 [0] NCCL INFO Imported shareable buffer device 0 size 2097152 ptr 0x7f0b3f600000
cloud-0n58xq:1963578:1963578 [0] NCCL INFO Imported shareable buffer device 0 size 10485760 ptr 0x7f0b3c000000
cloud-0n58xq:1963578:1963578 [0] NCCL INFO Imported shareable buffer device 0 size 2097152 ptr 0x7f0b3ca00000
cloud-0n58xq:1963578:1963578 [0] NCCL INFO Imported shareable buffer device 0 size 10485760 ptr 0x7f0b3cc00000
cloud-0n58xq:1963578:1963578 [0] NCCL INFO Imported shareable buffer device 0 size 2097152 ptr 0x7f0b3d600000
cloud-0n58xq:1963578:1963578 [0] NCCL INFO comm 0x55d39862eaa0 rank 0 nranks 4 cudaDev 0 busId 3000 - Destroy COMPLETE
cloud-0n58xq:1963578:1963578 [0] NCCL INFO ENV/Plugin: Closing env plugin ncclEnvDefault

# nccl-cloud-0n58xq-1963579.log
cloud-0n58xq:1963579:1963579 [0] NCCL INFO NCCL version 2.28.9+cuda12.9
cloud-0n58xq:1963579:1963579 [0] NCCL INFO ncclCommInitRankConfig comm 0x561288c38db0 rank 1 nranks 4 cudaDev 0 nvmlDev 1 busId 8000 commId 0x955caaff73bdd11d - Init COMPLETE
cloud-0n58xq:1963579:1963579 [0] NCCL INFO Channel 00/0 : 1[1] -> 2[4] via P2P/IPC
cloud-0n58xq:1963579:1963579 [0] NCCL INFO Channel 01/0 : 1[1] -> 2[4] via P2P/IPC
cloud-0n58xq:1963579:1963579 [0] NCCL INFO Channel 02/0 : 1[1] -> 2[4] via P2P/IPC
cloud-0n58xq:1963579:1963579 [0] NCCL INFO Channel 03/0 : 1[1] -> 2[4] via P2P/IPC
cloud-0n58xq:1963579:1963579 [0] NCCL INFO Imported shareable buffer device 0 size 10485760 ptr 0x7f219a000000
cloud-0n58xq:1963579:1963579 [0] NCCL INFO Imported shareable buffer device 0 size 2097152 ptr 0x7f219aa00000
cloud-0n58xq:1963579:1963579 [0] NCCL INFO Imported shareable buffer device 0 size 10485760 ptr 0x7f219ac00000
cloud-0n58xq:1963579:1963579 [0] NCCL INFO Imported shareable buffer device 0 size 2097152 ptr 0x7f219b600000
cloud-0n58xq:1963579:1963579 [0] NCCL INFO Imported shareable buffer device 0 size 10485760 ptr 0x7f2198000000
cloud-0n58xq:1963579:1963579 [0] NCCL INFO Imported shareable buffer device 0 size 2097152 ptr 0x7f2198a00000
cloud-0n58xq:1963579:1963579 [0] NCCL INFO Imported shareable buffer device 0 size 10485760 ptr 0x7f2198c00000
cloud-0n58xq:1963579:1963579 [0] NCCL INFO Imported shareable buffer device 0 size 2097152 ptr 0x7f2199600000
cloud-0n58xq:1963579:1963579 [0] NCCL INFO Imported shareable buffer device 0 size 10485760 ptr 0x7f2196000000
cloud-0n58xq:1963579:1963579 [0] NCCL INFO Imported shareable buffer device 0 size 2097152 ptr 0x7f2196a00000
cloud-0n58xq:1963579:1963579 [0] NCCL INFO Imported shareable buffer device 0 size 10485760 ptr 0x7f2196c00000
cloud-0n58xq:1963579:1963579 [0] NCCL INFO Imported shareable buffer device 0 size 2097152 ptr 0x7f2197600000
cloud-0n58xq:1963579:1963579 [0] NCCL INFO Imported shareable buffer device 0 size 10485760 ptr 0x7f2194000000
cloud-0n58xq:1963579:1963579 [0] NCCL INFO Imported shareable buffer device 0 size 2097152 ptr 0x7f2194a00000
cloud-0n58xq:1963579:1963579 [0] NCCL INFO Imported shareable buffer device 0 size 10485760 ptr 0x7f2194c00000
cloud-0n58xq:1963579:1963579 [0] NCCL INFO Imported shareable buffer device 0 size 2097152 ptr 0x7f2195600000
cloud-0n58xq:1963579:1963579 [0] NCCL INFO Imported shareable buffer device 0 size 10485760 ptr 0x7f2192000000
cloud-0n58xq:1963579:1963579 [0] NCCL INFO Imported shareable buffer device 0 size 2097152 ptr 0x7f2192a00000
cloud-0n58xq:1963579:1963579 [0] NCCL INFO Imported shareable buffer device 0 size 10485760 ptr 0x7f2192c00000
cloud-0n58xq:1963579:1963579 [0] NCCL INFO Imported shareable buffer device 0 size 2097152 ptr 0x7f2193600000
cloud-0n58xq:1963579:1963579 [0] NCCL INFO Imported shareable buffer device 0 size 10485760 ptr 0x7f2190000000
cloud-0n58xq:1963579:1963579 [0] NCCL INFO Imported shareable buffer device 0 size 2097152 ptr 0x7f2190a00000
cloud-0n58xq:1963579:1963579 [0] NCCL INFO Imported shareable buffer device 0 size 10485760 ptr 0x7f2190c00000
cloud-0n58xq:1963579:1963579 [0] NCCL INFO Imported shareable buffer device 0 size 2097152 ptr 0x7f2191600000
cloud-0n58xq:1963579:1963579 [0] NCCL INFO Imported shareable buffer device 0 size 10485760 ptr 0x7f218e000000
cloud-0n58xq:1963579:1963579 [0] NCCL INFO Imported shareable buffer device 0 size 2097152 ptr 0x7f218ea00000
cloud-0n58xq:1963579:1963579 [0] NCCL INFO Imported shareable buffer device 0 size 10485760 ptr 0x7f218ec00000
cloud-0n58xq:1963579:1963579 [0] NCCL INFO Imported shareable buffer device 0 size 2097152 ptr 0x7f218f600000
cloud-0n58xq:1963579:1963579 [0] NCCL INFO Imported shareable buffer device 0 size 10485760 ptr 0x7f218c000000
cloud-0n58xq:1963579:1963579 [0] NCCL INFO Imported shareable buffer device 0 size 2097152 ptr 0x7f218ca00000
cloud-0n58xq:1963579:1963579 [0] NCCL INFO Imported shareable buffer device 0 size 10485760 ptr 0x7f218cc00000
cloud-0n58xq:1963579:1963579 [0] NCCL INFO Imported shareable buffer device 0 size 2097152 ptr 0x7f218d600000
cloud-0n58xq:1963579:1963579 [0] NCCL INFO Imported shareable buffer device 0 size 10485760 ptr 0x7f218a000000
cloud-0n58xq:1963579:1963579 [0] NCCL INFO Imported shareable buffer device 0 size 2097152 ptr 0x7f218aa00000
cloud-0n58xq:1963579:1963579 [0] NCCL INFO Imported shareable buffer device 0 size 10485760 ptr 0x7f218ac00000
cloud-0n58xq:1963579:1963579 [0] NCCL INFO Imported shareable buffer device 0 size 2097152 ptr 0x7f218b600000
cloud-0n58xq:1963579:1963579 [0] NCCL INFO Imported shareable buffer device 0 size 10485760 ptr 0x7f2188000000
cloud-0n58xq:1963579:1963579 [0] NCCL INFO Imported shareable buffer device 0 size 2097152 ptr 0x7f2188a00000
cloud-0n58xq:1963579:1963579 [0] NCCL INFO Imported shareable buffer device 0 size 10485760 ptr 0x7f2188c00000
cloud-0n58xq:1963579:1963579 [0] NCCL INFO Imported shareable buffer device 0 size 2097152 ptr 0x7f2189600000
cloud-0n58xq:1963579:1963579 [0] NCCL INFO Imported shareable buffer device 0 size 10485760 ptr 0x7f2186000000
cloud-0n58xq:1963579:1963579 [0] NCCL INFO Imported shareable buffer device 0 size 2097152 ptr 0x7f2186a00000
cloud-0n58xq:1963579:1963579 [0] NCCL INFO Imported shareable buffer device 0 size 10485760 ptr 0x7f2186c00000
cloud-0n58xq:1963579:1963579 [0] NCCL INFO Imported shareable buffer device 0 size 2097152 ptr 0x7f2187600000
cloud-0n58xq:1963579:1963579 [0] NCCL INFO Imported shareable buffer device 0 size 10485760 ptr 0x7f2184000000
cloud-0n58xq:1963579:1963579 [0] NCCL INFO Imported shareable buffer device 0 size 2097152 ptr 0x7f2184a00000
cloud-0n58xq:1963579:1963579 [0] NCCL INFO Imported shareable buffer device 0 size 10485760 ptr 0x7f2184c00000
cloud-0n58xq:1963579:1963579 [0] NCCL INFO Imported shareable buffer device 0 size 2097152 ptr 0x7f2185600000
cloud-0n58xq:1963579:1963579 [0] NCCL INFO comm 0x561288c38db0 rank 1 nranks 4 cudaDev 0 busId 8000 - Destroy COMPLETE
cloud-0n58xq:1963579:1963579 [0] NCCL INFO ENV/Plugin: Closing env plugin ncclEnvDefault

# nccl-cloud-0n58xq-1963580.log
cloud-0n58xq:1963580:1963580 [0] NCCL INFO NCCL version 2.28.9+cuda12.9
cloud-0n58xq:1963580:1963580 [0] NCCL INFO ncclCommInitRankConfig comm 0x5642ef2b45e0 rank 2 nranks 4 cudaDev 0 nvmlDev 4 busId 17000 commId 0x955caaff73bdd11d - Init COMPLETE
cloud-0n58xq:1963580:1963580 [0] NCCL INFO Channel 00/0 : 2[4] -> 3[5] via P2P/IPC
cloud-0n58xq:1963580:1963580 [0] NCCL INFO Channel 01/0 : 2[4] -> 3[5] via P2P/IPC
cloud-0n58xq:1963580:1963580 [0] NCCL INFO Channel 02/0 : 2[4] -> 3[5] via P2P/IPC
cloud-0n58xq:1963580:1963580 [0] NCCL INFO Channel 03/0 : 2[4] -> 3[5] via P2P/IPC
cloud-0n58xq:1963580:1963580 [0] NCCL INFO Imported shareable buffer device 0 size 10485760 ptr 0x7fade8000000
cloud-0n58xq:1963580:1963580 [0] NCCL INFO Imported shareable buffer device 0 size 2097152 ptr 0x7fade8a00000
cloud-0n58xq:1963580:1963580 [0] NCCL INFO Imported shareable buffer device 0 size 10485760 ptr 0x7fade8c00000
cloud-0n58xq:1963580:1963580 [0] NCCL INFO Imported shareable buffer device 0 size 2097152 ptr 0x7fade9600000
cloud-0n58xq:1963580:1963580 [0] NCCL INFO Imported shareable buffer device 0 size 10485760 ptr 0x7fade6000000
cloud-0n58xq:1963580:1963580 [0] NCCL INFO Imported shareable buffer device 0 size 2097152 ptr 0x7fade6a00000
cloud-0n58xq:1963580:1963580 [0] NCCL INFO Imported shareable buffer device 0 size 10485760 ptr 0x7fade6c00000
cloud-0n58xq:1963580:1963580 [0] NCCL INFO Imported shareable buffer device 0 size 2097152 ptr 0x7fade7600000
cloud-0n58xq:1963580:1963580 [0] NCCL INFO Imported shareable buffer device 0 size 10485760 ptr 0x7fade4000000
cloud-0n58xq:1963580:1963580 [0] NCCL INFO Imported shareable buffer device 0 size 2097152 ptr 0x7fade4a00000
cloud-0n58xq:1963580:1963580 [0] NCCL INFO Imported shareable buffer device 0 size 10485760 ptr 0x7fade4c00000
cloud-0n58xq:1963580:1963580 [0] NCCL INFO Imported shareable buffer device 0 size 2097152 ptr 0x7fade5600000
cloud-0n58xq:1963580:1963580 [0] NCCL INFO Imported shareable buffer device 0 size 10485760 ptr 0x7fade2000000
cloud-0n58xq:1963580:1963580 [0] NCCL INFO Imported shareable buffer device 0 size 2097152 ptr 0x7fade2a00000
cloud-0n58xq:1963580:1963580 [0] NCCL INFO Imported shareable buffer device 0 size 10485760 ptr 0x7fade2c00000
cloud-0n58xq:1963580:1963580 [0] NCCL INFO Imported shareable buffer device 0 size 2097152 ptr 0x7fade3600000
cloud-0n58xq:1963580:1963580 [0] NCCL INFO Imported shareable buffer device 0 size 10485760 ptr 0x7fade0000000
cloud-0n58xq:1963580:1963580 [0] NCCL INFO Imported shareable buffer device 0 size 2097152 ptr 0x7fade0a00000
cloud-0n58xq:1963580:1963580 [0] NCCL INFO Imported shareable buffer device 0 size 10485760 ptr 0x7fade0c00000
cloud-0n58xq:1963580:1963580 [0] NCCL INFO Imported shareable buffer device 0 size 2097152 ptr 0x7fade1600000
cloud-0n58xq:1963580:1963580 [0] NCCL INFO Imported shareable buffer device 0 size 10485760 ptr 0x7fadde000000
cloud-0n58xq:1963580:1963580 [0] NCCL INFO Imported shareable buffer device 0 size 2097152 ptr 0x7faddea00000
cloud-0n58xq:1963580:1963580 [0] NCCL INFO Imported shareable buffer device 0 size 10485760 ptr 0x7faddec00000
cloud-0n58xq:1963580:1963580 [0] NCCL INFO Imported shareable buffer device 0 size 2097152 ptr 0x7faddf600000
cloud-0n58xq:1963580:1963580 [0] NCCL INFO Imported shareable buffer device 0 size 10485760 ptr 0x7faddc000000
cloud-0n58xq:1963580:1963580 [0] NCCL INFO Imported shareable buffer device 0 size 2097152 ptr 0x7faddca00000
cloud-0n58xq:1963580:1963580 [0] NCCL INFO Imported shareable buffer device 0 size 10485760 ptr 0x7faddcc00000
cloud-0n58xq:1963580:1963580 [0] NCCL INFO Imported shareable buffer device 0 size 2097152 ptr 0x7faddd600000
cloud-0n58xq:1963580:1963580 [0] NCCL INFO Imported shareable buffer device 0 size 10485760 ptr 0x7fadda000000
cloud-0n58xq:1963580:1963580 [0] NCCL INFO Imported shareable buffer device 0 size 2097152 ptr 0x7faddaa00000
cloud-0n58xq:1963580:1963580 [0] NCCL INFO Imported shareable buffer device 0 size 10485760 ptr 0x7faddac00000
cloud-0n58xq:1963580:1963580 [0] NCCL INFO Imported shareable buffer device 0 size 2097152 ptr 0x7faddb600000
cloud-0n58xq:1963580:1963580 [0] NCCL INFO Imported shareable buffer device 0 size 10485760 ptr 0x7fadd8000000
cloud-0n58xq:1963580:1963580 [0] NCCL INFO Imported shareable buffer device 0 size 2097152 ptr 0x7fadd8a00000
cloud-0n58xq:1963580:1963580 [0] NCCL INFO Imported shareable buffer device 0 size 10485760 ptr 0x7fadd8c00000
cloud-0n58xq:1963580:1963580 [0] NCCL INFO Imported shareable buffer device 0 size 2097152 ptr 0x7fadd9600000
cloud-0n58xq:1963580:1963580 [0] NCCL INFO Imported shareable buffer device 0 size 10485760 ptr 0x7fadd6000000
cloud-0n58xq:1963580:1963580 [0] NCCL INFO Imported shareable buffer device 0 size 2097152 ptr 0x7fadd6a00000
cloud-0n58xq:1963580:1963580 [0] NCCL INFO Imported shareable buffer device 0 size 10485760 ptr 0x7fadd6c00000
cloud-0n58xq:1963580:1963580 [0] NCCL INFO Imported shareable buffer device 0 size 2097152 ptr 0x7fadd7600000
cloud-0n58xq:1963580:1963580 [0] NCCL INFO Imported shareable buffer device 0 size 10485760 ptr 0x7fadd4000000
cloud-0n58xq:1963580:1963580 [0] NCCL INFO Imported shareable buffer device 0 size 2097152 ptr 0x7fadd4a00000
cloud-0n58xq:1963580:1963580 [0] NCCL INFO Imported shareable buffer device 0 size 10485760 ptr 0x7fadd4c00000
cloud-0n58xq:1963580:1963580 [0] NCCL INFO Imported shareable buffer device 0 size 2097152 ptr 0x7fadd5600000
cloud-0n58xq:1963580:1963580 [0] NCCL INFO Imported shareable buffer device 0 size 10485760 ptr 0x7fadd2000000
cloud-0n58xq:1963580:1963580 [0] NCCL INFO Imported shareable buffer device 0 size 2097152 ptr 0x7fadd2a00000
cloud-0n58xq:1963580:1963580 [0] NCCL INFO Imported shareable buffer device 0 size 10485760 ptr 0x7fadd2c00000
cloud-0n58xq:1963580:1963580 [0] NCCL INFO Imported shareable buffer device 0 size 2097152 ptr 0x7fadd3600000
cloud-0n58xq:1963580:1963580 [0] NCCL INFO comm 0x5642ef2b45e0 rank 2 nranks 4 cudaDev 0 busId 17000 - Destroy COMPLETE
cloud-0n58xq:1963580:1963580 [0] NCCL INFO ENV/Plugin: Closing env plugin ncclEnvDefault

# nccl-cloud-0n58xq-1963581.log
cloud-0n58xq:1963581:1963581 [0] NCCL INFO NCCL version 2.28.9+cuda12.9
cloud-0n58xq:1963581:1963581 [0] NCCL INFO ncclCommInitRankConfig comm 0x557dd6dec0e0 rank 3 nranks 4 cudaDev 0 nvmlDev 5 busId 1c000 commId 0x955caaff73bdd11d - Init COMPLETE
cloud-0n58xq:1963581:1963581 [0] NCCL INFO Channel 00/0 : 3[5] -> 0[0] via P2P/IPC
cloud-0n58xq:1963581:1963581 [0] NCCL INFO Channel 01/0 : 3[5] -> 0[0] via P2P/IPC
cloud-0n58xq:1963581:1963581 [0] NCCL INFO Channel 02/0 : 3[5] -> 0[0] via P2P/IPC
cloud-0n58xq:1963581:1963581 [0] NCCL INFO Channel 03/0 : 3[5] -> 0[0] via P2P/IPC
cloud-0n58xq:1963581:1963581 [0] NCCL INFO Imported shareable buffer device 0 size 10485760 ptr 0x7ff5b6000000
cloud-0n58xq:1963581:1963581 [0] NCCL INFO Imported shareable buffer device 0 size 2097152 ptr 0x7ff5b6a00000
cloud-0n58xq:1963581:1963581 [0] NCCL INFO Imported shareable buffer device 0 size 10485760 ptr 0x7ff5b6c00000
cloud-0n58xq:1963581:1963581 [0] NCCL INFO Imported shareable buffer device 0 size 2097152 ptr 0x7ff5b7600000
cloud-0n58xq:1963581:1963581 [0] NCCL INFO Imported shareable buffer device 0 size 10485760 ptr 0x7ff5b4000000
cloud-0n58xq:1963581:1963581 [0] NCCL INFO Imported shareable buffer device 0 size 2097152 ptr 0x7ff5b4a00000
cloud-0n58xq:1963581:1963581 [0] NCCL INFO Imported shareable buffer device 0 size 10485760 ptr 0x7ff5b4c00000
cloud-0n58xq:1963581:1963581 [0] NCCL INFO Imported shareable buffer device 0 size 2097152 ptr 0x7ff5b5600000
cloud-0n58xq:1963581:1963581 [0] NCCL INFO Imported shareable buffer device 0 size 10485760 ptr 0x7ff5b2000000
cloud-0n58xq:1963581:1963581 [0] NCCL INFO Imported shareable buffer device 0 size 2097152 ptr 0x7ff5b2a00000
cloud-0n58xq:1963581:1963581 [0] NCCL INFO Imported shareable buffer device 0 size 10485760 ptr 0x7ff5b2c00000
cloud-0n58xq:1963581:1963581 [0] NCCL INFO Imported shareable buffer device 0 size 2097152 ptr 0x7ff5b3600000
cloud-0n58xq:1963581:1963581 [0] NCCL INFO Imported shareable buffer device 0 size 10485760 ptr 0x7ff5b0000000
cloud-0n58xq:1963581:1963581 [0] NCCL INFO Imported shareable buffer device 0 size 2097152 ptr 0x7ff5b0a00000
cloud-0n58xq:1963581:1963581 [0] NCCL INFO Imported shareable buffer device 0 size 10485760 ptr 0x7ff5b0c00000
cloud-0n58xq:1963581:1963581 [0] NCCL INFO Imported shareable buffer device 0 size 2097152 ptr 0x7ff5b1600000
cloud-0n58xq:1963581:1963581 [0] NCCL INFO Imported shareable buffer device 0 size 10485760 ptr 0x7ff5ae000000
cloud-0n58xq:1963581:1963581 [0] NCCL INFO Imported shareable buffer device 0 size 2097152 ptr 0x7ff5aea00000
cloud-0n58xq:1963581:1963581 [0] NCCL INFO Imported shareable buffer device 0 size 10485760 ptr 0x7ff5aec00000
cloud-0n58xq:1963581:1963581 [0] NCCL INFO Imported shareable buffer device 0 size 2097152 ptr 0x7ff5af600000
cloud-0n58xq:1963581:1963581 [0] NCCL INFO Imported shareable buffer device 0 size 10485760 ptr 0x7ff5ac000000
cloud-0n58xq:1963581:1963581 [0] NCCL INFO Imported shareable buffer device 0 size 2097152 ptr 0x7ff5aca00000
cloud-0n58xq:1963581:1963581 [0] NCCL INFO Imported shareable buffer device 0 size 10485760 ptr 0x7ff5acc00000
cloud-0n58xq:1963581:1963581 [0] NCCL INFO Imported shareable buffer device 0 size 2097152 ptr 0x7ff5ad600000
cloud-0n58xq:1963581:1963581 [0] NCCL INFO Imported shareable buffer device 0 size 10485760 ptr 0x7ff5aa000000
cloud-0n58xq:1963581:1963581 [0] NCCL INFO Imported shareable buffer device 0 size 2097152 ptr 0x7ff5aaa00000
cloud-0n58xq:1963581:1963581 [0] NCCL INFO Imported shareable buffer device 0 size 10485760 ptr 0x7ff5aac00000
cloud-0n58xq:1963581:1963581 [0] NCCL INFO Imported shareable buffer device 0 size 2097152 ptr 0x7ff5ab600000
cloud-0n58xq:1963581:1963581 [0] NCCL INFO Imported shareable buffer device 0 size 10485760 ptr 0x7ff5a8000000
cloud-0n58xq:1963581:1963581 [0] NCCL INFO Imported shareable buffer device 0 size 2097152 ptr 0x7ff5a8a00000
cloud-0n58xq:1963581:1963581 [0] NCCL INFO Imported shareable buffer device 0 size 10485760 ptr 0x7ff5a8c00000
cloud-0n58xq:1963581:1963581 [0] NCCL INFO Imported shareable buffer device 0 size 2097152 ptr 0x7ff5a9600000
cloud-0n58xq:1963581:1963581 [0] NCCL INFO Imported shareable buffer device 0 size 10485760 ptr 0x7ff5a6000000
cloud-0n58xq:1963581:1963581 [0] NCCL INFO Imported shareable buffer device 0 size 2097152 ptr 0x7ff5a6a00000
cloud-0n58xq:1963581:1963581 [0] NCCL INFO Imported shareable buffer device 0 size 10485760 ptr 0x7ff5a6c00000
cloud-0n58xq:1963581:1963581 [0] NCCL INFO Imported shareable buffer device 0 size 2097152 ptr 0x7ff5a7600000
cloud-0n58xq:1963581:1963581 [0] NCCL INFO Imported shareable buffer device 0 size 10485760 ptr 0x7ff5a4000000
cloud-0n58xq:1963581:1963581 [0] NCCL INFO Imported shareable buffer device 0 size 2097152 ptr 0x7ff5a4a00000
cloud-0n58xq:1963581:1963581 [0] NCCL INFO Imported shareable buffer device 0 size 10485760 ptr 0x7ff5a4c00000
cloud-0n58xq:1963581:1963581 [0] NCCL INFO Imported shareable buffer device 0 size 2097152 ptr 0x7ff5a5600000
cloud-0n58xq:1963581:1963581 [0] NCCL INFO Imported shareable buffer device 0 size 10485760 ptr 0x7ff5a2000000
cloud-0n58xq:1963581:1963581 [0] NCCL INFO Imported shareable buffer device 0 size 2097152 ptr 0x7ff5a2a00000
cloud-0n58xq:1963581:1963581 [0] NCCL INFO Imported shareable buffer device 0 size 10485760 ptr 0x7ff5a2c00000
cloud-0n58xq:1963581:1963581 [0] NCCL INFO Imported shareable buffer device 0 size 2097152 ptr 0x7ff5a3600000
cloud-0n58xq:1963581:1963581 [0] NCCL INFO Imported shareable buffer device 0 size 10485760 ptr 0x7ff5a0000000
cloud-0n58xq:1963581:1963581 [0] NCCL INFO Imported shareable buffer device 0 size 2097152 ptr 0x7ff5a0a00000
cloud-0n58xq:1963581:1963581 [0] NCCL INFO Imported shareable buffer device 0 size 10485760 ptr 0x7ff5a0c00000
cloud-0n58xq:1963581:1963581 [0] NCCL INFO Imported shareable buffer device 0 size 2097152 ptr 0x7ff5a1600000
cloud-0n58xq:1963581:1963581 [0] NCCL INFO comm 0x557dd6dec0e0 rank 3 nranks 4 cudaDev 0 busId 1c000 - Destroy COMPLETE
cloud-0n58xq:1963581:1963581 [0] NCCL INFO ENV/Plugin: Closing env plugin ncclEnvDefault
