# nccl-cloud-0n58xq-1960332.log
cloud-0n58xq:1960332:1960332 [0] NCCL INFO NCCL version 2.28.9+cuda12.9
cloud-0n58xq:1960332:1960332 [0] NCCL INFO ncclCommInitRankConfig comm 0x55c6e8cdffa0 rank 0 nranks 4 cudaDev 0 nvmlDev 0 busId 3000 commId 0x37cce97990d89aa2 - Init COMPLETE
cloud-0n58xq:1960332:1960332 [0] NCCL INFO Channel 00/0 : 0[0] -> 1[1] via P2P/CUMEM
cloud-0n58xq:1960332:1960332 [0] NCCL INFO Channel 01/0 : 0[0] -> 1[1] via P2P/CUMEM
cloud-0n58xq:1960332:1960332 [0] NCCL INFO Channel 02/0 : 0[0] -> 1[1] via P2P/CUMEM
cloud-0n58xq:1960332:1960332 [0] NCCL INFO Channel 03/0 : 0[0] -> 1[1] via P2P/CUMEM
cloud-0n58xq:1960332:1960332 [0] NCCL INFO Imported shareable buffer device 0 size 10485760 ptr 0x2aec000000
cloud-0n58xq:1960332:1960332 [0] NCCL INFO UDS converted handle 0x7f54c4083f60 to fd 110 on remote peer 3
cloud-0n58xq:1960332:1960332 [0] NCCL INFO Imported shareable buffer device 0 size 2097152 ptr 0x2aeca00000
cloud-0n58xq:1960332:1960332 [0] NCCL INFO UDS converted handle 0x7f8230057ce0 to fd 110 on remote peer 1
cloud-0n58xq:1960332:1960332 [0] NCCL INFO Imported shareable buffer device 0 size 10485760 ptr 0x2aecc00000
cloud-0n58xq:1960332:1960332 [0] NCCL INFO UDS converted handle 0x7f54c4085620 to fd 110 on remote peer 3
cloud-0n58xq:1960332:1960332 [0] NCCL INFO Imported shareable buffer device 0 size 2097152 ptr 0x2aed600000
cloud-0n58xq:1960332:1960332 [0] NCCL INFO UDS converted handle 0x7f82300593a0 to fd 110 on remote peer 1
cloud-0n58xq:1960332:1960332 [0] NCCL INFO Imported shareable buffer device 0 size 10485760 ptr 0x2aee000000
cloud-0n58xq:1960332:1960332 [0] NCCL INFO UDS converted handle 0x7f54c4086ce0 to fd 110 on remote peer 3
cloud-0n58xq:1960332:1960332 [0] NCCL INFO Imported shareable buffer device 0 size 2097152 ptr 0x2aeea00000
cloud-0n58xq:1960332:1960332 [0] NCCL INFO UDS converted handle 0x7f823005aa60 to fd 110 on remote peer 1
cloud-0n58xq:1960332:1960332 [0] NCCL INFO Imported shareable buffer device 0 size 10485760 ptr 0x2aeec00000
cloud-0n58xq:1960332:1960332 [0] NCCL INFO UDS converted handle 0x7f54c40883a0 to fd 110 on remote peer 3
cloud-0n58xq:1960332:1960332 [0] NCCL INFO Imported shareable buffer device 0 size 2097152 ptr 0x2aef600000
cloud-0n58xq:1960332:1960332 [0] NCCL INFO UDS converted handle 0x7f823005c120 to fd 110 on remote peer 1
cloud-0n58xq:1960332:1960332 [0] NCCL INFO Imported shareable buffer device 0 size 10485760 ptr 0x2af0000000
cloud-0n58xq:1960332:1960332 [0] NCCL INFO UDS converted handle 0x7f54c4089740 to fd 110 on remote peer 3
cloud-0n58xq:1960332:1960332 [0] NCCL INFO Imported shareable buffer device 0 size 2097152 ptr 0x2af0a00000
cloud-0n58xq:1960332:1960332 [0] NCCL INFO UDS converted handle 0x7f823005d7e0 to fd 110 on remote peer 1
cloud-0n58xq:1960332:1960332 [0] NCCL INFO Imported shareable buffer device 0 size 10485760 ptr 0x2af0c00000
cloud-0n58xq:1960332:1960332 [0] NCCL INFO UDS converted handle 0x7f54c408ae00 to fd 110 on remote peer 3
cloud-0n58xq:1960332:1960332 [0] NCCL INFO Imported shareable buffer device 0 size 2097152 ptr 0x2af1600000
cloud-0n58xq:1960332:1960332 [0] NCCL INFO UDS converted handle 0x7f823005eea0 to fd 110 on remote peer 1
cloud-0n58xq:1960332:1960332 [0] NCCL INFO Imported shareable buffer device 0 size 10485760 ptr 0x2af2000000
cloud-0n58xq:1960332:1960332 [0] NCCL INFO UDS converted handle 0x7f54c408c4c0 to fd 110 on remote peer 3
cloud-0n58xq:1960332:1960332 [0] NCCL INFO Imported shareable buffer device 0 size 2097152 ptr 0x2af2a00000
cloud-0n58xq:1960332:1960332 [0] NCCL INFO UDS converted handle 0x7f8230060560 to fd 110 on remote peer 1
cloud-0n58xq:1960332:1960332 [0] NCCL INFO Imported shareable buffer device 0 size 10485760 ptr 0x2af2c00000
cloud-0n58xq:1960332:1960332 [0] NCCL INFO UDS converted handle 0x7f54c408db80 to fd 110 on remote peer 3
cloud-0n58xq:1960332:1960332 [0] NCCL INFO Imported shareable buffer device 0 size 2097152 ptr 0x2af3600000
cloud-0n58xq:1960332:1960332 [0] NCCL INFO UDS converted handle 0x7f8230061c20 to fd 110 on remote peer 1
cloud-0n58xq:1960332:1960332 [0] NCCL INFO Imported shareable buffer device 0 size 10485760 ptr 0x2af4000000
cloud-0n58xq:1960332:1960332 [0] NCCL INFO UDS converted handle 0x7f54c408f1a0 to fd 110 on remote peer 3
cloud-0n58xq:1960332:1960332 [0] NCCL INFO Imported shareable buffer device 0 size 2097152 ptr 0x2af4a00000
cloud-0n58xq:1960332:1960332 [0] NCCL INFO UDS converted handle 0x7f82300632e0 to fd 110 on remote peer 1
cloud-0n58xq:1960332:1960332 [0] NCCL INFO Imported shareable buffer device 0 size 10485760 ptr 0x2af4c00000
cloud-0n58xq:1960332:1960332 [0] NCCL INFO UDS converted handle 0x7f54c4090860 to fd 110 on remote peer 3
cloud-0n58xq:1960332:1960332 [0] NCCL INFO Imported shareable buffer device 0 size 2097152 ptr 0x2af5600000
cloud-0n58xq:1960332:1960332 [0] NCCL INFO UDS converted handle 0x7f82300649a0 to fd 110 on remote peer 1
cloud-0n58xq:1960332:1960332 [0] NCCL INFO Imported shareable buffer device 0 size 10485760 ptr 0x2af6000000
cloud-0n58xq:1960332:1960332 [0] NCCL INFO UDS converted handle 0x7f54c4091f20 to fd 110 on remote peer 3
cloud-0n58xq:1960332:1960332 [0] NCCL INFO Imported shareable buffer device 0 size 2097152 ptr 0x2af6a00000
cloud-0n58xq:1960332:1960332 [0] NCCL INFO UDS converted handle 0x7f8230066060 to fd 110 on remote peer 1
cloud-0n58xq:1960332:1960332 [0] NCCL INFO Imported shareable buffer device 0 size 10485760 ptr 0x2af6c00000
cloud-0n58xq:1960332:1960332 [0] NCCL INFO UDS converted handle 0x7f54c40935e0 to fd 110 on remote peer 3
cloud-0n58xq:1960332:1960332 [0] NCCL INFO Imported shareable buffer device 0 size 2097152 ptr 0x2af7600000
cloud-0n58xq:1960332:1960332 [0] NCCL INFO UDS converted handle 0x7f8230067720 to fd 110 on remote peer 1
cloud-0n58xq:1960332:1960332 [0] NCCL INFO Imported shareable buffer device 0 size 10485760 ptr 0x2af8000000
cloud-0n58xq:1960332:1960332 [0] NCCL INFO UDS converted handle 0x7f54c4094980 to fd 110 on remote peer 3

# nccl-cloud-0n58xq-1960333.log
cloud-0n58xq:1960333:1960333 [0] NCCL INFO NCCL version 2.28.9+cuda12.9
cloud-0n58xq:1960333:1960333 [0] NCCL INFO ncclCommInitRankConfig comm 0x55ea706c1870 rank 1 nranks 4 cudaDev 0 nvmlDev 1 busId 8000 commId 0x37cce97990d89aa2 - Init COMPLETE
cloud-0n58xq:1960333:1960333 [0] NCCL INFO Channel 00/0 : 1[1] -> 2[4] via P2P/CUMEM
cloud-0n58xq:1960333:1960333 [0] NCCL INFO Channel 01/0 : 1[1] -> 2[4] via P2P/CUMEM
cloud-0n58xq:1960333:1960333 [0] NCCL INFO Channel 02/0 : 1[1] -> 2[4] via P2P/CUMEM
cloud-0n58xq:1960333:1960333 [0] NCCL INFO Channel 03/0 : 1[1] -> 2[4] via P2P/CUMEM
cloud-0n58xq:1960333:1960333 [0] NCCL INFO Imported shareable buffer device 0 size 2097152 ptr 0x2af3600000
cloud-0n58xq:1960333:1960333 [0] NCCL INFO UDS converted handle 0x7efb1c061c20 to fd 108 on remote peer 2
cloud-0n58xq:1960333:1960333 [0] NCCL INFO Imported shareable buffer device 0 size 10485760 ptr 0x2af4000000
cloud-0n58xq:1960333:1960333 [0] NCCL INFO UDS converted handle 0x7f10a408f1a0 to fd 108 on remote peer 0
cloud-0n58xq:1960333:1960333 [0] NCCL INFO Imported shareable buffer device 0 size 2097152 ptr 0x2af4a00000
cloud-0n58xq:1960333:1960333 [0] NCCL INFO UDS converted handle 0x7efb1c0632e0 to fd 108 on remote peer 2
cloud-0n58xq:1960333:1960333 [0] NCCL INFO Imported shareable buffer device 0 size 10485760 ptr 0x2af4c00000
cloud-0n58xq:1960333:1960333 [0] NCCL INFO UDS converted handle 0x7f10a4090860 to fd 108 on remote peer 0
cloud-0n58xq:1960333:1960333 [0] NCCL INFO Imported shareable buffer device 0 size 2097152 ptr 0x2af5600000
cloud-0n58xq:1960333:1960333 [0] NCCL INFO UDS converted handle 0x7efb1c0649a0 to fd 108 on remote peer 2
cloud-0n58xq:1960333:1960333 [0] NCCL INFO Imported shareable buffer device 0 size 10485760 ptr 0x2af6000000
cloud-0n58xq:1960333:1960333 [0] NCCL INFO UDS converted handle 0x7f10a4091f20 to fd 108 on remote peer 0
cloud-0n58xq:1960333:1960333 [0] NCCL INFO Imported shareable buffer device 0 size 2097152 ptr 0x2af6a00000
cloud-0n58xq:1960333:1960333 [0] NCCL INFO UDS converted handle 0x7efb1c066060 to fd 108 on remote peer 2
cloud-0n58xq:1960333:1960333 [0] NCCL INFO Imported shareable buffer device 0 size 10485760 ptr 0x2af6c00000
cloud-0n58xq:1960333:1960333 [0] NCCL INFO UDS converted handle 0x7f10a40935e0 to fd 108 on remote peer 0
cloud-0n58xq:1960333:1960333 [0] NCCL INFO Imported shareable buffer device 0 size 2097152 ptr 0x2af7600000
cloud-0n58xq:1960333:1960333 [0] NCCL INFO UDS converted handle 0x7efb1c067720 to fd 108 on remote peer 2
cloud-0n58xq:1960333:1960333 [0] NCCL INFO Imported shareable buffer device 0 size 10485760 ptr 0x2af8000000
cloud-0n58xq:1960333:1960333 [0] NCCL INFO UDS converted handle 0x7f10a4094980 to fd 108 on remote peer 0
cloud-0n58xq:1960333:1960333 [0] NCCL INFO Imported shareable buffer device 0 size 2097152 ptr 0x2af8a00000
cloud-0n58xq:1960333:1960333 [0] NCCL INFO UDS converted handle 0x7efb1c068de0 to fd 108 on remote peer 2
cloud-0n58xq:1960333:1960333 [0] NCCL INFO Imported shareable buffer device 0 size 10485760 ptr 0x2af8c00000
cloud-0n58xq:1960333:1960333 [0] NCCL INFO UDS converted handle 0x7f10a4096040 to fd 108 on remote peer 0
cloud-0n58xq:1960333:1960333 [0] NCCL INFO Imported shareable buffer device 0 size 2097152 ptr 0x2af9600000
cloud-0n58xq:1960333:1960333 [0] NCCL INFO UDS converted handle 0x7efb1c06a4a0 to fd 108 on remote peer 2
cloud-0n58xq:1960333:1960333 [0] NCCL INFO Imported shareable buffer device 0 size 10485760 ptr 0x2afa000000
cloud-0n58xq:1960333:1960333 [0] NCCL INFO UDS converted handle 0x7f10a4097700 to fd 108 on remote peer 0
cloud-0n58xq:1960333:1960333 [0] NCCL INFO Imported shareable buffer device 0 size 2097152 ptr 0x2afaa00000
cloud-0n58xq:1960333:1960333 [0] NCCL INFO UDS converted handle 0x7efb1c06bb60 to fd 108 on remote peer 2
cloud-0n58xq:1960333:1960333 [0] NCCL INFO Imported shareable buffer device 0 size 10485760 ptr 0x2afac00000
cloud-0n58xq:1960333:1960333 [0] NCCL INFO UDS converted handle 0x7f10a4098dc0 to fd 108 on remote peer 0
cloud-0n58xq:1960333:1960333 [0] NCCL INFO Imported shareable buffer device 0 size 2097152 ptr 0x2afb600000
cloud-0n58xq:1960333:1960333 [0] NCCL INFO UDS converted handle 0x7efb1c06d220 to fd 108 on remote peer 2
cloud-0n58xq:1960333:1960333 [0] NCCL INFO Imported shareable buffer device 0 size 10485760 ptr 0x2afc000000
cloud-0n58xq:1960333:1960333 [0] NCCL INFO UDS converted handle 0x7f10a409a160 to fd 108 on remote peer 0
cloud-0n58xq:1960333:1960333 [0] NCCL INFO Imported shareable buffer device 0 size 2097152 ptr 0x2afca00000
cloud-0n58xq:1960333:1960333 [0] NCCL INFO UDS converted handle 0x7efb1c06e8e0 to fd 108 on remote peer 2
cloud-0n58xq:1960333:1960333 [0] NCCL INFO Imported shareable buffer device 0 size 10485760 ptr 0x2afcc00000
cloud-0n58xq:1960333:1960333 [0] NCCL INFO UDS converted handle 0x7f10a409b820 to fd 108 on remote peer 0
cloud-0n58xq:1960333:1960333 [0] NCCL INFO Imported shareable buffer device 0 size 2097152 ptr 0x2afd600000
cloud-0n58xq:1960333:1960333 [0] NCCL INFO UDS converted handle 0x7efb1c06ffa0 to fd 108 on remote peer 2
cloud-0n58xq:1960333:1960333 [0] NCCL INFO Imported shareable buffer device 0 size 10485760 ptr 0x2afe000000
cloud-0n58xq:1960333:1960333 [0] NCCL INFO UDS converted handle 0x7f10a409cee0 to fd 108 on remote peer 0
cloud-0n58xq:1960333:1960333 [0] NCCL INFO Imported shareable buffer device 0 size 2097152 ptr 0x2afea00000
cloud-0n58xq:1960333:1960333 [0] NCCL INFO UDS converted handle 0x7efb1c071660 to fd 108 on remote peer 2
cloud-0n58xq:1960333:1960333 [0] NCCL INFO Imported shareable buffer device 0 size 10485760 ptr 0x2afec00000
cloud-0n58xq:1960333:1960333 [0] NCCL INFO UDS converted handle 0x7f10a409e5a0 to fd 108 on remote peer 0
cloud-0n58xq:1960333:1960333 [0] NCCL INFO Imported shareable buffer device 0 size 2097152 ptr 0x2aff600000
cloud-0n58xq:1960333:1960333 [0] NCCL INFO UDS converted handle 0x7efb1c072d20 to fd 108 on remote peer 2

# nccl-cloud-0n58xq-1960334.log
cloud-0n58xq:1960334:1960334 [0] NCCL INFO NCCL version 2.28.9+cuda12.9
cloud-0n58xq:1960334:1960334 [0] NCCL INFO ncclCommInitRankConfig comm 0x5582350edf50 rank 2 nranks 4 cudaDev 0 nvmlDev 4 busId 17000 commId 0x37cce97990d89aa2 - Init COMPLETE
cloud-0n58xq:1960334:1960334 [0] NCCL INFO Channel 00/0 : 2[4] -> 3[5] via P2P/CUMEM
cloud-0n58xq:1960334:1960334 [0] NCCL INFO Channel 01/0 : 2[4] -> 3[5] via P2P/CUMEM
cloud-0n58xq:1960334:1960334 [0] NCCL INFO Channel 02/0 : 2[4] -> 3[5] via P2P/CUMEM
cloud-0n58xq:1960334:1960334 [0] NCCL INFO Channel 03/0 : 2[4] -> 3[5] via P2P/CUMEM
cloud-0n58xq:1960334:1960334 [0] NCCL INFO Imported shareable buffer device 0 size 2097152 ptr 0x2ae8a00000
cloud-0n58xq:1960334:1960334 [0] NCCL INFO UDS converted handle 0x7f54c40521e0 to fd 110 on remote peer 3
cloud-0n58xq:1960334:1960334 [0] NCCL INFO Imported shareable buffer device 0 size 10485760 ptr 0x2ae8c00000
cloud-0n58xq:1960334:1960334 [0] NCCL INFO UDS converted handle 0x7f823007fbc0 to fd 110 on remote peer 1
cloud-0n58xq:1960334:1960334 [0] NCCL INFO Imported shareable buffer device 0 size 2097152 ptr 0x2ae9600000
cloud-0n58xq:1960334:1960334 [0] NCCL INFO UDS converted handle 0x7f54c40538a0 to fd 110 on remote peer 3
cloud-0n58xq:1960334:1960334 [0] NCCL INFO Imported shareable buffer device 0 size 10485760 ptr 0x2aea000000
cloud-0n58xq:1960334:1960334 [0] NCCL INFO UDS converted handle 0x7f8230081280 to fd 110 on remote peer 1
cloud-0n58xq:1960334:1960334 [0] NCCL INFO Imported shareable buffer device 0 size 2097152 ptr 0x2aeaa00000
cloud-0n58xq:1960334:1960334 [0] NCCL INFO UDS converted handle 0x7f54c4054f60 to fd 110 on remote peer 3
cloud-0n58xq:1960334:1960334 [0] NCCL INFO Imported shareable buffer device 0 size 10485760 ptr 0x2aeac00000
cloud-0n58xq:1960334:1960334 [0] NCCL INFO UDS converted handle 0x7f8230082940 to fd 110 on remote peer 1
cloud-0n58xq:1960334:1960334 [0] NCCL INFO Imported shareable buffer device 0 size 2097152 ptr 0x2aeb600000
cloud-0n58xq:1960334:1960334 [0] NCCL INFO UDS converted handle 0x7f54c4056620 to fd 110 on remote peer 3
cloud-0n58xq:1960334:1960334 [0] NCCL INFO Imported shareable buffer device 0 size 10485760 ptr 0x2aec000000
cloud-0n58xq:1960334:1960334 [0] NCCL INFO UDS converted handle 0x7f8230083f60 to fd 110 on remote peer 1
cloud-0n58xq:1960334:1960334 [0] NCCL INFO Imported shareable buffer device 0 size 2097152 ptr 0x2aeca00000
cloud-0n58xq:1960334:1960334 [0] NCCL INFO UDS converted handle 0x7f54c4057ce0 to fd 110 on remote peer 3
cloud-0n58xq:1960334:1960334 [0] NCCL INFO Imported shareable buffer device 0 size 10485760 ptr 0x2aecc00000
cloud-0n58xq:1960334:1960334 [0] NCCL INFO UDS converted handle 0x7f8230085620 to fd 110 on remote peer 1
cloud-0n58xq:1960334:1960334 [0] NCCL INFO Imported shareable buffer device 0 size 2097152 ptr 0x2aed600000
cloud-0n58xq:1960334:1960334 [0] NCCL INFO UDS converted handle 0x7f54c40593a0 to fd 110 on remote peer 3
cloud-0n58xq:1960334:1960334 [0] NCCL INFO Imported shareable buffer device 0 size 10485760 ptr 0x2aee000000
cloud-0n58xq:1960334:1960334 [0] NCCL INFO UDS converted handle 0x7f8230086ce0 to fd 110 on remote peer 1
cloud-0n58xq:1960334:1960334 [0] NCCL INFO Imported shareable buffer device 0 size 2097152 ptr 0x2aeea00000
cloud-0n58xq:1960334:1960334 [0] NCCL INFO UDS converted handle 0x7f54c405aa60 to fd 110 on remote peer 3
cloud-0n58xq:1960334:1960334 [0] NCCL INFO Imported shareable buffer device 0 size 10485760 ptr 0x2aeec00000
cloud-0n58xq:1960334:1960334 [0] NCCL INFO UDS converted handle 0x7f82300883a0 to fd 110 on remote peer 1
cloud-0n58xq:1960334:1960334 [0] NCCL INFO Imported shareable buffer device 0 size 2097152 ptr 0x2aef600000
cloud-0n58xq:1960334:1960334 [0] NCCL INFO UDS converted handle 0x7f54c405c120 to fd 110 on remote peer 3
cloud-0n58xq:1960334:1960334 [0] NCCL INFO Imported shareable buffer device 0 size 10485760 ptr 0x2af0000000
cloud-0n58xq:1960334:1960334 [0] NCCL INFO UDS converted handle 0x7f8230089740 to fd 110 on remote peer 1
cloud-0n58xq:1960334:1960334 [0] NCCL INFO Imported shareable buffer device 0 size 2097152 ptr 0x2af0a00000
cloud-0n58xq:1960334:1960334 [0] NCCL INFO UDS converted handle 0x7f54c405d7e0 to fd 110 on remote peer 3
cloud-0n58xq:1960334:1960334 [0] NCCL INFO Imported shareable buffer device 0 size 10485760 ptr 0x2af0c00000
cloud-0n58xq:1960334:1960334 [0] NCCL INFO UDS converted handle 0x7f823008ae00 to fd 110 on remote peer 1
cloud-0n58xq:1960334:1960334 [0] NCCL INFO Imported shareable buffer device 0 size 2097152 ptr 0x2af1600000
cloud-0n58xq:1960334:1960334 [0] NCCL INFO UDS converted handle 0x7f54c405eea0 to fd 107 on remote peer 3
cloud-0n58xq:1960334:1960334 [0] NCCL INFO Imported shareable buffer device 0 size 10485760 ptr 0x2af2000000
cloud-0n58xq:1960334:1960334 [0] NCCL INFO UDS converted handle 0x7f823008c4c0 to fd 110 on remote peer 1
cloud-0n58xq:1960334:1960334 [0] NCCL INFO Imported shareable buffer device 0 size 2097152 ptr 0x2af2a00000
cloud-0n58xq:1960334:1960334 [0] NCCL INFO UDS converted handle 0x7f54c4060560 to fd 110 on remote peer 3
cloud-0n58xq:1960334:1960334 [0] NCCL INFO Imported shareable buffer device 0 size 10485760 ptr 0x2af2c00000
cloud-0n58xq:1960334:1960334 [0] NCCL INFO UDS converted handle 0x7f823008db80 to fd 110 on remote peer 1
cloud-0n58xq:1960334:1960334 [0] NCCL INFO Imported shareable buffer device 0 size 2097152 ptr 0x2af3600000
cloud-0n58xq:1960334:1960334 [0] NCCL INFO UDS converted handle 0x7f54c4061c20 to fd 110 on remote peer 3
cloud-0n58xq:1960334:1960334 [0] NCCL INFO Imported shareable buffer device 0 size 10485760 ptr 0x2af4000000
cloud-0n58xq:1960334:1960334 [0] NCCL INFO UDS converted handle 0x7f823008f1a0 to fd 110 on remote peer 1
cloud-0n58xq:1960334:1960334 [0] NCCL INFO Imported shareable buffer device 0 size 2097152 ptr 0x2af4a00000
cloud-0n58xq:1960334:1960334 [0] NCCL INFO UDS converted handle 0x7f54c40632e0 to fd 110 on remote peer 3

# nccl-cloud-0n58xq-1960335.log
cloud-0n58xq:1960335:1960335 [0] NCCL INFO NCCL version 2.28.9+cuda12.9
cloud-0n58xq:1960335:1960335 [0] NCCL INFO ncclCommInitRankConfig comm 0x5578192dbc70 rank 3 nranks 4 cudaDev 0 nvmlDev 5 busId 1c000 commId 0x37cce97990d89aa2 - Init COMPLETE
cloud-0n58xq:1960335:1960335 [0] NCCL INFO Channel 00/0 : 3[5] -> 0[0] via P2P/CUMEM
cloud-0n58xq:1960335:1960335 [0] NCCL INFO Channel 01/0 : 3[5] -> 0[0] via P2P/CUMEM
cloud-0n58xq:1960335:1960335 [0] NCCL INFO Channel 02/0 : 3[5] -> 0[0] via P2P/CUMEM
cloud-0n58xq:1960335:1960335 [0] NCCL INFO Channel 03/0 : 3[5] -> 0[0] via P2P/CUMEM
cloud-0n58xq:1960335:1960335 [0] NCCL INFO Imported shareable buffer device 0 size 10485760 ptr 0x2aecc00000
cloud-0n58xq:1960335:1960335 [0] NCCL INFO UDS converted handle 0x7efb1c085620 to fd 109 on remote peer 2
cloud-0n58xq:1960335:1960335 [0] NCCL INFO Imported shareable buffer device 0 size 2097152 ptr 0x2aed600000
cloud-0n58xq:1960335:1960335 [0] NCCL INFO UDS converted handle 0x7f10a40593a0 to fd 109 on remote peer 0
cloud-0n58xq:1960335:1960335 [0] NCCL INFO Imported shareable buffer device 0 size 10485760 ptr 0x2aee000000
cloud-0n58xq:1960335:1960335 [0] NCCL INFO UDS converted handle 0x7efb1c086ce0 to fd 109 on remote peer 2
cloud-0n58xq:1960335:1960335 [0] NCCL INFO Imported shareable buffer device 0 size 2097152 ptr 0x2aeea00000
cloud-0n58xq:1960335:1960335 [0] NCCL INFO UDS converted handle 0x7f10a405aa60 to fd 109 on remote peer 0
cloud-0n58xq:1960335:1960335 [0] NCCL INFO Imported shareable buffer device 0 size 10485760 ptr 0x2aeec00000
cloud-0n58xq:1960335:1960335 [0] NCCL INFO UDS converted handle 0x7efb1c0883a0 to fd 109 on remote peer 2
cloud-0n58xq:1960335:1960335 [0] NCCL INFO Imported shareable buffer device 0 size 2097152 ptr 0x2aef600000
cloud-0n58xq:1960335:1960335 [0] NCCL INFO UDS converted handle 0x7f10a405c120 to fd 109 on remote peer 0
cloud-0n58xq:1960335:1960335 [0] NCCL INFO Imported shareable buffer device 0 size 10485760 ptr 0x2af0000000
cloud-0n58xq:1960335:1960335 [0] NCCL INFO UDS converted handle 0x7efb1c089740 to fd 109 on remote peer 2
cloud-0n58xq:1960335:1960335 [0] NCCL INFO Imported shareable buffer device 0 size 2097152 ptr 0x2af0a00000
cloud-0n58xq:1960335:1960335 [0] NCCL INFO UDS converted handle 0x7f10a405d7e0 to fd 109 on remote peer 0
cloud-0n58xq:1960335:1960335 [0] NCCL INFO Imported shareable buffer device 0 size 10485760 ptr 0x2af0c00000
cloud-0n58xq:1960335:1960335 [0] NCCL INFO UDS converted handle 0x7efb1c08ae00 to fd 109 on remote peer 2
cloud-0n58xq:1960335:1960335 [0] NCCL INFO Imported shareable buffer device 0 size 2097152 ptr 0x2af1600000
cloud-0n58xq:1960335:1960335 [0] NCCL INFO UDS converted handle 0x7f10a405eea0 to fd 109 on remote peer 0
cloud-0n58xq:1960335:1960335 [0] NCCL INFO Imported shareable buffer device 0 size 10485760 ptr 0x2af2000000
cloud-0n58xq:1960335:1960335 [0] NCCL INFO UDS converted handle 0x7efb1c08c4c0 to fd 109 on remote peer 2
cloud-0n58xq:1960335:1960335 [0] NCCL INFO Imported shareable buffer device 0 size 2097152 ptr 0x2af2a00000
cloud-0n58xq:1960335:1960335 [0] NCCL INFO UDS converted handle 0x7f10a4060560 to fd 109 on remote peer 0
cloud-0n58xq:1960335:1960335 [0] NCCL INFO Imported shareable buffer device 0 size 10485760 ptr 0x2af2c00000
cloud-0n58xq:1960335:1960335 [0] NCCL INFO UDS converted handle 0x7efb1c08db80 to fd 109 on remote peer 2
cloud-0n58xq:1960335:1960335 [0] NCCL INFO Imported shareable buffer device 0 size 2097152 ptr 0x2af3600000
cloud-0n58xq:1960335:1960335 [0] NCCL INFO UDS converted handle 0x7f10a4061c20 to fd 109 on remote peer 0
cloud-0n58xq:1960335:1960335 [0] NCCL INFO Imported shareable buffer device 0 size 10485760 ptr 0x2af4000000
cloud-0n58xq:1960335:1960335 [0] NCCL INFO UDS converted handle 0x7efb1c08f1a0 to fd 109 on remote peer 2
cloud-0n58xq:1960335:1960335 [0] NCCL INFO Imported shareable buffer device 0 size 2097152 ptr 0x2af4a00000
cloud-0n58xq:1960335:1960335 [0] NCCL INFO UDS converted handle 0x7f10a40632e0 to fd 109 on remote peer 0
cloud-0n58xq:1960335:1960335 [0] NCCL INFO Imported shareable buffer device 0 size 10485760 ptr 0x2af4c00000
cloud-0n58xq:1960335:1960335 [0] NCCL INFO UDS converted handle 0x7efb1c090860 to fd 109 on remote peer 2
cloud-0n58xq:1960335:1960335 [0] NCCL INFO Imported shareable buffer device 0 size 2097152 ptr 0x2af5600000
cloud-0n58xq:1960335:1960335 [0] NCCL INFO UDS converted handle 0x7f10a40649a0 to fd 109 on remote peer 0
cloud-0n58xq:1960335:1960335 [0] NCCL INFO Imported shareable buffer device 0 size 10485760 ptr 0x2af6000000
cloud-0n58xq:1960335:1960335 [0] NCCL INFO UDS converted handle 0x7efb1c091f20 to fd 109 on remote peer 2
cloud-0n58xq:1960335:1960335 [0] NCCL INFO Imported shareable buffer device 0 size 2097152 ptr 0x2af6a00000
cloud-0n58xq:1960335:1960335 [0] NCCL INFO UDS converted handle 0x7f10a4066060 to fd 109 on remote peer 0
cloud-0n58xq:1960335:1960335 [0] NCCL INFO Imported shareable buffer device 0 size 10485760 ptr 0x2af6c00000
cloud-0n58xq:1960335:1960335 [0] NCCL INFO UDS converted handle 0x7efb1c0935e0 to fd 109 on remote peer 2
cloud-0n58xq:1960335:1960335 [0] NCCL INFO Imported shareable buffer device 0 size 2097152 ptr 0x2af7600000
cloud-0n58xq:1960335:1960335 [0] NCCL INFO UDS converted handle 0x7f10a4067720 to fd 109 on remote peer 0
cloud-0n58xq:1960335:1960335 [0] NCCL INFO Imported shareable buffer device 0 size 10485760 ptr 0x2af8000000
cloud-0n58xq:1960335:1960335 [0] NCCL INFO UDS converted handle 0x7efb1c094980 to fd 109 on remote peer 2
cloud-0n58xq:1960335:1960335 [0] NCCL INFO Imported shareable buffer device 0 size 2097152 ptr 0x2af8a00000
cloud-0n58xq:1960335:1960335 [0] NCCL INFO UDS converted handle 0x7f10a4068de0 to fd 109 on remote peer 0
cloud-0n58xq:1960335:1960335 [0] NCCL INFO Imported shareable buffer device 0 size 10485760 ptr 0x2af8c00000
cloud-0n58xq:1960335:1960335 [0] NCCL INFO UDS converted handle 0x7efb1c096040 to fd 109 on remote peer 2
