# T0: first-size 32 KiB smoke only; original INFO lines, duplicates removed.
cloud-0n58xq:1871526:1871526 [0] NCCL INFO NCCL version 2.28.9+cuda12.9
cloud-0n58xq:1871526:1871526 [0] NCCL INFO comm 0x55b14f7d5cb0 rank 2 nRanks 4 nNodes 1 localRanks 4 localRank 2 MNNVL 0
cloud-0n58xq:1871526:1871526 [0] NCCL INFO ncclCommInitRankConfig comm 0x55b14f7d5cb0 rank 2 nranks 4 cudaDev 0 nvmlDev 4 busId 17000 commId 0x8bd75d02b96a330d - Init COMPLETE
cloud-0n58xq:1871526:1871526 [0] NCCL INFO Channel 00/0 : 2[4] -> 3[5] via P2P/CUMEM
cloud-0n58xq:1871526:1871526 [0] NCCL INFO Channel 00/1 : 2[4] -> 0[0] via P2P/CUMEM
cloud-0n58xq:1871526:1871526 [0] NCCL INFO Channel 00/1 : 2[4] -> 1[1] via P2P/CUMEM
cloud-0n58xq:1871525:1871525 [0] NCCL INFO NCCL version 2.28.9+cuda12.9
cloud-0n58xq:1871525:1871525 [0] NCCL INFO comm 0x5605d25c9d20 rank 1 nRanks 4 nNodes 1 localRanks 4 localRank 1 MNNVL 0
cloud-0n58xq:1871525:1871525 [0] NCCL INFO ncclCommInitRankConfig comm 0x5605d25c9d20 rank 1 nranks 4 cudaDev 0 nvmlDev 1 busId 8000 commId 0x8bd75d02b96a330d - Init COMPLETE
cloud-0n58xq:1871525:1871525 [0] NCCL INFO Channel 00/0 : 1[1] -> 2[4] via P2P/CUMEM
cloud-0n58xq:1871525:1871525 [0] NCCL INFO Channel 00/1 : 1[1] -> 3[5] via P2P/CUMEM
cloud-0n58xq:1871525:1871525 [0] NCCL INFO Channel 00/1 : 1[1] -> 0[0] via P2P/CUMEM
cloud-0n58xq:1871524:1871524 [0] NCCL INFO NCCL version 2.28.9+cuda12.9
cloud-0n58xq:1871524:1871524 [0] NCCL INFO comm 0x55bb96c9e580 rank 0 nRanks 4 nNodes 1 localRanks 4 localRank 0 MNNVL 0
cloud-0n58xq:1871524:1871524 [0] NCCL INFO ncclCommInitRankConfig comm 0x55bb96c9e580 rank 0 nranks 4 cudaDev 0 nvmlDev 0 busId 3000 commId 0x8bd75d02b96a330d - Init COMPLETE
cloud-0n58xq:1871524:1871524 [0] NCCL INFO Channel 00/0 : 0[0] -> 1[1] via P2P/CUMEM
cloud-0n58xq:1871524:1871524 [0] NCCL INFO Channel 00/1 : 0[0] -> 2[4] via P2P/CUMEM
cloud-0n58xq:1871524:1871524 [0] NCCL INFO Channel 00/1 : 0[0] -> 3[5] via P2P/CUMEM
cloud-0n58xq:1871527:1871527 [0] NCCL INFO NCCL version 2.28.9+cuda12.9
cloud-0n58xq:1871527:1871527 [0] NCCL INFO comm 0x5562407a6fc0 rank 3 nRanks 4 nNodes 1 localRanks 4 localRank 3 MNNVL 0
cloud-0n58xq:1871527:1871527 [0] NCCL INFO ncclCommInitRankConfig comm 0x5562407a6fc0 rank 3 nranks 4 cudaDev 0 nvmlDev 5 busId 1c000 commId 0x8bd75d02b96a330d - Init COMPLETE
cloud-0n58xq:1871527:1871527 [0] NCCL INFO Channel 00/0 : 3[5] -> 0[0] via P2P/CUMEM
cloud-0n58xq:1871527:1871527 [0] NCCL INFO Channel 00/1 : 3[5] -> 1[1] via P2P/CUMEM
cloud-0n58xq:1871527:1871527 [0] NCCL INFO Channel 00/1 : 3[5] -> 2[4] via P2P/CUMEM
