# R3: first-size 32 KiB smoke only; original INFO lines, duplicates removed.
cloud-0n58xq:1872115:1872115 [0] NCCL INFO NCCL version 2.28.9+cuda12.9
cloud-0n58xq:1872115:1872115 [0] NCCL INFO NCCL_P2P_LEVEL set by environment to LOC
cloud-0n58xq:1872115:1872115 [0] NCCL INFO comm 0x55e8e3d8df50 rank 2 nRanks 4 nNodes 1 localRanks 4 localRank 2 MNNVL 0
cloud-0n58xq:1872115:1872115 [0] NCCL INFO ncclCommInitRankConfig comm 0x55e8e3d8df50 rank 2 nranks 4 cudaDev 0 nvmlDev 4 busId 17000 commId 0x4d2f8ddd8c935916 - Init COMPLETE
cloud-0n58xq:1872115:1872115 [0] NCCL INFO Channel 00 : 2[4] -> 3[5] via SHM/direct/direct
cloud-0n58xq:1872115:1872115 [0] NCCL INFO Channel 00 : 2[4] -> 0[0] via SHM/direct/direct
cloud-0n58xq:1872115:1872115 [0] NCCL INFO Channel 00 : 2[4] -> 1[1] via SHM/direct/direct
cloud-0n58xq:1872114:1872114 [0] NCCL INFO NCCL version 2.28.9+cuda12.9
cloud-0n58xq:1872114:1872114 [0] NCCL INFO NCCL_P2P_LEVEL set by environment to LOC
cloud-0n58xq:1872114:1872114 [0] NCCL INFO comm 0x559fb03d2bc0 rank 1 nRanks 4 nNodes 1 localRanks 4 localRank 1 MNNVL 0
cloud-0n58xq:1872114:1872114 [0] NCCL INFO ncclCommInitRankConfig comm 0x559fb03d2bc0 rank 1 nranks 4 cudaDev 0 nvmlDev 1 busId 8000 commId 0x4d2f8ddd8c935916 - Init COMPLETE
cloud-0n58xq:1872114:1872114 [0] NCCL INFO Channel 00 : 1[1] -> 2[4] via SHM/direct/direct
cloud-0n58xq:1872114:1872114 [0] NCCL INFO Channel 00 : 1[1] -> 3[5] via SHM/direct/direct
cloud-0n58xq:1872114:1872114 [0] NCCL INFO Channel 00 : 1[1] -> 0[0] via SHM/direct/direct
cloud-0n58xq:1872116:1872116 [0] NCCL INFO NCCL version 2.28.9+cuda12.9
cloud-0n58xq:1872116:1872116 [0] NCCL INFO NCCL_P2P_LEVEL set by environment to LOC
cloud-0n58xq:1872116:1872116 [0] NCCL INFO comm 0x562ce6245c90 rank 3 nRanks 4 nNodes 1 localRanks 4 localRank 3 MNNVL 0
cloud-0n58xq:1872116:1872116 [0] NCCL INFO ncclCommInitRankConfig comm 0x562ce6245c90 rank 3 nranks 4 cudaDev 0 nvmlDev 5 busId 1c000 commId 0x4d2f8ddd8c935916 - Init COMPLETE
cloud-0n58xq:1872116:1872116 [0] NCCL INFO Channel 00 : 3[5] -> 0[0] via SHM/direct/direct
cloud-0n58xq:1872116:1872116 [0] NCCL INFO Channel 00 : 3[5] -> 1[1] via SHM/direct/direct
cloud-0n58xq:1872116:1872116 [0] NCCL INFO Channel 00 : 3[5] -> 2[4] via SHM/direct/direct
cloud-0n58xq:1872113:1872113 [0] NCCL INFO NCCL version 2.28.9+cuda12.9
cloud-0n58xq:1872113:1872113 [0] NCCL INFO NCCL_P2P_LEVEL set by environment to LOC
cloud-0n58xq:1872113:1872113 [0] NCCL INFO comm 0x55f306a97650 rank 0 nRanks 4 nNodes 1 localRanks 4 localRank 0 MNNVL 0
cloud-0n58xq:1872113:1872113 [0] NCCL INFO ncclCommInitRankConfig comm 0x55f306a97650 rank 0 nranks 4 cudaDev 0 nvmlDev 0 busId 3000 commId 0x4d2f8ddd8c935916 - Init COMPLETE
cloud-0n58xq:1872113:1872113 [0] NCCL INFO Channel 00 : 0[0] -> 1[1] via SHM/direct/direct
cloud-0n58xq:1872113:1872113 [0] NCCL INFO Channel 00 : 0[0] -> 2[4] via SHM/direct/direct
cloud-0n58xq:1872113:1872113 [0] NCCL INFO Channel 00 : 0[0] -> 3[5] via SHM/direct/direct
