# nccl-cloud-0n58xq-1949015.log
cloud-0n58xq:1949015:1949015 [0] NCCL INFO NCCL version 2.28.9+cuda12.9
cloud-0n58xq:1949015:1949015 [0] NCCL INFO ncclCommInitRankConfig comm 0x5624bf8ca760 rank 0 nranks 4 cudaDev 0 nvmlDev 0 busId 3000 commId 0x53d4ee5407826893 - Init COMPLETE
cloud-0n58xq:1949015:1949015 [0] NCCL INFO Channel 00/0 : 0[0] -> 1[1] via P2P/CUMEM
cloud-0n58xq:1949015:1949015 [0] NCCL INFO Channel 01/0 : 0[0] -> 1[1] via P2P/CUMEM
cloud-0n58xq:1949015:1949015 [0] NCCL INFO Imported shareable buffer device 0 size 10485760 ptr 0x2b1ac00000
cloud-0n58xq:1949015:1949015 [0] NCCL INFO UDS converted handle 0x7f5d4c0f6d00 to fd 114 on remote peer 2
cloud-0n58xq:1949015:1949015 [0] NCCL INFO Imported shareable buffer device 0 size 2097152 ptr 0x2b1b600000
cloud-0n58xq:1949015:1949015 [0] NCCL INFO UDS converted handle 0x7f5d4c0cb550 to fd 114 on remote peer 2
cloud-0n58xq:1949015:1949015 [0] NCCL INFO Imported shareable buffer device 0 size 10485760 ptr 0x2b1c000000
cloud-0n58xq:1949015:1949015 [0] NCCL INFO UDS converted handle 0x7f5d4c0f83c0 to fd 114 on remote peer 2

# nccl-cloud-0n58xq-1949016.log
cloud-0n58xq:1949016:1949016 [0] NCCL INFO NCCL version 2.28.9+cuda12.9
cloud-0n58xq:1949016:1949016 [0] NCCL INFO ncclCommInitRankConfig comm 0x55d472ec70c0 rank 1 nranks 4 cudaDev 0 nvmlDev 1 busId 8000 commId 0x53d4ee5407826893 - Init COMPLETE
cloud-0n58xq:1949016:1949016 [0] NCCL INFO Channel 00/0 : 1[1] -> 2[4] via P2P/CUMEM
cloud-0n58xq:1949016:1949016 [0] NCCL INFO Channel 01/0 : 1[1] -> 2[4] via P2P/CUMEM
cloud-0n58xq:1949016:1949016 [0] NCCL INFO Imported shareable buffer device 0 size 2097152 ptr 0x2b22a00000
cloud-0n58xq:1949016:1949016 [0] NCCL INFO UDS converted handle 0x7f9abc0d5d30 to fd 113 on remote peer 3
cloud-0n58xq:1949016:1949016 [0] NCCL INFO Imported shareable buffer device 0 size 10485760 ptr 0x2b22c00000
cloud-0n58xq:1949016:1949016 [0] NCCL INFO UDS converted handle 0x7f9abc101cc0 to fd 113 on remote peer 3
cloud-0n58xq:1949016:1949016 [0] NCCL INFO Imported shareable buffer device 0 size 2097152 ptr 0x2b23600000
cloud-0n58xq:1949016:1949016 [0] NCCL INFO UDS converted handle 0x7f9abc0d73f0 to fd 113 on remote peer 3

# nccl-cloud-0n58xq-1949017.log
cloud-0n58xq:1949017:1949017 [0] NCCL INFO NCCL version 2.28.9+cuda12.9
cloud-0n58xq:1949017:1949017 [0] NCCL INFO ncclCommInitRankConfig comm 0x55f78e24e170 rank 2 nranks 4 cudaDev 0 nvmlDev 4 busId 17000 commId 0x53d4ee5407826893 - Init COMPLETE
cloud-0n58xq:1949017:1949017 [0] NCCL INFO Channel 00/0 : 2[4] -> 3[5] via P2P/CUMEM
cloud-0n58xq:1949017:1949017 [0] NCCL INFO Channel 01/0 : 2[4] -> 3[5] via P2P/CUMEM
cloud-0n58xq:1949017:1949017 [0] NCCL INFO Imported shareable buffer device 0 size 10485760 ptr 0x2b44000000
cloud-0n58xq:1949017:1949017 [0] NCCL INFO UDS converted handle 0x7f9abc15ee00 to fd 114 on remote peer 3
cloud-0n58xq:1949017:1949017 [0] NCCL INFO Imported shareable buffer device 0 size 2097152 ptr 0x2b44a00000
cloud-0n58xq:1949017:1949017 [0] NCCL INFO UDS converted handle 0x7f9d20134c10 to fd 114 on remote peer 1
cloud-0n58xq:1949017:1949017 [0] NCCL INFO Imported shareable buffer device 0 size 10485760 ptr 0x2b44c00000
cloud-0n58xq:1949017:1949017 [0] NCCL INFO UDS converted handle 0x7f9abc1604c0 to fd 114 on remote peer 3

# nccl-cloud-0n58xq-1949018.log
cloud-0n58xq:1949018:1949018 [0] NCCL INFO NCCL version 2.28.9+cuda12.9
cloud-0n58xq:1949018:1949018 [0] NCCL INFO ncclCommInitRankConfig comm 0x56329a90fb70 rank 3 nranks 4 cudaDev 0 nvmlDev 5 busId 1c000 commId 0x53d4ee5407826893 - Init COMPLETE
cloud-0n58xq:1949018:1949018 [0] NCCL INFO Channel 00/0 : 3[5] -> 0[0] via P2P/CUMEM
cloud-0n58xq:1949018:1949018 [0] NCCL INFO Channel 01/0 : 3[5] -> 0[0] via P2P/CUMEM
cloud-0n58xq:1949018:1949018 [0] NCCL INFO UDS converted handle 0x7f986015ee00 to fd 114 on remote peer 0
cloud-0n58xq:1949018:1949018 [0] NCCL INFO Imported shareable buffer device 0 size 2097152 ptr 0x2b44a00000
cloud-0n58xq:1949018:1949018 [0] NCCL INFO UDS converted handle 0x7f5d4c134c10 to fd 114 on remote peer 2
cloud-0n58xq:1949018:1949018 [0] NCCL INFO Imported shareable buffer device 0 size 10485760 ptr 0x2b44c00000
cloud-0n58xq:1949018:1949018 [0] NCCL INFO UDS converted handle 0x7f98601604c0 to fd 114 on remote peer 0
cloud-0n58xq:1949018:1949018 [0] NCCL INFO Imported shareable buffer device 0 size 2097152 ptr 0x2b45600000
