`rope_scaling`'s factor field must be a float >= 1, got 40
`rope_scaling`'s beta_fast field must be a float, got 32
`rope_scaling`'s beta_slow field must be a float, got 1
`rope_scaling`'s factor field must be a float >= 1, got 40
`rope_scaling`'s factor field must be a float >= 1, got 40
`rope_scaling`'s factor field must be a float >= 1, got 40
`rope_scaling`'s beta_fast field must be a float, got 32
`rope_scaling`'s beta_fast field must be a float, got 32
`rope_scaling`'s beta_slow field must be a float, got 1
`rope_scaling`'s beta_fast field must be a float, got 32
`rope_scaling`'s beta_slow field must be a float, got 1
`rope_scaling`'s beta_slow field must be a float, got 1
{"status": "PASS", "system": "main_OURS", "repeat": 0, "decode_policy": "BW", "prefill_policy": "BR", "h2d_serial_ablation": true, "serial_wait_ms_per_rank": [4027.868203, 3953.056369, 2934.038078, 3531.832109], "decode_fetches_per_rank": [19713, 19320, 18907, 18498], "TTFT": 1.928277418, "TPOT": 0.35191265187301585, "E2E": 24.098774486, "output_tokens": 64, "global_requests": 64}
{"status": "PASS", "system": "main_OURS", "repeat": 1, "decode_policy": "BW", "prefill_policy": "BR", "h2d_serial_ablation": true, "serial_wait_ms_per_rank": [4300.223271, 3933.029026, 2971.130299, 3491.094596], "decode_fetches_per_rank": [19637, 19229, 18836, 18417], "TTFT": 0.871388024, "TPOT": 0.3490699287936508, "E2E": 22.862793538, "output_tokens": 64, "global_requests": 64}
{"status": "PASS", "system": "main_OURS", "repeat": 2, "decode_policy": "BR", "prefill_policy": "BR", "h2d_serial_ablation": true, "serial_wait_ms_per_rank": [4237.049127, 3970.187439, 3427.674522, 3753.461477], "decode_fetches_per_rank": [19603, 19181, 18772, 18396], "TTFT": 0.576314408, "TPOT": 0.34536349755555557, "E2E": 22.334214754, "output_tokens": 64, "global_requests": 64}
{"status": "PASS", "system": "main_OURS", "repeat": 3, "decode_policy": "HAQ", "prefill_policy": "BR", "h2d_serial_ablation": true, "serial_wait_ms_per_rank": [3886.125225, 3871.62229, 2923.646822, 4148.048877], "decode_fetches_per_rank": [19106, 19040, 18973, 18887], "TTFT": 0.589524196, "TPOT": 0.33492113793650796, "E2E": 21.689555886, "output_tokens": 64, "global_requests": 64}
{"status": "PASS", "system": "main_OURS", "repeat": 4, "decode_policy": "LA_CA_NEAR", "prefill_policy": "BR", "h2d_serial_ablation": true, "serial_wait_ms_per_rank": [4214.093377, 3919.959898, 2921.092921, 4023.16456], "decode_fetches_per_rank": [19606, 19198, 18804, 18430], "TTFT": 0.591288641, "TPOT": 0.340406308015873, "E2E": 22.036886046, "output_tokens": 64, "global_requests": 64}
{"status": "PASS", "system": "main_OURS", "repeat": 5, "decode_policy": "LA_CA_NEAR", "prefill_policy": "BR", "h2d_serial_ablation": true, "serial_wait_ms_per_rank": [4140.125087, 3917.851782, 2925.33393, 3513.477904], "decode_fetches_per_rank": [19606, 19198, 18804, 18430], "TTFT": 0.591528521, "TPOT": 0.3413492283968254, "E2E": 22.09652991, "output_tokens": 64, "global_requests": 64}
{"status": "PASS", "system": "main_OURS", "repeat": 6, "decode_policy": "HAQ", "prefill_policy": "BR", "h2d_serial_ablation": true, "serial_wait_ms_per_rank": [4203.664399, 4193.805781, 2965.329101, 4144.193115], "decode_fetches_per_rank": [19106, 19040, 18973, 18887], "TTFT": 0.591841539, "TPOT": 0.3351262680952381, "E2E": 21.704796429, "output_tokens": 64, "global_requests": 64}
{"status": "PASS", "system": "main_OURS", "repeat": 7, "decode_policy": "BR", "prefill_policy": "BR", "h2d_serial_ablation": true, "serial_wait_ms_per_rank": [4029.627538, 3949.203762, 2838.51781, 3528.423335], "decode_fetches_per_rank": [19603, 19181, 18772, 18396], "TTFT": 0.590055274, "TPOT": 0.34614851528571433, "E2E": 22.397411737, "output_tokens": 64, "global_requests": 64}
{"status": "PASS", "system": "main_OURS", "repeat": 8, "decode_policy": "BW", "prefill_policy": "BR", "h2d_serial_ablation": true, "serial_wait_ms_per_rank": [4066.217496, 3931.02419, 2946.980262, 4025.395781], "decode_fetches_per_rank": [19637, 19229, 18836, 18417], "TTFT": 0.59914163, "TPOT": 0.3432788933174603, "E2E": 22.225711909, "output_tokens": 64, "global_requests": 64}
