NCCL version 2.21.5+cuda12.4
LA_CA_NEAR event=0 split_controllerLA_CA_NEAR event=0 split_controller

LA_CA_NEAR event=0 split_controller
LA_CA_NEAR event=0 split_controller
LA_CA_NEAR event=0 split_controllerLA_CA_NEAR event=0 split_controllerLA_CA_NEAR event=0 split_controller


LA_CA_NEAR event=0 split_controller
LA_CA_NEAR event=768 split_controllerLA_CA_NEAR event=768 split_controllerLA_CA_NEAR event=768 split_controller


LA_CA_NEAR event=768 split_controller
LA_CA_NEAR event=1536 split_controllerLA_CA_NEAR event=1536 split_controllerLA_CA_NEAR event=1536 split_controller


LA_CA_NEAR event=1536 split_controller
LA_CA_NEAR event=2304 split_controllerLA_CA_NEAR event=2304 split_controllerLA_CA_NEAR event=2304 split_controller


LA_CA_NEAR event=2304 split_controller
{"status": "PASS", "candidate": "_warmup", "arm": "R-NEAR", "repeat": 0, "TTFT": 6.765931139, "TPOT": 2.3778937365396824, "E2E": 156.573236541, "throughput": 26.160281862267237, "output_tokens": 64, "decode_forwards": 63, "local_batch": 16, "global_requests": 64, "smoke": false, "profiled": false, "nomination": false}
LA_CA_NEAR event=0 split_controllerLA_CA_NEAR event=0 split_controllerLA_CA_NEAR event=0 split_controller


LA_CA_NEAR event=0 split_controller
LA_CA_NEAR event=768 split_controllerLA_CA_NEAR event=768 split_controllerLA_CA_NEAR event=768 split_controller


LA_CA_NEAR event=768 split_controller
LA_CA_NEAR event=1536 split_controllerLA_CA_NEAR event=1536 split_controllerLA_CA_NEAR event=1536 split_controller


LA_CA_NEAR event=1536 split_controller
LA_CA_NEAR event=2304 split_controllerLA_CA_NEAR event=2304 split_controllerLA_CA_NEAR event=2304 split_controller


LA_CA_NEAR event=2304 split_controller
{"status": "PASS", "candidate": "_warmup", "arm": "G-NEAR", "repeat": 0, "TTFT": 6.727760536, "TPOT": 2.450505263920635, "E2E": 161.109592163, "throughput": 25.423687969217493, "output_tokens": 64, "decode_forwards": 63, "local_batch": 16, "global_requests": 64, "smoke": false, "profiled": false, "nomination": false}
{"status": "PASS", "candidate": "previous_best_control", "arm": "G-NEAR", "repeat": 1, "TTFT": 6.249166605, "TPOT": 0.9185381263333333, "E2E": 20.0272385, "throughput": 51.13036427862983, "output_tokens": 16, "decode_forwards": 15, "local_batch": 16, "global_requests": 64, "smoke": false, "profiled": true, "nomination": true}
{"status": "PASS", "candidate": "random_100", "arm": "G-NEAR", "repeat": 1, "TTFT": 6.364605544, "TPOT": 1.3695828488, "E2E": 26.908348276, "throughput": 38.05510429316549, "output_tokens": 16, "decode_forwards": 15, "local_batch": 16, "global_requests": 64, "smoke": false, "profiled": true, "nomination": true}
{"status": "PASS", "candidate": "random_101", "arm": "G-NEAR", "repeat": 1, "TTFT": 6.707404704, "TPOT": 1.2304170560666667, "E2E": 25.163660545, "throughput": 40.69360251338584, "output_tokens": 16, "decode_forwards": 15, "local_batch": 16, "global_requests": 64, "smoke": false, "profiled": true, "nomination": true}
{"status": "PASS", "candidate": "random_102", "arm": "G-NEAR", "repeat": 1, "TTFT": 6.328976918, "TPOT": 1.3169054393333333, "E2E": 26.082558508, "throughput": 39.25995218934984, "output_tokens": 16, "decode_forwards": 15, "local_batch": 16, "global_requests": 64, "smoke": false, "profiled": true, "nomination": true}
{"status": "PASS", "candidate": "random_103", "arm": "G-NEAR", "repeat": 1, "TTFT": 6.342875457, "TPOT": 1.3276308748, "E2E": 26.257338579, "throughput": 38.99862116334102, "output_tokens": 16, "decode_forwards": 15, "local_batch": 16, "global_requests": 64, "smoke": false, "profiled": true, "nomination": true}
{"status": "PASS", "candidate": "random_104", "arm": "G-NEAR", "repeat": 1, "TTFT": 6.967423289, "TPOT": 1.3576299628000001, "E2E": 27.331872731, "throughput": 37.465416661280294, "output_tokens": 16, "decode_forwards": 15, "local_batch": 16, "global_requests": 64, "smoke": false, "profiled": true, "nomination": true}
{"status": "PASS", "candidate": "random_105", "arm": "G-NEAR", "repeat": 1, "TTFT": 6.472099112, "TPOT": 1.4370945486, "E2E": 28.028517341, "throughput": 36.53421932890103, "output_tokens": 16, "decode_forwards": 15, "local_batch": 16, "global_requests": 64, "smoke": false, "profiled": true, "nomination": true}
{"status": "PASS", "candidate": "random_106", "arm": "G-NEAR", "repeat": 1, "TTFT": 6.450405342, "TPOT": 1.2400729825333334, "E2E": 25.05150008, "throughput": 40.87579572999367, "output_tokens": 16, "decode_forwards": 15, "local_batch": 16, "global_requests": 64, "smoke": false, "profiled": true, "nomination": true}
{"status": "PASS", "candidate": "random_107", "arm": "G-NEAR", "repeat": 1, "TTFT": 7.411763753, "TPOT": 1.483078647, "E2E": 29.657943458, "throughput": 34.52700627911488, "output_tokens": 16, "decode_forwards": 15, "local_batch": 16, "global_requests": 64, "smoke": false, "profiled": true, "nomination": true}
{"status": "PASS", "candidate": "coherent_0", "arm": "G-NEAR", "repeat": 1, "TTFT": 6.491919934, "TPOT": 1.0261546559333334, "E2E": 21.884239773, "throughput": 46.79166425800977, "output_tokens": 16, "decode_forwards": 15, "local_batch": 16, "global_requests": 64, "smoke": false, "profiled": true, "nomination": true}
{"status": "PASS", "candidate": "coherent_1", "arm": "G-NEAR", "repeat": 1, "TTFT": 6.837511142, "TPOT": 1.3645472300666666, "E2E": 27.305719593, "throughput": 37.50130065286795, "output_tokens": 16, "decode_forwards": 15, "local_batch": 16, "global_requests": 64, "smoke": false, "profiled": true, "nomination": true}
{"status": "PASS", "candidate": "coherent_2", "arm": "G-NEAR", "repeat": 1, "TTFT": 7.307586947, "TPOT": 1.3211623893333335, "E2E": 27.125022787, "throughput": 37.75112036000812, "output_tokens": 16, "decode_forwards": 15, "local_batch": 16, "global_requests": 64, "smoke": false, "profiled": true, "nomination": true}
{"status": "PASS", "candidate": "coherent_3", "arm": "G-NEAR", "repeat": 1, "TTFT": 6.520202416, "TPOT": 1.2622683208666667, "E2E": 25.454227229, "throughput": 40.229074361108744, "output_tokens": 16, "decode_forwards": 15, "local_batch": 16, "global_requests": 64, "smoke": false, "profiled": true, "nomination": true}
{"status": "PASS", "candidate": "coherent_4", "arm": "G-NEAR", "repeat": 1, "TTFT": 7.230248539, "TPOT": 1.2075670762666666, "E2E": 25.343754683, "throughput": 40.40443149833972, "output_tokens": 16, "decode_forwards": 15, "local_batch": 16, "global_requests": 64, "smoke": false, "profiled": true, "nomination": true}
{"status": "PASS", "candidate": "coherent_5", "arm": "G-NEAR", "repeat": 1, "TTFT": 7.236644515, "TPOT": 1.3681699027333332, "E2E": 27.759193056, "throughput": 36.88868037101201, "output_tokens": 16, "decode_forwards": 15, "local_batch": 16, "global_requests": 64, "smoke": false, "profiled": true, "nomination": true}
{"status": "PASS", "candidate": "coherent_6", "arm": "G-NEAR", "repeat": 1, "TTFT": 6.570471675, "TPOT": 1.0834977548666667, "E2E": 22.822937998, "throughput": 44.867141999410165, "output_tokens": 16, "decode_forwards": 15, "local_batch": 16, "global_requests": 64, "smoke": false, "profiled": true, "nomination": true}
{"status": "PASS", "candidate": "coherent_7", "arm": "G-NEAR", "repeat": 1, "TTFT": 7.232249662, "TPOT": 1.5934530129333335, "E2E": 31.134044856, "throughput": 32.89004062068279, "output_tokens": 16, "decode_forwards": 15, "local_batch": 16, "global_requests": 64, "smoke": false, "profiled": true, "nomination": true}
{"status": "PASS", "candidate": "mixed_0", "arm": "G-NEAR", "repeat": 1, "TTFT": 6.495056855, "TPOT": 0.9614035342, "E2E": 20.916109868, "throughput": 48.957478539861725, "output_tokens": 16, "decode_forwards": 15, "local_batch": 16, "global_requests": 64, "smoke": false, "profiled": true, "nomination": true}
{"status": "PASS", "candidate": "mixed_1", "arm": "G-NEAR", "repeat": 1, "TTFT": 6.468486768, "TPOT": 1.2927215226, "E2E": 25.859309607, "throughput": 39.598891678175654, "output_tokens": 16, "decode_forwards": 15, "local_batch": 16, "global_requests": 64, "smoke": false, "profiled": true, "nomination": true}
{"status": "PASS", "candidate": "mixed_2", "arm": "G-NEAR", "repeat": 1, "TTFT": 6.362073148, "TPOT": 1.3151155368, "E2E": 26.0888062, "throughput": 39.2505502992314, "output_tokens": 16, "decode_forwards": 15, "local_batch": 16, "global_requests": 64, "smoke": false, "profiled": true, "nomination": true}
{"status": "PASS", "candidate": "mixed_3", "arm": "G-NEAR", "repeat": 1, "TTFT": 6.969208206, "TPOT": 1.2919046205333333, "E2E": 26.347777514, "throughput": 38.864758116918715, "output_tokens": 16, "decode_forwards": 15, "local_batch": 16, "global_requests": 64, "smoke": false, "profiled": true, "nomination": true}
{"status": "PASS", "candidate": "mixed_4", "arm": "G-NEAR", "repeat": 1, "TTFT": 6.440077357, "TPOT": 0.9800311496, "E2E": 21.140544601, "throughput": 48.437730405089106, "output_tokens": 16, "decode_forwards": 15, "local_batch": 16, "global_requests": 64, "smoke": false, "profiled": true, "nomination": true}
{"status": "PASS", "candidate": "mixed_5", "arm": "G-NEAR", "repeat": 1, "TTFT": 6.175063014, "TPOT": 1.2157982815333335, "E2E": 24.412037237, "throughput": 41.946519663995055, "output_tokens": 16, "decode_forwards": 15, "local_batch": 16, "global_requests": 64, "smoke": false, "profiled": true, "nomination": true}
{"status": "PASS", "candidate": "mixed_6", "arm": "G-NEAR", "repeat": 1, "TTFT": 6.348223138, "TPOT": 1.3389535988666668, "E2E": 26.432527121, "throughput": 38.74014752022923, "output_tokens": 16, "decode_forwards": 15, "local_batch": 16, "global_requests": 64, "smoke": false, "profiled": true, "nomination": true}
{"status": "PASS", "candidate": "mixed_7", "arm": "G-NEAR", "repeat": 1, "TTFT": 6.227018016, "TPOT": 1.2652811250666667, "E2E": 25.206234892, "throughput": 40.62486937805213, "output_tokens": 16, "decode_forwards": 15, "local_batch": 16, "global_requests": 64, "smoke": false, "profiled": true, "nomination": true}
{"status": "PASS", "candidate": "family_0", "arm": "G-NEAR", "repeat": 1, "TTFT": 6.596483027, "TPOT": 0.9699213462666666, "E2E": 21.145303221, "throughput": 48.42682979277576, "output_tokens": 16, "decode_forwards": 15, "local_batch": 16, "global_requests": 64, "smoke": false, "profiled": true, "nomination": true}
{"status": "PASS", "candidate": "family_1", "arm": "G-NEAR", "repeat": 1, "TTFT": 6.467874609, "TPOT": 1.3709331872666666, "E2E": 27.031872418, "throughput": 37.88120867713693, "output_tokens": 16, "decode_forwards": 15, "local_batch": 16, "global_requests": 64, "smoke": false, "profiled": true, "nomination": true}
{"status": "PASS", "candidate": "family_2", "arm": "G-NEAR", "repeat": 1, "TTFT": 6.251281622, "TPOT": 0.7034087784666667, "E2E": 16.802413299, "throughput": 60.94362647661711, "output_tokens": 16, "decode_forwards": 15, "local_batch": 16, "global_requests": 64, "smoke": false, "profiled": true, "nomination": true}
{"status": "PASS", "candidate": "family_4", "arm": "G-NEAR", "repeat": 1, "TTFT": 6.887094375, "TPOT": 1.3117486905333335, "E2E": 26.563324733, "throughput": 38.549391324041224, "output_tokens": 16, "decode_forwards": 15, "local_batch": 16, "global_requests": 64, "smoke": false, "profiled": true, "nomination": true}
{"status": "PASS", "candidate": "family_5", "arm": "G-NEAR", "repeat": 1, "TTFT": 6.44315395, "TPOT": 0.6275255801333334, "E2E": 15.856037652, "throughput": 64.5810777240957, "output_tokens": 16, "decode_forwards": 15, "local_batch": 16, "global_requests": 64, "smoke": false, "profiled": true, "nomination": true}
{"status": "PASS", "candidate": "family_6", "arm": "G-NEAR", "repeat": 1, "TTFT": 6.625134597, "TPOT": 0.9001716046666667, "E2E": 20.127708667, "throughput": 50.87514018318834, "output_tokens": 16, "decode_forwards": 15, "local_batch": 16, "global_requests": 64, "smoke": false, "profiled": true, "nomination": true}
{"status": "PASS", "candidate": "family_7", "arm": "G-NEAR", "repeat": 1, "TTFT": 6.462817719, "TPOT": 1.0582941623333333, "E2E": 22.337230154, "throughput": 45.84274741945249, "output_tokens": 16, "decode_forwards": 15, "local_batch": 16, "global_requests": 64, "smoke": false, "profiled": true, "nomination": true}
