NCCL version 2.21.5+cuda12.4
LA_CA_NEAR event=0 split_controllerLA_CA_NEAR event=0 split_controllerLA_CA_NEAR event=0 split_controller


LA_CA_NEAR event=0 split_controller
LA_CA_NEAR event=0 split_controllerLA_CA_NEAR event=0 split_controllerLA_CA_NEAR event=0 split_controller


LA_CA_NEAR event=0 split_controller
LA_CA_NEAR event=768 split_controllerLA_CA_NEAR event=768 split_controllerLA_CA_NEAR event=768 split_controller


LA_CA_NEAR event=768 split_controller
LA_CA_NEAR event=1536 split_controllerLA_CA_NEAR event=1536 split_controllerLA_CA_NEAR event=1536 split_controller


LA_CA_NEAR event=1536 split_controller
LA_CA_NEAR event=2304 split_controllerLA_CA_NEAR event=2304 split_controllerLA_CA_NEAR event=2304 split_controller


LA_CA_NEAR event=2304 split_controller
{"status": "PASS", "candidate": "_warmup", "arm": "R-NEAR", "repeat": 0, "TTFT": 9.604703783, "TPOT": 2.6303134075714287, "E2E": 175.31444846, "throughput": 46.72746640086027, "output_tokens": 64, "decode_forwards": 63, "local_batch": 32, "global_requests": 128, "smoke": false, "profiled": false, "nomination": false}
LA_CA_NEAR event=0 split_controllerLA_CA_NEAR event=0 split_controllerLA_CA_NEAR event=0 split_controller


LA_CA_NEAR event=0 split_controller
LA_CA_NEAR event=768 split_controllerLA_CA_NEAR event=768 split_controllerLA_CA_NEAR event=768 split_controller


LA_CA_NEAR event=768 split_controller
LA_CA_NEAR event=1536 split_controllerLA_CA_NEAR event=1536 split_controllerLA_CA_NEAR event=1536 split_controller


LA_CA_NEAR event=1536 split_controller
LA_CA_NEAR event=2304 split_controllerLA_CA_NEAR event=2304 split_controllerLA_CA_NEAR event=2304 split_controller


LA_CA_NEAR event=2304 split_controller
{"status": "PASS", "candidate": "_warmup", "arm": "G-NEAR", "repeat": 0, "TTFT": 9.426034192, "TPOT": 2.5858702338095236, "E2E": 172.335858922, "throughput": 47.535086726829945, "output_tokens": 64, "decode_forwards": 63, "local_batch": 32, "global_requests": 128, "smoke": false, "profiled": false, "nomination": false}
{"status": "PASS", "candidate": "family_2", "arm": "R-NEAR", "repeat": 1, "TTFT": 9.251401725, "TPOT": 0.8528226145079365, "E2E": 62.979226439, "throughput": 130.07463672064236, "output_tokens": 64, "decode_forwards": 63, "local_batch": 32, "global_requests": 128, "smoke": false, "profiled": false, "nomination": false}
{"status": "PASS", "candidate": "family_2", "arm": "G-NEAR", "repeat": 1, "TTFT": 9.379599169, "TPOT": 0.8368804244285715, "E2E": 62.103065908, "throughput": 131.90975163989, "output_tokens": 64, "decode_forwards": 63, "local_batch": 32, "global_requests": 128, "smoke": false, "profiled": false, "nomination": false}
{"status": "PASS", "candidate": "family_6", "arm": "G-NEAR", "repeat": 1, "TTFT": 9.235416212, "TPOT": 1.109042117238095, "E2E": 79.105069598, "throughput": 103.55847029312413, "output_tokens": 64, "decode_forwards": 63, "local_batch": 32, "global_requests": 128, "smoke": false, "profiled": false, "nomination": false}
{"status": "PASS", "candidate": "family_6", "arm": "R-NEAR", "repeat": 1, "TTFT": 9.265937954, "TPOT": 1.1005497454920634, "E2E": 78.60057192, "throughput": 104.22316021234367, "output_tokens": 64, "decode_forwards": 63, "local_batch": 32, "global_requests": 128, "smoke": false, "profiled": false, "nomination": false}
{"status": "PASS", "candidate": "family_5", "arm": "R-NEAR", "repeat": 1, "TTFT": 9.765170377, "TPOT": 1.266481349, "E2E": 89.553495364, "throughput": 91.47604978122537, "output_tokens": 64, "decode_forwards": 63, "local_batch": 32, "global_requests": 128, "smoke": false, "profiled": false, "nomination": false}
{"status": "PASS", "candidate": "family_5", "arm": "G-NEAR", "repeat": 1, "TTFT": 9.43217733, "TPOT": 1.2474135887460316, "E2E": 88.019233421, "throughput": 93.07056743856529, "output_tokens": 64, "decode_forwards": 63, "local_batch": 32, "global_requests": 128, "smoke": false, "profiled": false, "nomination": false}
{"status": "PASS", "candidate": "family_7", "arm": "G-NEAR", "repeat": 1, "TTFT": 9.682671265, "TPOT": 1.4673073442380953, "E2E": 102.123033952, "throughput": 80.2169665645697, "output_tokens": 64, "decode_forwards": 63, "local_batch": 32, "global_requests": 128, "smoke": false, "profiled": false, "nomination": false}
{"status": "PASS", "candidate": "family_7", "arm": "R-NEAR", "repeat": 1, "TTFT": 9.471107603, "TPOT": 1.4601621252857144, "E2E": 101.461321496, "throughput": 80.74012716582803, "output_tokens": 64, "decode_forwards": 63, "local_batch": 32, "global_requests": 128, "smoke": false, "profiled": false, "nomination": false}
{"status": "PASS", "candidate": "family_3", "arm": "R-NEAR", "repeat": 1, "TTFT": 9.293400953, "TPOT": 1.2788240277301586, "E2E": 89.8593147, "throughput": 91.16472819038759, "output_tokens": 64, "decode_forwards": 63, "local_batch": 32, "global_requests": 128, "smoke": false, "profiled": false, "nomination": false}
{"status": "PASS", "candidate": "family_3", "arm": "G-NEAR", "repeat": 1, "TTFT": 9.75029212, "TPOT": 1.2628058987460318, "E2E": 89.307063741, "throughput": 91.72846644871981, "output_tokens": 64, "decode_forwards": 63, "local_batch": 32, "global_requests": 128, "smoke": false, "profiled": false, "nomination": false}
{"status": "PASS", "candidate": "coherent_7", "arm": "G-NEAR", "repeat": 1, "TTFT": 9.503480754, "TPOT": 1.2921221813015873, "E2E": 90.907178176, "throughput": 90.11389600213917, "output_tokens": 64, "decode_forwards": 63, "local_batch": 32, "global_requests": 128, "smoke": false, "profiled": false, "nomination": false}
{"status": "PASS", "candidate": "coherent_7", "arm": "R-NEAR", "repeat": 1, "TTFT": 9.519493853, "TPOT": 1.299554573095238, "E2E": 91.391431958, "throughput": 89.63641147197178, "output_tokens": 64, "decode_forwards": 63, "local_batch": 32, "global_requests": 128, "smoke": false, "profiled": false, "nomination": false}
{"status": "PASS", "candidate": "mixed_3", "arm": "R-NEAR", "repeat": 1, "TTFT": 9.527098592, "TPOT": 1.614813981936508, "E2E": 111.260379454, "throughput": 73.62908557566927, "output_tokens": 64, "decode_forwards": 63, "local_batch": 32, "global_requests": 128, "smoke": false, "profiled": false, "nomination": false}
{"status": "PASS", "candidate": "mixed_3", "arm": "G-NEAR", "repeat": 1, "TTFT": 9.416105571, "TPOT": 1.6138034136825399, "E2E": 111.085720633, "throughput": 73.74485175339827, "output_tokens": 64, "decode_forwards": 63, "local_batch": 32, "global_requests": 128, "smoke": false, "profiled": false, "nomination": false}
{"status": "PASS", "candidate": "coherent_0", "arm": "G-NEAR", "repeat": 1, "TTFT": 9.531890253, "TPOT": 1.339899330015873, "E2E": 93.945548044, "throughput": 87.19944872920667, "output_tokens": 64, "decode_forwards": 63, "local_batch": 32, "global_requests": 128, "smoke": false, "profiled": false, "nomination": false}
{"status": "PASS", "candidate": "coherent_0", "arm": "R-NEAR", "repeat": 1, "TTFT": 9.49525256, "TPOT": 1.3580792746984127, "E2E": 95.054246866, "throughput": 86.1823671229381, "output_tokens": 64, "decode_forwards": 63, "local_batch": 32, "global_requests": 128, "smoke": false, "profiled": false, "nomination": false}
{"status": "PASS", "candidate": "previous_best_control", "arm": "R-NEAR", "repeat": 1, "TTFT": 9.409355987, "TPOT": 1.5090123173015872, "E2E": 104.477131977, "throughput": 78.40950306525852, "output_tokens": 64, "decode_forwards": 63, "local_batch": 32, "global_requests": 128, "smoke": false, "profiled": false, "nomination": false}
{"status": "PASS", "candidate": "previous_best_control", "arm": "G-NEAR", "repeat": 1, "TTFT": 9.315564534, "TPOT": 1.5215467915714285, "E2E": 105.173012403, "throughput": 77.89070421041137, "output_tokens": 64, "decode_forwards": 63, "local_batch": 32, "global_requests": 128, "smoke": false, "profiled": false, "nomination": false}
