NCCL version 2.21.5+cuda12.4
LA_CA_NEAR event=0 split_controller
LA_CA_NEAR event=0 split_controller
LA_CA_NEAR event=0 split_controller
LA_CA_NEAR event=0 split_controller
LA_CA_NEAR event=0 split_controllerLA_CA_NEAR event=0 split_controllerLA_CA_NEAR event=0 split_controller


LA_CA_NEAR event=0 split_controller
LA_CA_NEAR event=768 split_controllerLA_CA_NEAR event=768 split_controllerLA_CA_NEAR event=768 split_controller


LA_CA_NEAR event=768 split_controller
LA_CA_NEAR event=1536 split_controllerLA_CA_NEAR event=1536 split_controllerLA_CA_NEAR event=1536 split_controller


LA_CA_NEAR event=1536 split_controller
LA_CA_NEAR event=2304 split_controllerLA_CA_NEAR event=2304 split_controllerLA_CA_NEAR event=2304 split_controller


LA_CA_NEAR event=2304 split_controller
{"status": "PASS", "candidate": "_warmup", "arm": "R-NEAR", "repeat": 0, "TTFT": 10.502340133, "TPOT": 3.6556385032380954, "E2E": 240.807565837, "throughput": 34.01886469607469, "output_tokens": 64, "decode_forwards": 63, "local_batch": 32, "global_requests": 128, "smoke": false, "profiled": false, "nomination": false}
LA_CA_NEAR event=0 split_controllerLA_CA_NEAR event=0 split_controllerLA_CA_NEAR event=0 split_controller


LA_CA_NEAR event=0 split_controller
LA_CA_NEAR event=768 split_controllerLA_CA_NEAR event=768 split_controllerLA_CA_NEAR event=768 split_controller


LA_CA_NEAR event=768 split_controller
LA_CA_NEAR event=1536 split_controllerLA_CA_NEAR event=1536 split_controllerLA_CA_NEAR event=1536 split_controller


LA_CA_NEAR event=1536 split_controller
LA_CA_NEAR event=2304 split_controllerLA_CA_NEAR event=2304 split_controllerLA_CA_NEAR event=2304 split_controller


LA_CA_NEAR event=2304 split_controller
{"status": "PASS", "candidate": "_warmup", "arm": "G-NEAR", "repeat": 0, "TTFT": 10.463978044, "TPOT": 2.676034408190476, "E2E": 179.05414576, "throughput": 45.751523737296566, "output_tokens": 64, "decode_forwards": 63, "local_batch": 32, "global_requests": 128, "smoke": false, "profiled": false, "nomination": false}
{"status": "PASS", "candidate": "previous_best_control", "arm": "G-NEAR", "repeat": 1, "TTFT": 9.054987679, "TPOT": 1.3425322086666667, "E2E": 29.192970809, "throughput": 70.15387414317611, "output_tokens": 16, "decode_forwards": 15, "local_batch": 32, "global_requests": 128, "smoke": false, "profiled": true, "nomination": true}
{"status": "PASS", "candidate": "random_100", "arm": "G-NEAR", "repeat": 1, "TTFT": 9.099993007, "TPOT": 1.7213454087333333, "E2E": 34.920174138, "throughput": 58.648046596404974, "output_tokens": 16, "decode_forwards": 15, "local_batch": 32, "global_requests": 128, "smoke": false, "profiled": true, "nomination": true}
{"status": "PASS", "candidate": "random_101", "arm": "G-NEAR", "repeat": 1, "TTFT": 10.30048586, "TPOT": 1.7396072215333334, "E2E": 36.394594183, "throughput": 56.272093314249, "output_tokens": 16, "decode_forwards": 15, "local_batch": 32, "global_requests": 128, "smoke": false, "profiled": true, "nomination": true}
{"status": "PASS", "candidate": "random_102", "arm": "G-NEAR", "repeat": 1, "TTFT": 10.614225134, "TPOT": 1.7163035921999998, "E2E": 36.358779017, "throughput": 56.32752406351247, "output_tokens": 16, "decode_forwards": 15, "local_batch": 32, "global_requests": 128, "smoke": false, "profiled": true, "nomination": true}
{"status": "PASS", "candidate": "random_103", "arm": "G-NEAR", "repeat": 1, "TTFT": 10.558908523, "TPOT": 1.6740303708666666, "E2E": 35.669364086, "throughput": 57.41621844062611, "output_tokens": 16, "decode_forwards": 15, "local_batch": 32, "global_requests": 128, "smoke": false, "profiled": true, "nomination": true}
{"status": "PASS", "candidate": "random_104", "arm": "G-NEAR", "repeat": 1, "TTFT": 10.543805381, "TPOT": 1.6537493774666667, "E2E": 35.350046043, "throughput": 57.93486089123621, "output_tokens": 16, "decode_forwards": 15, "local_batch": 32, "global_requests": 128, "smoke": false, "profiled": true, "nomination": true}
{"status": "PASS", "candidate": "random_105", "arm": "G-NEAR", "repeat": 1, "TTFT": 9.59091122, "TPOT": 1.6002653332666665, "E2E": 33.594891219, "throughput": 60.96164999164304, "output_tokens": 16, "decode_forwards": 15, "local_batch": 32, "global_requests": 128, "smoke": false, "profiled": true, "nomination": true}
{"status": "PASS", "candidate": "random_106", "arm": "G-NEAR", "repeat": 1, "TTFT": 10.336734323, "TPOT": 1.6013016656, "E2E": 34.356259307, "throughput": 59.610680595332596, "output_tokens": 16, "decode_forwards": 15, "local_batch": 32, "global_requests": 128, "smoke": false, "profiled": true, "nomination": true}
{"status": "PASS", "candidate": "random_107", "arm": "G-NEAR", "repeat": 1, "TTFT": 10.342185661, "TPOT": 1.7768911875333333, "E2E": 36.995553474, "throughput": 55.35800407579544, "output_tokens": 16, "decode_forwards": 15, "local_batch": 32, "global_requests": 128, "smoke": false, "profiled": true, "nomination": true}
{"status": "PASS", "candidate": "coherent_0", "arm": "G-NEAR", "repeat": 1, "TTFT": 10.407800206, "TPOT": 1.3525696964666667, "E2E": 30.696345653, "throughput": 66.71803944193096, "output_tokens": 16, "decode_forwards": 15, "local_batch": 32, "global_requests": 128, "smoke": false, "profiled": true, "nomination": true}
{"status": "PASS", "candidate": "coherent_1", "arm": "G-NEAR", "repeat": 1, "TTFT": 10.299424748, "TPOT": 1.6708694386666667, "E2E": 35.362466328, "throughput": 57.91451255135997, "output_tokens": 16, "decode_forwards": 15, "local_batch": 32, "global_requests": 128, "smoke": false, "profiled": true, "nomination": true}
{"status": "PASS", "candidate": "coherent_2", "arm": "G-NEAR", "repeat": 1, "TTFT": 10.471122898, "TPOT": 1.5299062939333332, "E2E": 33.419717307, "throughput": 61.28118862247323, "output_tokens": 16, "decode_forwards": 15, "local_batch": 32, "global_requests": 128, "smoke": false, "profiled": true, "nomination": true}
{"status": "PASS", "candidate": "coherent_3", "arm": "G-NEAR", "repeat": 1, "TTFT": 9.621010794, "TPOT": 1.4966701452666666, "E2E": 32.071062973, "throughput": 63.858188976279685, "output_tokens": 16, "decode_forwards": 15, "local_batch": 32, "global_requests": 128, "smoke": false, "profiled": true, "nomination": true}
{"status": "PASS", "candidate": "coherent_4", "arm": "G-NEAR", "repeat": 1, "TTFT": 10.334661912, "TPOT": 1.4525299324666667, "E2E": 32.122610899, "throughput": 63.755714205153716, "output_tokens": 16, "decode_forwards": 15, "local_batch": 32, "global_requests": 128, "smoke": false, "profiled": true, "nomination": true}
{"status": "PASS", "candidate": "coherent_5", "arm": "G-NEAR", "repeat": 1, "TTFT": 9.565188251, "TPOT": 1.5304979102, "E2E": 32.522656904, "throughput": 62.971484957248805, "output_tokens": 16, "decode_forwards": 15, "local_batch": 32, "global_requests": 128, "smoke": false, "profiled": true, "nomination": true}
{"status": "PASS", "candidate": "coherent_6", "arm": "G-NEAR", "repeat": 1, "TTFT": 9.605301365, "TPOT": 1.3476061934, "E2E": 29.819394266, "throughput": 68.68013420162342, "output_tokens": 16, "decode_forwards": 15, "local_batch": 32, "global_requests": 128, "smoke": false, "profiled": true, "nomination": true}
{"status": "PASS", "candidate": "coherent_7", "arm": "G-NEAR", "repeat": 1, "TTFT": 9.497007752, "TPOT": 1.1782800434, "E2E": 27.171208403, "throughput": 75.37390202247605, "output_tokens": 16, "decode_forwards": 15, "local_batch": 32, "global_requests": 128, "smoke": false, "profiled": true, "nomination": true}
{"status": "PASS", "candidate": "mixed_0", "arm": "G-NEAR", "repeat": 1, "TTFT": 9.757264451, "TPOT": 1.4150475986, "E2E": 30.98297843, "throughput": 66.10081095421658, "output_tokens": 16, "decode_forwards": 15, "local_batch": 32, "global_requests": 128, "smoke": false, "profiled": true, "nomination": true}
{"status": "PASS", "candidate": "mixed_1", "arm": "G-NEAR", "repeat": 1, "TTFT": 10.349131043, "TPOT": 1.5437138982666667, "E2E": 33.504839517, "throughput": 61.12549797353503, "output_tokens": 16, "decode_forwards": 15, "local_batch": 32, "global_requests": 128, "smoke": false, "profiled": true, "nomination": true}
{"status": "PASS", "candidate": "mixed_2", "arm": "G-NEAR", "repeat": 1, "TTFT": 9.516490405, "TPOT": 1.5343268786000002, "E2E": 32.531393584, "throughput": 62.95457324051661, "output_tokens": 16, "decode_forwards": 15, "local_batch": 32, "global_requests": 128, "smoke": false, "profiled": true, "nomination": true}
{"status": "PASS", "candidate": "mixed_3", "arm": "G-NEAR", "repeat": 1, "TTFT": 9.581226393, "TPOT": 1.4373461902666667, "E2E": 31.141419247, "throughput": 65.76450430072462, "output_tokens": 16, "decode_forwards": 15, "local_batch": 32, "global_requests": 128, "smoke": false, "profiled": true, "nomination": true}
{"status": "PASS", "candidate": "mixed_4", "arm": "G-NEAR", "repeat": 1, "TTFT": 9.163520172, "TPOT": 1.4009986123333333, "E2E": 30.178499357, "throughput": 67.86288396162283, "output_tokens": 16, "decode_forwards": 15, "local_batch": 32, "global_requests": 128, "smoke": false, "profiled": true, "nomination": true}
{"status": "PASS", "candidate": "mixed_5", "arm": "G-NEAR", "repeat": 1, "TTFT": 10.42588453, "TPOT": 1.5910298621333332, "E2E": 34.291332462, "throughput": 59.7235468254112, "output_tokens": 16, "decode_forwards": 15, "local_batch": 32, "global_requests": 128, "smoke": false, "profiled": true, "nomination": true}
{"status": "PASS", "candidate": "mixed_6", "arm": "G-NEAR", "repeat": 1, "TTFT": 9.343986939, "TPOT": 1.5461067525333334, "E2E": 32.535588227, "throughput": 62.94645683708419, "output_tokens": 16, "decode_forwards": 15, "local_batch": 32, "global_requests": 128, "smoke": false, "profiled": true, "nomination": true}
{"status": "PASS", "candidate": "mixed_7", "arm": "G-NEAR", "repeat": 1, "TTFT": 10.440005924, "TPOT": 1.4175978813333332, "E2E": 31.703974144, "throughput": 64.59757980806913, "output_tokens": 16, "decode_forwards": 15, "local_batch": 32, "global_requests": 128, "smoke": false, "profiled": true, "nomination": true}
{"status": "PASS", "candidate": "family_0", "arm": "G-NEAR", "repeat": 1, "TTFT": 9.37830362, "TPOT": 1.3687023154666667, "E2E": 29.908838352, "throughput": 68.47474234528572, "output_tokens": 16, "decode_forwards": 15, "local_batch": 32, "global_requests": 128, "smoke": false, "profiled": true, "nomination": true}
{"status": "PASS", "candidate": "family_1", "arm": "G-NEAR", "repeat": 1, "TTFT": 10.31185804, "TPOT": 1.6371198160666667, "E2E": 34.868655281, "throughput": 58.73469978969792, "output_tokens": 16, "decode_forwards": 15, "local_batch": 32, "global_requests": 128, "smoke": false, "profiled": true, "nomination": true}
{"status": "PASS", "candidate": "family_2", "arm": "G-NEAR", "repeat": 1, "TTFT": 9.473861974, "TPOT": 0.7977255486, "E2E": 21.439745203, "throughput": 95.5235232792519, "output_tokens": 16, "decode_forwards": 15, "local_batch": 32, "global_requests": 128, "smoke": false, "profiled": true, "nomination": true}
{"status": "PASS", "candidate": "family_3", "arm": "G-NEAR", "repeat": 1, "TTFT": 10.061490092, "TPOT": 1.2063028373333333, "E2E": 28.156032652, "throughput": 72.73752042102866, "output_tokens": 16, "decode_forwards": 15, "local_batch": 32, "global_requests": 128, "smoke": false, "profiled": true, "nomination": true}
{"status": "PASS", "candidate": "family_4", "arm": "G-NEAR", "repeat": 1, "TTFT": 9.582797048, "TPOT": 1.7386598661333332, "E2E": 35.66269504, "throughput": 57.426955469936345, "output_tokens": 16, "decode_forwards": 15, "local_batch": 32, "global_requests": 128, "smoke": false, "profiled": true, "nomination": true}
{"status": "PASS", "candidate": "family_5", "arm": "G-NEAR", "repeat": 1, "TTFT": 10.147211268, "TPOT": 1.1855378213333334, "E2E": 27.930278588, "throughput": 73.32544118911528, "output_tokens": 16, "decode_forwards": 15, "local_batch": 32, "global_requests": 128, "smoke": false, "profiled": true, "nomination": true}
{"status": "PASS", "candidate": "family_6", "arm": "G-NEAR", "repeat": 1, "TTFT": 9.462189392, "TPOT": 1.0521916496000001, "E2E": 25.245064136, "throughput": 81.12476914168376, "output_tokens": 16, "decode_forwards": 15, "local_batch": 32, "global_requests": 128, "smoke": false, "profiled": true, "nomination": true}
{"status": "PASS", "candidate": "family_7", "arm": "G-NEAR", "repeat": 1, "TTFT": 10.438959039, "TPOT": 1.3116366026, "E2E": 30.113508078, "throughput": 68.00934632707923, "output_tokens": 16, "decode_forwards": 15, "local_batch": 32, "global_requests": 128, "smoke": false, "profiled": true, "nomination": true}
