NCCL version 2.21.5+cuda12.4
LA_CA_NEAR event=0 split_controllerLA_CA_NEAR event=0 split_controllerLA_CA_NEAR event=0 split_controller


LA_CA_NEAR event=0 split_controller
LA_CA_NEAR event=0 split_controllerLA_CA_NEAR event=0 split_controllerLA_CA_NEAR event=0 split_controller


LA_CA_NEAR event=0 split_controller
LA_CA_NEAR event=768 split_controllerLA_CA_NEAR event=768 split_controllerLA_CA_NEAR event=768 split_controller


LA_CA_NEAR event=768 split_controller
LA_CA_NEAR event=1536 split_controllerLA_CA_NEAR event=1536 split_controllerLA_CA_NEAR event=1536 split_controller


LA_CA_NEAR event=1536 split_controller
LA_CA_NEAR event=2304 split_controllerLA_CA_NEAR event=2304 split_controllerLA_CA_NEAR event=2304 split_controller


LA_CA_NEAR event=2304 split_controller
{"status": "PASS", "candidate": "_warmup", "arm": "R-NEAR", "repeat": 0, "TTFT": 6.692543277, "TPOT": 3.0079497935873016, "E2E": 196.193380273, "throughput": 20.877360868651532, "output_tokens": 64, "global_requests": 64, "smoke": false, "profiled": false, "nomination": false}
LA_CA_NEAR event=0 split_controller
LA_CA_NEAR event=0 split_controller
LA_CA_NEAR event=0 split_controllerLA_CA_NEAR event=0 split_controller

LA_CA_NEAR event=768 split_controllerLA_CA_NEAR event=768 split_controller

LA_CA_NEAR event=768 split_controller
LA_CA_NEAR event=768 split_controller
LA_CA_NEAR event=1536 split_controllerLA_CA_NEAR event=1536 split_controllerLA_CA_NEAR event=1536 split_controller


LA_CA_NEAR event=1536 split_controller
LA_CA_NEAR event=2304 split_controllerLA_CA_NEAR event=2304 split_controllerLA_CA_NEAR event=2304 split_controller


LA_CA_NEAR event=2304 split_controller
{"status": "PASS", "candidate": "_warmup", "arm": "G-NEAR", "repeat": 0, "TTFT": 8.195681227, "TPOT": 2.314831344079365, "E2E": 154.030055904, "throughput": 26.59221264291985, "output_tokens": 64, "global_requests": 64, "smoke": false, "profiled": false, "nomination": false}
{"status": "PASS", "candidate": "reference_control", "arm": "G-NEAR", "repeat": 1, "TTFT": 6.516598734, "TPOT": 1.3679943435333333, "E2E": 27.036513887, "throughput": 37.87470545499474, "output_tokens": 16, "global_requests": 64, "smoke": false, "profiled": true, "nomination": true}
{"status": "PASS", "candidate": "random_100", "arm": "G-NEAR", "repeat": 1, "TTFT": 6.471019088, "TPOT": 1.3494910144666667, "E2E": 26.713384305, "throughput": 38.3328442517235, "output_tokens": 16, "global_requests": 64, "smoke": false, "profiled": true, "nomination": true}
{"status": "PASS", "candidate": "random_101", "arm": "G-NEAR", "repeat": 1, "TTFT": 7.138555137, "TPOT": 1.2647239645333335, "E2E": 26.109414605, "throughput": 39.21956947299393, "output_tokens": 16, "global_requests": 64, "smoke": false, "profiled": true, "nomination": true}
{"status": "PASS", "candidate": "random_102", "arm": "G-NEAR", "repeat": 1, "TTFT": 6.292880211, "TPOT": 1.3032807208666666, "E2E": 25.842091024, "throughput": 39.625276416254145, "output_tokens": 16, "global_requests": 64, "smoke": false, "profiled": true, "nomination": true}
{"status": "PASS", "candidate": "random_103", "arm": "G-NEAR", "repeat": 1, "TTFT": 6.322565624, "TPOT": 1.2980479371333333, "E2E": 25.793284681, "throughput": 39.70025580938533, "output_tokens": 16, "global_requests": 64, "smoke": false, "profiled": true, "nomination": true}
{"status": "PASS", "candidate": "random_104", "arm": "G-NEAR", "repeat": 1, "TTFT": 6.498164465, "TPOT": 1.3567740482, "E2E": 26.849775188, "throughput": 38.138121933239034, "output_tokens": 16, "global_requests": 64, "smoke": false, "profiled": true, "nomination": true}
{"status": "PASS", "candidate": "random_105", "arm": "G-NEAR", "repeat": 1, "TTFT": 6.449453193, "TPOT": 1.4246143262666666, "E2E": 27.818668087, "throughput": 36.8098140715273, "output_tokens": 16, "global_requests": 64, "smoke": false, "profiled": true, "nomination": true}
{"status": "PASS", "candidate": "random_106", "arm": "G-NEAR", "repeat": 1, "TTFT": 6.45447047, "TPOT": 1.2421441374666666, "E2E": 25.086632532, "throughput": 40.818551421511295, "output_tokens": 16, "global_requests": 64, "smoke": false, "profiled": true, "nomination": true}
{"status": "PASS", "candidate": "random_107", "arm": "G-NEAR", "repeat": 1, "TTFT": 6.497232998, "TPOT": 1.3171895707333334, "E2E": 26.255076559, "throughput": 39.00198111016295, "output_tokens": 16, "global_requests": 64, "smoke": false, "profiled": true, "nomination": true}
{"status": "PASS", "candidate": "coherent_0", "arm": "G-NEAR", "repeat": 1, "TTFT": 6.484735922, "TPOT": 1.0244710700666666, "E2E": 21.851801973, "throughput": 46.86112391395686, "output_tokens": 16, "global_requests": 64, "smoke": false, "profiled": true, "nomination": true}
{"status": "PASS", "candidate": "coherent_1", "arm": "G-NEAR", "repeat": 1, "TTFT": 6.518926681, "TPOT": 1.2072226484666666, "E2E": 24.627266408, "throughput": 41.57992945848673, "output_tokens": 16, "global_requests": 64, "smoke": false, "profiled": true, "nomination": true}
{"status": "PASS", "candidate": "coherent_2", "arm": "G-NEAR", "repeat": 1, "TTFT": 6.539733744, "TPOT": 1.2551031686, "E2E": 25.366281273, "throughput": 40.368550241140426, "output_tokens": 16, "global_requests": 64, "smoke": false, "profiled": true, "nomination": true}
{"status": "PASS", "candidate": "coherent_3", "arm": "G-NEAR", "repeat": 1, "TTFT": 6.545005503, "TPOT": 1.2114872337333333, "E2E": 24.717314009, "throughput": 41.42844969429704, "output_tokens": 16, "global_requests": 64, "smoke": false, "profiled": true, "nomination": true}
{"status": "PASS", "candidate": "coherent_4", "arm": "G-NEAR", "repeat": 1, "TTFT": 6.649436781, "TPOT": 1.1180062830666666, "E2E": 23.419531027, "throughput": 43.7241889608911, "output_tokens": 16, "global_requests": 64, "smoke": false, "profiled": true, "nomination": true}
{"status": "PASS", "candidate": "coherent_5", "arm": "G-NEAR", "repeat": 1, "TTFT": 7.365108144, "TPOT": 1.2097337711333334, "E2E": 25.511114711, "throughput": 40.13936715820837, "output_tokens": 16, "global_requests": 64, "smoke": false, "profiled": true, "nomination": true}
{"status": "PASS", "candidate": "coherent_6", "arm": "G-NEAR", "repeat": 1, "TTFT": 6.57305897, "TPOT": 1.1049078354666666, "E2E": 23.146676502, "throughput": 44.23961253839275, "output_tokens": 16, "global_requests": 64, "smoke": false, "profiled": true, "nomination": true}
{"status": "PASS", "candidate": "coherent_7", "arm": "G-NEAR", "repeat": 1, "TTFT": 6.542633121, "TPOT": 1.3491035317333333, "E2E": 26.779186097, "throughput": 38.23865282129377, "output_tokens": 16, "global_requests": 64, "smoke": false, "profiled": true, "nomination": true}
{"status": "PASS", "candidate": "mixed_0", "arm": "G-NEAR", "repeat": 1, "TTFT": 6.46548855, "TPOT": 0.9892005066666666, "E2E": 21.30349615, "throughput": 48.06722768835293, "output_tokens": 16, "global_requests": 64, "smoke": false, "profiled": true, "nomination": true}
{"status": "PASS", "candidate": "mixed_1", "arm": "G-NEAR", "repeat": 1, "TTFT": 6.478155963, "TPOT": 1.2239994776, "E2E": 24.838148127, "throughput": 41.22690607867313, "output_tokens": 16, "global_requests": 64, "smoke": false, "profiled": true, "nomination": true}
{"status": "PASS", "candidate": "mixed_2", "arm": "G-NEAR", "repeat": 1, "TTFT": 6.403334969, "TPOT": 1.311342097, "E2E": 26.073466424, "throughput": 39.27364253559445, "output_tokens": 16, "global_requests": 64, "smoke": false, "profiled": true, "nomination": true}
{"status": "PASS", "candidate": "mixed_3", "arm": "G-NEAR", "repeat": 1, "TTFT": 6.522127081, "TPOT": 1.3321538928, "E2E": 26.504435473, "throughput": 38.63504284191022, "output_tokens": 16, "global_requests": 64, "smoke": false, "profiled": true, "nomination": true}
{"status": "PASS", "candidate": "mixed_4", "arm": "G-NEAR", "repeat": 1, "TTFT": 7.172674322, "TPOT": 1.1285321097333332, "E2E": 24.100655968, "throughput": 42.488470079803264, "output_tokens": 16, "global_requests": 64, "smoke": false, "profiled": true, "nomination": true}
{"status": "PASS", "candidate": "mixed_5", "arm": "G-NEAR", "repeat": 1, "TTFT": 6.886513424, "TPOT": 1.3355721366, "E2E": 26.920095473, "throughput": 38.03849808136971, "output_tokens": 16, "global_requests": 64, "smoke": false, "profiled": true, "nomination": true}
{"status": "PASS", "candidate": "mixed_6", "arm": "G-NEAR", "repeat": 1, "TTFT": 7.101208686, "TPOT": 1.5196614151333334, "E2E": 29.896129913, "throughput": 34.25192501437201, "output_tokens": 16, "global_requests": 64, "smoke": false, "profiled": true, "nomination": true}
{"status": "PASS", "candidate": "mixed_7", "arm": "G-NEAR", "repeat": 1, "TTFT": 6.837219972, "TPOT": 1.4934119077333332, "E2E": 29.238398588, "throughput": 35.02243793954808, "output_tokens": 16, "global_requests": 64, "smoke": false, "profiled": true, "nomination": true}
{"status": "PASS", "candidate": "family_0", "arm": "G-NEAR", "repeat": 1, "TTFT": 7.268691654, "TPOT": 0.9245259059333333, "E2E": 21.136580243, "throughput": 48.4468153422845, "output_tokens": 16, "global_requests": 64, "smoke": false, "profiled": true, "nomination": true}
{"status": "PASS", "candidate": "family_1", "arm": "G-NEAR", "repeat": 1, "TTFT": 6.277654874, "TPOT": 0.9347370845333334, "E2E": 20.298711142, "throughput": 50.446552632656804, "output_tokens": 16, "global_requests": 64, "smoke": false, "profiled": true, "nomination": true}
{"status": "PASS", "candidate": "family_2", "arm": "G-NEAR", "repeat": 1, "TTFT": 6.420722247, "TPOT": 0.6988124313333334, "E2E": 16.902908717, "throughput": 60.58128912274833, "output_tokens": 16, "global_requests": 64, "smoke": false, "profiled": true, "nomination": true}
{"status": "PASS", "candidate": "family_3", "arm": "G-NEAR", "repeat": 1, "TTFT": 6.385851353, "TPOT": 0.8817403767333333, "E2E": 19.611957004, "throughput": 52.21304532694763, "output_tokens": 16, "global_requests": 64, "smoke": false, "profiled": true, "nomination": true}
{"status": "PASS", "candidate": "family_4", "arm": "G-NEAR", "repeat": 1, "TTFT": 6.089390218, "TPOT": 0.8894887918666666, "E2E": 19.431722096, "throughput": 52.697336599456065, "output_tokens": 16, "global_requests": 64, "smoke": false, "profiled": true, "nomination": true}
{"status": "PASS", "candidate": "family_5", "arm": "G-NEAR", "repeat": 1, "TTFT": 6.541354479, "TPOT": 0.6484398322666666, "E2E": 16.267951963, "throughput": 62.94584606156916, "output_tokens": 16, "global_requests": 64, "smoke": false, "profiled": true, "nomination": true}
{"status": "PASS", "candidate": "family_6", "arm": "G-NEAR", "repeat": 1, "TTFT": 6.522180194, "TPOT": 1.0143550623333333, "E2E": 21.737506129, "throughput": 47.10751978277223, "output_tokens": 16, "global_requests": 64, "smoke": false, "profiled": true, "nomination": true}
{"status": "PASS", "candidate": "family_7", "arm": "G-NEAR", "repeat": 1, "TTFT": 6.810969743, "TPOT": 1.0270135241333334, "E2E": 22.216172605, "throughput": 46.09254790222224, "output_tokens": 16, "global_requests": 64, "smoke": false, "profiled": true, "nomination": true}
