NCCL version 2.21.5+cuda12.4
LA_CA_NEAR event=0 split_controllerLA_CA_NEAR event=0 split_controllerLA_CA_NEAR event=0 split_controller


LA_CA_NEAR event=0 split_controller
LA_CA_NEAR event=0 split_controllerLA_CA_NEAR event=0 split_controller

LA_CA_NEAR event=0 split_controllerLA_CA_NEAR event=0 split_controller

LA_CA_NEAR event=768 split_controllerLA_CA_NEAR event=768 split_controllerLA_CA_NEAR event=768 split_controller


LA_CA_NEAR event=768 split_controller
LA_CA_NEAR event=1536 split_controllerLA_CA_NEAR event=1536 split_controllerLA_CA_NEAR event=1536 split_controller


LA_CA_NEAR event=1536 split_controller
LA_CA_NEAR event=2304 split_controller
LA_CA_NEAR event=2304 split_controller
LA_CA_NEAR event=2304 split_controllerLA_CA_NEAR event=2304 split_controller

{"status": "PASS", "candidate": "_warmup", "arm": "R-NEAR", "repeat": 0, "TTFT": 6.713630069, "TPOT": 2.3452503014761907, "E2E": 154.464399062, "throughput": 26.51743718859074, "output_tokens": 64, "global_requests": 64, "smoke": false, "profiled": false, "nomination": false}
LA_CA_NEAR event=0 split_controllerLA_CA_NEAR event=0 split_controllerLA_CA_NEAR event=0 split_controller


LA_CA_NEAR event=0 split_controller
LA_CA_NEAR event=768 split_controllerLA_CA_NEAR event=768 split_controller

LA_CA_NEAR event=768 split_controller
LA_CA_NEAR event=768 split_controller
LA_CA_NEAR event=1536 split_controllerLA_CA_NEAR event=1536 split_controllerLA_CA_NEAR event=1536 split_controller


LA_CA_NEAR event=1536 split_controller
LA_CA_NEAR event=2304 split_controllerLA_CA_NEAR event=2304 split_controllerLA_CA_NEAR event=2304 split_controller


LA_CA_NEAR event=2304 split_controller
{"status": "PASS", "candidate": "_warmup", "arm": "G-NEAR", "repeat": 0, "TTFT": 7.134583211, "TPOT": 2.293037146031746, "E2E": 151.595923411, "throughput": 27.019196214763046, "output_tokens": 64, "global_requests": 64, "smoke": false, "profiled": false, "nomination": false}
{"status": "PASS", "candidate": "family_5", "arm": "R-NEAR", "repeat": 1, "TTFT": 6.2880747, "TPOT": 0.8503816655238096, "E2E": 59.862119628, "throughput": 68.42390522510216, "output_tokens": 64, "global_requests": 64, "smoke": false, "profiled": false, "nomination": false}
{"status": "PASS", "candidate": "family_5", "arm": "G-NEAR", "repeat": 1, "TTFT": 6.2061354, "TPOT": 0.839660262031746, "E2E": 59.104731908, "throughput": 69.300711935817, "output_tokens": 64, "global_requests": 64, "smoke": false, "profiled": false, "nomination": false}
{"status": "PASS", "candidate": "family_2", "arm": "G-NEAR", "repeat": 1, "TTFT": 6.407191401, "TPOT": 0.7383468471269842, "E2E": 52.92304277, "throughput": 77.39539878311497, "output_tokens": 64, "global_requests": 64, "smoke": false, "profiled": false, "nomination": false}
{"status": "PASS", "candidate": "family_2", "arm": "R-NEAR", "repeat": 1, "TTFT": 6.208258661, "TPOT": 0.7397837932222222, "E2E": 52.814637634, "throughput": 77.5542573705581, "output_tokens": 64, "global_requests": 64, "smoke": false, "profiled": false, "nomination": false}
{"status": "PASS", "candidate": "mixed_0", "arm": "R-NEAR", "repeat": 1, "TTFT": 6.556298995, "TPOT": 1.2814684525238096, "E2E": 87.288811504, "throughput": 46.924685185022845, "output_tokens": 64, "global_requests": 64, "smoke": false, "profiled": false, "nomination": false}
{"status": "PASS", "candidate": "mixed_0", "arm": "G-NEAR", "repeat": 1, "TTFT": 6.223362896, "TPOT": 1.2588836648888888, "E2E": 85.533033784, "throughput": 47.88793076536714, "output_tokens": 64, "global_requests": 64, "smoke": false, "profiled": false, "nomination": false}
{"status": "PASS", "candidate": "family_6", "arm": "G-NEAR", "repeat": 1, "TTFT": 6.333249939, "TPOT": 0.9350840915873015, "E2E": 65.243547709, "throughput": 62.780154418779084, "output_tokens": 64, "global_requests": 64, "smoke": false, "profiled": false, "nomination": false}
{"status": "PASS", "candidate": "family_6", "arm": "R-NEAR", "repeat": 1, "TTFT": 6.304623199, "TPOT": 0.9356921959523808, "E2E": 65.253231544, "throughput": 62.770837598105516, "output_tokens": 64, "global_requests": 64, "smoke": false, "profiled": false, "nomination": false}
{"status": "PASS", "candidate": "family_3", "arm": "R-NEAR", "repeat": 1, "TTFT": 6.749215303, "TPOT": 0.9754539463174603, "E2E": 68.202813921, "throughput": 60.05617311837658, "output_tokens": 64, "global_requests": 64, "smoke": false, "profiled": false, "nomination": false}
{"status": "PASS", "candidate": "family_3", "arm": "G-NEAR", "repeat": 1, "TTFT": 6.398157718, "TPOT": 0.9616452192222222, "E2E": 66.981806529, "throughput": 61.15093354830051, "output_tokens": 64, "global_requests": 64, "smoke": false, "profiled": false, "nomination": false}
{"status": "PASS", "candidate": "family_0", "arm": "G-NEAR", "repeat": 1, "TTFT": 6.460224564, "TPOT": 1.081996633190476, "E2E": 74.626012455, "throughput": 54.88702752903911, "output_tokens": 64, "global_requests": 64, "smoke": false, "profiled": false, "nomination": false}
{"status": "PASS", "candidate": "family_0", "arm": "R-NEAR", "repeat": 1, "TTFT": 6.710145437, "TPOT": 1.1141329778412699, "E2E": 76.900523041, "throughput": 53.26361691735428, "output_tokens": 64, "global_requests": 64, "smoke": false, "profiled": false, "nomination": false}
{"status": "PASS", "candidate": "coherent_0", "arm": "R-NEAR", "repeat": 1, "TTFT": 6.608335272, "TPOT": 1.2736043236031747, "E2E": 86.845407659, "throughput": 47.16426706272156, "output_tokens": 64, "global_requests": 64, "smoke": false, "profiled": false, "nomination": false}
{"status": "PASS", "candidate": "coherent_0", "arm": "G-NEAR", "repeat": 1, "TTFT": 6.649630497, "TPOT": 1.283723370920635, "E2E": 87.524202865, "throughput": 46.79848391556099, "output_tokens": 64, "global_requests": 64, "smoke": false, "profiled": false, "nomination": false}
{"status": "PASS", "candidate": "mixed_4", "arm": "G-NEAR", "repeat": 1, "TTFT": 6.47695954, "TPOT": 1.2669215447619047, "E2E": 86.29301686, "throughput": 47.46618149467721, "output_tokens": 64, "global_requests": 64, "smoke": false, "profiled": false, "nomination": false}
{"status": "PASS", "candidate": "mixed_4", "arm": "R-NEAR", "repeat": 1, "TTFT": 6.289721133, "TPOT": 1.2579616696984128, "E2E": 85.541306324, "throughput": 47.8832996130058, "output_tokens": 64, "global_requests": 64, "smoke": false, "profiled": false, "nomination": false}
