NCCL version 2.21.5+cuda12.4
LA_CA_NEAR event=0 split_controllerLA_CA_NEAR event=0 split_controller

LA_CA_NEAR event=0 split_controller
LA_CA_NEAR event=0 split_controller
LA_CA_NEAR event=0 split_controllerLA_CA_NEAR event=0 split_controllerLA_CA_NEAR event=0 split_controller


LA_CA_NEAR event=0 split_controller
LA_CA_NEAR event=768 split_controllerLA_CA_NEAR event=768 split_controllerLA_CA_NEAR event=768 split_controller


LA_CA_NEAR event=768 split_controller
LA_CA_NEAR event=1536 split_controllerLA_CA_NEAR event=1536 split_controllerLA_CA_NEAR event=1536 split_controller


LA_CA_NEAR event=1536 split_controller
LA_CA_NEAR event=2304 split_controllerLA_CA_NEAR event=2304 split_controllerLA_CA_NEAR event=2304 split_controller


LA_CA_NEAR event=2304 split_controller
{"status": "PASS", "candidate": "_warmup", "arm": "R-NEAR", "repeat": 0, "TTFT": 17.055610972, "TPOT": 3.3396164359365077, "E2E": 227.451446436, "throughput": 72.03295585376772, "output_tokens": 64, "decode_forwards": 63, "local_batch": 64, "global_requests": 256, "smoke": false, "profiled": false, "nomination": false}
LA_CA_NEAR event=0 split_controllerLA_CA_NEAR event=0 split_controllerLA_CA_NEAR event=0 split_controller


LA_CA_NEAR event=0 split_controller
LA_CA_NEAR event=768 split_controllerLA_CA_NEAR event=768 split_controllerLA_CA_NEAR event=768 split_controller


LA_CA_NEAR event=768 split_controller
LA_CA_NEAR event=1536 split_controllerLA_CA_NEAR event=1536 split_controllerLA_CA_NEAR event=1536 split_controller


LA_CA_NEAR event=1536 split_controller
LA_CA_NEAR event=2304 split_controllerLA_CA_NEAR event=2304 split_controllerLA_CA_NEAR event=2304 split_controller


LA_CA_NEAR event=2304 split_controller
{"status": "PASS", "candidate": "_warmup", "arm": "G-NEAR", "repeat": 0, "TTFT": 18.013720862, "TPOT": 3.3873306642063494, "E2E": 231.415552707, "throughput": 70.7990444390923, "output_tokens": 64, "decode_forwards": 63, "local_batch": 64, "global_requests": 256, "smoke": false, "profiled": false, "nomination": false}
{"status": "PASS", "candidate": "previous_best_control", "arm": "G-NEAR", "repeat": 1, "TTFT": 16.235034881, "TPOT": 1.738263255, "E2E": 42.308983706, "throughput": 96.81159038143312, "output_tokens": 16, "decode_forwards": 15, "local_batch": 64, "global_requests": 256, "smoke": false, "profiled": true, "nomination": true}
{"status": "PASS", "candidate": "random_100", "arm": "G-NEAR", "repeat": 1, "TTFT": 16.36199142, "TPOT": 1.9340313066, "E2E": 45.372461019, "throughput": 90.27502383625995, "output_tokens": 16, "decode_forwards": 15, "local_batch": 64, "global_requests": 256, "smoke": false, "profiled": true, "nomination": true}
{"status": "PASS", "candidate": "random_101", "arm": "G-NEAR", "repeat": 1, "TTFT": 17.144779301, "TPOT": 1.7746680827333334, "E2E": 43.764800542, "throughput": 93.59119541900276, "output_tokens": 16, "decode_forwards": 15, "local_batch": 64, "global_requests": 256, "smoke": false, "profiled": true, "nomination": true}
{"status": "PASS", "candidate": "random_102", "arm": "G-NEAR", "repeat": 1, "TTFT": 17.21259895, "TPOT": 1.9141070008, "E2E": 45.924203962, "throughput": 89.19044091410352, "output_tokens": 16, "decode_forwards": 15, "local_batch": 64, "global_requests": 256, "smoke": false, "profiled": true, "nomination": true}
{"status": "PASS", "candidate": "random_103", "arm": "G-NEAR", "repeat": 1, "TTFT": 17.356753781, "TPOT": 1.8984707538, "E2E": 45.833815088, "throughput": 89.36633339676749, "output_tokens": 16, "decode_forwards": 15, "local_batch": 64, "global_requests": 256, "smoke": false, "profiled": true, "nomination": true}
{"status": "PASS", "candidate": "random_104", "arm": "G-NEAR", "repeat": 1, "TTFT": 17.272496067, "TPOT": 1.9435756632666668, "E2E": 46.426131016, "throughput": 88.22617587040327, "output_tokens": 16, "decode_forwards": 15, "local_batch": 64, "global_requests": 256, "smoke": false, "profiled": true, "nomination": true}
{"status": "PASS", "candidate": "random_105", "arm": "G-NEAR", "repeat": 1, "TTFT": 15.753297699, "TPOT": 1.8131917108000002, "E2E": 42.951173361, "throughput": 95.36410019753266, "output_tokens": 16, "decode_forwards": 15, "local_batch": 64, "global_requests": 256, "smoke": false, "profiled": true, "nomination": true}
{"status": "PASS", "candidate": "random_106", "arm": "G-NEAR", "repeat": 1, "TTFT": 17.642496738, "TPOT": 1.8719926294, "E2E": 45.722386179, "throughput": 89.58412590201311, "output_tokens": 16, "decode_forwards": 15, "local_batch": 64, "global_requests": 256, "smoke": false, "profiled": true, "nomination": true}
{"status": "PASS", "candidate": "random_107", "arm": "G-NEAR", "repeat": 1, "TTFT": 17.088358955, "TPOT": 1.9285960223333334, "E2E": 46.01729929, "throughput": 89.01000413316521, "output_tokens": 16, "decode_forwards": 15, "local_batch": 64, "global_requests": 256, "smoke": false, "profiled": true, "nomination": true}
{"status": "PASS", "candidate": "coherent_0", "arm": "G-NEAR", "repeat": 1, "TTFT": 17.263447019, "TPOT": 1.5628104955333333, "E2E": 40.705604452, "throughput": 100.62496442793272, "output_tokens": 16, "decode_forwards": 15, "local_batch": 64, "global_requests": 256, "smoke": false, "profiled": true, "nomination": true}
{"status": "PASS", "candidate": "coherent_1", "arm": "G-NEAR", "repeat": 1, "TTFT": 17.253233855, "TPOT": 1.7333473795333334, "E2E": 43.253444548, "throughput": 94.69766033210401, "output_tokens": 16, "decode_forwards": 15, "local_batch": 64, "global_requests": 256, "smoke": false, "profiled": true, "nomination": true}
{"status": "PASS", "candidate": "coherent_2", "arm": "G-NEAR", "repeat": 1, "TTFT": 17.497290665, "TPOT": 1.8029366628, "E2E": 44.541340607, "throughput": 91.95951321133525, "output_tokens": 16, "decode_forwards": 15, "local_batch": 64, "global_requests": 256, "smoke": false, "profiled": true, "nomination": true}
{"status": "PASS", "candidate": "coherent_3", "arm": "G-NEAR", "repeat": 1, "TTFT": 18.193404577, "TPOT": 1.8095955692666665, "E2E": 45.337338116, "throughput": 90.34496003095693, "output_tokens": 16, "decode_forwards": 15, "local_batch": 64, "global_requests": 256, "smoke": false, "profiled": true, "nomination": true}
{"status": "PASS", "candidate": "coherent_4", "arm": "G-NEAR", "repeat": 1, "TTFT": 16.055609742, "TPOT": 1.8063223114666667, "E2E": 43.150444414, "throughput": 94.92370369819571, "output_tokens": 16, "decode_forwards": 15, "local_batch": 64, "global_requests": 256, "smoke": false, "profiled": true, "nomination": true}
{"status": "PASS", "candidate": "coherent_5", "arm": "G-NEAR", "repeat": 1, "TTFT": 16.182556111, "TPOT": 1.5477545868, "E2E": 39.398874913, "throughput": 103.9623595608942, "output_tokens": 16, "decode_forwards": 15, "local_batch": 64, "global_requests": 256, "smoke": false, "profiled": true, "nomination": true}
{"status": "PASS", "candidate": "coherent_6", "arm": "G-NEAR", "repeat": 1, "TTFT": 17.023720004, "TPOT": 1.7661908712666665, "E2E": 43.516583073, "throughput": 94.12503718706205, "output_tokens": 16, "decode_forwards": 15, "local_batch": 64, "global_requests": 256, "smoke": false, "profiled": true, "nomination": true}
{"status": "PASS", "candidate": "coherent_7", "arm": "G-NEAR", "repeat": 1, "TTFT": 17.195218894, "TPOT": 1.6094334619333333, "E2E": 41.336720823, "throughput": 99.0886533438076, "output_tokens": 16, "decode_forwards": 15, "local_batch": 64, "global_requests": 256, "smoke": false, "profiled": true, "nomination": true}
{"status": "PASS", "candidate": "mixed_0", "arm": "G-NEAR", "repeat": 1, "TTFT": 16.835200696, "TPOT": 1.8018464556666667, "E2E": 43.862897531, "throughput": 93.38188379153843, "output_tokens": 16, "decode_forwards": 15, "local_batch": 64, "global_requests": 256, "smoke": false, "profiled": true, "nomination": true}
{"status": "PASS", "candidate": "mixed_1", "arm": "G-NEAR", "repeat": 1, "TTFT": 15.893528516, "TPOT": 1.6660192036, "E2E": 40.88381657, "throughput": 100.1863412870703, "output_tokens": 16, "decode_forwards": 15, "local_batch": 64, "global_requests": 256, "smoke": false, "profiled": true, "nomination": true}
{"status": "PASS", "candidate": "mixed_2", "arm": "G-NEAR", "repeat": 1, "TTFT": 16.290322492, "TPOT": 1.7766590182, "E2E": 42.940207765, "throughput": 95.38845322817922, "output_tokens": 16, "decode_forwards": 15, "local_batch": 64, "global_requests": 256, "smoke": false, "profiled": true, "nomination": true}
{"status": "PASS", "candidate": "mixed_3", "arm": "G-NEAR", "repeat": 1, "TTFT": 17.213022117, "TPOT": 1.7706033808000001, "E2E": 43.772072829, "throughput": 93.57564618887105, "output_tokens": 16, "decode_forwards": 15, "local_batch": 64, "global_requests": 256, "smoke": false, "profiled": true, "nomination": true}
{"status": "PASS", "candidate": "mixed_4", "arm": "G-NEAR", "repeat": 1, "TTFT": 17.141994363, "TPOT": 1.8297416643333333, "E2E": 44.588119328, "throughput": 91.86303575328945, "output_tokens": 16, "decode_forwards": 15, "local_batch": 64, "global_requests": 256, "smoke": false, "profiled": true, "nomination": true}
{"status": "PASS", "candidate": "mixed_5", "arm": "G-NEAR", "repeat": 1, "TTFT": 17.203991077, "TPOT": 1.7330865072666666, "E2E": 43.200288686, "throughput": 94.8141812146593, "output_tokens": 16, "decode_forwards": 15, "local_batch": 64, "global_requests": 256, "smoke": false, "profiled": true, "nomination": true}
{"status": "PASS", "candidate": "mixed_6", "arm": "G-NEAR", "repeat": 1, "TTFT": 16.378167942, "TPOT": 1.8572787100666666, "E2E": 44.237348593, "throughput": 92.59144434004664, "output_tokens": 16, "decode_forwards": 15, "local_batch": 64, "global_requests": 256, "smoke": false, "profiled": true, "nomination": true}
{"status": "PASS", "candidate": "mixed_7", "arm": "G-NEAR", "repeat": 1, "TTFT": 15.798962873, "TPOT": 1.696866511, "E2E": 41.251960538, "throughput": 99.29225051563051, "output_tokens": 16, "decode_forwards": 15, "local_batch": 64, "global_requests": 256, "smoke": false, "profiled": true, "nomination": true}
{"status": "PASS", "candidate": "family_0", "arm": "G-NEAR", "repeat": 1, "TTFT": 16.853216866, "TPOT": 1.7647984178, "E2E": 43.325193133, "throughput": 94.54083649266303, "output_tokens": 16, "decode_forwards": 15, "local_batch": 64, "global_requests": 256, "smoke": false, "profiled": true, "nomination": true}
{"status": "PASS", "candidate": "family_1", "arm": "G-NEAR", "repeat": 1, "TTFT": 17.056371409, "TPOT": 2.030681132733333, "E2E": 47.5165884, "throughput": 86.20147485167516, "output_tokens": 16, "decode_forwards": 15, "local_batch": 64, "global_requests": 256, "smoke": false, "profiled": true, "nomination": true}
{"status": "PASS", "candidate": "family_2", "arm": "G-NEAR", "repeat": 1, "TTFT": 18.780738941, "TPOT": 1.2084621784666667, "E2E": 36.907671618, "throughput": 110.97963703574209, "output_tokens": 16, "decode_forwards": 15, "local_batch": 64, "global_requests": 256, "smoke": false, "profiled": true, "nomination": true}
{"status": "PASS", "candidate": "family_3", "arm": "G-NEAR", "repeat": 1, "TTFT": 17.284269947, "TPOT": 1.4021170980666668, "E2E": 38.316026418, "throughput": 106.90043783025978, "output_tokens": 16, "decode_forwards": 15, "local_batch": 64, "global_requests": 256, "smoke": false, "profiled": true, "nomination": true}
{"status": "PASS", "candidate": "family_4", "arm": "G-NEAR", "repeat": 1, "TTFT": 17.207637166, "TPOT": 1.9016239850666667, "E2E": 45.731996942, "throughput": 89.56529943782658, "output_tokens": 16, "decode_forwards": 15, "local_batch": 64, "global_requests": 256, "smoke": false, "profiled": true, "nomination": true}
{"status": "PASS", "candidate": "family_5", "arm": "G-NEAR", "repeat": 1, "TTFT": 17.007005748, "TPOT": 1.8011413288, "E2E": 44.02412568, "throughput": 93.03989430188271, "output_tokens": 16, "decode_forwards": 15, "local_batch": 64, "global_requests": 256, "smoke": false, "profiled": true, "nomination": true}
{"status": "PASS", "candidate": "family_6", "arm": "G-NEAR", "repeat": 1, "TTFT": 17.365852547, "TPOT": 1.383255665, "E2E": 38.114687522, "throughput": 107.46513394962945, "output_tokens": 16, "decode_forwards": 15, "local_batch": 64, "global_requests": 256, "smoke": false, "profiled": true, "nomination": true}
{"status": "PASS", "candidate": "family_7", "arm": "G-NEAR", "repeat": 1, "TTFT": 19.209626962, "TPOT": 1.6940107949333334, "E2E": 44.619788886, "throughput": 91.79783459901509, "output_tokens": 16, "decode_forwards": 15, "local_batch": 64, "global_requests": 256, "smoke": false, "profiled": true, "nomination": true}
