cloud-0n58xq:1855858:1855858 [0] NCCL INFO ENV/Plugin: Could not find: libnccl-env.so
cloud-0n58xq:1855858:1855858 [0] NCCL INFO cudaDriverVersion 12080
cloud-0n58xq:1855858:1855858 [0] NCCL INFO NCCL version 2.28.9+cuda12.9
cloud-0n58xq:1855858:1855858 [0] NCCL INFO NET/Plugin: Could not find: libnccl-net.so
cloud-0n58xq:1855858:1855858 [0] NCCL INFO transport/net_ib.cc:852 -> 3
cloud-0n58xq:1855858:1855858 [0] NCCL INFO Failed to initialize NET plugin IB
cloud-0n58xq:1855858:1855858 [0] NCCL INFO NET/Socket : Using [0]enp0s3:192.168.0.2<0>
cloud-0n58xq:1855858:1855858 [0] NCCL INFO Initialized NET plugin Socket
cloud-0n58xq:1855858:1855858 [0] NCCL INFO Assigned NET plugin Socket to comm
cloud-0n58xq:1855858:1855858 [0] NCCL INFO Using network Socket
cloud-0n58xq:1855858:1855858 [0] NCCL INFO ncclCommInitRankConfig comm 0x55ffb4252aa0 rank 3 nranks 4 cudaDev 0 nvmlDev 5 busId 1c000 commId 0xd0748b75c7ac9b8a - Init START
cloud-0n58xq:1855858:1855858 [0] NCCL INFO RAS client listening socket at 127.0.0.1<28028>
cloud-0n58xq:1855858:1855858 [0] NCCL INFO MNNVL busId 0x1c000 fabric UUID 0.0 cliqueId 0x0 state 3 healthMask 0x0
cloud-0n58xq:1855858:1855858 [0] NCCL INFO NCCL_P2P_LEVEL set by environment to LOC
cloud-0n58xq:1855858:1855858 [0] NCCL INFO Topology detection : could not read /sys/devices/system/node/node-1/cpumap, ignoring
cloud-0n58xq:1855858:1855858 [0] NCCL INFO Could not find real path of /sys/class/pci_bus/fffffff/../../fffffff:ff:f
cloud-0n58xq:1855858:1855858 [0] NCCL INFO TOPO/NET : Importing network plugins to topology
cloud-0n58xq:1855858:1855858 [0] NCCL INFO Topology detection: network path (name = enp0s3) /sys/devices/pci0000:00/0000:00:03.0/virtio2 is not a PCI device (virtio). Attaching to first CPU
cloud-0n58xq:1855858:1855858 [0] NCCL INFO ncclTopoPopulateNics : Filled enp0s3 in topo with pciPath=/sys/devices/pci0000:00/0000:00:03.0/virtio2 keep=1 coll=(null)
cloud-0n58xq:1855858:1855858 [0] NCCL INFO === System : maxBw 0.2 totalBw 370.8 ===
cloud-0n58xq:1855858:1855858 [0] NCCL INFO CPU/0-ffffffffffffff (1/1/3)
cloud-0n58xq:1855858:1855858 [0] NCCL INFO + PCI[5000.0] - NIC/0-0
cloud-0n58xq:1855858:1855858 [0] NCCL INFO                 + NET[1.2] - NET/0-0 (0/0/0/1.250000)
cloud-0n58xq:1855858:1855858 [0] NCCL INFO + PCI[0.2] - PCI/0-1000 (104c823200000000)
cloud-0n58xq:1855858:1855858 [0] NCCL INFO              + PCI[48.0] - GPU/0-3000 (0)
cloud-0n58xq:1855858:1855858 [0] NCCL INFO                            + NVL[370.8] - NVS/0-0
cloud-0n58xq:1855858:1855858 [0] NCCL INFO + PCI[0.2] - PCI/0-6000 (104c823200000000)
cloud-0n58xq:1855858:1855858 [0] NCCL INFO              + PCI[48.0] - GPU/0-8000 (1)
cloud-0n58xq:1855858:1855858 [0] NCCL INFO                            + NVL[370.8] - NVS/0-0
cloud-0n58xq:1855858:1855858 [0] NCCL INFO + PCI[0.2] - PCI/0-15000 (104c823200000000)
cloud-0n58xq:1855858:1855858 [0] NCCL INFO              + PCI[48.0] - GPU/0-17000 (2)
cloud-0n58xq:1855858:1855858 [0] NCCL INFO                            + NVL[370.8] - NVS/0-0
cloud-0n58xq:1855858:1855858 [0] NCCL INFO + PCI[0.2] - PCI/0-1a000 (104c823200000000)
cloud-0n58xq:1855858:1855858 [0] NCCL INFO              + PCI[48.0] - GPU/0-1c000 (3)
cloud-0n58xq:1855858:1855858 [0] NCCL INFO                            + NVL[370.8] - NVS/0-0
cloud-0n58xq:1855858:1855858 [0] NCCL INFO ==========================================
cloud-0n58xq:1855858:1855858 [0] NCCL INFO GPU/0-3000 :GPU/0-3000 (0/5000.0/LOC) GPU/0-8000 (4/0.2/PHB) GPU/0-17000 (4/0.2/PHB) GPU/0-1c000 (4/0.2/PHB) NVS/0-0 (1/370.8/NVL) CPU/0-ffffffffffffff (2/0.2/PHB) NET/0-0 (4/0.2/PHB) 
cloud-0n58xq:1855858:1855858 [0] NCCL INFO GPU/0-8000 :GPU/0-3000 (4/0.2/PHB) GPU/0-8000 (0/5000.0/LOC) GPU/0-17000 (4/0.2/PHB) GPU/0-1c000 (4/0.2/PHB) NVS/0-0 (1/370.8/NVL) CPU/0-ffffffffffffff (2/0.2/PHB) NET/0-0 (4/0.2/PHB) 
cloud-0n58xq:1855858:1855858 [0] NCCL INFO GPU/0-17000 :GPU/0-3000 (4/0.2/PHB) GPU/0-8000 (4/0.2/PHB) GPU/0-17000 (0/5000.0/LOC) GPU/0-1c000 (4/0.2/PHB) NVS/0-0 (1/370.8/NVL) CPU/0-ffffffffffffff (2/0.2/PHB) NET/0-0 (4/0.2/PHB) 
cloud-0n58xq:1855858:1855858 [0] NCCL INFO GPU/0-1c000 :GPU/0-3000 (4/0.2/PHB) GPU/0-8000 (4/0.2/PHB) GPU/0-17000 (4/0.2/PHB) GPU/0-1c000 (0/5000.0/LOC) NVS/0-0 (1/370.8/NVL) CPU/0-ffffffffffffff (2/0.2/PHB) NET/0-0 (4/0.2/PHB) 
cloud-0n58xq:1855858:1855858 [0] NCCL INFO NET/0-0 :GPU/0-3000 (4/0.2/PHB) GPU/0-8000 (4/0.2/PHB) GPU/0-17000 (4/0.2/PHB) GPU/0-1c000 (4/0.2/PHB) CPU/0-ffffffffffffff (2/1.2/PHB) NET/0-0 (0/5000.0/LOC) 
cloud-0n58xq:1855858:1855858 [0] NCCL INFO ncclTopoGetCpuAffinity: Affinity for GPU 5 is empty, ignoring. (GPU affinity =  ; CPU affinity = 0-191).
cloud-0n58xq:1855858:1855858 [0] NCCL INFO NVLS multicast support is available on dev 0 (NVLS_NCHANNELS 16)
cloud-0n58xq:1855858:1855858 [0] NCCL INFO Could not find a path for pattern 4, falling back to simple order
cloud-0n58xq:1855858:1855858 [0] NCCL INFO Pattern 4, crossNic 0, nChannels 1, bw 0.100000/0.100000, type SYS/SYS, sameChannels 1
cloud-0n58xq:1855858:1855858 [0] NCCL INFO  0 : GPU/0-3000 GPU/0-8000 GPU/0-17000 GPU/0-1c000
cloud-0n58xq:1855858:1855858 [0] NCCL INFO Could not find a path for pattern 1, falling back to simple order
cloud-0n58xq:1855858:1855858 [0] NCCL INFO Pattern 1, crossNic 0, nChannels 1, bw 0.100000/0.100000, type SYS/SYS, sameChannels 1
cloud-0n58xq:1855858:1855858 [0] NCCL INFO  0 : GPU/0-3000 GPU/0-8000 GPU/0-17000 GPU/0-1c000
cloud-0n58xq:1855858:1855858 [0] NCCL INFO Pattern 5, crossNic 0, nChannels 4, bw 30.000000/60.000000, type PHB/PIX, sameChannels 0
cloud-0n58xq:1855858:1855858 [0] NCCL INFO  0 : GPU/0-3000
cloud-0n58xq:1855858:1855858 [0] NCCL INFO  1 : GPU/0-8000
cloud-0n58xq:1855858:1855858 [0] NCCL INFO  2 : GPU/0-17000
cloud-0n58xq:1855858:1855858 [0] NCCL INFO  3 : GPU/0-1c000
cloud-0n58xq:1855858:1855858 [0] NCCL INFO comm 0x55ffb4252aa0 rank 3 nRanks 4 nNodes 1 localRanks 4 localRank 3 MNNVL 0
cloud-0n58xq:1855858:1855858 [0] NCCL INFO Ring 00 : 2 -> 3 -> 0
cloud-0n58xq:1855858:1855858 [0] NCCL INFO Ring 01 : 2 -> 3 -> 0
cloud-0n58xq:1855858:1855858 [0] NCCL INFO Trees [0] -1/-1/-1->3->2 [1] -1/-1/-1->3->2
cloud-0n58xq:1855858:1855858 [0] NCCL INFO P2P Chunksize set to 131072
cloud-0n58xq:1855858:1855858 [0] NCCL INFO PROFILER/Plugin: Could not find: libnccl-profiler.so
cloud-0n58xq:1855858:1855858 [0] NCCL INFO Check P2P Type isAllDirectP2p 0 directMode 0 isAllCudaP2p 1
cloud-0n58xq:1855858:1855858 [0] NCCL INFO ncclP2pSchedule: group size used is 4
cloud-0n58xq:1855858:1855941 [0] NCCL INFO [Proxy Service] Device 0 CPU core 7
cloud-0n58xq:1855858:1855943 [0] NCCL INFO [Proxy Service UDS] Device 0 CPU core 8
cloud-0n58xq:1855858:1855858 [0] NCCL INFO TUNER/Plugin: Could not find: libnccl-tuner.so
cloud-0n58xq:1855858:1855858 [0] NCCL INFO threadThresholds 8/8/64 | 32/8/64 | 512 | 512
cloud-0n58xq:1855858:1855858 [0] NCCL INFO 2 coll channels, 2 collnet channels, 16 nvls channels, 2 p2p channels, 2 p2p channels per peer
cloud-0n58xq:1855858:1855858 [0] NCCL INFO ncclCommInitRankConfig comm 0x55ffb4252aa0 rank 3 nranks 4 cudaDev 0 nvmlDev 5 busId 1c000 commId 0xd0748b75c7ac9b8a - Init COMPLETE
cloud-0n58xq:1855858:1855858 [0] NCCL INFO Init timings - ncclCommInitRankConfig: rank 3 nranks 4 total 1.40 (kernels 0.39, alloc 0.38, bootstrap 0.41, allgathers 0.01, topo 0.03, graphs 0.00, connections 0.18, rest 0.00)
cloud-0n58xq:1855858:1855941 [0] NCCL INFO CUMEM allocated shareable buffer 0x7f1597c00000 size 9637888
cloud-0n58xq:1855858:1855941 [0] NCCL INFO CUMEM allocated shareable buffer 0x7f1598600000 size 9637888
cloud-0n58xq:1855858:1855941 [0] NCCL INFO CUMEM allocated shareable buffer 0x7f1599000000 size 4096
cloud-0n58xq:1855858:1855858 [0] NCCL INFO Channel 00 : 3[5] -> 0[0] via SHM/direct/direct
cloud-0n58xq:1855858:1855941 [0] NCCL INFO CUMEM allocated shareable buffer 0x7f1599200000 size 4096
cloud-0n58xq:1855858:1855858 [0] NCCL INFO Channel 01 : 3[5] -> 0[0] via SHM/direct/direct
cloud-0n58xq:1855858:1855941 [0] NCCL INFO CUMEM allocated shareable buffer 0x7f1599400000 size 9637888
cloud-0n58xq:1855858:1855941 [0] NCCL INFO CUMEM allocated shareable buffer 0x7f1599e00000 size 9637888
cloud-0n58xq:1855858:1855941 [0] NCCL INFO CUMEM allocated shareable buffer 0x7f159a800000 size 4096
cloud-0n58xq:1855858:1855858 [0] NCCL INFO Channel 00 : 3[5] -> 1[1] via SHM/direct/direct
cloud-0n58xq:1855858:1855941 [0] NCCL INFO CUMEM allocated shareable buffer 0x7f159aa00000 size 4096
cloud-0n58xq:1855858:1855858 [0] NCCL INFO Channel 01 : 3[5] -> 1[1] via SHM/direct/direct
cloud-0n58xq:1855858:1855941 [0] NCCL INFO CUMEM allocated shareable buffer 0x7f159ac00000 size 9637888
cloud-0n58xq:1855858:1855941 [0] NCCL INFO CUMEM allocated shareable buffer 0x7f159b600000 size 9637888
cloud-0n58xq:1855858:1855941 [0] NCCL INFO CUMEM allocated shareable buffer 0x7f159c000000 size 4096
cloud-0n58xq:1855858:1855858 [0] NCCL INFO Channel 00 : 3[5] -> 2[4] via SHM/direct/direct
cloud-0n58xq:1855858:1855941 [0] NCCL INFO CUMEM allocated shareable buffer 0x7f159c200000 size 4096
cloud-0n58xq:1855858:1855858 [0] NCCL INFO Channel 01 : 3[5] -> 2[4] via SHM/direct/direct
cloud-0n58xq:1855858:1855858 [0] NCCL INFO CUMEM imported shareable host buffer from proxyRank 0 size 9637888 ptr 0x7f159c400000, granularity 2097152
cloud-0n58xq:1855858:1855858 [0] NCCL INFO CUMEM imported shareable host buffer from proxyRank 2 size 4096 ptr 0x7f159ce00000, granularity 2097152
cloud-0n58xq:1855858:1855858 [0] NCCL INFO CUMEM imported shareable host buffer from proxyRank 0 size 9637888 ptr 0x7f159d000000, granularity 2097152
cloud-0n58xq:1855858:1855858 [0] NCCL INFO CUMEM imported shareable host buffer from proxyRank 2 size 4096 ptr 0x7f159da00000, granularity 2097152
cloud-0n58xq:1855858:1855858 [0] NCCL INFO CUMEM imported shareable host buffer from proxyRank 1 size 9637888 ptr 0x7f159dc00000, granularity 2097152
cloud-0n58xq:1855858:1855858 [0] NCCL INFO CUMEM imported shareable host buffer from proxyRank 1 size 4096 ptr 0x7f159e600000, granularity 2097152
cloud-0n58xq:1855858:1855858 [0] NCCL INFO CUMEM imported shareable host buffer from proxyRank 1 size 9637888 ptr 0x7f159e800000, granularity 2097152
cloud-0n58xq:1855858:1855858 [0] NCCL INFO CUMEM imported shareable host buffer from proxyRank 1 size 4096 ptr 0x7f159f200000, granularity 2097152
cloud-0n58xq:1855858:1855858 [0] NCCL INFO CUMEM imported shareable host buffer from proxyRank 2 size 9637888 ptr 0x7f159f400000, granularity 2097152
cloud-0n58xq:1855858:1855858 [0] NCCL INFO CUMEM imported shareable host buffer from proxyRank 0 size 4096 ptr 0x7f159fe00000, granularity 2097152
cloud-0n58xq:1855858:1855858 [0] NCCL INFO CUMEM imported shareable host buffer from proxyRank 2 size 9637888 ptr 0x7f15a0000000, granularity 2097152
cloud-0n58xq:1855858:1855858 [0] NCCL INFO CUMEM imported shareable host buffer from proxyRank 0 size 4096 ptr 0x7f15a0a00000, granularity 2097152
cloud-0n58xq:1855858:1855858 [0] NCCL INFO NVLS comm 0x55ffb4252aa0 headRank 3 nHeads 4 nvlsRanks 4 buffSize 1048576 nvlsPerRankSize 33554432 nvlsTotalSize 134217728
cloud-0n58xq:1855858:1855858 [0] NCCL INFO comm 0x55ffb4252aa0 rank 3 nranks 4 cudaDev 0 busId 1c000 - Destroy COMPLETE
cloud-0n58xq:1855858:1855858 [0] NCCL INFO ENV/Plugin: Closing env plugin ncclEnvDefault
