NCCL version 2.21.5+cuda12.4
LA_CA_NEAR event=0 split_controller
LA_CA_NEAR event=0 split_controller
LA_CA_NEAR event=0 split_controller
LA_CA_NEAR event=0 split_controller
LA_CA_NEAR event=0 split_controllerLA_CA_NEAR event=0 split_controllerLA_CA_NEAR event=0 split_controller


LA_CA_NEAR event=0 split_controller
LA_CA_NEAR event=768 split_controllerLA_CA_NEAR event=768 split_controller

LA_CA_NEAR event=768 split_controllerLA_CA_NEAR event=768 split_controller

LA_CA_NEAR event=1536 split_controllerLA_CA_NEAR event=1536 split_controllerLA_CA_NEAR event=1536 split_controller


LA_CA_NEAR event=1536 split_controller
LA_CA_NEAR event=2304 split_controllerLA_CA_NEAR event=2304 split_controller

LA_CA_NEAR event=2304 split_controller
LA_CA_NEAR event=2304 split_controller
LA_CA_NEAR event=3072 split_controllerLA_CA_NEAR event=3072 split_controller

LA_CA_NEAR event=3072 split_controller
LA_CA_NEAR event=3072 split_controller
LA_CA_NEAR event=3840 split_controllerLA_CA_NEAR event=3840 split_controller

LA_CA_NEAR event=3840 split_controllerLA_CA_NEAR event=3840 split_controller

LA_CA_NEAR event=4608 split_controllerLA_CA_NEAR event=4608 split_controller

LA_CA_NEAR event=4608 split_controllerLA_CA_NEAR event=4608 split_controller

LA_CA_NEAR event=5376 split_controllerLA_CA_NEAR event=5376 split_controllerLA_CA_NEAR event=5376 split_controller


LA_CA_NEAR event=5376 split_controller
LA_CA_NEAR event=6144 split_controllerLA_CA_NEAR event=6144 split_controllerLA_CA_NEAR event=6144 split_controller


LA_CA_NEAR event=6144 split_controller
LA_CA_NEAR event=6912 split_controllerLA_CA_NEAR event=6912 split_controllerLA_CA_NEAR event=6912 split_controller


LA_CA_NEAR event=6912 split_controller
LA_CA_NEAR event=7680 split_controllerLA_CA_NEAR event=7680 split_controllerLA_CA_NEAR event=7680 split_controller


LA_CA_NEAR event=7680 split_controller
LA_CA_NEAR event=8448 split_controllerLA_CA_NEAR event=8448 split_controllerLA_CA_NEAR event=8448 split_controller


LA_CA_NEAR event=8448 split_controller
LA_CA_NEAR event=9216 split_controllerLA_CA_NEAR event=9216 split_controllerLA_CA_NEAR event=9216 split_controller


LA_CA_NEAR event=9216 split_controller
LA_CA_NEAR event=9984 split_controllerLA_CA_NEAR event=9984 split_controllerLA_CA_NEAR event=9984 split_controller


LA_CA_NEAR event=9984 split_controller
LA_CA_NEAR event=10752 split_controllerLA_CA_NEAR event=10752 split_controllerLA_CA_NEAR event=10752 split_controller


LA_CA_NEAR event=10752 split_controller
LA_CA_NEAR event=11520 split_controllerLA_CA_NEAR event=11520 split_controllerLA_CA_NEAR event=11520 split_controller


LA_CA_NEAR event=11520 split_controller
{"status": "PASS", "candidate": "_warmup", "arm": "R-NEAR", "repeat": 0, "TTFT": 7.315577299, "TPOT": 2.4888115453019606, "E2E": 641.962521351, "throughput": 25.521739128197282, "output_tokens": 256, "decode_forwards": 255, "local_batch": 16, "global_requests": 64, "smoke": false, "profiled": false, "nomination": false}
LA_CA_NEAR event=0 split_controllerLA_CA_NEAR event=0 split_controllerLA_CA_NEAR event=0 split_controller


LA_CA_NEAR event=0 split_controller
LA_CA_NEAR event=768 split_controllerLA_CA_NEAR event=768 split_controllerLA_CA_NEAR event=768 split_controller


LA_CA_NEAR event=768 split_controller
LA_CA_NEAR event=1536 split_controllerLA_CA_NEAR event=1536 split_controllerLA_CA_NEAR event=1536 split_controller


LA_CA_NEAR event=1536 split_controller
LA_CA_NEAR event=2304 split_controllerLA_CA_NEAR event=2304 split_controller

LA_CA_NEAR event=2304 split_controller
LA_CA_NEAR event=2304 split_controller
LA_CA_NEAR event=3072 split_controllerLA_CA_NEAR event=3072 split_controller

LA_CA_NEAR event=3072 split_controllerLA_CA_NEAR event=3072 split_controller

LA_CA_NEAR event=3840 split_controllerLA_CA_NEAR event=3840 split_controllerLA_CA_NEAR event=3840 split_controller


LA_CA_NEAR event=3840 split_controller
LA_CA_NEAR event=4608 split_controllerLA_CA_NEAR event=4608 split_controllerLA_CA_NEAR event=4608 split_controller


LA_CA_NEAR event=4608 split_controller
LA_CA_NEAR event=5376 split_controllerLA_CA_NEAR event=5376 split_controller

LA_CA_NEAR event=5376 split_controller
LA_CA_NEAR event=5376 split_controller
LA_CA_NEAR event=6144 split_controllerLA_CA_NEAR event=6144 split_controller

LA_CA_NEAR event=6144 split_controller
LA_CA_NEAR event=6144 split_controller
LA_CA_NEAR event=6912 split_controllerLA_CA_NEAR event=6912 split_controllerLA_CA_NEAR event=6912 split_controller


LA_CA_NEAR event=6912 split_controller
LA_CA_NEAR event=7680 split_controllerLA_CA_NEAR event=7680 split_controllerLA_CA_NEAR event=7680 split_controller


LA_CA_NEAR event=7680 split_controller
LA_CA_NEAR event=8448 split_controllerLA_CA_NEAR event=8448 split_controllerLA_CA_NEAR event=8448 split_controller


LA_CA_NEAR event=8448 split_controller
LA_CA_NEAR event=9216 split_controllerLA_CA_NEAR event=9216 split_controller

LA_CA_NEAR event=9216 split_controller
LA_CA_NEAR event=9216 split_controller
LA_CA_NEAR event=9984 split_controllerLA_CA_NEAR event=9984 split_controller

LA_CA_NEAR event=9984 split_controllerLA_CA_NEAR event=9984 split_controller

LA_CA_NEAR event=10752 split_controllerLA_CA_NEAR event=10752 split_controller

LA_CA_NEAR event=10752 split_controllerLA_CA_NEAR event=10752 split_controller

LA_CA_NEAR event=11520 split_controllerLA_CA_NEAR event=11520 split_controller

LA_CA_NEAR event=11520 split_controller
LA_CA_NEAR event=11520 split_controller
{"status": "PASS", "candidate": "_warmup", "arm": "G-NEAR", "repeat": 0, "TTFT": 8.291762005, "TPOT": 2.579259704462745, "E2E": 666.002986643, "throughput": 24.600490280957818, "output_tokens": 256, "decode_forwards": 255, "local_batch": 16, "global_requests": 64, "smoke": false, "profiled": false, "nomination": false}
{"status": "PASS", "candidate": "family_5", "arm": "R-NEAR", "repeat": 1, "TTFT": 6.587114406, "TPOT": 1.0354886796392158, "E2E": 270.636727714, "throughput": 60.53871600647667, "output_tokens": 256, "decode_forwards": 255, "local_batch": 16, "global_requests": 64, "smoke": false, "profiled": false, "nomination": false}
{"status": "PASS", "candidate": "family_5", "arm": "G-NEAR", "repeat": 1, "TTFT": 6.776145189, "TPOT": 1.0196148208705882, "E2E": 266.777924511, "throughput": 61.41437688306344, "output_tokens": 256, "decode_forwards": 255, "local_batch": 16, "global_requests": 64, "smoke": false, "profiled": false, "nomination": false}
{"status": "PASS", "candidate": "family_2", "arm": "G-NEAR", "repeat": 1, "TTFT": 6.912678008, "TPOT": 0.8138694336784313, "E2E": 214.449383596, "throughput": 76.40031286294452, "output_tokens": 256, "decode_forwards": 255, "local_batch": 16, "global_requests": 64, "smoke": false, "profiled": false, "nomination": false}
{"status": "PASS", "candidate": "family_2", "arm": "R-NEAR", "repeat": 1, "TTFT": 6.60472774, "TPOT": 0.8191406263254902, "E2E": 215.485587453, "throughput": 76.0329272767421, "output_tokens": 256, "decode_forwards": 255, "local_batch": 16, "global_requests": 64, "smoke": false, "profiled": false, "nomination": false}
{"status": "PASS", "candidate": "mixed_0", "arm": "R-NEAR", "repeat": 1, "TTFT": 6.813599667, "TPOT": 1.554139300972549, "E2E": 403.119121415, "throughput": 40.64307329925222, "output_tokens": 256, "decode_forwards": 255, "local_batch": 16, "global_requests": 64, "smoke": false, "profiled": false, "nomination": false}
{"status": "PASS", "candidate": "mixed_0", "arm": "G-NEAR", "repeat": 1, "TTFT": 6.890910101, "TPOT": 1.5042289539607843, "E2E": 390.469293361, "throughput": 41.95976554000759, "output_tokens": 256, "decode_forwards": 255, "local_batch": 16, "global_requests": 64, "smoke": false, "profiled": false, "nomination": false}
{"status": "PASS", "candidate": "family_6", "arm": "G-NEAR", "repeat": 1, "TTFT": 6.373159503, "TPOT": 0.9424737942078432, "E2E": 246.703977026, "throughput": 66.41157632523006, "output_tokens": 256, "decode_forwards": 255, "local_batch": 16, "global_requests": 64, "smoke": false, "profiled": false, "nomination": false}
{"status": "PASS", "candidate": "family_6", "arm": "R-NEAR", "repeat": 1, "TTFT": 7.187342991, "TPOT": 0.9572408584745098, "E2E": 251.283761902, "throughput": 65.20118879145767, "output_tokens": 256, "decode_forwards": 255, "local_batch": 16, "global_requests": 64, "smoke": false, "profiled": false, "nomination": false}
{"status": "PASS", "candidate": "previous_best_control", "arm": "R-NEAR", "repeat": 1, "TTFT": 6.415354643, "TPOT": 1.0741835630313727, "E2E": 280.332163216, "throughput": 58.44495263062586, "output_tokens": 256, "decode_forwards": 255, "local_batch": 16, "global_requests": 64, "smoke": false, "profiled": false, "nomination": false}
{"status": "PASS", "candidate": "previous_best_control", "arm": "G-NEAR", "repeat": 1, "TTFT": 6.527877868, "TPOT": 1.0391485516666665, "E2E": 271.510758543, "throughput": 60.34383347430122, "output_tokens": 256, "decode_forwards": 255, "local_batch": 16, "global_requests": 64, "smoke": false, "profiled": false, "nomination": false}
{"status": "PASS", "candidate": "family_0", "arm": "G-NEAR", "repeat": 1, "TTFT": 6.477517033, "TPOT": 1.2863188479215686, "E2E": 334.488823253, "throughput": 48.9822046687865, "output_tokens": 256, "decode_forwards": 255, "local_batch": 16, "global_requests": 64, "smoke": false, "profiled": false, "nomination": false}
{"status": "PASS", "candidate": "family_0", "arm": "R-NEAR", "repeat": 1, "TTFT": 6.452487041, "TPOT": 1.3035097865843137, "E2E": 338.84748262, "throughput": 48.352137289961256, "output_tokens": 256, "decode_forwards": 255, "local_batch": 16, "global_requests": 64, "smoke": false, "profiled": false, "nomination": false}
{"status": "PASS", "candidate": "coherent_0", "arm": "R-NEAR", "repeat": 1, "TTFT": 6.925934068, "TPOT": 1.5379749964980394, "E2E": 399.109558175, "throughput": 41.05138467472134, "output_tokens": 256, "decode_forwards": 255, "local_batch": 16, "global_requests": 64, "smoke": false, "profiled": false, "nomination": false}
{"status": "PASS", "candidate": "coherent_0", "arm": "G-NEAR", "repeat": 1, "TTFT": 6.510781702, "TPOT": 1.5463423840627453, "E2E": 400.828089638, "throughput": 40.875378805903765, "output_tokens": 256, "decode_forwards": 255, "local_batch": 16, "global_requests": 64, "smoke": false, "profiled": false, "nomination": false}
{"status": "PASS", "candidate": "mixed_4", "arm": "G-NEAR", "repeat": 1, "TTFT": 7.230507269, "TPOT": 1.5472205707019606, "E2E": 401.771752798, "throughput": 40.7793725813209, "output_tokens": 256, "decode_forwards": 255, "local_batch": 16, "global_requests": 64, "smoke": false, "profiled": false, "nomination": false}
{"status": "PASS", "candidate": "mixed_4", "arm": "R-NEAR", "repeat": 1, "TTFT": 6.853534654, "TPOT": 1.541474861592157, "E2E": 399.92962436, "throughput": 40.96720773365817, "output_tokens": 256, "decode_forwards": 255, "local_batch": 16, "global_requests": 64, "smoke": false, "profiled": false, "nomination": false}
