cloud-0n58xq:1843170:1843170 [0] NCCL INFO ENV/Plugin: Could not find: libnccl-env.so
cloud-0n58xq:1843170:1843170 [0] NCCL INFO cudaDriverVersion 12080
cloud-0n58xq:1843170:1843170 [0] NCCL INFO NCCL version 2.28.9+cuda12.9
cloud-0n58xq:1843170:1843170 [0] NCCL INFO NET/Plugin: Could not find: libnccl-net.so
cloud-0n58xq:1843170:1843170 [0] NCCL INFO NET/IB : Using [0]mlx5_0:1/IB [1]mlx5_1:1/IB [2]mlx5_2:1/IB [3]mlx5_3:1/IB [4]mlx5_4:1/IB [5]mlx5_5:1/IB [6]mlx5_6:1/IB [7]mlx5_7:1/IB [RO]; OOB enp0s3:192.168.0.2<0>
cloud-0n58xq:1843170:1843170 [0] NCCL INFO Initialized NET plugin IB
cloud-0n58xq:1843170:1843170 [0] NCCL INFO Assigned NET plugin IB to comm
cloud-0n58xq:1843170:1843170 [0] NCCL INFO Assigned GIN plugin GIN_IB_GDAKI to comm
cloud-0n58xq:1843170:1843170 [0] NCCL INFO Using network IB
cloud-0n58xq:1843170:1843170 [0] NCCL INFO DMA-BUF is available on GPU device 0
cloud-0n58xq:1843170:1843170 [0] NCCL INFO ncclCommInitRankConfig comm 0x560973eff260 rank 3 nranks 4 cudaDev 0 nvmlDev 5 busId 1c000 commId 0x9f9a13757ee22888 - Init START
cloud-0n58xq:1843170:1843170 [0] NCCL INFO RAS client listening socket at 127.0.0.1<28028>
cloud-0n58xq:1843170:1843170 [0] NCCL INFO MNNVL busId 0x1c000 fabric UUID 0.0 cliqueId 0x0 state 3 healthMask 0x0
cloud-0n58xq:1843170:1843170 [0] NCCL INFO NCCL_P2P_DISABLE set by environment to 1
cloud-0n58xq:1843170:1843170 [0] NCCL INFO Topology detection : could not read /sys/devices/system/node/node-1/cpumap, ignoring
cloud-0n58xq:1843170:1843170 [0] NCCL INFO Could not find real path of /sys/class/pci_bus/fffffff/../../fffffff:ff:f
cloud-0n58xq:1843170:1843170 [0] NCCL INFO TOPO/NET : Importing network plugins to topology
cloud-0n58xq:1843170:1843170 [0] NCCL INFO Topology detection : could not read /sys/devices/system/node/node-1/cpumap, ignoring
cloud-0n58xq:1843170:1843170 [0] NCCL INFO ncclTopoPopulateNics : Filled mlx5_0 in topo with pciPath=/sys/devices/pci0000:00/0000:00:04.0/0000:01:00.0/0000:02:03.0/0000:05:00.0 keep=1 coll=(null)
cloud-0n58xq:1843170:1843170 [0] NCCL INFO Topology detection : could not read /sys/devices/system/node/node-1/cpumap, ignoring
cloud-0n58xq:1843170:1843170 [0] NCCL INFO ncclTopoPopulateNics : Filled mlx5_1 in topo with pciPath=/sys/devices/pci0000:00/0000:00:05.0/0000:06:00.0/0000:07:03.0/0000:0a:00.0 keep=1 coll=(null)
cloud-0n58xq:1843170:1843170 [0] NCCL INFO Topology detection : could not read /sys/devices/system/node/node-1/cpumap, ignoring
cloud-0n58xq:1843170:1843170 [0] NCCL INFO ncclTopoPopulateNics : Filled mlx5_2 in topo with pciPath=/sys/devices/pci0000:00/0000:00:06.0/0000:0b:00.0/0000:0c:03.0/0000:0f:00.0 keep=1 coll=(null)
cloud-0n58xq:1843170:1843170 [0] NCCL INFO Topology detection : could not read /sys/devices/system/node/node-1/cpumap, ignoring
cloud-0n58xq:1843170:1843170 [0] NCCL INFO ncclTopoPopulateNics : Filled mlx5_3 in topo with pciPath=/sys/devices/pci0000:00/0000:00:07.0/0000:10:00.0/0000:11:03.0/0000:14:00.0 keep=1 coll=(null)
cloud-0n58xq:1843170:1843170 [0] NCCL INFO Topology detection : could not read /sys/devices/system/node/node-1/cpumap, ignoring
cloud-0n58xq:1843170:1843170 [0] NCCL INFO ncclTopoPopulateNics : Filled mlx5_4 in topo with pciPath=/sys/devices/pci0000:00/0000:00:08.0/0000:15:00.0/0000:16:03.0/0000:19:00.0 keep=1 coll=(null)
cloud-0n58xq:1843170:1843170 [0] NCCL INFO Topology detection : could not read /sys/devices/system/node/node-1/cpumap, ignoring
cloud-0n58xq:1843170:1843170 [0] NCCL INFO ncclTopoPopulateNics : Filled mlx5_5 in topo with pciPath=/sys/devices/pci0000:00/0000:00:09.0/0000:1a:00.0/0000:1b:03.0/0000:1e:00.0 keep=1 coll=(null)
cloud-0n58xq:1843170:1843170 [0] NCCL INFO Topology detection : could not read /sys/devices/system/node/node-1/cpumap, ignoring
cloud-0n58xq:1843170:1843170 [0] NCCL INFO ncclTopoPopulateNics : Filled mlx5_6 in topo with pciPath=/sys/devices/pci0000:00/0000:00:0a.0/0000:1f:00.0/0000:20:03.0/0000:23:00.0 keep=1 coll=(null)
cloud-0n58xq:1843170:1843170 [0] NCCL INFO Topology detection : could not read /sys/devices/system/node/node-1/cpumap, ignoring
cloud-0n58xq:1843170:1843170 [0] NCCL INFO ncclTopoPopulateNics : Filled mlx5_7 in topo with pciPath=/sys/devices/pci0000:00/0000:00:0b.0/0000:24:00.0/0000:25:03.0/0000:28:00.0 keep=1 coll=(null)
cloud-0n58xq:1843170:1843170 [0] NCCL INFO GPU Direct RDMA Enabled for GPU 0 / HCA 0 (distance 4 <= 5), read 0 mode Default
cloud-0n58xq:1843170:1843170 [0] NCCL INFO GPU Direct RDMA Enabled for GPU 1 / HCA 1 (distance 4 <= 5), read 0 mode Default
cloud-0n58xq:1843170:1843170 [0] NCCL INFO GPU Direct RDMA Enabled for GPU 2 / HCA 4 (distance 4 <= 5), read 0 mode Default
cloud-0n58xq:1843170:1843170 [0] NCCL INFO GPU Direct RDMA Enabled for GPU 3 / HCA 5 (distance 4 <= 5), read 0 mode Default
cloud-0n58xq:1843170:1843170 [0] NCCL INFO GPU Direct RDMA Enabled for GPU 3 / HCA 5 (distance 4 <= 5), read 0 mode Default
cloud-0n58xq:1843170:1843170 [0] NCCL INFO === System : maxBw 48.0 totalBw 370.8 ===
cloud-0n58xq:1843170:1843170 [0] NCCL INFO CPU/0-ffffffffffffff (1/1/3)
cloud-0n58xq:1843170:1843170 [0] NCCL INFO + PCI[0.2] - PCI/0-1000 (104c823200000000)
cloud-0n58xq:1843170:1843170 [0] NCCL INFO              + PCI[48.0] - NIC/0-5000
cloud-0n58xq:1843170:1843170 [0] NCCL INFO                            + NET[50.0] - NET/0-0 (0/ccf3690003c0639c/1/50.000000)
cloud-0n58xq:1843170:1843170 [0] NCCL INFO + PCI[0.2] - PCI/0-6000 (104c823200000000)
cloud-0n58xq:1843170:1843170 [0] NCCL INFO              + PCI[48.0] - NIC/0-a000
cloud-0n58xq:1843170:1843170 [0] NCCL INFO                            + NET[50.0] - NET/0-1 (0/74f3690003c0639c/1/50.000000)
cloud-0n58xq:1843170:1843170 [0] NCCL INFO + PCI[0.2] - PCI/0-b000 (104c823200000000)
cloud-0n58xq:1843170:1843170 [0] NCCL INFO              + PCI[48.0] - NIC/0-f000
cloud-0n58xq:1843170:1843170 [0] NCCL INFO                            + NET[50.0] - NET/0-2 (0/9e196b0003c0639c/1/50.000000)
cloud-0n58xq:1843170:1843170 [0] NCCL INFO + PCI[0.2] - PCI/0-10000 (104c823200000000)
cloud-0n58xq:1843170:1843170 [0] NCCL INFO              + PCI[48.0] - NIC/0-14000
cloud-0n58xq:1843170:1843170 [0] NCCL INFO                            + NET[50.0] - NET/0-3 (0/38036a0003c0639c/1/50.000000)
cloud-0n58xq:1843170:1843170 [0] NCCL INFO + PCI[0.2] - PCI/0-15000 (104c823200000000)
cloud-0n58xq:1843170:1843170 [0] NCCL INFO              + PCI[48.0] - NIC/0-19000
cloud-0n58xq:1843170:1843170 [0] NCCL INFO                            + NET[50.0] - NET/0-4 (0/1a016b0003c0639c/1/50.000000)
cloud-0n58xq:1843170:1843170 [0] NCCL INFO + PCI[0.2] - PCI/0-1a000 (104c823200000000)
cloud-0n58xq:1843170:1843170 [0] NCCL INFO              + PCI[48.0] - NIC/0-1e000
cloud-0n58xq:1843170:1843170 [0] NCCL INFO                            + NET[50.0] - NET/0-5 (0/70f3690003c0639c/1/50.000000)
cloud-0n58xq:1843170:1843170 [0] NCCL INFO              + PCI[48.0] - GPU/0-1c000 (3)
cloud-0n58xq:1843170:1843170 [0] NCCL INFO                            + NVL[370.8] - NVS/0-0
cloud-0n58xq:1843170:1843170 [0] NCCL INFO + PCI[0.2] - PCI/0-1f000 (104c823200000000)
cloud-0n58xq:1843170:1843170 [0] NCCL INFO              + PCI[48.0] - NIC/0-23000
cloud-0n58xq:1843170:1843170 [0] NCCL INFO                            + NET[50.0] - NET/0-6 (0/b8f3690003c0639c/1/50.000000)
cloud-0n58xq:1843170:1843170 [0] NCCL INFO + PCI[0.2] - PCI/0-24000 (104c823200000000)
cloud-0n58xq:1843170:1843170 [0] NCCL INFO              + PCI[48.0] - NIC/0-28000
cloud-0n58xq:1843170:1843170 [0] NCCL INFO                            + NET[50.0] - NET/0-7 (0/1c036a0003c0639c/1/50.000000)
cloud-0n58xq:1843170:1843170 [0] NCCL INFO ==========================================
cloud-0n58xq:1843170:1843170 [0] NCCL INFO GPU/0-1c000 :GPU/0-1c000 (0/5000.0/LOC) NVS/0-0 (1/370.8/NVL) CPU/0-ffffffffffffff (2/0.2/PHB) NET/0-0 (5/0.2/PHB) NET/0-1 (5/0.2/PHB) NET/0-2 (5/0.2/PHB) NET/0-3 (5/0.2/PHB) NET/0-4 (5/0.2/PHB) NET/0-5 (3/48.0/PIX) NET/0-6 (5/0.2/PHB) NET/0-7 (5/0.2/PHB) 
cloud-0n58xq:1843170:1843170 [0] NCCL INFO NET/0-0 :GPU/0-1c000 (5/0.2/PHB) CPU/0-ffffffffffffff (3/0.2/PHB) NET/0-0 (0/5000.0/LOC) NET/0-1 (6/0.2/PHB) NET/0-2 (6/0.2/PHB) NET/0-3 (6/0.2/PHB) NET/0-4 (6/0.2/PHB) NET/0-5 (6/0.2/PHB) NET/0-6 (6/0.2/PHB) NET/0-7 (6/0.2/PHB) 
cloud-0n58xq:1843170:1843170 [0] NCCL INFO NET/0-1 :GPU/0-1c000 (5/0.2/PHB) CPU/0-ffffffffffffff (3/0.2/PHB) NET/0-0 (6/0.2/PHB) NET/0-1 (0/5000.0/LOC) NET/0-2 (6/0.2/PHB) NET/0-3 (6/0.2/PHB) NET/0-4 (6/0.2/PHB) NET/0-5 (6/0.2/PHB) NET/0-6 (6/0.2/PHB) NET/0-7 (6/0.2/PHB) 
cloud-0n58xq:1843170:1843170 [0] NCCL INFO NET/0-2 :GPU/0-1c000 (5/0.2/PHB) CPU/0-ffffffffffffff (3/0.2/PHB) NET/0-0 (6/0.2/PHB) NET/0-1 (6/0.2/PHB) NET/0-2 (0/5000.0/LOC) NET/0-3 (6/0.2/PHB) NET/0-4 (6/0.2/PHB) NET/0-5 (6/0.2/PHB) NET/0-6 (6/0.2/PHB) NET/0-7 (6/0.2/PHB) 
cloud-0n58xq:1843170:1843170 [0] NCCL INFO NET/0-3 :GPU/0-1c000 (5/0.2/PHB) CPU/0-ffffffffffffff (3/0.2/PHB) NET/0-0 (6/0.2/PHB) NET/0-1 (6/0.2/PHB) NET/0-2 (6/0.2/PHB) NET/0-3 (0/5000.0/LOC) NET/0-4 (6/0.2/PHB) NET/0-5 (6/0.2/PHB) NET/0-6 (6/0.2/PHB) NET/0-7 (6/0.2/PHB) 
cloud-0n58xq:1843170:1843170 [0] NCCL INFO NET/0-4 :GPU/0-1c000 (5/0.2/PHB) CPU/0-ffffffffffffff (3/0.2/PHB) NET/0-0 (6/0.2/PHB) NET/0-1 (6/0.2/PHB) NET/0-2 (6/0.2/PHB) NET/0-3 (6/0.2/PHB) NET/0-4 (0/5000.0/LOC) NET/0-5 (6/0.2/PHB) NET/0-6 (6/0.2/PHB) NET/0-7 (6/0.2/PHB) 
cloud-0n58xq:1843170:1843170 [0] NCCL INFO NET/0-5 :GPU/0-1c000 (3/48.0/PIX) CPU/0-ffffffffffffff (3/0.2/PHB) NET/0-0 (6/0.2/PHB) NET/0-1 (6/0.2/PHB) NET/0-2 (6/0.2/PHB) NET/0-3 (6/0.2/PHB) NET/0-4 (6/0.2/PHB) NET/0-5 (0/5000.0/LOC) NET/0-6 (6/0.2/PHB) NET/0-7 (6/0.2/PHB) 
cloud-0n58xq:1843170:1843170 [0] NCCL INFO NET/0-6 :GPU/0-1c000 (5/0.2/PHB) CPU/0-ffffffffffffff (3/0.2/PHB) NET/0-0 (6/0.2/PHB) NET/0-1 (6/0.2/PHB) NET/0-2 (6/0.2/PHB) NET/0-3 (6/0.2/PHB) NET/0-4 (6/0.2/PHB) NET/0-5 (6/0.2/PHB) NET/0-6 (0/5000.0/LOC) NET/0-7 (6/0.2/PHB) 
cloud-0n58xq:1843170:1843170 [0] NCCL INFO NET/0-7 :GPU/0-1c000 (5/0.2/PHB) CPU/0-ffffffffffffff (3/0.2/PHB) NET/0-0 (6/0.2/PHB) NET/0-1 (6/0.2/PHB) NET/0-2 (6/0.2/PHB) NET/0-3 (6/0.2/PHB) NET/0-4 (6/0.2/PHB) NET/0-5 (6/0.2/PHB) NET/0-6 (6/0.2/PHB) NET/0-7 (0/5000.0/LOC) 
cloud-0n58xq:1843170:1843170 [0] NCCL INFO ncclTopoGetCpuAffinity: Affinity for GPU 5 is empty, ignoring. (GPU affinity =  ; CPU affinity = 0-191).
cloud-0n58xq:1843170:1843170 [0] NCCL INFO Pattern 4, crossNic 0, nChannels 2, bw 24.000000/24.000000, type LOC/PIX, sameChannels 1
cloud-0n58xq:1843170:1843170 [0] NCCL INFO  0 : NET/0-5 GPU/0-1c000 NET/0-5
cloud-0n58xq:1843170:1843170 [0] NCCL INFO  1 : NET/0-5 GPU/0-1c000 NET/0-5
cloud-0n58xq:1843170:1843170 [0] NCCL INFO Pattern 3, crossNic 0, nChannels 2, bw 48.000000/24.000000, type LOC/PIX, sameChannels 1
cloud-0n58xq:1843170:1843170 [0] NCCL INFO  0 : NET/0-5 GPU/0-1c000 NET/0-5
cloud-0n58xq:1843170:1843170 [0] NCCL INFO  1 : NET/0-5 GPU/0-1c000 NET/0-5
cloud-0n58xq:1843170:1843170 [0] NCCL INFO comm 0x560973eff260 rank 3 nRanks 4 nNodes 4 localRanks 1 localRank 0 MNNVL 0
cloud-0n58xq:1843170:1843170 [0] NCCL INFO Tree 0 : 2 -> 3 -> -1/-1/-1
cloud-0n58xq:1843170:1843170 [0] NCCL INFO Tree 2 : -1 -> 3 -> 1/-1/-1
cloud-0n58xq:1843170:1843170 [0] NCCL INFO Tree 1 : 2 -> 3 -> -1/-1/-1
cloud-0n58xq:1843170:1843170 [0] NCCL INFO Tree 3 : -1 -> 3 -> 1/-1/-1
cloud-0n58xq:1843170:1843170 [0] NCCL INFO Ring 00 : 2 -> 3 -> 0
cloud-0n58xq:1843170:1843170 [0] NCCL INFO Ring 01 : 2 -> 3 -> 0
cloud-0n58xq:1843170:1843170 [0] NCCL INFO Ring 02 : 2 -> 3 -> 0
cloud-0n58xq:1843170:1843170 [0] NCCL INFO Ring 03 : 2 -> 3 -> 0
cloud-0n58xq:1843170:1843170 [0] NCCL INFO Trees [0] -1/-1/-1->3->2 [1] -1/-1/-1->3->2 [2] 1/-1/-1->3->-1 [3] 1/-1/-1->3->-1
cloud-0n58xq:1843170:1843170 [0] NCCL INFO P2P Chunksize set to 131072
cloud-0n58xq:1843170:1843170 [0] NCCL INFO PROFILER/Plugin: Could not find: libnccl-profiler.so
cloud-0n58xq:1843170:1843170 [0] NCCL INFO Check P2P Type isAllDirectP2p 1 directMode 0 isAllCudaP2p 1
cloud-0n58xq:1843170:1843170 [0] NCCL INFO ncclP2pSchedule: group size used is 1
cloud-0n58xq:1843170:1843265 [0] NCCL INFO [Proxy Service] Device 0 CPU core 11
cloud-0n58xq:1843170:1843267 [0] NCCL INFO [Proxy Service UDS] Device 0 CPU core 15
cloud-0n58xq:1843170:1843170 [0] NCCL INFO TUNER/Plugin: Could not find: libnccl-tuner.so
cloud-0n58xq:1843170:1843170 [0] NCCL INFO threadThresholds 8/8/64 | 32/8/64 | 512 | 512
cloud-0n58xq:1843170:1843170 [0] NCCL INFO 4 coll channels, 4 collnet channels, 0 nvls channels, 4 p2p channels, 2 p2p channels per peer
cloud-0n58xq:1843170:1843170 [0] NCCL INFO ncclCommInitRankConfig comm 0x560973eff260 rank 3 nranks 4 cudaDev 0 nvmlDev 5 busId 1c000 commId 0x9f9a13757ee22888 - Init COMPLETE
cloud-0n58xq:1843170:1843170 [0] NCCL INFO Init timings - ncclCommInitRankConfig: rank 3 nranks 4 total 1.32 (kernels 0.51, alloc 0.71, bootstrap 0.00, allgathers 0.02, topo 0.07, graphs 0.00, connections 0.01, rest 0.00)
cloud-0n58xq:1843170:1843170 [0] NCCL INFO GPU Direct RDMA Enabled for GPU 3 / HCA 5 (distance 4 <= 5), read 0 mode Default
cloud-0n58xq:1843170:1843271 [0] NCCL INFO [Proxy Progress] Device 0 CPU core 24
cloud-0n58xq:1843170:1843170 [0] NCCL INFO Channel 02/1 : 2[4] -> 3[5] [receive] via NET/IB/5/GDRDMA/Shared
cloud-0n58xq:1843170:1843170 [0] NCCL INFO GPU Direct RDMA Enabled for GPU 3 / HCA 5 (distance 4 <= 5), read 0 mode Default
cloud-0n58xq:1843170:1843170 [0] NCCL INFO Channel 03/1 : 2[4] -> 3[5] [receive] via NET/IB/5/GDRDMA/Shared
cloud-0n58xq:1843170:1843170 [0] NCCL INFO GPU Direct RDMA Enabled for GPU 3 / HCA 5 (distance 4 <= 5), read 1 mode Default
cloud-0n58xq:1843170:1843170 [0] NCCL INFO Channel 02/1 : 3[5] -> 0[0] [send] via NET/IB/5/GDRDMA/Shared
cloud-0n58xq:1843170:1843170 [0] NCCL INFO GPU Direct RDMA Enabled for GPU 3 / HCA 5 (distance 4 <= 5), read 1 mode Default
cloud-0n58xq:1843170:1843170 [0] NCCL INFO Channel 03/1 : 3[5] -> 0[0] [send] via NET/IB/5/GDRDMA/Shared
cloud-0n58xq:1843170:1843170 [0] NCCL INFO GPU Direct RDMA Enabled for GPU 3 / HCA 5 (distance 4 <= 5), read 0 mode Default
cloud-0n58xq:1843170:1843170 [0] NCCL INFO Channel 00/1 : 1[1] -> 3[5] [receive] via NET/IB/5/GDRDMA/Shared
cloud-0n58xq:1843170:1843170 [0] NCCL INFO GPU Direct RDMA Enabled for GPU 3 / HCA 5 (distance 4 <= 5), read 0 mode Default
cloud-0n58xq:1843170:1843170 [0] NCCL INFO Channel 03/1 : 1[1] -> 3[5] [receive] via NET/IB/5/GDRDMA/Shared
cloud-0n58xq:1843170:1843170 [0] NCCL INFO GPU Direct RDMA Enabled for GPU 3 / HCA 5 (distance 4 <= 5), read 1 mode Default
cloud-0n58xq:1843170:1843170 [0] NCCL INFO Channel 00/1 : 3[5] -> 1[1] [send] via NET/IB/5/GDRDMA/Shared
cloud-0n58xq:1843170:1843170 [0] NCCL INFO GPU Direct RDMA Enabled for GPU 3 / HCA 5 (distance 4 <= 5), read 1 mode Default
cloud-0n58xq:1843170:1843170 [0] NCCL INFO Channel 03/1 : 3[5] -> 1[1] [send] via NET/IB/5/GDRDMA/Shared
cloud-0n58xq:1843170:1843170 [0] NCCL INFO GPU Direct RDMA Enabled for GPU 3 / HCA 5 (distance 4 <= 5), read 0 mode Default
cloud-0n58xq:1843170:1843170 [0] NCCL INFO Channel 01/1 : 0[0] -> 3[5] [receive] via NET/IB/5/GDRDMA/Shared
cloud-0n58xq:1843170:1843170 [0] NCCL INFO GPU Direct RDMA Enabled for GPU 3 / HCA 5 (distance 4 <= 5), read 0 mode Default
cloud-0n58xq:1843170:1843170 [0] NCCL INFO Channel 02/1 : 0[0] -> 3[5] [receive] via NET/IB/5/GDRDMA/Shared
cloud-0n58xq:1843170:1843170 [0] NCCL INFO GPU Direct RDMA Enabled for GPU 3 / HCA 5 (distance 4 <= 5), read 1 mode Default
cloud-0n58xq:1843170:1843170 [0] NCCL INFO Channel 01/1 : 3[5] -> 2[4] [send] via NET/IB/5/GDRDMA/Shared
cloud-0n58xq:1843170:1843170 [0] NCCL INFO GPU Direct RDMA Enabled for GPU 3 / HCA 5 (distance 4 <= 5), read 1 mode Default
cloud-0n58xq:1843170:1843170 [0] NCCL INFO Channel 02/1 : 3[5] -> 2[4] [send] via NET/IB/5/GDRDMA/Shared
cloud-0n58xq:1843170:1843265 [0] NCCL INFO Allocated shareable buffer 0x7f6611000000 size 8388608 ipcDesc 0x7f65b800ea78
cloud-0n58xq:1843170:1843265 [0] NCCL INFO Allocated shareable buffer 0x7f6611800000 size 8388608 ipcDesc 0x7f65b800e818

[2026-10-03 00:00:54] cloud-0n58xq:1843170:1843271 [0] transport/net_ib.cc:2546 NCCL WARN NET/IB: Got completion from peer 192.168.0.2<34776> with status=IBV_WC_RETRY_EXC_ERR(12) opcode=IBV_WC_SEND(0) reqSize=0 vendor_err=129 req_type=Recv hca mlx5_5
cloud-0n58xq:1843170:1843271 [0] NCCL INFO transport/net.cc:1508 -> 6

[2026-10-03 00:00:54] cloud-0n58xq:1843170:1843271 [0] transport/net_ib.cc:2546 NCCL WARN NET/IB: Got completion from peer 192.168.0.2<39624> with status=IBV_WC_RETRY_EXC_ERR(12) opcode=IBV_WC_SEND(0) reqSize=0 vendor_err=129 req_type=Recv hca mlx5_5
cloud-0n58xq:1843170:1843271 [0] NCCL INFO transport/net.cc:1508 -> 6

[2026-10-03 00:00:54] cloud-0n58xq:1843170:1843271 [0] transport/net_ib.cc:2546 NCCL WARN NET/IB: Got completion from peer 192.168.0.2<41718> with status=IBV_WC_RETRY_EXC_ERR(12) opcode=IBV_WC_SEND(0) reqSize=0 vendor_err=129 req_type=Recv hca mlx5_5
cloud-0n58xq:1843170:1843271 [0] NCCL INFO transport/net.cc:1508 -> 6
cloud-0n58xq:1843170:1843271 [0] NCCL INFO proxy.cc:965 -> 6 [Progress Thread]
