cloud-0n58xq:2583212:2583212 [0] NCCL INFO ENV/Plugin: Could not find: libnccl-env.so
cloud-0n58xq:2583212:2583212 [0] NCCL INFO cudaDriverVersion 12080
cloud-0n58xq:2583212:2583212 [0] NCCL INFO NCCL version 2.28.9+cuda12.9
cloud-0n58xq:2583212:2583212 [0] NCCL INFO NET/Plugin: Could not find: libnccl-net.so
cloud-0n58xq:2583212:2583212 [0] NCCL INFO NET/IB : Using [0]mlx5_0:1/IB [1]mlx5_1:1/IB [2]mlx5_2:1/IB [3]mlx5_3:1/IB [4]mlx5_4:1/IB [5]mlx5_5:1/IB [6]mlx5_6:1/IB [7]mlx5_7:1/IB [RO]; OOB enp0s3:192.168.0.2<0>
cloud-0n58xq:2583212:2583212 [0] NCCL INFO Initialized NET plugin IB
cloud-0n58xq:2583212:2583212 [0] NCCL INFO Assigned NET plugin IB to comm
cloud-0n58xq:2583212:2583212 [0] NCCL INFO Assigned GIN plugin GIN_IB_GDAKI to comm
cloud-0n58xq:2583212:2583212 [0] NCCL INFO Using network IB
cloud-0n58xq:2583212:2583212 [0] NCCL INFO DMA-BUF is available on GPU device 0
cloud-0n58xq:2583212:2583212 [0] NCCL INFO ncclCommInitRankConfig comm 0x560e1f9fd2f0 rank 1 nranks 4 cudaDev 0 nvmlDev 1 busId 8000 commId 0x7bb2abd663229679 - Init START
cloud-0n58xq:2583212:2583212 [0] NCCL INFO RAS client listening socket at 127.0.0.1<28028>
cloud-0n58xq:2583212:2583212 [0] NCCL INFO MNNVL busId 0x8000 fabric UUID 0.0 cliqueId 0x0 state 3 healthMask 0x0
cloud-0n58xq:2583212:2583212 [0] NCCL INFO Topology detection : could not read /sys/devices/system/node/node-1/cpumap, ignoring
cloud-0n58xq:2583212:2583212 [0] NCCL INFO Could not find real path of /sys/class/pci_bus/fffffff/../../fffffff:ff:f
cloud-0n58xq:2583212:2583212 [0] NCCL INFO TOPO/NET : Importing network plugins to topology
cloud-0n58xq:2583212:2583212 [0] NCCL INFO Topology detection : could not read /sys/devices/system/node/node-1/cpumap, ignoring
cloud-0n58xq:2583212:2583212 [0] NCCL INFO ncclTopoPopulateNics : Filled mlx5_0 in topo with pciPath=/sys/devices/pci0000:00/0000:00:04.0/0000:01:00.0/0000:02:03.0/0000:05:00.0 keep=1 coll=(null)
cloud-0n58xq:2583212:2583212 [0] NCCL INFO Topology detection : could not read /sys/devices/system/node/node-1/cpumap, ignoring
cloud-0n58xq:2583212:2583212 [0] NCCL INFO ncclTopoPopulateNics : Filled mlx5_1 in topo with pciPath=/sys/devices/pci0000:00/0000:00:05.0/0000:06:00.0/0000:07:03.0/0000:0a:00.0 keep=1 coll=(null)
cloud-0n58xq:2583212:2583212 [0] NCCL INFO Topology detection : could not read /sys/devices/system/node/node-1/cpumap, ignoring
cloud-0n58xq:2583212:2583212 [0] NCCL INFO ncclTopoPopulateNics : Filled mlx5_2 in topo with pciPath=/sys/devices/pci0000:00/0000:00:06.0/0000:0b:00.0/0000:0c:03.0/0000:0f:00.0 keep=1 coll=(null)
cloud-0n58xq:2583212:2583212 [0] NCCL INFO Topology detection : could not read /sys/devices/system/node/node-1/cpumap, ignoring
cloud-0n58xq:2583212:2583212 [0] NCCL INFO ncclTopoPopulateNics : Filled mlx5_3 in topo with pciPath=/sys/devices/pci0000:00/0000:00:07.0/0000:10:00.0/0000:11:03.0/0000:14:00.0 keep=1 coll=(null)
cloud-0n58xq:2583212:2583212 [0] NCCL INFO Topology detection : could not read /sys/devices/system/node/node-1/cpumap, ignoring
cloud-0n58xq:2583212:2583212 [0] NCCL INFO ncclTopoPopulateNics : Filled mlx5_4 in topo with pciPath=/sys/devices/pci0000:00/0000:00:08.0/0000:15:00.0/0000:16:03.0/0000:19:00.0 keep=1 coll=(null)
cloud-0n58xq:2583212:2583212 [0] NCCL INFO Topology detection : could not read /sys/devices/system/node/node-1/cpumap, ignoring
cloud-0n58xq:2583212:2583212 [0] NCCL INFO ncclTopoPopulateNics : Filled mlx5_5 in topo with pciPath=/sys/devices/pci0000:00/0000:00:09.0/0000:1a:00.0/0000:1b:03.0/0000:1e:00.0 keep=1 coll=(null)
cloud-0n58xq:2583212:2583212 [0] NCCL INFO Topology detection : could not read /sys/devices/system/node/node-1/cpumap, ignoring
cloud-0n58xq:2583212:2583212 [0] NCCL INFO ncclTopoPopulateNics : Filled mlx5_6 in topo with pciPath=/sys/devices/pci0000:00/0000:00:0a.0/0000:1f:00.0/0000:20:03.0/0000:23:00.0 keep=1 coll=(null)
cloud-0n58xq:2583212:2583212 [0] NCCL INFO Topology detection : could not read /sys/devices/system/node/node-1/cpumap, ignoring
cloud-0n58xq:2583212:2583212 [0] NCCL INFO ncclTopoPopulateNics : Filled mlx5_7 in topo with pciPath=/sys/devices/pci0000:00/0000:00:0b.0/0000:24:00.0/0000:25:03.0/0000:28:00.0 keep=1 coll=(null)
cloud-0n58xq:2583212:2583212 [0] NCCL INFO GPU Direct RDMA Enabled for GPU 0 / HCA 0 (distance 4 <= 5), read 0 mode Default
cloud-0n58xq:2583212:2583212 [0] NCCL INFO GPU Direct RDMA Enabled for GPU 1 / HCA 0 (distance 4 <= 5), read 0 mode Default
cloud-0n58xq:2583212:2583212 [0] NCCL INFO GPU Direct RDMA Enabled for GPU 2 / HCA 0 (distance 4 <= 5), read 0 mode Default
cloud-0n58xq:2583212:2583212 [0] NCCL INFO GPU Direct RDMA Enabled for GPU 3 / HCA 0 (distance 4 <= 5), read 0 mode Default
cloud-0n58xq:2583212:2583212 [0] NCCL INFO GPU Direct RDMA Enabled for GPU 0 / HCA 1 (distance 4 <= 5), read 0 mode Default
cloud-0n58xq:2583212:2583212 [0] NCCL INFO GPU Direct RDMA Enabled for GPU 1 / HCA 1 (distance 4 <= 5), read 0 mode Default
cloud-0n58xq:2583212:2583212 [0] NCCL INFO GPU Direct RDMA Enabled for GPU 2 / HCA 1 (distance 4 <= 5), read 0 mode Default
cloud-0n58xq:2583212:2583212 [0] NCCL INFO GPU Direct RDMA Enabled for GPU 3 / HCA 1 (distance 4 <= 5), read 0 mode Default
cloud-0n58xq:2583212:2583212 [0] NCCL INFO GPU Direct RDMA Enabled for GPU 0 / HCA 4 (distance 4 <= 5), read 0 mode Default
cloud-0n58xq:2583212:2583212 [0] NCCL INFO GPU Direct RDMA Enabled for GPU 1 / HCA 4 (distance 4 <= 5), read 0 mode Default
cloud-0n58xq:2583212:2583212 [0] NCCL INFO GPU Direct RDMA Enabled for GPU 2 / HCA 4 (distance 4 <= 5), read 0 mode Default
cloud-0n58xq:2583212:2583212 [0] NCCL INFO GPU Direct RDMA Enabled for GPU 3 / HCA 4 (distance 4 <= 5), read 0 mode Default
cloud-0n58xq:2583212:2583212 [0] NCCL INFO GPU Direct RDMA Enabled for GPU 0 / HCA 5 (distance 4 <= 5), read 0 mode Default
cloud-0n58xq:2583212:2583212 [0] NCCL INFO GPU Direct RDMA Enabled for GPU 1 / HCA 5 (distance 4 <= 5), read 0 mode Default
cloud-0n58xq:2583212:2583212 [0] NCCL INFO GPU Direct RDMA Enabled for GPU 2 / HCA 5 (distance 4 <= 5), read 0 mode Default
cloud-0n58xq:2583212:2583212 [0] NCCL INFO GPU Direct RDMA Enabled for GPU 3 / HCA 5 (distance 4 <= 5), read 0 mode Default
cloud-0n58xq:2583212:2583212 [0] NCCL INFO GPU Direct RDMA Enabled for GPU 0 / HCA 0 (distance 4 <= 5), read 0 mode Default
cloud-0n58xq:2583212:2583212 [0] NCCL INFO GPU Direct RDMA Enabled for GPU 1 / HCA 0 (distance 4 <= 5), read 0 mode Default
cloud-0n58xq:2583212:2583212 [0] NCCL INFO GPU Direct RDMA Enabled for GPU 2 / HCA 0 (distance 4 <= 5), read 0 mode Default
cloud-0n58xq:2583212:2583212 [0] NCCL INFO GPU Direct RDMA Enabled for GPU 3 / HCA 0 (distance 4 <= 5), read 0 mode Default
cloud-0n58xq:2583212:2583212 [0] NCCL INFO GPU Direct RDMA Enabled for GPU 0 / HCA 1 (distance 4 <= 5), read 0 mode Default
cloud-0n58xq:2583212:2583212 [0] NCCL INFO GPU Direct RDMA Enabled for GPU 1 / HCA 1 (distance 4 <= 5), read 0 mode Default
cloud-0n58xq:2583212:2583212 [0] NCCL INFO GPU Direct RDMA Enabled for GPU 2 / HCA 1 (distance 4 <= 5), read 0 mode Default
cloud-0n58xq:2583212:2583212 [0] NCCL INFO GPU Direct RDMA Enabled for GPU 3 / HCA 1 (distance 4 <= 5), read 0 mode Default
cloud-0n58xq:2583212:2583212 [0] NCCL INFO GPU Direct RDMA Enabled for GPU 0 / HCA 4 (distance 4 <= 5), read 0 mode Default
cloud-0n58xq:2583212:2583212 [0] NCCL INFO GPU Direct RDMA Enabled for GPU 1 / HCA 4 (distance 4 <= 5), read 0 mode Default
cloud-0n58xq:2583212:2583212 [0] NCCL INFO GPU Direct RDMA Enabled for GPU 2 / HCA 4 (distance 4 <= 5), read 0 mode Default
cloud-0n58xq:2583212:2583212 [0] NCCL INFO GPU Direct RDMA Enabled for GPU 3 / HCA 4 (distance 4 <= 5), read 0 mode Default
cloud-0n58xq:2583212:2583212 [0] NCCL INFO GPU Direct RDMA Enabled for GPU 0 / HCA 5 (distance 4 <= 5), read 0 mode Default
cloud-0n58xq:2583212:2583212 [0] NCCL INFO GPU Direct RDMA Enabled for GPU 1 / HCA 5 (distance 4 <= 5), read 0 mode Default
cloud-0n58xq:2583212:2583212 [0] NCCL INFO GPU Direct RDMA Enabled for GPU 2 / HCA 5 (distance 4 <= 5), read 0 mode Default
cloud-0n58xq:2583212:2583212 [0] NCCL INFO GPU Direct RDMA Enabled for GPU 3 / HCA 5 (distance 4 <= 5), read 0 mode Default
cloud-0n58xq:2583212:2583212 [0] NCCL INFO === System : maxBw 370.8 totalBw 370.8 ===
cloud-0n58xq:2583212:2583212 [0] NCCL INFO CPU/0-ffffffffffffff (1/1/3)
cloud-0n58xq:2583212:2583212 [0] NCCL INFO + PCI[0.2] - PCI/0-1000 (104c823200000000)
cloud-0n58xq:2583212:2583212 [0] NCCL INFO              + PCI[48.0] - GPU/0-3000 (0)
cloud-0n58xq:2583212:2583212 [0] NCCL INFO                            + NVL[370.8] - NVS/0-0
cloud-0n58xq:2583212:2583212 [0] NCCL INFO              + PCI[48.0] - NIC/0-5000
cloud-0n58xq:2583212:2583212 [0] NCCL INFO                            + NET[50.0] - NET/0-0 (0/ccf3690003c0639c/1/50.000000)
cloud-0n58xq:2583212:2583212 [0] NCCL INFO + PCI[0.2] - PCI/0-6000 (104c823200000000)
cloud-0n58xq:2583212:2583212 [0] NCCL INFO              + PCI[48.0] - NIC/0-a000
cloud-0n58xq:2583212:2583212 [0] NCCL INFO                            + NET[50.0] - NET/0-1 (0/74f3690003c0639c/1/50.000000)
cloud-0n58xq:2583212:2583212 [0] NCCL INFO              + PCI[48.0] - GPU/0-8000 (1)
cloud-0n58xq:2583212:2583212 [0] NCCL INFO                            + NVL[370.8] - NVS/0-0
cloud-0n58xq:2583212:2583212 [0] NCCL INFO + PCI[0.2] - PCI/0-b000 (104c823200000000)
cloud-0n58xq:2583212:2583212 [0] NCCL INFO              + PCI[48.0] - NIC/0-f000
cloud-0n58xq:2583212:2583212 [0] NCCL INFO                            + NET[50.0] - NET/0-2 (0/9e196b0003c0639c/1/50.000000)
cloud-0n58xq:2583212:2583212 [0] NCCL INFO + PCI[0.2] - PCI/0-10000 (104c823200000000)
cloud-0n58xq:2583212:2583212 [0] NCCL INFO              + PCI[48.0] - NIC/0-14000
cloud-0n58xq:2583212:2583212 [0] NCCL INFO                            + NET[50.0] - NET/0-3 (0/38036a0003c0639c/1/50.000000)
cloud-0n58xq:2583212:2583212 [0] NCCL INFO + PCI[0.2] - PCI/0-15000 (104c823200000000)
cloud-0n58xq:2583212:2583212 [0] NCCL INFO              + PCI[48.0] - NIC/0-19000
cloud-0n58xq:2583212:2583212 [0] NCCL INFO                            + NET[50.0] - NET/0-4 (0/1a016b0003c0639c/1/50.000000)
cloud-0n58xq:2583212:2583212 [0] NCCL INFO              + PCI[48.0] - GPU/0-17000 (2)
cloud-0n58xq:2583212:2583212 [0] NCCL INFO                            + NVL[370.8] - NVS/0-0
cloud-0n58xq:2583212:2583212 [0] NCCL INFO + PCI[0.2] - PCI/0-1a000 (104c823200000000)
cloud-0n58xq:2583212:2583212 [0] NCCL INFO              + PCI[48.0] - NIC/0-1e000
cloud-0n58xq:2583212:2583212 [0] NCCL INFO                            + NET[50.0] - NET/0-5 (0/70f3690003c0639c/1/50.000000)
cloud-0n58xq:2583212:2583212 [0] NCCL INFO              + PCI[48.0] - GPU/0-1c000 (3)
cloud-0n58xq:2583212:2583212 [0] NCCL INFO                            + NVL[370.8] - NVS/0-0
cloud-0n58xq:2583212:2583212 [0] NCCL INFO + PCI[0.2] - PCI/0-1f000 (104c823200000000)
cloud-0n58xq:2583212:2583212 [0] NCCL INFO              + PCI[48.0] - NIC/0-23000
cloud-0n58xq:2583212:2583212 [0] NCCL INFO                            + NET[50.0] - NET/0-6 (0/b8f3690003c0639c/1/50.000000)
cloud-0n58xq:2583212:2583212 [0] NCCL INFO + PCI[0.2] - PCI/0-24000 (104c823200000000)
cloud-0n58xq:2583212:2583212 [0] NCCL INFO              + PCI[48.0] - NIC/0-28000
cloud-0n58xq:2583212:2583212 [0] NCCL INFO                            + NET[50.0] - NET/0-7 (0/1c036a0003c0639c/1/50.000000)
cloud-0n58xq:2583212:2583212 [0] NCCL INFO ==========================================
cloud-0n58xq:2583212:2583212 [0] NCCL INFO GPU/0-3000 :GPU/0-3000 (0/5000.0/LOC) GPU/0-8000 (2/370.8/NVL) GPU/0-17000 (2/370.8/NVL) GPU/0-1c000 (2/370.8/NVL) NVS/0-0 (1/370.8/NVL) CPU/0-ffffffffffffff (2/0.2/PHB) NET/0-0 (3/48.0/PIX) NET/0-1 (5/48.0/PXN) NET/0-2 (5/0.2/PHB) NET/0-3 (5/0.2/PHB) NET/0-4 (5/48.0/PXN) NET/0-5 (5/48.0/PXN) NET/0-6 (5/0.2/PHB) NET/0-7 (5/0.2/PHB) 
cloud-0n58xq:2583212:2583212 [0] NCCL INFO GPU/0-8000 :GPU/0-3000 (2/370.8/NVL) GPU/0-8000 (0/5000.0/LOC) GPU/0-17000 (2/370.8/NVL) GPU/0-1c000 (2/370.8/NVL) NVS/0-0 (1/370.8/NVL) CPU/0-ffffffffffffff (2/0.2/PHB) NET/0-0 (5/48.0/PXN) NET/0-1 (3/48.0/PIX) NET/0-2 (5/0.2/PHB) NET/0-3 (5/0.2/PHB) NET/0-4 (5/48.0/PXN) NET/0-5 (5/48.0/PXN) NET/0-6 (5/0.2/PHB) NET/0-7 (5/0.2/PHB) 
cloud-0n58xq:2583212:2583212 [0] NCCL INFO GPU/0-17000 :GPU/0-3000 (2/370.8/NVL) GPU/0-8000 (2/370.8/NVL) GPU/0-17000 (0/5000.0/LOC) GPU/0-1c000 (2/370.8/NVL) NVS/0-0 (1/370.8/NVL) CPU/0-ffffffffffffff (2/0.2/PHB) NET/0-0 (5/48.0/PXN) NET/0-1 (5/48.0/PXN) NET/0-2 (5/0.2/PHB) NET/0-3 (5/0.2/PHB) NET/0-4 (3/48.0/PIX) NET/0-5 (5/48.0/PXN) NET/0-6 (5/0.2/PHB) NET/0-7 (5/0.2/PHB) 
cloud-0n58xq:2583212:2583212 [0] NCCL INFO GPU/0-1c000 :GPU/0-3000 (2/370.8/NVL) GPU/0-8000 (2/370.8/NVL) GPU/0-17000 (2/370.8/NVL) GPU/0-1c000 (0/5000.0/LOC) NVS/0-0 (1/370.8/NVL) CPU/0-ffffffffffffff (2/0.2/PHB) NET/0-0 (5/48.0/PXN) NET/0-1 (5/48.0/PXN) NET/0-2 (5/0.2/PHB) NET/0-3 (5/0.2/PHB) NET/0-4 (5/48.0/PXN) NET/0-5 (3/48.0/PIX) NET/0-6 (5/0.2/PHB) NET/0-7 (5/0.2/PHB) 
cloud-0n58xq:2583212:2583212 [0] NCCL INFO NET/0-0 :GPU/0-3000 (3/48.0/PIX) GPU/0-8000 (5/0.2/PHB) GPU/0-17000 (5/0.2/PHB) GPU/0-1c000 (5/0.2/PHB) CPU/0-ffffffffffffff (3/0.2/PHB) NET/0-0 (0/5000.0/LOC) NET/0-1 (6/0.2/PHB) NET/0-2 (6/0.2/PHB) NET/0-3 (6/0.2/PHB) NET/0-4 (6/0.2/PHB) NET/0-5 (6/0.2/PHB) NET/0-6 (6/0.2/PHB) NET/0-7 (6/0.2/PHB) 
cloud-0n58xq:2583212:2583212 [0] NCCL INFO NET/0-1 :GPU/0-3000 (5/0.2/PHB) GPU/0-8000 (3/48.0/PIX) GPU/0-17000 (5/0.2/PHB) GPU/0-1c000 (5/0.2/PHB) CPU/0-ffffffffffffff (3/0.2/PHB) NET/0-0 (6/0.2/PHB) NET/0-1 (0/5000.0/LOC) NET/0-2 (6/0.2/PHB) NET/0-3 (6/0.2/PHB) NET/0-4 (6/0.2/PHB) NET/0-5 (6/0.2/PHB) NET/0-6 (6/0.2/PHB) NET/0-7 (6/0.2/PHB) 
cloud-0n58xq:2583212:2583212 [0] NCCL INFO NET/0-2 :GPU/0-3000 (5/0.2/PHB) GPU/0-8000 (5/0.2/PHB) GPU/0-17000 (5/0.2/PHB) GPU/0-1c000 (5/0.2/PHB) CPU/0-ffffffffffffff (3/0.2/PHB) NET/0-0 (6/0.2/PHB) NET/0-1 (6/0.2/PHB) NET/0-2 (0/5000.0/LOC) NET/0-3 (6/0.2/PHB) NET/0-4 (6/0.2/PHB) NET/0-5 (6/0.2/PHB) NET/0-6 (6/0.2/PHB) NET/0-7 (6/0.2/PHB) 
cloud-0n58xq:2583212:2583212 [0] NCCL INFO NET/0-3 :GPU/0-3000 (5/0.2/PHB) GPU/0-8000 (5/0.2/PHB) GPU/0-17000 (5/0.2/PHB) GPU/0-1c000 (5/0.2/PHB) CPU/0-ffffffffffffff (3/0.2/PHB) NET/0-0 (6/0.2/PHB) NET/0-1 (6/0.2/PHB) NET/0-2 (6/0.2/PHB) NET/0-3 (0/5000.0/LOC) NET/0-4 (6/0.2/PHB) NET/0-5 (6/0.2/PHB) NET/0-6 (6/0.2/PHB) NET/0-7 (6/0.2/PHB) 
cloud-0n58xq:2583212:2583212 [0] NCCL INFO NET/0-4 :GPU/0-3000 (5/0.2/PHB) GPU/0-8000 (5/0.2/PHB) GPU/0-17000 (3/48.0/PIX) GPU/0-1c000 (5/0.2/PHB) CPU/0-ffffffffffffff (3/0.2/PHB) NET/0-0 (6/0.2/PHB) NET/0-1 (6/0.2/PHB) NET/0-2 (6/0.2/PHB) NET/0-3 (6/0.2/PHB) NET/0-4 (0/5000.0/LOC) NET/0-5 (6/0.2/PHB) NET/0-6 (6/0.2/PHB) NET/0-7 (6/0.2/PHB) 
cloud-0n58xq:2583212:2583212 [0] NCCL INFO NET/0-5 :GPU/0-3000 (5/0.2/PHB) GPU/0-8000 (5/0.2/PHB) GPU/0-17000 (5/0.2/PHB) GPU/0-1c000 (3/48.0/PIX) CPU/0-ffffffffffffff (3/0.2/PHB) NET/0-0 (6/0.2/PHB) NET/0-1 (6/0.2/PHB) NET/0-2 (6/0.2/PHB) NET/0-3 (6/0.2/PHB) NET/0-4 (6/0.2/PHB) NET/0-5 (0/5000.0/LOC) NET/0-6 (6/0.2/PHB) NET/0-7 (6/0.2/PHB) 
cloud-0n58xq:2583212:2583212 [0] NCCL INFO NET/0-6 :GPU/0-3000 (5/0.2/PHB) GPU/0-8000 (5/0.2/PHB) GPU/0-17000 (5/0.2/PHB) GPU/0-1c000 (5/0.2/PHB) CPU/0-ffffffffffffff (3/0.2/PHB) NET/0-0 (6/0.2/PHB) NET/0-1 (6/0.2/PHB) NET/0-2 (6/0.2/PHB) NET/0-3 (6/0.2/PHB) NET/0-4 (6/0.2/PHB) NET/0-5 (6/0.2/PHB) NET/0-6 (0/5000.0/LOC) NET/0-7 (6/0.2/PHB) 
cloud-0n58xq:2583212:2583212 [0] NCCL INFO NET/0-7 :GPU/0-3000 (5/0.2/PHB) GPU/0-8000 (5/0.2/PHB) GPU/0-17000 (5/0.2/PHB) GPU/0-1c000 (5/0.2/PHB) CPU/0-ffffffffffffff (3/0.2/PHB) NET/0-0 (6/0.2/PHB) NET/0-1 (6/0.2/PHB) NET/0-2 (6/0.2/PHB) NET/0-3 (6/0.2/PHB) NET/0-4 (6/0.2/PHB) NET/0-5 (6/0.2/PHB) NET/0-6 (6/0.2/PHB) NET/0-7 (0/5000.0/LOC) 
cloud-0n58xq:2583212:2583212 [0] NCCL INFO ncclTopoGetCpuAffinity: Affinity for GPU 1 is empty, ignoring. (GPU affinity =  ; CPU affinity = 0-191).
cloud-0n58xq:2583212:2583212 [0] NCCL INFO NVLS multicast support is available on dev 0 (NVLS_NCHANNELS 16)
cloud-0n58xq:2583212:2583212 [0] NCCL INFO Pattern 4, crossNic 0, nChannels 12, bw 30.000000/30.000000, type NVL/PIX, sameChannels 1
cloud-0n58xq:2583212:2583212 [0] NCCL INFO  0 : GPU/0-3000 GPU/0-8000 GPU/0-17000 GPU/0-1c000
cloud-0n58xq:2583212:2583212 [0] NCCL INFO  1 : GPU/0-3000 GPU/0-8000 GPU/0-17000 GPU/0-1c000
cloud-0n58xq:2583212:2583212 [0] NCCL INFO  2 : GPU/0-3000 GPU/0-8000 GPU/0-17000 GPU/0-1c000
cloud-0n58xq:2583212:2583212 [0] NCCL INFO  3 : GPU/0-3000 GPU/0-8000 GPU/0-17000 GPU/0-1c000
cloud-0n58xq:2583212:2583212 [0] NCCL INFO  4 : GPU/0-3000 GPU/0-8000 GPU/0-17000 GPU/0-1c000
cloud-0n58xq:2583212:2583212 [0] NCCL INFO  5 : GPU/0-3000 GPU/0-8000 GPU/0-17000 GPU/0-1c000
cloud-0n58xq:2583212:2583212 [0] NCCL INFO  6 : GPU/0-3000 GPU/0-8000 GPU/0-17000 GPU/0-1c000
cloud-0n58xq:2583212:2583212 [0] NCCL INFO  7 : GPU/0-3000 GPU/0-8000 GPU/0-17000 GPU/0-1c000
cloud-0n58xq:2583212:2583212 [0] NCCL INFO  8 : GPU/0-3000 GPU/0-8000 GPU/0-17000 GPU/0-1c000
cloud-0n58xq:2583212:2583212 [0] NCCL INFO  9 : GPU/0-3000 GPU/0-8000 GPU/0-17000 GPU/0-1c000
cloud-0n58xq:2583212:2583212 [0] NCCL INFO 10 : GPU/0-3000 GPU/0-8000 GPU/0-17000 GPU/0-1c000
cloud-0n58xq:2583212:2583212 [0] NCCL INFO 11 : GPU/0-3000 GPU/0-8000 GPU/0-17000 GPU/0-1c000
cloud-0n58xq:2583212:2583212 [0] NCCL INFO Pattern 1, crossNic 0, nChannels 12, bw 30.000000/30.000000, type NVL/PIX, sameChannels 1
cloud-0n58xq:2583212:2583212 [0] NCCL INFO  0 : GPU/0-3000 GPU/0-8000 GPU/0-17000 GPU/0-1c000
cloud-0n58xq:2583212:2583212 [0] NCCL INFO  1 : GPU/0-3000 GPU/0-8000 GPU/0-17000 GPU/0-1c000
cloud-0n58xq:2583212:2583212 [0] NCCL INFO  2 : GPU/0-3000 GPU/0-8000 GPU/0-17000 GPU/0-1c000
cloud-0n58xq:2583212:2583212 [0] NCCL INFO  3 : GPU/0-3000 GPU/0-8000 GPU/0-17000 GPU/0-1c000
cloud-0n58xq:2583212:2583212 [0] NCCL INFO  4 : GPU/0-3000 GPU/0-8000 GPU/0-17000 GPU/0-1c000
cloud-0n58xq:2583212:2583212 [0] NCCL INFO  5 : GPU/0-3000 GPU/0-8000 GPU/0-17000 GPU/0-1c000
cloud-0n58xq:2583212:2583212 [0] NCCL INFO  6 : GPU/0-3000 GPU/0-8000 GPU/0-17000 GPU/0-1c000
cloud-0n58xq:2583212:2583212 [0] NCCL INFO  7 : GPU/0-3000 GPU/0-8000 GPU/0-17000 GPU/0-1c000
cloud-0n58xq:2583212:2583212 [0] NCCL INFO  8 : GPU/0-3000 GPU/0-8000 GPU/0-17000 GPU/0-1c000
cloud-0n58xq:2583212:2583212 [0] NCCL INFO  9 : GPU/0-3000 GPU/0-8000 GPU/0-17000 GPU/0-1c000
cloud-0n58xq:2583212:2583212 [0] NCCL INFO 10 : GPU/0-3000 GPU/0-8000 GPU/0-17000 GPU/0-1c000
cloud-0n58xq:2583212:2583212 [0] NCCL INFO 11 : GPU/0-3000 GPU/0-8000 GPU/0-17000 GPU/0-1c000
cloud-0n58xq:2583212:2583212 [0] NCCL INFO Pattern 5, crossNic 0, nChannels 4, bw 60.000000/60.000000, type NVL/PIX, sameChannels 0
cloud-0n58xq:2583212:2583212 [0] NCCL INFO  0 : GPU/0-3000
cloud-0n58xq:2583212:2583212 [0] NCCL INFO  1 : GPU/0-8000
cloud-0n58xq:2583212:2583212 [0] NCCL INFO  2 : GPU/0-17000
cloud-0n58xq:2583212:2583212 [0] NCCL INFO  3 : GPU/0-1c000
cloud-0n58xq:2583212:2583212 [0] NCCL INFO comm 0x560e1f9fd2f0 rank 1 nRanks 4 nNodes 1 localRanks 4 localRank 1 MNNVL 0
cloud-0n58xq:2583212:2583212 [0] NCCL INFO Tree 0 : 0 -> 1 -> 2/-1/-1
cloud-0n58xq:2583212:2583212 [0] NCCL INFO Tree 12 : 0 -> 1 -> 2/-1/-1
cloud-0n58xq:2583212:2583212 [0] NCCL INFO Tree 1 : 0 -> 1 -> 2/-1/-1
cloud-0n58xq:2583212:2583212 [0] NCCL INFO Tree 13 : 0 -> 1 -> 2/-1/-1
cloud-0n58xq:2583212:2583212 [0] NCCL INFO Tree 2 : 0 -> 1 -> 2/-1/-1
cloud-0n58xq:2583212:2583212 [0] NCCL INFO Tree 14 : 0 -> 1 -> 2/-1/-1
cloud-0n58xq:2583212:2583212 [0] NCCL INFO Tree 3 : 0 -> 1 -> 2/-1/-1
cloud-0n58xq:2583212:2583212 [0] NCCL INFO Tree 15 : 0 -> 1 -> 2/-1/-1
cloud-0n58xq:2583212:2583212 [0] NCCL INFO Tree 4 : 0 -> 1 -> 2/-1/-1
cloud-0n58xq:2583212:2583212 [0] NCCL INFO Tree 16 : 0 -> 1 -> 2/-1/-1
cloud-0n58xq:2583212:2583212 [0] NCCL INFO Tree 5 : 0 -> 1 -> 2/-1/-1
cloud-0n58xq:2583212:2583212 [0] NCCL INFO Tree 17 : 0 -> 1 -> 2/-1/-1
cloud-0n58xq:2583212:2583212 [0] NCCL INFO Tree 6 : 0 -> 1 -> 2/-1/-1
cloud-0n58xq:2583212:2583212 [0] NCCL INFO Tree 18 : 0 -> 1 -> 2/-1/-1
cloud-0n58xq:2583212:2583212 [0] NCCL INFO Tree 7 : 0 -> 1 -> 2/-1/-1
cloud-0n58xq:2583212:2583212 [0] NCCL INFO Tree 19 : 0 -> 1 -> 2/-1/-1
cloud-0n58xq:2583212:2583212 [0] NCCL INFO Tree 8 : 0 -> 1 -> 2/-1/-1
cloud-0n58xq:2583212:2583212 [0] NCCL INFO Tree 20 : 0 -> 1 -> 2/-1/-1
cloud-0n58xq:2583212:2583212 [0] NCCL INFO Tree 9 : 0 -> 1 -> 2/-1/-1
cloud-0n58xq:2583212:2583212 [0] NCCL INFO Tree 21 : 0 -> 1 -> 2/-1/-1
cloud-0n58xq:2583212:2583212 [0] NCCL INFO Tree 10 : 0 -> 1 -> 2/-1/-1
cloud-0n58xq:2583212:2583212 [0] NCCL INFO Tree 22 : 0 -> 1 -> 2/-1/-1
cloud-0n58xq:2583212:2583212 [0] NCCL INFO Tree 11 : 0 -> 1 -> 2/-1/-1
cloud-0n58xq:2583212:2583212 [0] NCCL INFO Tree 23 : 0 -> 1 -> 2/-1/-1
cloud-0n58xq:2583212:2583212 [0] NCCL INFO Ring 00 : 0 -> 1 -> 2
cloud-0n58xq:2583212:2583212 [0] NCCL INFO Ring 01 : 0 -> 1 -> 2
cloud-0n58xq:2583212:2583212 [0] NCCL INFO Ring 02 : 0 -> 1 -> 2
cloud-0n58xq:2583212:2583212 [0] NCCL INFO Ring 03 : 0 -> 1 -> 2
cloud-0n58xq:2583212:2583212 [0] NCCL INFO Ring 04 : 0 -> 1 -> 2
cloud-0n58xq:2583212:2583212 [0] NCCL INFO Ring 05 : 0 -> 1 -> 2
cloud-0n58xq:2583212:2583212 [0] NCCL INFO Ring 06 : 0 -> 1 -> 2
cloud-0n58xq:2583212:2583212 [0] NCCL INFO Ring 07 : 0 -> 1 -> 2
cloud-0n58xq:2583212:2583212 [0] NCCL INFO Ring 08 : 0 -> 1 -> 2
cloud-0n58xq:2583212:2583212 [0] NCCL INFO Ring 09 : 0 -> 1 -> 2
cloud-0n58xq:2583212:2583212 [0] NCCL INFO Ring 10 : 0 -> 1 -> 2
cloud-0n58xq:2583212:2583212 [0] NCCL INFO Ring 11 : 0 -> 1 -> 2
cloud-0n58xq:2583212:2583212 [0] NCCL INFO Ring 12 : 0 -> 1 -> 2
cloud-0n58xq:2583212:2583212 [0] NCCL INFO Ring 13 : 0 -> 1 -> 2
cloud-0n58xq:2583212:2583212 [0] NCCL INFO Ring 14 : 0 -> 1 -> 2
cloud-0n58xq:2583212:2583212 [0] NCCL INFO Ring 15 : 0 -> 1 -> 2
cloud-0n58xq:2583212:2583212 [0] NCCL INFO Ring 16 : 0 -> 1 -> 2
cloud-0n58xq:2583212:2583212 [0] NCCL INFO Ring 17 : 0 -> 1 -> 2
cloud-0n58xq:2583212:2583212 [0] NCCL INFO Ring 18 : 0 -> 1 -> 2
cloud-0n58xq:2583212:2583212 [0] NCCL INFO Ring 19 : 0 -> 1 -> 2
cloud-0n58xq:2583212:2583212 [0] NCCL INFO Ring 20 : 0 -> 1 -> 2
cloud-0n58xq:2583212:2583212 [0] NCCL INFO Ring 21 : 0 -> 1 -> 2
cloud-0n58xq:2583212:2583212 [0] NCCL INFO Ring 22 : 0 -> 1 -> 2
cloud-0n58xq:2583212:2583212 [0] NCCL INFO Ring 23 : 0 -> 1 -> 2
cloud-0n58xq:2583212:2583212 [0] NCCL INFO Trees [0] 2/-1/-1->1->0 [1] 2/-1/-1->1->0 [2] 2/-1/-1->1->0 [3] 2/-1/-1->1->0 [4] 2/-1/-1->1->0 [5] 2/-1/-1->1->0 [6] 2/-1/-1->1->0 [7] 2/-1/-1->1->0 [8] 2/-1/-1->1->0 [9] 2/-1/-1->1->0 [10] 2/-1/-1->1->0 [11] 2/-1/-1->1->0 [12] 2/-1/-1->1->0 [13] 2/-1/-1->1->0 [14] 2/-1/-1->1->0 [15] 2/-1/-1->1->0 [16] 2/-1/-1->1->0 [17] 2/-1/-1->1->0 [18] 2/-1/-1->1->0 [19] 2/-1/-1->1->0 [20] 2/-1/-1->1->0 [21] 2/-1/-1->1->0 [22] 2/-1/-1->1->0 [23] 2/-1/-1->1->0
cloud-0n58xq:2583212:2583212 [0] NCCL INFO P2P Chunksize set to 524288
cloud-0n58xq:2583212:2583212 [0] NCCL INFO PROFILER/Plugin: Could not find: libnccl-profiler.so
cloud-0n58xq:2583212:2583212 [0] NCCL INFO Check P2P Type isAllDirectP2p 1 directMode 0 isAllCudaP2p 1
cloud-0n58xq:2583212:2583212 [0] NCCL INFO ncclP2pSchedule: group size used is 4
cloud-0n58xq:2583212:2583339 [0] NCCL INFO [Proxy Service] Device 0 CPU core 0
cloud-0n58xq:2583212:2583341 [0] NCCL INFO [Proxy Service UDS] Device 0 CPU core 3
cloud-0n58xq:2583212:2583212 [0] NCCL INFO Channel 00/0 : 1[1] -> 2[4] via P2P/IPC
cloud-0n58xq:2583212:2583212 [0] NCCL INFO Channel 01/0 : 1[1] -> 2[4] via P2P/IPC
cloud-0n58xq:2583212:2583212 [0] NCCL INFO Channel 02/0 : 1[1] -> 2[4] via P2P/IPC
cloud-0n58xq:2583212:2583212 [0] NCCL INFO Channel 03/0 : 1[1] -> 2[4] via P2P/IPC
cloud-0n58xq:2583212:2583212 [0] NCCL INFO Channel 04/0 : 1[1] -> 2[4] via P2P/IPC
cloud-0n58xq:2583212:2583212 [0] NCCL INFO Channel 05/0 : 1[1] -> 2[4] via P2P/IPC
cloud-0n58xq:2583212:2583212 [0] NCCL INFO Channel 06/0 : 1[1] -> 2[4] via P2P/IPC
cloud-0n58xq:2583212:2583212 [0] NCCL INFO Channel 07/0 : 1[1] -> 2[4] via P2P/IPC
cloud-0n58xq:2583212:2583212 [0] NCCL INFO Channel 08/0 : 1[1] -> 2[4] via P2P/IPC
cloud-0n58xq:2583212:2583212 [0] NCCL INFO Channel 09/0 : 1[1] -> 2[4] via P2P/IPC
cloud-0n58xq:2583212:2583212 [0] NCCL INFO Channel 10/0 : 1[1] -> 2[4] via P2P/IPC
cloud-0n58xq:2583212:2583212 [0] NCCL INFO Channel 11/0 : 1[1] -> 2[4] via P2P/IPC
cloud-0n58xq:2583212:2583212 [0] NCCL INFO Channel 12/0 : 1[1] -> 2[4] via P2P/IPC
cloud-0n58xq:2583212:2583212 [0] NCCL INFO Channel 13/0 : 1[1] -> 2[4] via P2P/IPC
cloud-0n58xq:2583212:2583212 [0] NCCL INFO Channel 14/0 : 1[1] -> 2[4] via P2P/IPC
cloud-0n58xq:2583212:2583212 [0] NCCL INFO Channel 15/0 : 1[1] -> 2[4] via P2P/IPC
cloud-0n58xq:2583212:2583212 [0] NCCL INFO Channel 16/0 : 1[1] -> 2[4] via P2P/IPC
cloud-0n58xq:2583212:2583212 [0] NCCL INFO Channel 17/0 : 1[1] -> 2[4] via P2P/IPC
cloud-0n58xq:2583212:2583212 [0] NCCL INFO Channel 18/0 : 1[1] -> 2[4] via P2P/IPC
cloud-0n58xq:2583212:2583212 [0] NCCL INFO Channel 19/0 : 1[1] -> 2[4] via P2P/IPC
cloud-0n58xq:2583212:2583212 [0] NCCL INFO Channel 20/0 : 1[1] -> 2[4] via P2P/IPC
cloud-0n58xq:2583212:2583212 [0] NCCL INFO Channel 21/0 : 1[1] -> 2[4] via P2P/IPC
cloud-0n58xq:2583212:2583212 [0] NCCL INFO Channel 22/0 : 1[1] -> 2[4] via P2P/IPC
cloud-0n58xq:2583212:2583212 [0] NCCL INFO Channel 23/0 : 1[1] -> 2[4] via P2P/IPC
cloud-0n58xq:2583212:2583212 [0] NCCL INFO Connected all rings, use ring PXN 0 GDR 1
cloud-0n58xq:2583212:2583212 [0] NCCL INFO Channel 00/0 : 1[1] -> 0[0] via P2P/IPC
cloud-0n58xq:2583212:2583212 [0] NCCL INFO Channel 01/0 : 1[1] -> 0[0] via P2P/IPC
cloud-0n58xq:2583212:2583212 [0] NCCL INFO Channel 02/0 : 1[1] -> 0[0] via P2P/IPC
cloud-0n58xq:2583212:2583212 [0] NCCL INFO Channel 03/0 : 1[1] -> 0[0] via P2P/IPC
cloud-0n58xq:2583212:2583212 [0] NCCL INFO Channel 04/0 : 1[1] -> 0[0] via P2P/IPC
cloud-0n58xq:2583212:2583212 [0] NCCL INFO Channel 05/0 : 1[1] -> 0[0] via P2P/IPC
cloud-0n58xq:2583212:2583212 [0] NCCL INFO Channel 06/0 : 1[1] -> 0[0] via P2P/IPC
cloud-0n58xq:2583212:2583212 [0] NCCL INFO Channel 07/0 : 1[1] -> 0[0] via P2P/IPC
cloud-0n58xq:2583212:2583212 [0] NCCL INFO Channel 08/0 : 1[1] -> 0[0] via P2P/IPC
cloud-0n58xq:2583212:2583212 [0] NCCL INFO Channel 09/0 : 1[1] -> 0[0] via P2P/IPC
cloud-0n58xq:2583212:2583212 [0] NCCL INFO Channel 10/0 : 1[1] -> 0[0] via P2P/IPC
cloud-0n58xq:2583212:2583212 [0] NCCL INFO Channel 11/0 : 1[1] -> 0[0] via P2P/IPC
cloud-0n58xq:2583212:2583212 [0] NCCL INFO Channel 12/0 : 1[1] -> 0[0] via P2P/IPC
cloud-0n58xq:2583212:2583212 [0] NCCL INFO Channel 13/0 : 1[1] -> 0[0] via P2P/IPC
cloud-0n58xq:2583212:2583212 [0] NCCL INFO Channel 14/0 : 1[1] -> 0[0] via P2P/IPC
cloud-0n58xq:2583212:2583212 [0] NCCL INFO Channel 15/0 : 1[1] -> 0[0] via P2P/IPC
cloud-0n58xq:2583212:2583212 [0] NCCL INFO Channel 16/0 : 1[1] -> 0[0] via P2P/IPC
cloud-0n58xq:2583212:2583212 [0] NCCL INFO Channel 17/0 : 1[1] -> 0[0] via P2P/IPC
cloud-0n58xq:2583212:2583212 [0] NCCL INFO Channel 18/0 : 1[1] -> 0[0] via P2P/IPC
cloud-0n58xq:2583212:2583212 [0] NCCL INFO Channel 19/0 : 1[1] -> 0[0] via P2P/IPC
cloud-0n58xq:2583212:2583212 [0] NCCL INFO Channel 20/0 : 1[1] -> 0[0] via P2P/IPC
cloud-0n58xq:2583212:2583212 [0] NCCL INFO Channel 21/0 : 1[1] -> 0[0] via P2P/IPC
cloud-0n58xq:2583212:2583212 [0] NCCL INFO Channel 22/0 : 1[1] -> 0[0] via P2P/IPC
cloud-0n58xq:2583212:2583212 [0] NCCL INFO Channel 23/0 : 1[1] -> 0[0] via P2P/IPC
cloud-0n58xq:2583212:2583212 [0] NCCL INFO Connected all trees
cloud-0n58xq:2583212:2583212 [0] NCCL INFO NVLS comm 0x560e1f9fd2f0 headRank 1 nHeads 4 nvlsRanks 4 buffSize 1048576 nvlsPerRankSize 33554432 nvlsTotalSize 134217728
cloud-0n58xq:2583212:2583350 [0] NCCL INFO [Proxy Progress] Device 0 CPU core 2
cloud-0n58xq:2583212:2583212 [0] NCCL INFO TUNER/Plugin: Could not find: libnccl-tuner.so
cloud-0n58xq:2583212:2583212 [0] NCCL INFO threadThresholds 8/8/64 | 32/8/64 | 512 | 512
cloud-0n58xq:2583212:2583212 [0] NCCL INFO 24 coll channels, 24 collnet channels, 16 nvls channels, 32 p2p channels, 32 p2p channels per peer
cloud-0n58xq:2583212:2583212 [0] NCCL INFO ncclCommInitRankConfig comm 0x560e1f9fd2f0 rank 1 nranks 4 cudaDev 0 nvmlDev 1 busId 8000 commId 0x7bb2abd663229679 - Init COMPLETE
cloud-0n58xq:2583212:2583212 [0] NCCL INFO Init timings - ncclCommInitRankConfig: rank 1 nranks 4 total 1.73 (kernels 0.35, alloc 0.80, bootstrap 0.00, allgathers 0.02, topo 0.06, graphs 0.02, connections 0.47, rest 0.00)
cloud-0n58xq:2583212:2583212 [0] NCCL INFO comm 0x560e1f9fd2f0 rank 1 nranks 4 cudaDev 0 busId 8000 - Destroy COMPLETE
cloud-0n58xq:2583212:2583212 [0] NCCL INFO ENV/Plugin: Closing env plugin ncclEnvDefault
