NCCL version 2.21.5+cuda12.4
LA_CA_NEAR event=0 split_controller
LA_CA_NEAR event=0 split_controller
LA_CA_NEAR event=0 split_controller
LA_CA_NEAR event=0 split_controller
LA_CA_NEAR event=0 split_controllerLA_CA_NEAR event=0 split_controllerLA_CA_NEAR event=0 split_controller


LA_CA_NEAR event=0 split_controller
LA_CA_NEAR event=768 split_controllerLA_CA_NEAR event=768 split_controllerLA_CA_NEAR event=768 split_controller


LA_CA_NEAR event=768 split_controller
LA_CA_NEAR event=1536 split_controllerLA_CA_NEAR event=1536 split_controllerLA_CA_NEAR event=1536 split_controller


LA_CA_NEAR event=1536 split_controller
LA_CA_NEAR event=2304 split_controllerLA_CA_NEAR event=2304 split_controllerLA_CA_NEAR event=2304 split_controller


LA_CA_NEAR event=2304 split_controller
LA_CA_NEAR event=3072 split_controllerLA_CA_NEAR event=3072 split_controllerLA_CA_NEAR event=3072 split_controller


LA_CA_NEAR event=3072 split_controller
LA_CA_NEAR event=3840 split_controllerLA_CA_NEAR event=3840 split_controllerLA_CA_NEAR event=3840 split_controller


LA_CA_NEAR event=3840 split_controller
LA_CA_NEAR event=4608 split_controllerLA_CA_NEAR event=4608 split_controllerLA_CA_NEAR event=4608 split_controller


LA_CA_NEAR event=4608 split_controller
LA_CA_NEAR event=5376 split_controllerLA_CA_NEAR event=5376 split_controllerLA_CA_NEAR event=5376 split_controller


LA_CA_NEAR event=5376 split_controller
{"status": "PASS", "candidate": "_warmup", "arm": "R-NEAR", "repeat": 0, "TTFT": 6.764862825, "TPOT": 2.4451174903622044, "E2E": 317.294784101, "throughput": 25.8182624186862, "output_tokens": 128, "decode_forwards": 127, "local_batch": 16, "global_requests": 64, "smoke": false, "profiled": false, "nomination": false}
LA_CA_NEAR event=0 split_controllerLA_CA_NEAR event=0 split_controller

LA_CA_NEAR event=0 split_controller
LA_CA_NEAR event=0 split_controller
LA_CA_NEAR event=768 split_controllerLA_CA_NEAR event=768 split_controllerLA_CA_NEAR event=768 split_controller


LA_CA_NEAR event=768 split_controller
LA_CA_NEAR event=1536 split_controllerLA_CA_NEAR event=1536 split_controllerLA_CA_NEAR event=1536 split_controller


LA_CA_NEAR event=1536 split_controller
LA_CA_NEAR event=2304 split_controllerLA_CA_NEAR event=2304 split_controllerLA_CA_NEAR event=2304 split_controller


LA_CA_NEAR event=2304 split_controller
LA_CA_NEAR event=3072 split_controllerLA_CA_NEAR event=3072 split_controllerLA_CA_NEAR event=3072 split_controller


LA_CA_NEAR event=3072 split_controller
LA_CA_NEAR event=3840 split_controllerLA_CA_NEAR event=3840 split_controllerLA_CA_NEAR event=3840 split_controller


LA_CA_NEAR event=3840 split_controller
LA_CA_NEAR event=4608 split_controllerLA_CA_NEAR event=4608 split_controllerLA_CA_NEAR event=4608 split_controller


LA_CA_NEAR event=4608 split_controller
LA_CA_NEAR event=5376 split_controllerLA_CA_NEAR event=5376 split_controllerLA_CA_NEAR event=5376 split_controller


LA_CA_NEAR event=5376 split_controller
{"status": "PASS", "candidate": "_warmup", "arm": "G-NEAR", "repeat": 0, "TTFT": 6.77474352, "TPOT": 2.5514262911574805, "E2E": 330.805882497, "throughput": 24.763767615511767, "output_tokens": 128, "decode_forwards": 127, "local_batch": 16, "global_requests": 64, "smoke": false, "profiled": false, "nomination": false}
{"status": "PASS", "candidate": "family_5", "arm": "R-NEAR", "repeat": 1, "TTFT": 6.947286577, "TPOT": 0.9806222748740158, "E2E": 131.486315486, "throughput": 62.30306149899107, "output_tokens": 128, "decode_forwards": 127, "local_batch": 16, "global_requests": 64, "smoke": false, "profiled": false, "nomination": false}
{"status": "PASS", "candidate": "family_5", "arm": "G-NEAR", "repeat": 1, "TTFT": 6.272835213, "TPOT": 0.953215999, "E2E": 127.331267086, "throughput": 64.3361225210073, "output_tokens": 128, "decode_forwards": 127, "local_batch": 16, "global_requests": 64, "smoke": false, "profiled": false, "nomination": false}
{"status": "PASS", "candidate": "family_2", "arm": "G-NEAR", "repeat": 1, "TTFT": 6.10942989, "TPOT": 0.7590987034566928, "E2E": 102.514965229, "throughput": 79.91028413949657, "output_tokens": 128, "decode_forwards": 127, "local_batch": 16, "global_requests": 64, "smoke": false, "profiled": false, "nomination": false}
{"status": "PASS", "candidate": "family_2", "arm": "R-NEAR", "repeat": 1, "TTFT": 6.098265779, "TPOT": 0.7668369937559055, "E2E": 103.486563986, "throughput": 79.16003473753598, "output_tokens": 128, "decode_forwards": 127, "local_batch": 16, "global_requests": 64, "smoke": false, "profiled": false, "nomination": false}
{"status": "PASS", "candidate": "mixed_0", "arm": "R-NEAR", "repeat": 1, "TTFT": 6.91565599, "TPOT": 1.405031770551181, "E2E": 185.35469085, "throughput": 44.196345732784565, "output_tokens": 128, "decode_forwards": 127, "local_batch": 16, "global_requests": 64, "smoke": false, "profiled": false, "nomination": false}
{"status": "PASS", "candidate": "mixed_0", "arm": "G-NEAR", "repeat": 1, "TTFT": 6.237447062, "TPOT": 1.37910398796063, "E2E": 181.383653533, "throughput": 45.16393754583618, "output_tokens": 128, "decode_forwards": 127, "local_batch": 16, "global_requests": 64, "smoke": false, "profiled": false, "nomination": false}
{"status": "PASS", "candidate": "family_6", "arm": "G-NEAR", "repeat": 1, "TTFT": 6.330735601, "TPOT": 0.9434780873228347, "E2E": 126.152452691, "throughput": 64.93730264654963, "output_tokens": 128, "decode_forwards": 127, "local_batch": 16, "global_requests": 64, "smoke": false, "profiled": false, "nomination": false}
{"status": "PASS", "candidate": "family_6", "arm": "R-NEAR", "repeat": 1, "TTFT": 7.083560966, "TPOT": 0.9491872196614173, "E2E": 127.630337863, "throughput": 64.18536640397674, "output_tokens": 128, "decode_forwards": 127, "local_batch": 16, "global_requests": 64, "smoke": false, "profiled": false, "nomination": false}
{"status": "PASS", "candidate": "previous_best_control", "arm": "R-NEAR", "repeat": 1, "TTFT": 6.406931344, "TPOT": 1.0205707536062993, "E2E": 136.019417052, "throughput": 60.22669540532005, "output_tokens": 128, "decode_forwards": 127, "local_batch": 16, "global_requests": 64, "smoke": false, "profiled": false, "nomination": false}
{"status": "PASS", "candidate": "previous_best_control", "arm": "G-NEAR", "repeat": 1, "TTFT": 6.423669756, "TPOT": 1.0934993674330709, "E2E": 145.29808942, "throughput": 56.3806450084841, "output_tokens": 128, "decode_forwards": 127, "local_batch": 16, "global_requests": 64, "smoke": false, "profiled": false, "nomination": false}
{"status": "PASS", "candidate": "family_0", "arm": "G-NEAR", "repeat": 1, "TTFT": 6.479442737, "TPOT": 1.2457424581259844, "E2E": 164.688734919, "throughput": 49.742321501401584, "output_tokens": 128, "decode_forwards": 127, "local_batch": 16, "global_requests": 64, "smoke": false, "profiled": false, "nomination": false}
{"status": "PASS", "candidate": "family_0", "arm": "R-NEAR", "repeat": 1, "TTFT": 7.398322564, "TPOT": 1.2231275396141732, "E2E": 162.735520095, "throughput": 50.33934813504613, "output_tokens": 128, "decode_forwards": 127, "local_batch": 16, "global_requests": 64, "smoke": false, "profiled": false, "nomination": false}
{"status": "PASS", "candidate": "coherent_0", "arm": "R-NEAR", "repeat": 1, "TTFT": 6.556890939, "TPOT": 1.417891863519685, "E2E": 186.629157606, "throughput": 43.894534514775266, "output_tokens": 128, "decode_forwards": 127, "local_batch": 16, "global_requests": 64, "smoke": false, "profiled": false, "nomination": false}
{"status": "PASS", "candidate": "coherent_0", "arm": "G-NEAR", "repeat": 1, "TTFT": 6.52845397, "TPOT": 1.395575699566929, "E2E": 183.766567815, "throughput": 44.578293524244216, "output_tokens": 128, "decode_forwards": 127, "local_batch": 16, "global_requests": 64, "smoke": false, "profiled": false, "nomination": false}
{"status": "PASS", "candidate": "mixed_4", "arm": "G-NEAR", "repeat": 1, "TTFT": 6.493203178, "TPOT": 1.4584245367322834, "E2E": 191.713119343, "throughput": 42.730513321539746, "output_tokens": 128, "decode_forwards": 127, "local_batch": 16, "global_requests": 64, "smoke": false, "profiled": false, "nomination": false}
{"status": "PASS", "candidate": "mixed_4", "arm": "R-NEAR", "repeat": 1, "TTFT": 6.49478261, "TPOT": 1.5124353082283464, "E2E": 198.574066755, "throughput": 41.25412816421422, "output_tokens": 128, "decode_forwards": 127, "local_batch": 16, "global_requests": 64, "smoke": false, "profiled": false, "nomination": false}
