Obtaining file:///home/hwlee/mgo-tools/headline-r4/MoE-Infinity
  Checking if build backend supports build_editable: started
  Checking if build backend supports build_editable: finished with status 'done'
  Preparing editable metadata (pyproject.toml): started
  Preparing editable metadata (pyproject.toml): finished with status 'done'
Building wheels for collected packages: moe_infinity
  Building editable for moe_infinity (pyproject.toml): started
  Building editable for moe_infinity (pyproject.toml): still running...
  Building editable for moe_infinity (pyproject.toml): still running...
  Building editable for moe_infinity (pyproject.toml): still running...
  Building editable for moe_infinity (pyproject.toml): still running...
  Building editable for moe_infinity (pyproject.toml): finished with status 'done'
  Created wheel for moe_infinity: filename=moe_infinity-0.0.1.dev1-0.editable-cp312-cp312-linux_x86_64.whl size=15786 sha256=c32eefa32f06d358ebbd2e43744e0dad7577ae0d74554a1dbb2309698be42348
  Stored in directory: /tmp/pip-ephem-wheel-cache-ic7rneco/wheels/59/38/fd/49619b7e5957e5b233ac15723d82538f7804445ad9a973a858
Successfully built moe_infinity
Installing collected packages: moe_infinity
  Attempting uninstall: moe_infinity
    Found existing installation: moe_infinity 0.0.1.dev1
    Uninstalling moe_infinity-0.0.1.dev1:
      Successfully uninstalled moe_infinity-0.0.1.dev1
Successfully installed moe_infinity-0.0.1.dev1

[notice] A new release of pip is available: 25.0.1 -> 26.2.1
[notice] To update, run: pip install --upgrade pip
