[20261007 03:23:58.624844Z ][2815374 ][INFO  ]Creating I/O thread pool with  48  threads - archer_prio_aio_handle.cpp:234
[20261007 03:23:58.624896Z ][2815374 ][INFO  ]Create ArcherAioThread for thread:  0 - archer_aio_thread.cpp:12
[20261007 03:23:58.624904Z ][2815374 ][INFO  ]Create ArcherAioThread for thread:  1 - archer_aio_thread.cpp:12
[20261007 03:23:58.624910Z ][2815374 ][INFO  ]Create ArcherAioThread for thread:  2 - archer_aio_thread.cpp:12
[20261007 03:23:58.624915Z ][2815374 ][INFO  ]Create ArcherAioThread for thread:  3 - archer_aio_thread.cpp:12
[20261007 03:23:58.624920Z ][2815374 ][INFO  ]Create ArcherAioThread for thread:  4 - archer_aio_thread.cpp:12
[20261007 03:23:58.624925Z ][2815374 ][INFO  ]Create ArcherAioThread for thread:  5 - archer_aio_thread.cpp:12
[20261007 03:23:58.624930Z ][2815374 ][INFO  ]Create ArcherAioThread for thread:  6 - archer_aio_thread.cpp:12
[20261007 03:23:58.624934Z ][2815374 ][INFO  ]Create ArcherAioThread for thread:  7 - archer_aio_thread.cpp:12
[20261007 03:23:58.624940Z ][2815374 ][INFO  ]Create ArcherAioThread for thread:  8 - archer_aio_thread.cpp:12
[20261007 03:23:58.624945Z ][2815374 ][INFO  ]Create ArcherAioThread for thread:  9 - archer_aio_thread.cpp:12
[20261007 03:23:58.624949Z ][2815374 ][INFO  ]Create ArcherAioThread for thread:  10 - archer_aio_thread.cpp:12
[20261007 03:23:58.624954Z ][2815374 ][INFO  ]Create ArcherAioThread for thread:  11 - archer_aio_thread.cpp:12
[20261007 03:23:58.624958Z ][2815374 ][INFO  ]Create ArcherAioThread for thread:  12 - archer_aio_thread.cpp:12
[20261007 03:23:58.624963Z ][2815374 ][INFO  ]Create ArcherAioThread for thread:  13 - archer_aio_thread.cpp:12
[20261007 03:23:58.624968Z ][2815374 ][INFO  ]Create ArcherAioThread for thread:  14 - archer_aio_thread.cpp:12
[20261007 03:23:58.624972Z ][2815374 ][INFO  ]Create ArcherAioThread for thread:  15 - archer_aio_thread.cpp:12
[20261007 03:23:58.624977Z ][2815374 ][INFO  ]Create ArcherAioThread for thread:  16 - archer_aio_thread.cpp:12
[20261007 03:23:58.624981Z ][2815374 ][INFO  ]Create ArcherAioThread for thread:  17 - archer_aio_thread.cpp:12
[20261007 03:23:58.624986Z ][2815374 ][INFO  ]Create ArcherAioThread for thread:  18 - archer_aio_thread.cpp:12
[20261007 03:23:58.624991Z ][2815374 ][INFO  ]Create ArcherAioThread for thread:  19 - archer_aio_thread.cpp:12
[20261007 03:23:58.624997Z ][2815374 ][INFO  ]Create ArcherAioThread for thread:  20 - archer_aio_thread.cpp:12
[20261007 03:23:58.625001Z ][2815374 ][INFO  ]Create ArcherAioThread for thread:  21 - archer_aio_thread.cpp:12
[20261007 03:23:58.625006Z ][2815374 ][INFO  ]Create ArcherAioThread for thread:  22 - archer_aio_thread.cpp:12
[20261007 03:23:58.625010Z ][2815374 ][INFO  ]Create ArcherAioThread for thread:  23 - archer_aio_thread.cpp:12
[20261007 03:23:58.625016Z ][2815374 ][INFO  ]Create ArcherAioThread for thread:  24 - archer_aio_thread.cpp:12
[20261007 03:23:58.625021Z ][2815374 ][INFO  ]Create ArcherAioThread for thread:  25 - archer_aio_thread.cpp:12
[20261007 03:23:58.625026Z ][2815374 ][INFO  ]Create ArcherAioThread for thread:  26 - archer_aio_thread.cpp:12
[20261007 03:23:58.625030Z ][2815374 ][INFO  ]Create ArcherAioThread for thread:  27 - archer_aio_thread.cpp:12
[20261007 03:23:58.625035Z ][2815374 ][INFO  ]Create ArcherAioThread for thread:  28 - archer_aio_thread.cpp:12
[20261007 03:23:58.625039Z ][2815374 ][INFO  ]Create ArcherAioThread for thread:  29 - archer_aio_thread.cpp:12
[20261007 03:23:58.625044Z ][2815374 ][INFO  ]Create ArcherAioThread for thread:  30 - archer_aio_thread.cpp:12
[20261007 03:23:58.625049Z ][2815374 ][INFO  ]Create ArcherAioThread for thread:  31 - archer_aio_thread.cpp:12
[20261007 03:23:58.625054Z ][2815374 ][INFO  ]Create ArcherAioThread for thread:  32 - archer_aio_thread.cpp:12
[20261007 03:23:58.625058Z ][2815374 ][INFO  ]Create ArcherAioThread for thread:  33 - archer_aio_thread.cpp:12
[20261007 03:23:58.625075Z ][2815374 ][INFO  ]Create ArcherAioThread for thread:  34 - archer_aio_thread.cpp:12
[20261007 03:23:58.625081Z ][2815374 ][INFO  ]Create ArcherAioThread for thread:  35 - archer_aio_thread.cpp:12
[20261007 03:23:58.625097Z ][2815374 ][INFO  ]Create ArcherAioThread for thread:  36 - archer_aio_thread.cpp:12
[20261007 03:23:58.625103Z ][2815374 ][INFO  ]Create ArcherAioThread for thread:  37 - archer_aio_thread.cpp:12
[20261007 03:23:58.625108Z ][2815374 ][INFO  ]Create ArcherAioThread for thread:  38 - archer_aio_thread.cpp:12
[20261007 03:23:58.625112Z ][2815374 ][INFO  ]Create ArcherAioThread for thread:  39 - archer_aio_thread.cpp:12
[20261007 03:23:58.625117Z ][2815374 ][INFO  ]Create ArcherAioThread for thread:  40 - archer_aio_thread.cpp:12
[20261007 03:23:58.625122Z ][2815374 ][INFO  ]Create ArcherAioThread for thread:  41 - archer_aio_thread.cpp:12
[20261007 03:23:58.625127Z ][2815374 ][INFO  ]Create ArcherAioThread for thread:  42 - archer_aio_thread.cpp:12
[20261007 03:23:58.625131Z ][2815374 ][INFO  ]Create ArcherAioThread for thread:  43 - archer_aio_thread.cpp:12
[20261007 03:23:58.625136Z ][2815374 ][INFO  ]Create ArcherAioThread for thread:  44 - archer_aio_thread.cpp:12
[20261007 03:23:58.625141Z ][2815374 ][INFO  ]Create ArcherAioThread for thread:  45 - archer_aio_thread.cpp:12
[20261007 03:23:58.625145Z ][2815374 ][INFO  ]Create ArcherAioThread for thread:  46 - archer_aio_thread.cpp:12
[20261007 03:23:58.625150Z ][2815374 ][INFO  ]Create ArcherAioThread for thread:  47 - archer_aio_thread.cpp:12
[20261007 03:23:58.628400Z ][2815374 ][INFO  ]Creating pinned memory pool:  192  chunks of  1024  KB - pinned_memory_pool.cpp:16
[20261007 03:23:58.872458Z ][2815374 ][INFO  ]Index file /home/hwlee/mgo-results/headline_r4_20261007/infinity_dispatch_check6/tiny_store/archer_index  does not exist, creating - archer_tensor_handle.cpp:61
[20261007 03:23:58.872479Z ][2815374 ][INFO  ]Index file size  0 - archer_tensor_handle.cpp:63
[20261007 03:23:58.873090Z ][2815374 ][INFO  ]Device count  4 - archer_prefetch_handle.cpp:66
[20261007 03:23:58.874571Z ][2815374 ][INFO  ]Enabled peer access between device  0 1 - archer_prefetch_handle.cpp:82
[20261007 03:23:58.876372Z ][2815374 ][INFO  ]Enabled peer access between device  0 2 - archer_prefetch_handle.cpp:82
[20261007 03:23:58.877864Z ][2815374 ][INFO  ]Enabled peer access between device  0 3 - archer_prefetch_handle.cpp:82
[20261007 03:23:58.878428Z ][2815374 ][INFO  ]Enabled peer access between device  1 0 - archer_prefetch_handle.cpp:82
[20261007 03:23:58.881207Z ][2815374 ][INFO  ]Enabled peer access between device  1 2 - archer_prefetch_handle.cpp:82
[20261007 03:23:58.884132Z ][2815374 ][INFO  ]Enabled peer access between device  1 3 - archer_prefetch_handle.cpp:82
[20261007 03:23:58.884582Z ][2815374 ][INFO  ]Enabled peer access between device  2 0 - archer_prefetch_handle.cpp:82
[20261007 03:23:58.885017Z ][2815374 ][INFO  ]Enabled peer access between device  2 1 - archer_prefetch_handle.cpp:82
[20261007 03:23:58.886874Z ][2815374 ][INFO  ]Enabled peer access between device  2 3 - archer_prefetch_handle.cpp:82
[20261007 03:23:58.887753Z ][2815374 ][INFO  ]Enabled peer access between device  3 0 - archer_prefetch_handle.cpp:82
[20261007 03:23:58.889330Z ][2815374 ][INFO  ]Enabled peer access between device  3 1 - archer_prefetch_handle.cpp:82
[20261007 03:23:58.889645Z ][2815374 ][INFO  ]Enabled peer access between device  3 2 - archer_prefetch_handle.cpp:82
[20261007 03:23:58.889655Z ][2815374 ][INFO  ]Enabled peer access for all devices - archer_prefetch_handle.cpp:89
[20261007 03:23:59.007128Z ][2815374 ][INFO  ]Moving dense parameters to CPU - model_topology.cpp:659
11 left10 left9 left8 left7 left6 left5 left4 left3 left2 left1 left
finished: 12/12
[20261007 03:23:59.021499Z ][2815374 ][INFO  ]Moving sparse parameters to CPU - model_topology.cpp:673
[20261007 03:23:59.024099Z ][2815374 ][INFO  ]Processing partition  0  ( 0  MB,  12  tensors) - model_topology.cpp:745
{'rows': 1, 'input_gpu': 1, 'max_abs_error': 8.392333984375e-05}
{'rows': 1, 'input_gpu': 3, 'max_abs_error': 8.392333984375e-05}
{'rows': 1, 'input_gpu': 0, 'max_abs_error': 8.392333984375e-05}
{'rows': 1, 'input_gpu': 2, 'max_abs_error': 8.392333984375e-05}
{'rows': 17, 'input_gpu': 1, 'max_abs_error': 0.0001010894775390625}
{'rows': 17, 'input_gpu': 3, 'max_abs_error': 0.0001010894775390625}
{'rows': 17, 'input_gpu': 0, 'max_abs_error': 0.0001010894775390625}
{'rows': 17, 'input_gpu': 2, 'max_abs_error': 0.0001010894775390625}
