[20261007 03:23:35.616173Z ][2814231 ][INFO  ]Creating I/O thread pool with  48  threads - archer_prio_aio_handle.cpp:234
[20261007 03:23:35.616207Z ][2814231 ][INFO  ]Create ArcherAioThread for thread:  0 - archer_aio_thread.cpp:12
[20261007 03:23:35.616212Z ][2814231 ][INFO  ]Create ArcherAioThread for thread:  1 - archer_aio_thread.cpp:12
[20261007 03:23:35.616216Z ][2814231 ][INFO  ]Create ArcherAioThread for thread:  2 - archer_aio_thread.cpp:12
[20261007 03:23:35.616219Z ][2814231 ][INFO  ]Create ArcherAioThread for thread:  3 - archer_aio_thread.cpp:12
[20261007 03:23:35.616222Z ][2814231 ][INFO  ]Create ArcherAioThread for thread:  4 - archer_aio_thread.cpp:12
[20261007 03:23:35.616226Z ][2814231 ][INFO  ]Create ArcherAioThread for thread:  5 - archer_aio_thread.cpp:12
[20261007 03:23:35.616229Z ][2814231 ][INFO  ]Create ArcherAioThread for thread:  6 - archer_aio_thread.cpp:12
[20261007 03:23:35.616232Z ][2814231 ][INFO  ]Create ArcherAioThread for thread:  7 - archer_aio_thread.cpp:12
[20261007 03:23:35.616235Z ][2814231 ][INFO  ]Create ArcherAioThread for thread:  8 - archer_aio_thread.cpp:12
[20261007 03:23:35.616238Z ][2814231 ][INFO  ]Create ArcherAioThread for thread:  9 - archer_aio_thread.cpp:12
[20261007 03:23:35.616241Z ][2814231 ][INFO  ]Create ArcherAioThread for thread:  10 - archer_aio_thread.cpp:12
[20261007 03:23:35.616245Z ][2814231 ][INFO  ]Create ArcherAioThread for thread:  11 - archer_aio_thread.cpp:12
[20261007 03:23:35.616248Z ][2814231 ][INFO  ]Create ArcherAioThread for thread:  12 - archer_aio_thread.cpp:12
[20261007 03:23:35.616251Z ][2814231 ][INFO  ]Create ArcherAioThread for thread:  13 - archer_aio_thread.cpp:12
[20261007 03:23:35.616253Z ][2814231 ][INFO  ]Create ArcherAioThread for thread:  14 - archer_aio_thread.cpp:12
[20261007 03:23:35.616256Z ][2814231 ][INFO  ]Create ArcherAioThread for thread:  15 - archer_aio_thread.cpp:12
[20261007 03:23:35.616259Z ][2814231 ][INFO  ]Create ArcherAioThread for thread:  16 - archer_aio_thread.cpp:12
[20261007 03:23:35.616262Z ][2814231 ][INFO  ]Create ArcherAioThread for thread:  17 - archer_aio_thread.cpp:12
[20261007 03:23:35.616264Z ][2814231 ][INFO  ]Create ArcherAioThread for thread:  18 - archer_aio_thread.cpp:12
[20261007 03:23:35.616267Z ][2814231 ][INFO  ]Create ArcherAioThread for thread:  19 - archer_aio_thread.cpp:12
[20261007 03:23:35.616271Z ][2814231 ][INFO  ]Create ArcherAioThread for thread:  20 - archer_aio_thread.cpp:12
[20261007 03:23:35.616274Z ][2814231 ][INFO  ]Create ArcherAioThread for thread:  21 - archer_aio_thread.cpp:12
[20261007 03:23:35.616276Z ][2814231 ][INFO  ]Create ArcherAioThread for thread:  22 - archer_aio_thread.cpp:12
[20261007 03:23:35.616279Z ][2814231 ][INFO  ]Create ArcherAioThread for thread:  23 - archer_aio_thread.cpp:12
[20261007 03:23:35.616281Z ][2814231 ][INFO  ]Create ArcherAioThread for thread:  24 - archer_aio_thread.cpp:12
[20261007 03:23:35.616284Z ][2814231 ][INFO  ]Create ArcherAioThread for thread:  25 - archer_aio_thread.cpp:12
[20261007 03:23:35.616286Z ][2814231 ][INFO  ]Create ArcherAioThread for thread:  26 - archer_aio_thread.cpp:12
[20261007 03:23:35.616290Z ][2814231 ][INFO  ]Create ArcherAioThread for thread:  27 - archer_aio_thread.cpp:12
[20261007 03:23:35.616293Z ][2814231 ][INFO  ]Create ArcherAioThread for thread:  28 - archer_aio_thread.cpp:12
[20261007 03:23:35.616296Z ][2814231 ][INFO  ]Create ArcherAioThread for thread:  29 - archer_aio_thread.cpp:12
[20261007 03:23:35.616299Z ][2814231 ][INFO  ]Create ArcherAioThread for thread:  30 - archer_aio_thread.cpp:12
[20261007 03:23:35.616301Z ][2814231 ][INFO  ]Create ArcherAioThread for thread:  31 - archer_aio_thread.cpp:12
[20261007 03:23:35.616304Z ][2814231 ][INFO  ]Create ArcherAioThread for thread:  32 - archer_aio_thread.cpp:12
[20261007 03:23:35.616307Z ][2814231 ][INFO  ]Create ArcherAioThread for thread:  33 - archer_aio_thread.cpp:12
[20261007 03:23:35.616312Z ][2814231 ][INFO  ]Create ArcherAioThread for thread:  34 - archer_aio_thread.cpp:12
[20261007 03:23:35.616316Z ][2814231 ][INFO  ]Create ArcherAioThread for thread:  35 - archer_aio_thread.cpp:12
[20261007 03:23:35.616326Z ][2814231 ][INFO  ]Create ArcherAioThread for thread:  36 - archer_aio_thread.cpp:12
[20261007 03:23:35.616330Z ][2814231 ][INFO  ]Create ArcherAioThread for thread:  37 - archer_aio_thread.cpp:12
[20261007 03:23:35.616333Z ][2814231 ][INFO  ]Create ArcherAioThread for thread:  38 - archer_aio_thread.cpp:12
[20261007 03:23:35.616335Z ][2814231 ][INFO  ]Create ArcherAioThread for thread:  39 - archer_aio_thread.cpp:12
[20261007 03:23:35.616338Z ][2814231 ][INFO  ]Create ArcherAioThread for thread:  40 - archer_aio_thread.cpp:12
[20261007 03:23:35.616341Z ][2814231 ][INFO  ]Create ArcherAioThread for thread:  41 - archer_aio_thread.cpp:12
[20261007 03:23:35.616344Z ][2814231 ][INFO  ]Create ArcherAioThread for thread:  42 - archer_aio_thread.cpp:12
[20261007 03:23:35.616349Z ][2814231 ][INFO  ]Create ArcherAioThread for thread:  43 - archer_aio_thread.cpp:12
[20261007 03:23:35.616351Z ][2814231 ][INFO  ]Create ArcherAioThread for thread:  44 - archer_aio_thread.cpp:12
[20261007 03:23:35.616354Z ][2814231 ][INFO  ]Create ArcherAioThread for thread:  45 - archer_aio_thread.cpp:12
[20261007 03:23:35.616357Z ][2814231 ][INFO  ]Create ArcherAioThread for thread:  46 - archer_aio_thread.cpp:12
[20261007 03:23:35.616359Z ][2814231 ][INFO  ]Create ArcherAioThread for thread:  47 - archer_aio_thread.cpp:12
[20261007 03:23:35.618948Z ][2814231 ][INFO  ]Creating pinned memory pool:  192  chunks of  1024  KB - pinned_memory_pool.cpp:16
[20261007 03:23:35.789572Z ][2814231 ][INFO  ]Index file /home/hwlee/mgo-results/headline_r4_20261007/infinity_dispatch_check5/tiny_store/archer_index  does not exist, creating - archer_tensor_handle.cpp:61
[20261007 03:23:35.789595Z ][2814231 ][INFO  ]Index file size  0 - archer_tensor_handle.cpp:63
[20261007 03:23:35.790144Z ][2814231 ][INFO  ]Device count  4 - archer_prefetch_handle.cpp:66
[20261007 03:23:35.791314Z ][2814231 ][INFO  ]Enabled peer access between device  0 1 - archer_prefetch_handle.cpp:82
[20261007 03:23:35.792348Z ][2814231 ][INFO  ]Enabled peer access between device  0 2 - archer_prefetch_handle.cpp:82
[20261007 03:23:35.793368Z ][2814231 ][INFO  ]Enabled peer access between device  0 3 - archer_prefetch_handle.cpp:82
[20261007 03:23:35.793469Z ][2814231 ][INFO  ]Enabled peer access between device  1 0 - archer_prefetch_handle.cpp:82
[20261007 03:23:35.794382Z ][2814231 ][INFO  ]Enabled peer access between device  1 2 - archer_prefetch_handle.cpp:82
[20261007 03:23:35.795305Z ][2814231 ][INFO  ]Enabled peer access between device  1 3 - archer_prefetch_handle.cpp:82
[20261007 03:23:35.795383Z ][2814231 ][INFO  ]Enabled peer access between device  2 0 - archer_prefetch_handle.cpp:82
[20261007 03:23:35.795452Z ][2814231 ][INFO  ]Enabled peer access between device  2 1 - archer_prefetch_handle.cpp:82
[20261007 03:23:35.796371Z ][2814231 ][INFO  ]Enabled peer access between device  2 3 - archer_prefetch_handle.cpp:82
[20261007 03:23:35.796449Z ][2814231 ][INFO  ]Enabled peer access between device  3 0 - archer_prefetch_handle.cpp:82
[20261007 03:23:35.796515Z ][2814231 ][INFO  ]Enabled peer access between device  3 1 - archer_prefetch_handle.cpp:82
[20261007 03:23:35.796583Z ][2814231 ][INFO  ]Enabled peer access between device  3 2 - archer_prefetch_handle.cpp:82
[20261007 03:23:35.796588Z ][2814231 ][INFO  ]Enabled peer access for all devices - archer_prefetch_handle.cpp:89
[20261007 03:23:36.742943Z ][2814231 ][INFO  ]Moving dense parameters to CPU - model_topology.cpp:659
11 left10 left9 left8 left7 left6 left5 left4 left3 left2 left1 left
finished: 12/12
[20261007 03:23:36.757012Z ][2814231 ][INFO  ]Moving sparse parameters to CPU - model_topology.cpp:673
[20261007 03:23:36.760418Z ][2814231 ][INFO  ]Processing partition  0  ( 0  MB,  12  tensors) - model_topology.cpp:745
before 1 0 ['<torch.cuda.Stream device=cuda:0 cuda_stream=0x0>', '<torch.cuda.Stream device=cuda:1 cuda_stream=0x55804f20b0f0>', '<torch.cuda.Stream device=cuda:2 cuda_stream=0x0>', '<torch.cuda.Stream device=cuda:3 cuda_stream=0x0>']
after cuda:1 3 ['<torch.cuda.Stream device=cuda:0 cuda_stream=0x0>', '<torch.cuda.Stream device=cuda:1 cuda_stream=0x55804f20b0f0>', '<torch.cuda.Stream device=cuda:2 cuda_stream=0x0>', '<torch.cuda.Stream device=cuda:3 cuda_stream=0x0>']
{'rows': 1, 'input_gpu': 1, 'max_abs_error': 8.392333984375e-05}
before 3 0 ['<torch.cuda.Stream device=cuda:0 cuda_stream=0x0>', '<torch.cuda.Stream device=cuda:1 cuda_stream=0x55804f20b0f0>', '<torch.cuda.Stream device=cuda:2 cuda_stream=0x0>', '<torch.cuda.Stream device=cuda:3 cuda_stream=0x5580515717b0>']
after cuda:3 0 ['<torch.cuda.Stream device=cuda:0 cuda_stream=0x0>', '<torch.cuda.Stream device=cuda:1 cuda_stream=0x55804f20b0f0>', '<torch.cuda.Stream device=cuda:2 cuda_stream=0x0>', '<torch.cuda.Stream device=cuda:3 cuda_stream=0x5580515717b0>']
{'rows': 1, 'input_gpu': 3, 'max_abs_error': 8.392333984375e-05}
before 0 0 ['<torch.cuda.Stream device=cuda:0 cuda_stream=0x55804e063610>', '<torch.cuda.Stream device=cuda:1 cuda_stream=0x55804f20b0f0>', '<torch.cuda.Stream device=cuda:2 cuda_stream=0x0>', '<torch.cuda.Stream device=cuda:3 cuda_stream=0x5580515717b0>']
after cuda:0 0 ['<torch.cuda.Stream device=cuda:0 cuda_stream=0x55804e063610>', '<torch.cuda.Stream device=cuda:1 cuda_stream=0x55804f20b0f0>', '<torch.cuda.Stream device=cuda:2 cuda_stream=0x0>', '<torch.cuda.Stream device=cuda:3 cuda_stream=0x5580515717b0>']
{'rows': 1, 'input_gpu': 0, 'max_abs_error': 8.392333984375e-05}
before 2 0 ['<torch.cuda.Stream device=cuda:0 cuda_stream=0x55804e063610>', '<torch.cuda.Stream device=cuda:1 cuda_stream=0x55804f20b0f0>', '<torch.cuda.Stream device=cuda:2 cuda_stream=0x5580503badc0>', '<torch.cuda.Stream device=cuda:3 cuda_stream=0x5580515717b0>']
after cuda:2 0 ['<torch.cuda.Stream device=cuda:0 cuda_stream=0x55804e063610>', '<torch.cuda.Stream device=cuda:1 cuda_stream=0x55804f20b0f0>', '<torch.cuda.Stream device=cuda:2 cuda_stream=0x5580503badc0>', '<torch.cuda.Stream device=cuda:3 cuda_stream=0x5580515717b0>']
{'rows': 1, 'input_gpu': 2, 'max_abs_error': 8.392333984375e-05}
before 1 0 ['<torch.cuda.Stream device=cuda:0 cuda_stream=0x55804e063610>', '<torch.cuda.Stream device=cuda:1 cuda_stream=0x55804f217c00>', '<torch.cuda.Stream device=cuda:2 cuda_stream=0x5580503badc0>', '<torch.cuda.Stream device=cuda:3 cuda_stream=0x5580515717b0>']
after cuda:1 0 ['<torch.cuda.Stream device=cuda:0 cuda_stream=0x55804e063610>', '<torch.cuda.Stream device=cuda:1 cuda_stream=0x55804f217c00>', '<torch.cuda.Stream device=cuda:2 cuda_stream=0x5580503badc0>', '<torch.cuda.Stream device=cuda:3 cuda_stream=0x5580515717b0>']
{'rows': 17, 'input_gpu': 1, 'max_abs_error': 0.0001010894775390625}
before 3 0 ['<torch.cuda.Stream device=cuda:0 cuda_stream=0x55804e063610>', '<torch.cuda.Stream device=cuda:1 cuda_stream=0x55804f217c00>', '<torch.cuda.Stream device=cuda:2 cuda_stream=0x5580503badc0>', '<torch.cuda.Stream device=cuda:3 cuda_stream=0x55805157e2c0>']
after cuda:3 0 ['<torch.cuda.Stream device=cuda:0 cuda_stream=0x55804e063610>', '<torch.cuda.Stream device=cuda:1 cuda_stream=0x55804f217c00>', '<torch.cuda.Stream device=cuda:2 cuda_stream=0x5580503badc0>', '<torch.cuda.Stream device=cuda:3 cuda_stream=0x55805157e2c0>']
{'rows': 17, 'input_gpu': 3, 'max_abs_error': 0.0001010894775390625}
before 0 0 ['<torch.cuda.Stream device=cuda:0 cuda_stream=0x55804e070120>', '<torch.cuda.Stream device=cuda:1 cuda_stream=0x55804f217c00>', '<torch.cuda.Stream device=cuda:2 cuda_stream=0x5580503badc0>', '<torch.cuda.Stream device=cuda:3 cuda_stream=0x55805157e2c0>']
after cuda:0 0 ['<torch.cuda.Stream device=cuda:0 cuda_stream=0x55804e070120>', '<torch.cuda.Stream device=cuda:1 cuda_stream=0x55804f217c00>', '<torch.cuda.Stream device=cuda:2 cuda_stream=0x5580503badc0>', '<torch.cuda.Stream device=cuda:3 cuda_stream=0x55805157e2c0>']
{'rows': 17, 'input_gpu': 0, 'max_abs_error': 0.0001010894775390625}
before 2 0 ['<torch.cuda.Stream device=cuda:0 cuda_stream=0x55804e070120>', '<torch.cuda.Stream device=cuda:1 cuda_stream=0x55804f217c00>', '<torch.cuda.Stream device=cuda:2 cuda_stream=0x5580503c78d0>', '<torch.cuda.Stream device=cuda:3 cuda_stream=0x55805157e2c0>']
after cuda:2 0 ['<torch.cuda.Stream device=cuda:0 cuda_stream=0x55804e070120>', '<torch.cuda.Stream device=cuda:1 cuda_stream=0x55804f217c00>', '<torch.cuda.Stream device=cuda:2 cuda_stream=0x5580503c78d0>', '<torch.cuda.Stream device=cuda:3 cuda_stream=0x55805157e2c0>']
{'rows': 17, 'input_gpu': 2, 'max_abs_error': 0.0001010894775390625}
