BR event=0 split_controller
BR event=0 split_controller
BR event=0 split_controller
BR event=0 split_controller
BR event=0 split_controller
BR event=0 split_controller
BR event=0 split_controller
BR event=0 split_controller
BR event=0 split_controller
BR event=0 split_controller
BR event=0 split_controller
BR event=0 split_controller
BR event=0 split_controller
BR event=0 split_controller
BR event=0 split_controller
BR event=0 split_controller
BR event=768 split_controller
BR event=768 split_controllerBR event=768 split_controllerBR event=768 split_controllerBR event=768 split_controllerBR event=768 split_controller

BR event=768 split_controllerBR event=768 split_controller




BR event=1536 split_controller
BR event=1536 split_controller
BR event=1536 split_controllerBR event=1536 split_controllerBR event=1536 split_controller

BR event=1536 split_controller
BR event=1536 split_controller
BR event=1536 split_controller

BR event=2304 split_controllerBR event=2304 split_controllerBR event=2304 split_controllerBR event=2304 split_controllerBR event=2304 split_controller

BR event=2304 split_controller
BR event=2304 split_controller
BR event=2304 split_controller



{"status": "PASS", "expert_executor": "native", "repeat": 0, "TTFT": 1.845994698, "TPOT": 0.6616242567777778, "E2E": 43.528322875, "throughput": 188.19930240650237, "output_tokens": 64, "global_requests": 128, "smoke": false}
{"status": "PASS", "expert_executor": "native", "repeat": 1, "TTFT": 3.065356295, "TPOT": 0.4918839753174603, "E2E": 34.05404674, "throughput": 240.55878182541076, "output_tokens": 64, "global_requests": 128, "smoke": false}
{"status": "PASS", "expert_executor": "native", "repeat": 2, "TTFT": 1.817738271, "TPOT": 0.4845872662222222, "E2E": 32.346736043, "throughput": 253.25584594099382, "output_tokens": 64, "global_requests": 128, "smoke": false}
{"status": "PASS", "expert_executor": "native", "repeat": 3, "TTFT": 1.822290242, "TPOT": 0.4861812799206349, "E2E": 32.451710877, "throughput": 252.43661362107238, "output_tokens": 64, "global_requests": 128, "smoke": false}
