round 0 done
round 1 done
case       quota                        meas_max pred_max  A_med  B_med  rounds
A4_B6      [4, 4, 4, 4, 6, 6, 6, 6]        1.197    1.165  1.007  1.194  1.202 1.197  skew<=0.00
A4_B7      [4, 4, 4, 4, 7, 7, 7, 7]        1.384    1.352  1.006  1.379  1.384 1.383  skew<=0.00
A4_B8      [4, 4, 4, 4, 8, 8, 8, 8]        1.568    1.540  1.006  1.563  1.567 1.568  skew<=0.00
A4_B9      [4, 4, 4, 4, 9, 9, 9, 9]        1.752    1.728  1.006  1.748  1.752 1.752  skew<=0.00
A4_B10     [4, 4, 4, 4, 10, 10, 10, 10]    1.942    1.915  1.007  1.936  1.937 1.944  skew<=0.00
A4_B11     [4, 4, 4, 4, 11, 11, 11, 11]    2.123    2.103  1.003  2.117  2.125 2.119  skew<=0.00
A4_B12     [4, 4, 4, 4, 12, 12, 12, 12]    2.313    2.290  1.006  2.305  2.313 2.307  skew<=0.00
A4_B13     [4, 4, 4, 4, 13, 13, 13, 13]    2.496    2.478  1.006  2.489  2.495 2.496  skew<=0.00
A4_B14     [4, 4, 4, 4, 14, 14, 14, 14]    2.696    2.665  1.006  2.689  2.697 2.695  skew<=0.00
A4_B15     [4, 4, 4, 4, 15, 15, 15, 15]    2.887    2.853  1.005  2.880  2.886 2.894  skew<=0.04
A5_B6      [5, 5, 5, 5, 6, 6, 6, 6]        1.254    1.334  1.250  1.208  1.255 1.252  skew<=0.00
A5_B7      [5, 5, 5, 5, 7, 7, 7, 7]        1.410    1.353  1.253  1.404  1.422 1.399  skew<=0.05
A5_B8      [5, 5, 5, 5, 8, 8, 8, 8]        1.583    1.540  1.249  1.579  1.584 1.582  skew<=0.00
A5_B9      [5, 5, 5, 5, 9, 9, 9, 9]        1.779    1.728  1.252  1.773  1.780 1.776  skew<=0.00
A5_B10     [5, 5, 5, 5, 10, 10, 10, 10]    1.957    1.915  1.249  1.951  1.957 1.956  skew<=0.00
A5_B11     [5, 5, 5, 5, 11, 11, 11, 11]    2.138    2.103  1.250  2.132  2.136 2.139  skew<=0.00
A5_B12     [5, 5, 5, 5, 12, 12, 12, 12]    2.326    2.290  1.250  2.318  2.322 2.327  skew<=0.00
A5_B13     [5, 5, 5, 5, 13, 13, 13, 13]    2.513    2.478  1.249  2.508  2.513 2.516  skew<=0.00
A5_B14     [5, 5, 5, 5, 14, 14, 14, 14]    2.711    2.665  1.250  2.704  2.705 2.712  skew<=0.00
A5_B15     [5, 5, 5, 5, 15, 15, 15, 15]    2.906    2.853  1.250  2.899  2.904 2.908  skew<=0.00
A6_B6      [6, 6, 6, 6, 6, 6, 6, 6]        1.504    1.597  1.500  1.208  1.504 1.503  skew<=0.00
A6_B7      [6, 6, 6, 6, 7, 7, 7, 7]        1.502    1.597  1.499  1.407  1.500 1.503  skew<=0.00
A6_B8      [6, 6, 6, 6, 8, 8, 8, 8]        1.604    1.597  1.498  1.598  1.605 1.604  skew<=0.00
A6_B9      [6, 6, 6, 6, 9, 9, 9, 9]        1.792    1.728  1.499  1.786  1.793 1.790  skew<=0.00
A6_B10     [6, 6, 6, 6, 10, 10, 10, 10]    1.975    1.915  1.499  1.969  1.975 1.972  skew<=0.00
A6_B11     [6, 6, 6, 6, 11, 11, 11, 11]    2.158    2.103  1.498  2.151  2.161 2.156  skew<=0.00
A6_B12     [6, 6, 6, 6, 12, 12, 12, 12]    2.345    2.290  1.499  2.338  2.344 2.347  skew<=0.00
A6_B13     [6, 6, 6, 6, 13, 13, 13, 13]    2.536    2.478  1.498  2.530  2.534 2.537  skew<=0.00
A6_B14     [6, 6, 6, 6, 14, 14, 14, 14]    2.738    2.665  1.500  2.729  2.745 2.731  skew<=0.00
A6_B15     [6, 6, 6, 6, 15, 15, 15, 15]    2.935    2.853  1.498  2.927  2.935 2.936  skew<=0.00
A7_B6      [7, 7, 7, 7, 6, 6, 6, 6]        1.759    1.861  1.756  1.208  1.759 1.759  skew<=0.00
A7_B7      [7, 7, 7, 7, 7, 7, 7, 7]        1.757    1.861  1.755  1.408  1.759 1.756  skew<=0.00
A7_B8      [7, 7, 7, 7, 8, 8, 8, 8]        1.757    1.861  1.752  1.609  1.758 1.755  skew<=0.00
A7_B9      [7, 7, 7, 7, 9, 9, 9, 9]        1.811    1.861  1.750  1.805  1.814 1.808  skew<=0.00
A7_B10     [7, 7, 7, 7, 10, 10, 10, 10]    1.993    1.915  1.752  1.986  1.993 1.993  skew<=0.00
A7_B11     [7, 7, 7, 7, 11, 11, 11, 11]    2.175    2.103  1.750  2.168  2.181 2.171  skew<=0.00
A7_B12     [7, 7, 7, 7, 12, 12, 12, 12]    2.364    2.290  1.749  2.358  2.364 2.365  skew<=0.00
A7_B13     [7, 7, 7, 7, 13, 13, 13, 13]    2.550    2.478  1.750  2.543  2.555 2.547  skew<=0.00
A7_B14     [7, 7, 7, 7, 14, 14, 14, 14]    2.756    2.665  1.754  2.748  2.760 2.749  skew<=0.00
A7_B15     [7, 7, 7, 7, 15, 15, 15, 15]    2.945    2.853  1.751  2.934  2.953 2.939  skew<=0.00
A8_B6      [8, 8, 8, 8, 6, 6, 6, 6]        2.011    2.124  2.006  1.208  2.017 2.009  skew<=0.00
A8_B7      [8, 8, 8, 8, 7, 7, 7, 7]        2.008    2.124  2.004  1.409  2.008 2.008  skew<=0.00
A8_B8      [8, 8, 8, 8, 8, 8, 8, 8]        2.013    2.124  2.008  1.610  2.013 2.010  skew<=0.00
A8_B9      [8, 8, 8, 8, 9, 9, 9, 9]        2.013    2.124  2.007  1.812  2.013 2.013  skew<=0.00
A8_B10     [8, 8, 8, 8, 10, 10, 10, 10]    2.021    2.124  2.003  2.013  2.028 2.018  skew<=0.00
A8_B11     [8, 8, 8, 8, 11, 11, 11, 11]    2.196    2.124  2.000  2.190  2.201 2.194  skew<=0.00
A8_B12     [8, 8, 8, 8, 12, 12, 12, 12]    2.386    2.290  2.002  2.378  2.389 2.385  skew<=0.08
A8_B13     [8, 8, 8, 8, 13, 13, 13, 13]    2.569    2.478  2.002  2.563  2.566 2.570  skew<=0.00
A8_B14     [8, 8, 8, 8, 14, 14, 14, 14]    2.776    2.665  2.001  2.769  2.776 2.784  skew<=0.12
A8_B15     [8, 8, 8, 8, 15, 15, 15, 15]    2.958    2.853  2.000  2.951  2.956 2.961  skew<=0.00
A9_B6      [9, 9, 9, 9, 6, 6, 6, 6]        2.267    2.388  2.262  1.208  2.266 2.269  skew<=0.00
A9_B7      [9, 9, 9, 9, 7, 7, 7, 7]        2.265    2.388  2.260  1.410  2.266 2.263  skew<=0.00
A9_B8      [9, 9, 9, 9, 8, 8, 8, 8]        2.263    2.388  2.258  1.608  2.260 2.263  skew<=0.00
A9_B9      [9, 9, 9, 9, 9, 9, 9, 9]        2.259    2.388  2.253  1.804  2.260 2.257  skew<=0.00
A9_B10     [9, 9, 9, 9, 10, 10, 10, 10]    2.259    2.388  2.254  2.008  2.262 2.255  skew<=0.04
A9_B11     [9, 9, 9, 9, 11, 11, 11, 11]    2.256    2.388  2.250  2.205  2.256 2.254  skew<=0.00
A9_B12     [9, 9, 9, 9, 12, 12, 12, 12]    2.407    2.388  2.254  2.397  2.406 2.407  skew<=0.00
A9_B13     [9, 9, 9, 9, 13, 13, 13, 13]    2.596    2.478  2.255  2.587  2.596 2.595  skew<=0.00
A9_B14     [9, 9, 9, 9, 14, 14, 14, 14]    2.792    2.665  2.252  2.784  2.794 2.788  skew<=0.01
A9_B15     [9, 9, 9, 9, 15, 15, 15, 15]    2.986    2.853  2.250  2.974  2.987 2.983  skew<=0.00
A10_B6     [10, 10, 10, 10, 6, 6, 6, 6]    2.517    2.651  2.513  1.209  2.521 2.515  skew<=0.00
A10_B7     [10, 10, 10, 10, 7, 7, 7, 7]    2.514    2.651  2.509  1.406  2.513 2.515  skew<=0.01
A10_B8     [10, 10, 10, 10, 8, 8, 8, 8]    2.510    2.651  2.506  1.606  2.510 2.511  skew<=0.00
A10_B9     [10, 10, 10, 10, 9, 9, 9, 9]    2.513    2.651  2.508  1.807  2.512 2.515  skew<=0.00
A10_B10    [10, 10, 10, 10, 10, 10, 10, 10]    2.510    2.651  2.505  2.005  2.506 2.513  skew<=0.00
A10_B11    [10, 10, 10, 10, 11, 11, 11, 11]    2.511    2.651  2.508  2.210  2.517 2.510  skew<=0.00
A10_B12    [10, 10, 10, 10, 12, 12, 12, 12]    2.504    2.651  2.498  2.404  2.506 2.502  skew<=0.01
A10_B13    [10, 10, 10, 10, 13, 13, 13, 13]    2.614    2.651  2.504  2.604  2.603 2.618  skew<=0.00
A10_B14    [10, 10, 10, 10, 14, 14, 14, 14]    2.811    2.665  2.504  2.800  2.804 2.815  skew<=0.00
A10_B15    [10, 10, 10, 10, 15, 15, 15, 15]    3.003    2.853  2.498  2.993  2.993 3.008  skew<=0.00
A11_B6     [11, 11, 11, 11, 6, 6, 6, 6]    2.771    2.915  2.767  1.208  2.774 2.770  skew<=0.00
A11_B7     [11, 11, 11, 11, 7, 7, 7, 7]    2.774    2.915  2.768  1.410  2.777 2.770  skew<=0.00
A11_B8     [11, 11, 11, 11, 8, 8, 8, 8]    2.771    2.915  2.765  1.610  2.773 2.766  skew<=0.00
A11_B9     [11, 11, 11, 11, 9, 9, 9, 9]    2.765    2.915  2.760  1.806  2.765 2.764  skew<=0.00
A11_B10    [11, 11, 11, 11, 10, 10, 10, 10]    2.764    2.915  2.758  2.009  2.763 2.765  skew<=0.00
A11_B11    [11, 11, 11, 11, 11, 11, 11, 11]    2.763    2.915  2.757  2.205  2.763 2.758  skew<=0.00
A11_B12    [11, 11, 11, 11, 12, 12, 12, 12]    2.761    2.915  2.754  2.409  2.768 2.756  skew<=0.01
A11_B13    [11, 11, 11, 11, 13, 13, 13, 13]    2.757    2.915  2.752  2.607  2.756 2.759  skew<=0.00
A11_B14    [11, 11, 11, 11, 14, 14, 14, 14]    2.820    2.915  2.752  2.812  2.820 2.820  skew<=0.00
A11_B15    [11, 11, 11, 11, 15, 15, 15, 15]    3.013    2.915  2.753  3.005  3.019 3.013  skew<=0.00
A12_B6     [12, 12, 12, 12, 6, 6, 6, 6]    3.027    3.178  3.022  1.210  3.032 3.023  skew<=0.00
A12_B7     [12, 12, 12, 12, 7, 7, 7, 7]    3.017    3.178  3.013  1.406  3.021 3.015  skew<=0.00
A12_B8     [12, 12, 12, 12, 8, 8, 8, 8]    3.019    3.178  3.014  1.609  3.020 3.017  skew<=0.00
A12_B9     [12, 12, 12, 12, 9, 9, 9, 9]    3.021    3.178  3.014  1.809  3.021 3.021  skew<=0.00
A12_B10    [12, 12, 12, 12, 10, 10, 10, 10]    3.020    3.178  3.012  2.015  3.021 3.018  skew<=0.00
A12_B11    [12, 12, 12, 12, 11, 11, 11, 11]    3.011    3.178  3.005  2.208  3.016 3.009  skew<=0.00
A12_B12    [12, 12, 12, 12, 12, 12, 12, 12]    3.012    3.178  3.006  2.408  3.014 3.011  skew<=0.01
A12_B13    [12, 12, 12, 12, 13, 13, 13, 13]    3.013    3.178  3.007  2.612  3.010 3.016  skew<=0.00
A12_B14    [12, 12, 12, 12, 14, 14, 14, 14]    3.008    3.178  3.001  2.814  3.015 3.007  skew<=0.00
A12_B15    [12, 12, 12, 12, 15, 15, 15, 15]    3.030    3.178  3.005  3.022  3.027 3.032  skew<=0.00
