NCCL version 2.21.5+cuda12.4
LA_CA_NEAR event=0 split_controllerLA_CA_NEAR event=0 split_controller

LA_CA_NEAR event=0 split_controller
LA_CA_NEAR event=0 split_controller
LA_CA_NEAR event=0 split_controllerLA_CA_NEAR event=0 split_controllerLA_CA_NEAR event=0 split_controller


LA_CA_NEAR event=0 split_controller
LA_CA_NEAR event=768 split_controllerLA_CA_NEAR event=768 split_controllerLA_CA_NEAR event=768 split_controller


LA_CA_NEAR event=768 split_controller
LA_CA_NEAR event=1536 split_controllerLA_CA_NEAR event=1536 split_controllerLA_CA_NEAR event=1536 split_controller


LA_CA_NEAR event=1536 split_controller
LA_CA_NEAR event=2304 split_controllerLA_CA_NEAR event=2304 split_controllerLA_CA_NEAR event=2304 split_controller


LA_CA_NEAR event=2304 split_controller
LA_CA_NEAR event=3072 split_controllerLA_CA_NEAR event=3072 split_controllerLA_CA_NEAR event=3072 split_controller


LA_CA_NEAR event=3072 split_controller
LA_CA_NEAR event=3840 split_controllerLA_CA_NEAR event=3840 split_controllerLA_CA_NEAR event=3840 split_controller


LA_CA_NEAR event=3840 split_controller
LA_CA_NEAR event=4608 split_controllerLA_CA_NEAR event=4608 split_controllerLA_CA_NEAR event=4608 split_controller


LA_CA_NEAR event=4608 split_controller
LA_CA_NEAR event=5376 split_controllerLA_CA_NEAR event=5376 split_controllerLA_CA_NEAR event=5376 split_controller


LA_CA_NEAR event=5376 split_controller
{"status": "PASS", "candidate": "_warmup", "arm": "R-NEAR", "repeat": 0, "TTFT": 6.701418873, "TPOT": 2.3696459817637794, "E2E": 307.646458557, "throughput": 26.627967825224307, "output_tokens": 128, "decode_forwards": 127, "local_batch": 16, "global_requests": 64, "smoke": false, "profiled": false, "nomination": false}
LA_CA_NEAR event=0 split_controllerLA_CA_NEAR event=0 split_controller

LA_CA_NEAR event=0 split_controller
LA_CA_NEAR event=0 split_controller
LA_CA_NEAR event=768 split_controllerLA_CA_NEAR event=768 split_controllerLA_CA_NEAR event=768 split_controller


LA_CA_NEAR event=768 split_controller
LA_CA_NEAR event=1536 split_controllerLA_CA_NEAR event=1536 split_controllerLA_CA_NEAR event=1536 split_controller


LA_CA_NEAR event=1536 split_controller
LA_CA_NEAR event=2304 split_controllerLA_CA_NEAR event=2304 split_controllerLA_CA_NEAR event=2304 split_controller


LA_CA_NEAR event=2304 split_controller
LA_CA_NEAR event=3072 split_controllerLA_CA_NEAR event=3072 split_controllerLA_CA_NEAR event=3072 split_controller


LA_CA_NEAR event=3072 split_controller
LA_CA_NEAR event=3840 split_controllerLA_CA_NEAR event=3840 split_controllerLA_CA_NEAR event=3840 split_controller


LA_CA_NEAR event=3840 split_controller
LA_CA_NEAR event=4608 split_controllerLA_CA_NEAR event=4608 split_controllerLA_CA_NEAR event=4608 split_controller


LA_CA_NEAR event=4608 split_controller
LA_CA_NEAR event=5376 split_controllerLA_CA_NEAR event=5376 split_controllerLA_CA_NEAR event=5376 split_controller


LA_CA_NEAR event=5376 split_controller
{"status": "PASS", "candidate": "_warmup", "arm": "G-NEAR", "repeat": 0, "TTFT": 7.00385996, "TPOT": 2.543420394283465, "E2E": 330.018250034, "throughput": 24.822869641772908, "output_tokens": 128, "decode_forwards": 127, "local_batch": 16, "global_requests": 64, "smoke": false, "profiled": false, "nomination": false}
{"status": "PASS", "candidate": "mixed_4", "arm": "R-NEAR", "repeat": 1, "TTFT": 6.291597895, "TPOT": 1.4636748915826772, "E2E": 192.178309126, "throughput": 42.62707918107963, "output_tokens": 128, "decode_forwards": 127, "local_batch": 16, "global_requests": 64, "smoke": false, "profiled": false, "nomination": false}
{"status": "PASS", "candidate": "mixed_4", "arm": "G-NEAR", "repeat": 1, "TTFT": 6.826946347, "TPOT": 1.4870714205984252, "E2E": 195.685016763, "throughput": 41.86319492167138, "output_tokens": 128, "decode_forwards": 127, "local_batch": 16, "global_requests": 64, "smoke": false, "profiled": false, "nomination": false}
{"status": "PASS", "candidate": "family_5", "arm": "G-NEAR", "repeat": 1, "TTFT": 6.214428322, "TPOT": 0.9505315054488189, "E2E": 126.931929514, "throughput": 64.53852888997847, "output_tokens": 128, "decode_forwards": 127, "local_batch": 16, "global_requests": 64, "smoke": false, "profiled": false, "nomination": false}
{"status": "PASS", "candidate": "family_5", "arm": "R-NEAR", "repeat": 1, "TTFT": 6.218391711, "TPOT": 1.008101805590551, "E2E": 134.247321021, "throughput": 61.021701868587336, "output_tokens": 128, "decode_forwards": 127, "local_batch": 16, "global_requests": 64, "smoke": false, "profiled": false, "nomination": false}
{"status": "PASS", "candidate": "mixed_0", "arm": "R-NEAR", "repeat": 1, "TTFT": 7.718991988, "TPOT": 1.522722247425197, "E2E": 201.104717411, "throughput": 40.73499669954493, "output_tokens": 128, "decode_forwards": 127, "local_batch": 16, "global_requests": 64, "smoke": false, "profiled": false, "nomination": false}
{"status": "PASS", "candidate": "mixed_0", "arm": "G-NEAR", "repeat": 1, "TTFT": 7.864566165, "TPOT": 1.4984824621496062, "E2E": 198.171838858, "throughput": 41.337861359150914, "output_tokens": 128, "decode_forwards": 127, "local_batch": 16, "global_requests": 64, "smoke": false, "profiled": false, "nomination": false}
{"status": "PASS", "candidate": "previous_best_control", "arm": "G-NEAR", "repeat": 1, "TTFT": 6.917423695, "TPOT": 1.0112641973070866, "E2E": 135.347976753, "throughput": 60.52547069063168, "output_tokens": 128, "decode_forwards": 127, "local_batch": 16, "global_requests": 64, "smoke": false, "profiled": false, "nomination": false}
{"status": "PASS", "candidate": "previous_best_control", "arm": "R-NEAR", "repeat": 1, "TTFT": 6.359507337, "TPOT": 1.0337591368503938, "E2E": 137.646917717, "throughput": 59.51459092489545, "output_tokens": 128, "decode_forwards": 127, "local_batch": 16, "global_requests": 64, "smoke": false, "profiled": false, "nomination": false}
{"status": "PASS", "candidate": "mixed_4", "arm": "G-NEAR", "repeat": 2, "TTFT": 7.137032945, "TPOT": 1.5048047922913386, "E2E": 198.247241566, "throughput": 41.32213863501722, "output_tokens": 128, "decode_forwards": 127, "local_batch": 16, "global_requests": 64, "smoke": false, "profiled": false, "nomination": false}
{"status": "PASS", "candidate": "mixed_4", "arm": "R-NEAR", "repeat": 2, "TTFT": 6.315582823, "TPOT": 1.4570176918031497, "E2E": 191.356829682, "throughput": 42.810073795712455, "output_tokens": 128, "decode_forwards": 127, "local_batch": 16, "global_requests": 64, "smoke": false, "profiled": false, "nomination": false}
{"status": "PASS", "candidate": "family_5", "arm": "R-NEAR", "repeat": 2, "TTFT": 6.414721639, "TPOT": 0.9736527374015749, "E2E": 130.068619289, "throughput": 62.98214007944654, "output_tokens": 128, "decode_forwards": 127, "local_batch": 16, "global_requests": 64, "smoke": false, "profiled": false, "nomination": false}
{"status": "PASS", "candidate": "family_5", "arm": "G-NEAR", "repeat": 2, "TTFT": 6.764797828, "TPOT": 0.9402868496220472, "E2E": 126.18122773, "throughput": 64.92249399830752, "output_tokens": 128, "decode_forwards": 127, "local_batch": 16, "global_requests": 64, "smoke": false, "profiled": false, "nomination": false}
{"status": "PASS", "candidate": "mixed_0", "arm": "G-NEAR", "repeat": 2, "TTFT": 6.404334048, "TPOT": 1.4428082901732282, "E2E": 189.6409869, "throughput": 43.197412826794356, "output_tokens": 128, "decode_forwards": 127, "local_batch": 16, "global_requests": 64, "smoke": false, "profiled": false, "nomination": false}
{"status": "PASS", "candidate": "mixed_0", "arm": "R-NEAR", "repeat": 2, "TTFT": 6.576041644, "TPOT": 1.4338312189055118, "E2E": 188.672606445, "throughput": 43.41912773854667, "output_tokens": 128, "decode_forwards": 127, "local_batch": 16, "global_requests": 64, "smoke": false, "profiled": false, "nomination": false}
{"status": "PASS", "candidate": "previous_best_control", "arm": "R-NEAR", "repeat": 2, "TTFT": 6.938678477, "TPOT": 1.0794297987952757, "E2E": 144.026262924, "throughput": 56.87851530468972, "output_tokens": 128, "decode_forwards": 127, "local_batch": 16, "global_requests": 64, "smoke": false, "profiled": false, "nomination": false}
{"status": "PASS", "candidate": "previous_best_control", "arm": "G-NEAR", "repeat": 2, "TTFT": 7.032867817, "TPOT": 1.0622144029133858, "E2E": 141.934096987, "throughput": 57.716927601620064, "output_tokens": 128, "decode_forwards": 127, "local_batch": 16, "global_requests": 64, "smoke": false, "profiled": false, "nomination": false}
{"status": "PASS", "candidate": "mixed_4", "arm": "R-NEAR", "repeat": 3, "TTFT": 6.56248682, "TPOT": 1.3939022159291339, "E2E": 183.588068243, "throughput": 44.62163624466565, "output_tokens": 128, "decode_forwards": 127, "local_batch": 16, "global_requests": 64, "smoke": false, "profiled": false, "nomination": false}
{"status": "PASS", "candidate": "mixed_4", "arm": "G-NEAR", "repeat": 3, "TTFT": 6.32786609, "TPOT": 1.3980501083700787, "E2E": 183.880229853, "throughput": 44.550738306934676, "output_tokens": 128, "decode_forwards": 127, "local_batch": 16, "global_requests": 64, "smoke": false, "profiled": false, "nomination": false}
{"status": "PASS", "candidate": "family_5", "arm": "G-NEAR", "repeat": 3, "TTFT": 6.368333478, "TPOT": 1.038726452535433, "E2E": 138.28659295, "throughput": 59.239293016366126, "output_tokens": 128, "decode_forwards": 127, "local_batch": 16, "global_requests": 64, "smoke": false, "profiled": false, "nomination": false}
{"status": "PASS", "candidate": "family_5", "arm": "R-NEAR", "repeat": 3, "TTFT": 7.316989248, "TPOT": 1.034138312393701, "E2E": 138.652554922, "throughput": 59.08293579305818, "output_tokens": 128, "decode_forwards": 127, "local_batch": 16, "global_requests": 64, "smoke": false, "profiled": false, "nomination": false}
{"status": "PASS", "candidate": "mixed_0", "arm": "R-NEAR", "repeat": 3, "TTFT": 6.413077068, "TPOT": 1.510688817952756, "E2E": 198.270556948, "throughput": 41.31727940900725, "output_tokens": 128, "decode_forwards": 127, "local_batch": 16, "global_requests": 64, "smoke": false, "profiled": false, "nomination": false}
{"status": "PASS", "candidate": "mixed_0", "arm": "G-NEAR", "repeat": 3, "TTFT": 7.1458238, "TPOT": 1.5081576738976379, "E2E": 198.681848385, "throughput": 41.2317484792359, "output_tokens": 128, "decode_forwards": 127, "local_batch": 16, "global_requests": 64, "smoke": false, "profiled": false, "nomination": false}
{"status": "PASS", "candidate": "previous_best_control", "arm": "G-NEAR", "repeat": 3, "TTFT": 7.008737223, "TPOT": 1.0368146272913386, "E2E": 138.684194889, "throughput": 59.06945637573705, "output_tokens": 128, "decode_forwards": 127, "local_batch": 16, "global_requests": 64, "smoke": false, "profiled": false, "nomination": false}
{"status": "PASS", "candidate": "previous_best_control", "arm": "R-NEAR", "repeat": 3, "TTFT": 6.352191952, "TPOT": 1.0431997470787402, "E2E": 138.838559831, "throughput": 59.003781153965, "output_tokens": 128, "decode_forwards": 127, "local_batch": 16, "global_requests": 64, "smoke": false, "profiled": false, "nomination": false}
{"status": "PASS", "candidate": "mixed_4", "arm": "G-NEAR", "repeat": 4, "TTFT": 6.428333228, "TPOT": 1.385373599968504, "E2E": 182.370780424, "throughput": 44.919476579275155, "output_tokens": 128, "decode_forwards": 127, "local_batch": 16, "global_requests": 64, "smoke": false, "profiled": false, "nomination": false}
{"status": "PASS", "candidate": "mixed_4", "arm": "R-NEAR", "repeat": 4, "TTFT": 6.537925933, "TPOT": 1.3872528108110236, "E2E": 182.719032906, "throughput": 44.833862514007414, "output_tokens": 128, "decode_forwards": 127, "local_batch": 16, "global_requests": 64, "smoke": false, "profiled": false, "nomination": false}
{"status": "PASS", "candidate": "family_5", "arm": "R-NEAR", "repeat": 4, "TTFT": 6.420997095, "TPOT": 0.9551921908110236, "E2E": 127.730405328, "throughput": 64.13508184651644, "output_tokens": 128, "decode_forwards": 127, "local_batch": 16, "global_requests": 64, "smoke": false, "profiled": false, "nomination": false}
{"status": "PASS", "candidate": "family_5", "arm": "G-NEAR", "repeat": 4, "TTFT": 6.375799168, "TPOT": 1.033795696464567, "E2E": 137.667852619, "throughput": 59.50554064841565, "output_tokens": 128, "decode_forwards": 127, "local_batch": 16, "global_requests": 64, "smoke": false, "profiled": false, "nomination": false}
{"status": "PASS", "candidate": "mixed_0", "arm": "G-NEAR", "repeat": 4, "TTFT": 7.224824954, "TPOT": 1.526139240456693, "E2E": 201.044508492, "throughput": 40.74719603856266, "output_tokens": 128, "decode_forwards": 127, "local_batch": 16, "global_requests": 64, "smoke": false, "profiled": false, "nomination": false}
{"status": "PASS", "candidate": "mixed_0", "arm": "R-NEAR", "repeat": 4, "TTFT": 6.406552239, "TPOT": 1.4752359594015747, "E2E": 193.761519083, "throughput": 42.27877670844881, "output_tokens": 128, "decode_forwards": 127, "local_batch": 16, "global_requests": 64, "smoke": false, "profiled": false, "nomination": false}
{"status": "PASS", "candidate": "previous_best_control", "arm": "R-NEAR", "repeat": 4, "TTFT": 6.817822164, "TPOT": 1.0796491402440946, "E2E": 143.933262975, "throughput": 56.915266358012616, "output_tokens": 128, "decode_forwards": 127, "local_batch": 16, "global_requests": 64, "smoke": false, "profiled": false, "nomination": false}
{"status": "PASS", "candidate": "previous_best_control", "arm": "G-NEAR", "repeat": 4, "TTFT": 6.893810856, "TPOT": 1.0872268351338583, "E2E": 144.971618918, "throughput": 56.507612049456554, "output_tokens": 128, "decode_forwards": 127, "local_batch": 16, "global_requests": 64, "smoke": false, "profiled": false, "nomination": false}
{"status": "PASS", "candidate": "mixed_4", "arm": "R-NEAR", "repeat": 5, "TTFT": 7.2588563, "TPOT": 1.4204703476299214, "E2E": 187.658590449, "throughput": 43.65374364370674, "output_tokens": 128, "decode_forwards": 127, "local_batch": 16, "global_requests": 64, "smoke": false, "profiled": false, "nomination": false}
{"status": "PASS", "candidate": "mixed_4", "arm": "G-NEAR", "repeat": 5, "TTFT": 6.792564481, "TPOT": 1.4654441441417323, "E2E": 192.903970787, "throughput": 42.46672562819048, "output_tokens": 128, "decode_forwards": 127, "local_batch": 16, "global_requests": 64, "smoke": false, "profiled": false, "nomination": false}
{"status": "PASS", "candidate": "family_5", "arm": "G-NEAR", "repeat": 5, "TTFT": 7.515527642, "TPOT": 1.0855568732047245, "E2E": 145.381250539, "throughput": 56.34839409915801, "output_tokens": 128, "decode_forwards": 127, "local_batch": 16, "global_requests": 64, "smoke": false, "profiled": false, "nomination": false}
{"status": "PASS", "candidate": "family_5", "arm": "R-NEAR", "repeat": 5, "TTFT": 7.077810955, "TPOT": 1.0960562157637794, "E2E": 146.276950357, "throughput": 56.00335514246641, "output_tokens": 128, "decode_forwards": 127, "local_batch": 16, "global_requests": 64, "smoke": false, "profiled": false, "nomination": false}
{"status": "PASS", "candidate": "mixed_0", "arm": "R-NEAR", "repeat": 5, "TTFT": 7.079407027, "TPOT": 1.4929186722125984, "E2E": 196.680078398, "throughput": 41.651396860960894, "output_tokens": 128, "decode_forwards": 127, "local_batch": 16, "global_requests": 64, "smoke": false, "profiled": false, "nomination": false}
{"status": "PASS", "candidate": "mixed_0", "arm": "G-NEAR", "repeat": 5, "TTFT": 6.584565158, "TPOT": 1.4682859967716535, "E2E": 193.056886748, "throughput": 42.43308870246695, "output_tokens": 128, "decode_forwards": 127, "local_batch": 16, "global_requests": 64, "smoke": false, "profiled": false, "nomination": false}
{"status": "PASS", "candidate": "previous_best_control", "arm": "G-NEAR", "repeat": 5, "TTFT": 7.046914066, "TPOT": 1.2021942058582678, "E2E": 159.72557821, "throughput": 51.28796584620609, "output_tokens": 128, "decode_forwards": 127, "local_batch": 16, "global_requests": 64, "smoke": false, "profiled": false, "nomination": false}
{"status": "PASS", "candidate": "previous_best_control", "arm": "R-NEAR", "repeat": 5, "TTFT": 7.509775293, "TPOT": 1.1796608000787403, "E2E": 157.326696903, "throughput": 52.06999295898769, "output_tokens": 128, "decode_forwards": 127, "local_batch": 16, "global_requests": 64, "smoke": false, "profiled": false, "nomination": false}
{"status": "PASS", "candidate": "mixed_4", "arm": "G-NEAR", "repeat": -1, "TTFT": 7.047461529, "TPOT": 1.468887899, "E2E": 193.596224702, "throughput": 42.31487474825417, "output_tokens": 128, "decode_forwards": 127, "local_batch": 16, "global_requests": 64, "smoke": false, "profiled": true, "nomination": false}
{"status": "PASS", "candidate": "mixed_4", "arm": "R-NEAR", "repeat": -1, "TTFT": 6.830542567, "TPOT": 1.4535657471968504, "E2E": 191.433392461, "throughput": 42.792952131739106, "output_tokens": 128, "decode_forwards": 127, "local_batch": 16, "global_requests": 64, "smoke": false, "profiled": true, "nomination": false}
{"status": "PASS", "candidate": "family_5", "arm": "G-NEAR", "repeat": -1, "TTFT": 6.973913097, "TPOT": 1.013805693496063, "E2E": 135.727236171, "throughput": 60.35634579399426, "output_tokens": 128, "decode_forwards": 127, "local_batch": 16, "global_requests": 64, "smoke": false, "profiled": true, "nomination": false}
{"status": "PASS", "candidate": "family_5", "arm": "R-NEAR", "repeat": -1, "TTFT": 7.068114184, "TPOT": 1.0419279305748033, "E2E": 139.392961367, "throughput": 58.76910799270372, "output_tokens": 128, "decode_forwards": 127, "local_batch": 16, "global_requests": 64, "smoke": false, "profiled": true, "nomination": false}
{"status": "PASS", "candidate": "mixed_0", "arm": "G-NEAR", "repeat": -1, "TTFT": 6.421742723, "TPOT": 1.4074112815905513, "E2E": 185.162975485, "throughput": 44.24210606112037, "output_tokens": 128, "decode_forwards": 127, "local_batch": 16, "global_requests": 64, "smoke": false, "profiled": true, "nomination": false}
{"status": "PASS", "candidate": "mixed_0", "arm": "R-NEAR", "repeat": -1, "TTFT": 6.87662127, "TPOT": 1.451683200535433, "E2E": 191.240387738, "throughput": 42.836139880782234, "output_tokens": 128, "decode_forwards": 127, "local_batch": 16, "global_requests": 64, "smoke": false, "profiled": true, "nomination": false}
{"status": "PASS", "candidate": "previous_best_control", "arm": "G-NEAR", "repeat": -1, "TTFT": 6.374281933, "TPOT": 1.059110447472441, "E2E": 140.881308762, "throughput": 58.148238911091326, "output_tokens": 128, "decode_forwards": 127, "local_batch": 16, "global_requests": 64, "smoke": false, "profiled": true, "nomination": false}
{"status": "PASS", "candidate": "previous_best_control", "arm": "R-NEAR", "repeat": -1, "TTFT": 7.022642145, "TPOT": 1.059438588102362, "E2E": 141.571342834, "throughput": 57.864818091084715, "output_tokens": 128, "decode_forwards": 127, "local_batch": 16, "global_requests": 64, "smoke": false, "profiled": true, "nomination": false}
