NCCL version 2.21.5+cuda12.4
LA_CA_NEAR event=0 split_controllerLA_CA_NEAR event=0 split_controller
LA_CA_NEAR event=0 split_controller

LA_CA_NEAR event=0 split_controller
LA_CA_NEAR event=0 split_controllerLA_CA_NEAR event=0 split_controllerLA_CA_NEAR event=0 split_controller


LA_CA_NEAR event=0 split_controller
BR event=0 split_controllerBR event=0 split_controllerBR event=0 split_controller


BR event=0 split_controller
CA event=0 split_controllerCA event=0 split_controllerCA event=0 split_controller


CA event=0 split_controller
CA event=0 split_controllerCA event=0 split_controllerCA event=0 split_controller


CA event=0 split_controller
BR event=0 split_controllerBR event=0 split_controllerBR event=0 split_controller


BR event=0 split_controller
CA event=0 split_controllerCA event=0 split_controllerCA event=0 split_controller


CA event=0 split_controller
LA_CA_NEAR event=0 split_controllerLA_CA_NEAR event=0 split_controllerLA_CA_NEAR event=0 split_controllerLA_CA_NEAR event=0 split_controller



LA_CA_NEAR event=768 split_controllerLA_CA_NEAR event=768 split_controllerLA_CA_NEAR event=768 split_controller
LA_CA_NEAR event=768 split_controller


LA_CA_NEAR event=1536 split_controllerLA_CA_NEAR event=1536 split_controllerLA_CA_NEAR event=1536 split_controller


LA_CA_NEAR event=1536 split_controller
LA_CA_NEAR event=2304 split_controllerLA_CA_NEAR event=2304 split_controller

LA_CA_NEAR event=2304 split_controller
LA_CA_NEAR event=2304 split_controller
{"status": "PASS", "arm": "R-NEAR", "repeat": 0, "TTFT": 8.166831734, "TPOT": 2.748290051238095, "E2E": 181.309104962, "throughput": 22.591253764439838, "output_tokens": 64, "global_requests": 64, "smoke": false, "profiled": false}
LA_CA_NEAR event=0 split_controllerLA_CA_NEAR event=0 split_controllerLA_CA_NEAR event=0 split_controller


LA_CA_NEAR event=0 split_controller
LA_CA_NEAR event=768 split_controllerLA_CA_NEAR event=768 split_controllerLA_CA_NEAR event=768 split_controller


LA_CA_NEAR event=768 split_controller
LA_CA_NEAR event=1536 split_controllerLA_CA_NEAR event=1536 split_controller

LA_CA_NEAR event=1536 split_controller
LA_CA_NEAR event=1536 split_controller
LA_CA_NEAR event=2304 split_controllerLA_CA_NEAR event=2304 split_controllerLA_CA_NEAR event=2304 split_controller


LA_CA_NEAR event=2304 split_controller
{"status": "PASS", "arm": "G-NEAR", "repeat": 0, "TTFT": 7.675750717, "TPOT": 2.420105796888889, "E2E": 160.142415921, "throughput": 25.577233716897346, "output_tokens": 64, "global_requests": 64, "smoke": false, "profiled": false}
BR event=0 split_controllerBR event=0 split_controllerBR event=0 split_controller


BR event=0 split_controller
BR event=768 split_controllerBR event=768 split_controllerBR event=768 split_controller


BR event=768 split_controller
BR event=1536 split_controllerBR event=1536 split_controller

BR event=1536 split_controllerBR event=1536 split_controller

BR event=2304 split_controllerBR event=2304 split_controllerBR event=2304 split_controller


BR event=2304 split_controller
{"status": "PASS", "arm": "G-BR", "repeat": 0, "TTFT": 7.270965672, "TPOT": 2.444810567698413, "E2E": 161.294031437, "throughput": 25.39461605310461, "output_tokens": 64, "global_requests": 64, "smoke": false, "profiled": false}
CA event=0 split_controllerCA event=0 split_controller

CA event=0 split_controller
CA event=0 split_controller
CA event=768 split_controllerCA event=768 split_controller

CA event=768 split_controller
CA event=768 split_controller
CA event=1536 split_controllerCA event=1536 split_controller

CA event=1536 split_controller
CA event=1536 split_controller
CA event=2304 split_controllerCA event=2304 split_controllerCA event=2304 split_controller


CA event=2304 split_controller
{"status": "PASS", "arm": "G-CA", "repeat": 0, "TTFT": 7.047510111, "TPOT": 2.671346720015873, "E2E": 175.342353472, "throughput": 23.360014958702376, "output_tokens": 64, "global_requests": 64, "smoke": false, "profiled": false}
CA event=0 split_controllerCA event=0 split_controllerCA event=0 split_controller


CA event=0 split_controller
CA event=768 split_controllerCA event=768 split_controllerCA event=768 split_controller


CA event=768 split_controller
CA event=1536 split_controllerCA event=1536 split_controller

CA event=1536 split_controller
CA event=1536 split_controller
CA event=2304 split_controllerCA event=2304 split_controllerCA event=2304 split_controller


CA event=2304 split_controller
{"status": "PASS", "arm": "G-NUMA-CA", "repeat": 0, "TTFT": 6.696229604, "TPOT": 2.489529953126984, "E2E": 163.536616651, "throughput": 25.046378504584, "output_tokens": 64, "global_requests": 64, "smoke": false, "profiled": false}
BR event=0 split_controllerBR event=0 split_controllerBR event=0 split_controller


BR event=0 split_controller
BR event=768 split_controllerBR event=768 split_controller

BR event=768 split_controller
BR event=768 split_controller
BR event=1536 split_controllerBR event=1536 split_controllerBR event=1536 split_controller


BR event=1536 split_controller
BR event=2304 split_controllerBR event=2304 split_controllerBR event=2304 split_controller


BR event=2304 split_controller
{"status": "PASS", "arm": "R-BR", "repeat": 0, "TTFT": 7.224290905, "TPOT": 2.4693510236984126, "E2E": 162.793405398, "throughput": 25.16072435481051, "output_tokens": 64, "global_requests": 64, "smoke": false, "profiled": false}
CA event=0 split_controllerCA event=0 split_controllerCA event=0 split_controller


CA event=0 split_controller
CA event=768 split_controllerCA event=768 split_controllerCA event=768 split_controller


CA event=768 split_controller
CA event=1536 split_controllerCA event=1536 split_controller

CA event=1536 split_controllerCA event=1536 split_controller

CA event=2304 split_controllerCA event=2304 split_controllerCA event=2304 split_controller


CA event=2304 split_controller
{"status": "PASS", "arm": "R-CA", "repeat": 0, "TTFT": 6.704445964, "TPOT": 2.5826341504444446, "E2E": 169.410397442, "throughput": 24.177972909852375, "output_tokens": 64, "global_requests": 64, "smoke": false, "profiled": false}
{"status": "PASS", "arm": "R-NEAR", "repeat": 1, "TTFT": 6.806373519, "TPOT": 1.4869157659523808, "E2E": 100.482066774, "throughput": 40.763492745551794, "output_tokens": 64, "global_requests": 64, "smoke": false, "profiled": false}
{"status": "PASS", "arm": "G-NEAR", "repeat": 1, "TTFT": 6.493899383, "TPOT": 1.4489676007142858, "E2E": 97.778858228, "throughput": 41.89044619900324, "output_tokens": 64, "global_requests": 64, "smoke": false, "profiled": false}
{"status": "PASS", "arm": "G-BR", "repeat": 1, "TTFT": 6.541705953, "TPOT": 1.455991503095238, "E2E": 98.269170648, "throughput": 41.68143450270752, "output_tokens": 64, "global_requests": 64, "smoke": false, "profiled": false}
{"status": "PASS", "arm": "G-CA", "repeat": 1, "TTFT": 6.181944898, "TPOT": 1.4528299487936507, "E2E": 97.710231672, "throughput": 41.91986785733675, "output_tokens": 64, "global_requests": 64, "smoke": false, "profiled": false}
{"status": "PASS", "arm": "G-NUMA-CA", "repeat": 1, "TTFT": 6.173360884, "TPOT": 1.4411751613174604, "E2E": 96.967396047, "throughput": 42.24100230570978, "output_tokens": 64, "global_requests": 64, "smoke": false, "profiled": false}
{"status": "PASS", "arm": "R-BR", "repeat": 1, "TTFT": 6.525232873, "TPOT": 1.433644928111111, "E2E": 96.844863344, "throughput": 42.29444762032148, "output_tokens": 64, "global_requests": 64, "smoke": false, "profiled": false}
{"status": "PASS", "arm": "R-CA", "repeat": 1, "TTFT": 6.189787752, "TPOT": 1.4960193358730158, "E2E": 100.439005912, "throughput": 40.780969134528526, "output_tokens": 64, "global_requests": 64, "smoke": false, "profiled": false}
{"status": "PASS", "arm": "R-CA", "repeat": 2, "TTFT": 5.854710517, "TPOT": 1.4768641232698412, "E2E": 98.897150283, "throughput": 41.416764671975436, "output_tokens": 64, "global_requests": 64, "smoke": false, "profiled": false}
{"status": "PASS", "arm": "R-BR", "repeat": 2, "TTFT": 6.661391813, "TPOT": 1.449278852095238, "E2E": 97.965959495, "throughput": 41.81044131159714, "output_tokens": 64, "global_requests": 64, "smoke": false, "profiled": false}
{"status": "PASS", "arm": "G-NUMA-CA", "repeat": 2, "TTFT": 5.847075819, "TPOT": 1.4474323597936507, "E2E": 97.035314486, "throughput": 42.21143633837514, "output_tokens": 64, "global_requests": 64, "smoke": false, "profiled": false}
{"status": "PASS", "arm": "G-CA", "repeat": 2, "TTFT": 5.866776366, "TPOT": 1.448762836888889, "E2E": 97.13883509, "throughput": 42.16645172041665, "output_tokens": 64, "global_requests": 64, "smoke": false, "profiled": false}
{"status": "PASS", "arm": "G-BR", "repeat": 2, "TTFT": 6.365752445, "TPOT": 1.4532559096031745, "E2E": 97.92087475, "throughput": 41.829691681752465, "output_tokens": 64, "global_requests": 64, "smoke": false, "profiled": false}
{"status": "PASS", "arm": "G-NEAR", "repeat": 2, "TTFT": 6.847312796, "TPOT": 1.4426243496349207, "E2E": 97.732646823, "throughput": 41.91025346339095, "output_tokens": 64, "global_requests": 64, "smoke": false, "profiled": false}
{"status": "PASS", "arm": "R-NEAR", "repeat": 2, "TTFT": 6.397756639, "TPOT": 1.4612210277777777, "E2E": 98.454681389, "throughput": 41.60289731492272, "output_tokens": 64, "global_requests": 64, "smoke": false, "profiled": false}
{"status": "PASS", "arm": "R-NEAR", "repeat": 3, "TTFT": 6.157042423, "TPOT": 1.4542149186190476, "E2E": 97.772582296, "throughput": 41.89313510815979, "output_tokens": 64, "global_requests": 64, "smoke": false, "profiled": false}
{"status": "PASS", "arm": "G-NEAR", "repeat": 3, "TTFT": 6.192386062, "TPOT": 1.434899348, "E2E": 96.591044986, "throughput": 42.40558739781393, "output_tokens": 64, "global_requests": 64, "smoke": false, "profiled": false}
{"status": "PASS", "arm": "G-BR", "repeat": 3, "TTFT": 6.258396356, "TPOT": 1.4401052345873018, "E2E": 96.985026135, "throughput": 42.23332367100156, "output_tokens": 64, "global_requests": 64, "smoke": false, "profiled": false}
{"status": "PASS", "arm": "G-CA", "repeat": 3, "TTFT": 5.860485873, "TPOT": 1.4393457329047619, "E2E": 96.539267046, "throughput": 42.42833124109277, "output_tokens": 64, "global_requests": 64, "smoke": false, "profiled": false}
{"status": "PASS", "arm": "G-NUMA-CA", "repeat": 3, "TTFT": 5.974633032, "TPOT": 1.445493922, "E2E": 97.040750118, "throughput": 42.20907191071101, "output_tokens": 64, "global_requests": 64, "smoke": false, "profiled": false}
{"status": "PASS", "arm": "R-BR", "repeat": 3, "TTFT": 6.565635492, "TPOT": 1.4367295456190476, "E2E": 97.079596866, "throughput": 42.192181799577845, "output_tokens": 64, "global_requests": 64, "smoke": false, "profiled": false}
{"status": "PASS", "arm": "R-CA", "repeat": 3, "TTFT": 6.527780087, "TPOT": 1.4709620565079367, "E2E": 99.198389647, "throughput": 41.29099287373233, "output_tokens": 64, "global_requests": 64, "smoke": false, "profiled": false}
{"status": "PASS", "arm": "R-CA", "repeat": -1, "TTFT": 5.8963192, "TPOT": 1.4781287303333335, "E2E": 99.018429211, "throughput": 41.36603693512211, "output_tokens": 64, "global_requests": 64, "smoke": false, "profiled": true}
{"status": "PASS", "arm": "R-BR", "repeat": -1, "TTFT": 6.260843275, "TPOT": 1.4549814460158732, "E2E": 97.924674374, "throughput": 41.82806862707863, "output_tokens": 64, "global_requests": 64, "smoke": false, "profiled": true}
{"status": "PASS", "arm": "G-NUMA-CA", "repeat": -1, "TTFT": 5.911514208, "TPOT": 1.4586583471111112, "E2E": 97.806990076, "throughput": 41.87839741124066, "output_tokens": 64, "global_requests": 64, "smoke": false, "profiled": true}
{"status": "PASS", "arm": "G-CA", "repeat": -1, "TTFT": 5.887439787, "TPOT": 1.4425299636825397, "E2E": 96.766827499, "throughput": 42.32855520702411, "output_tokens": 64, "global_requests": 64, "smoke": false, "profiled": true}
{"status": "PASS", "arm": "G-BR", "repeat": -1, "TTFT": 6.240688968, "TPOT": 1.4506524248412698, "E2E": 97.631791733, "throughput": 41.953547377288714, "output_tokens": 64, "global_requests": 64, "smoke": false, "profiled": true}
{"status": "PASS", "arm": "G-NEAR", "repeat": -1, "TTFT": 6.47802916, "TPOT": 1.4501304286507937, "E2E": 97.836246165, "throughput": 41.86587446427708, "output_tokens": 64, "global_requests": 64, "smoke": false, "profiled": true}
{"status": "PASS", "arm": "R-NEAR", "repeat": -1, "TTFT": 6.418609695, "TPOT": 1.459928541936508, "E2E": 98.394107837, "throughput": 41.62850896301074, "output_tokens": 64, "global_requests": 64, "smoke": false, "profiled": true}
