NCCL version 2.21.5+cuda12.4
LA_CA_NEAR event=0 split_controllerLA_CA_NEAR event=0 split_controller

LA_CA_NEAR event=0 split_controller
LA_CA_NEAR event=0 split_controller
LA_CA_NEAR event=0 split_controllerLA_CA_NEAR event=0 split_controllerLA_CA_NEAR event=0 split_controller


LA_CA_NEAR event=0 split_controller
LA_CA_NEAR event=768 split_controllerLA_CA_NEAR event=768 split_controllerLA_CA_NEAR event=768 split_controller


LA_CA_NEAR event=768 split_controller
LA_CA_NEAR event=1536 split_controllerLA_CA_NEAR event=1536 split_controller

LA_CA_NEAR event=1536 split_controller
LA_CA_NEAR event=1536 split_controller
LA_CA_NEAR event=2304 split_controllerLA_CA_NEAR event=2304 split_controller

LA_CA_NEAR event=2304 split_controller
LA_CA_NEAR event=2304 split_controller
{"status": "PASS", "candidate": "_warmup", "arm": "R-NEAR", "repeat": 0, "TTFT": 6.722656792, "TPOT": 2.4661232969999998, "E2E": 162.088424503, "throughput": 25.27015740056249, "output_tokens": 64, "global_requests": 64, "smoke": false, "profiled": false, "nomination": false}
LA_CA_NEAR event=0 split_controllerLA_CA_NEAR event=0 split_controllerLA_CA_NEAR event=0 split_controller


LA_CA_NEAR event=0 split_controller
LA_CA_NEAR event=768 split_controllerLA_CA_NEAR event=768 split_controllerLA_CA_NEAR event=768 split_controller


LA_CA_NEAR event=768 split_controller
LA_CA_NEAR event=1536 split_controllerLA_CA_NEAR event=1536 split_controller

LA_CA_NEAR event=1536 split_controller
LA_CA_NEAR event=1536 split_controller
LA_CA_NEAR event=2304 split_controllerLA_CA_NEAR event=2304 split_controllerLA_CA_NEAR event=2304 split_controller


LA_CA_NEAR event=2304 split_controller
{"status": "PASS", "candidate": "_warmup", "arm": "G-NEAR", "repeat": 0, "TTFT": 7.269836922, "TPOT": 2.4234052614761903, "E2E": 159.944368395, "throughput": 25.60890415275193, "output_tokens": 64, "global_requests": 64, "smoke": false, "profiled": false, "nomination": false}
{"status": "PASS", "candidate": "family_0", "arm": "R-NEAR", "repeat": 1, "TTFT": 6.950229753, "TPOT": 1.1770709410793652, "E2E": 81.105699041, "throughput": 50.501999840102705, "output_tokens": 64, "global_requests": 64, "smoke": false, "profiled": false, "nomination": false}
{"status": "PASS", "candidate": "family_0", "arm": "G-NEAR", "repeat": 1, "TTFT": 7.004874966, "TPOT": 1.1336971561904763, "E2E": 78.427795806, "throughput": 52.22638170441405, "output_tokens": 64, "global_requests": 64, "smoke": false, "profiled": false, "nomination": false}
{"status": "PASS", "candidate": "mixed_0", "arm": "G-NEAR", "repeat": 1, "TTFT": 6.807078269, "TPOT": 1.3146404956666666, "E2E": 89.629429496, "throughput": 45.69927559544264, "output_tokens": 64, "global_requests": 64, "smoke": false, "profiled": false, "nomination": false}
{"status": "PASS", "candidate": "mixed_0", "arm": "R-NEAR", "repeat": 1, "TTFT": 6.670752162, "TPOT": 1.3300665516349206, "E2E": 90.464944915, "throughput": 45.27720658923258, "output_tokens": 64, "global_requests": 64, "smoke": false, "profiled": false, "nomination": false}
{"status": "PASS", "candidate": "family_3", "arm": "R-NEAR", "repeat": 1, "TTFT": 6.659728048, "TPOT": 1.0893439914920635, "E2E": 75.288399512, "throughput": 54.40413166635519, "output_tokens": 64, "global_requests": 64, "smoke": false, "profiled": false, "nomination": false}
{"status": "PASS", "candidate": "family_3", "arm": "G-NEAR", "repeat": 1, "TTFT": 6.857680894, "TPOT": 0.9969937243968253, "E2E": 69.668285531, "throughput": 58.79289218589168, "output_tokens": 64, "global_requests": 64, "smoke": false, "profiled": false, "nomination": false}
{"status": "PASS", "candidate": "family_0", "arm": "G-NEAR", "repeat": 2, "TTFT": 6.804615191, "TPOT": 1.1542494213333334, "E2E": 79.522328735, "throughput": 51.50754593278448, "output_tokens": 64, "global_requests": 64, "smoke": false, "profiled": false, "nomination": false}
{"status": "PASS", "candidate": "family_0", "arm": "R-NEAR", "repeat": 2, "TTFT": 6.658600138, "TPOT": 1.1630555476507938, "E2E": 79.93109964, "throughput": 51.24413424121385, "output_tokens": 64, "global_requests": 64, "smoke": false, "profiled": false, "nomination": false}
{"status": "PASS", "candidate": "mixed_0", "arm": "R-NEAR", "repeat": 2, "TTFT": 6.768575412, "TPOT": 1.3711811695714287, "E2E": 93.152989095, "throughput": 43.97067705280811, "output_tokens": 64, "global_requests": 64, "smoke": false, "profiled": false, "nomination": false}
{"status": "PASS", "candidate": "mixed_0", "arm": "G-NEAR", "repeat": 2, "TTFT": 6.546443712, "TPOT": 1.3126680228571428, "E2E": 89.244529152, "throughput": 45.8963707794766, "output_tokens": 64, "global_requests": 64, "smoke": false, "profiled": false, "nomination": false}
{"status": "PASS", "candidate": "family_3", "arm": "G-NEAR", "repeat": 2, "TTFT": 6.451957989, "TPOT": 1.0420201312698412, "E2E": 72.099226259, "throughput": 56.81059579316504, "output_tokens": 64, "global_requests": 64, "smoke": false, "profiled": false, "nomination": false}
{"status": "PASS", "candidate": "family_3", "arm": "R-NEAR", "repeat": 2, "TTFT": 6.088229496, "TPOT": 1.0584252622539683, "E2E": 72.769021018, "throughput": 56.28768867162334, "output_tokens": 64, "global_requests": 64, "smoke": false, "profiled": false, "nomination": false}
{"status": "PASS", "candidate": "family_0", "arm": "R-NEAR", "repeat": 3, "TTFT": 6.633950798, "TPOT": 1.1613039882857141, "E2E": 79.79610206, "throughput": 51.33082812641839, "output_tokens": 64, "global_requests": 64, "smoke": false, "profiled": false, "nomination": false}
{"status": "PASS", "candidate": "family_0", "arm": "G-NEAR", "repeat": 3, "TTFT": 6.407253332, "TPOT": 1.1512603344444445, "E2E": 78.936654402, "throughput": 51.8897086661456, "output_tokens": 64, "global_requests": 64, "smoke": false, "profiled": false, "nomination": false}
{"status": "PASS", "candidate": "mixed_0", "arm": "G-NEAR", "repeat": 3, "TTFT": 6.16236314, "TPOT": 1.2548241167777778, "E2E": 85.216282497, "throughput": 48.065931533028305, "output_tokens": 64, "global_requests": 64, "smoke": false, "profiled": false, "nomination": false}
{"status": "PASS", "candidate": "mixed_0", "arm": "R-NEAR", "repeat": 3, "TTFT": 6.168636008, "TPOT": 1.3812975807619048, "E2E": 93.190383596, "throughput": 43.9530329412209, "output_tokens": 64, "global_requests": 64, "smoke": false, "profiled": false, "nomination": false}
{"status": "PASS", "candidate": "family_3", "arm": "R-NEAR", "repeat": 3, "TTFT": 6.519030884, "TPOT": 1.0186062516984127, "E2E": 70.691224741, "throughput": 57.94212810722988, "output_tokens": 64, "global_requests": 64, "smoke": false, "profiled": false, "nomination": false}
{"status": "PASS", "candidate": "family_3", "arm": "G-NEAR", "repeat": 3, "TTFT": 6.53403123, "TPOT": 0.9980394698412698, "E2E": 69.41051783, "throughput": 59.01122953774684, "output_tokens": 64, "global_requests": 64, "smoke": false, "profiled": false, "nomination": false}
{"status": "PASS", "candidate": "family_0", "arm": "G-NEAR", "repeat": 4, "TTFT": 6.58704048, "TPOT": 1.163629201047619, "E2E": 79.895680146, "throughput": 51.266851881291196, "output_tokens": 64, "global_requests": 64, "smoke": false, "profiled": false, "nomination": false}
{"status": "PASS", "candidate": "family_0", "arm": "R-NEAR", "repeat": 4, "TTFT": 6.161033863, "TPOT": 1.178525915126984, "E2E": 80.408166516, "throughput": 50.9400994634663, "output_tokens": 64, "global_requests": 64, "smoke": false, "profiled": false, "nomination": false}
{"status": "PASS", "candidate": "mixed_0", "arm": "R-NEAR", "repeat": 4, "TTFT": 6.175370723, "TPOT": 1.3406431075079364, "E2E": 90.635886496, "throughput": 45.19181262910434, "output_tokens": 64, "global_requests": 64, "smoke": false, "profiled": false, "nomination": false}
{"status": "PASS", "candidate": "mixed_0", "arm": "G-NEAR", "repeat": 4, "TTFT": 6.181439188, "TPOT": 1.3136783422063492, "E2E": 88.943174747, "throughput": 46.05187538730346, "output_tokens": 64, "global_requests": 64, "smoke": false, "profiled": false, "nomination": false}
{"status": "PASS", "candidate": "family_3", "arm": "G-NEAR", "repeat": 4, "TTFT": 6.378491078, "TPOT": 1.0082962782063492, "E2E": 69.901156605, "throughput": 58.59702755915508, "output_tokens": 64, "global_requests": 64, "smoke": false, "profiled": false, "nomination": false}
{"status": "PASS", "candidate": "family_3", "arm": "R-NEAR", "repeat": 4, "TTFT": 6.529166173, "TPOT": 1.0509844240000001, "E2E": 72.741184885, "throughput": 56.30922848556236, "output_tokens": 64, "global_requests": 64, "smoke": false, "profiled": false, "nomination": false}
{"status": "PASS", "candidate": "family_0", "arm": "R-NEAR", "repeat": 5, "TTFT": 6.668373007, "TPOT": 1.1945819068888888, "E2E": 81.927033141, "throughput": 49.99570767991324, "output_tokens": 64, "global_requests": 64, "smoke": false, "profiled": false, "nomination": false}
{"status": "PASS", "candidate": "family_0", "arm": "G-NEAR", "repeat": 5, "TTFT": 6.476887042, "TPOT": 1.1709152915555556, "E2E": 80.24455041, "throughput": 51.04396471875005, "output_tokens": 64, "global_requests": 64, "smoke": false, "profiled": false, "nomination": false}
{"status": "PASS", "candidate": "mixed_0", "arm": "G-NEAR", "repeat": 5, "TTFT": 6.156828297, "TPOT": 1.3362065139365078, "E2E": 90.337838675, "throughput": 45.34091207047577, "output_tokens": 64, "global_requests": 64, "smoke": false, "profiled": false, "nomination": false}
{"status": "PASS", "candidate": "mixed_0", "arm": "R-NEAR", "repeat": 5, "TTFT": 6.596301952, "TPOT": 1.3759578906666667, "E2E": 93.281649064, "throughput": 43.91002990512912, "output_tokens": 64, "global_requests": 64, "smoke": false, "profiled": false, "nomination": false}
{"status": "PASS", "candidate": "family_3", "arm": "R-NEAR", "repeat": 5, "TTFT": 6.523869841, "TPOT": 1.0757746426507937, "E2E": 74.297672328, "throughput": 55.129587127810616, "output_tokens": 64, "global_requests": 64, "smoke": false, "profiled": false, "nomination": false}
{"status": "PASS", "candidate": "family_3", "arm": "G-NEAR", "repeat": 5, "TTFT": 6.542727179, "TPOT": 1.1093617948412697, "E2E": 76.432520254, "throughput": 53.589754549348925, "output_tokens": 64, "global_requests": 64, "smoke": false, "profiled": false, "nomination": false}
{"status": "PASS", "candidate": "family_0", "arm": "G-NEAR", "repeat": -1, "TTFT": 7.126694129, "TPOT": 1.322122906904762, "E2E": 90.420437264, "throughput": 45.299493388214145, "output_tokens": 64, "global_requests": 64, "smoke": false, "profiled": true, "nomination": false}
{"status": "PASS", "candidate": "family_0", "arm": "R-NEAR", "repeat": -1, "TTFT": 6.790566301, "TPOT": 1.2819754973015873, "E2E": 87.555022631, "throughput": 46.78201063647213, "output_tokens": 64, "global_requests": 64, "smoke": false, "profiled": true, "nomination": false}
{"status": "PASS", "candidate": "mixed_0", "arm": "G-NEAR", "repeat": -1, "TTFT": 6.456620097, "TPOT": 1.350351234079365, "E2E": 91.528747844, "throughput": 44.75096728058764, "output_tokens": 64, "global_requests": 64, "smoke": false, "profiled": true, "nomination": false}
{"status": "PASS", "candidate": "mixed_0", "arm": "R-NEAR", "repeat": -1, "TTFT": 6.892518217, "TPOT": 1.3392261155079366, "E2E": 91.263763494, "throughput": 44.88090172031187, "output_tokens": 64, "global_requests": 64, "smoke": false, "profiled": true, "nomination": false}
{"status": "PASS", "candidate": "family_3", "arm": "G-NEAR", "repeat": -1, "TTFT": 6.520700285, "TPOT": 0.9947973406984126, "E2E": 69.192932749, "throughput": 59.19679708993397, "output_tokens": 64, "global_requests": 64, "smoke": false, "profiled": true, "nomination": false}
{"status": "PASS", "candidate": "family_3", "arm": "R-NEAR", "repeat": -1, "TTFT": 8.12026205, "TPOT": 1.049936702063492, "E2E": 74.26627428, "throughput": 55.15289463097596, "output_tokens": 64, "global_requests": 64, "smoke": false, "profiled": true, "nomination": false}
