NCCL version 2.21.5+cuda12.4
LA_CA_NEAR event=0 split_controller
LA_CA_NEAR event=0 split_controller
LA_CA_NEAR event=0 split_controller
LA_CA_NEAR event=0 split_controller
LA_CA_NEAR event=0 split_controllerLA_CA_NEAR event=0 split_controller

LA_CA_NEAR event=0 split_controller
LA_CA_NEAR event=0 split_controller
LA_CA_NEAR event=768 split_controllerLA_CA_NEAR event=768 split_controllerLA_CA_NEAR event=768 split_controller


LA_CA_NEAR event=768 split_controller
LA_CA_NEAR event=1536 split_controllerLA_CA_NEAR event=1536 split_controllerLA_CA_NEAR event=1536 split_controller


LA_CA_NEAR event=1536 split_controller
LA_CA_NEAR event=2304 split_controllerLA_CA_NEAR event=2304 split_controllerLA_CA_NEAR event=2304 split_controller


LA_CA_NEAR event=2304 split_controller
{"status": "PASS", "candidate": "_warmup", "arm": "R-NEAR", "repeat": 0, "TTFT": 6.725635304, "TPOT": 2.333772516222222, "E2E": 153.753303826, "throughput": 26.64007795653857, "output_tokens": 64, "global_requests": 64, "smoke": false, "profiled": false, "nomination": false}
LA_CA_NEAR event=0 split_controllerLA_CA_NEAR event=0 split_controller
LA_CA_NEAR event=0 split_controller

LA_CA_NEAR event=0 split_controller
LA_CA_NEAR event=768 split_controllerLA_CA_NEAR event=768 split_controllerLA_CA_NEAR event=768 split_controller


LA_CA_NEAR event=768 split_controller
LA_CA_NEAR event=1536 split_controllerLA_CA_NEAR event=1536 split_controllerLA_CA_NEAR event=1536 split_controller


LA_CA_NEAR event=1536 split_controller
LA_CA_NEAR event=2304 split_controllerLA_CA_NEAR event=2304 split_controller

LA_CA_NEAR event=2304 split_controller
LA_CA_NEAR event=2304 split_controller
{"status": "PASS", "candidate": "_warmup", "arm": "G-NEAR", "repeat": 0, "TTFT": 7.448453868, "TPOT": 2.513748593952381, "E2E": 165.814615287, "throughput": 24.702285699667932, "output_tokens": 64, "global_requests": 64, "smoke": false, "profiled": false, "nomination": false}
{"status": "PASS", "candidate": "family_1", "arm": "G-NEAR", "repeat": 1, "TTFT": 6.369383393, "TPOT": 1.4186316237333334, "E2E": 27.648857749, "throughput": 37.03588803906504, "output_tokens": 16, "global_requests": 64, "smoke": false, "profiled": true, "nomination": true}
{"status": "PASS", "candidate": "family_4", "arm": "G-NEAR", "repeat": 1, "TTFT": 7.38879291, "TPOT": 1.4107526843333333, "E2E": 28.550083175, "throughput": 35.86679568403744, "output_tokens": 16, "global_requests": 64, "smoke": false, "profiled": true, "nomination": true}
