NCCL version 2.21.5+cuda12.4
LA_CA_NEAR event=0 split_controller
LA_CA_NEAR event=0 split_controller
LA_CA_NEAR event=0 split_controller
LA_CA_NEAR event=0 split_controller
LA_CA_NEAR event=0 split_controllerLA_CA_NEAR event=0 split_controller
LA_CA_NEAR event=0 split_controller

LA_CA_NEAR event=0 split_controller
LA_CA_NEAR event=768 split_controllerLA_CA_NEAR event=768 split_controllerLA_CA_NEAR event=768 split_controller


LA_CA_NEAR event=768 split_controller
LA_CA_NEAR event=1536 split_controllerLA_CA_NEAR event=1536 split_controller
LA_CA_NEAR event=1536 split_controller

LA_CA_NEAR event=1536 split_controller
LA_CA_NEAR event=2304 split_controllerLA_CA_NEAR event=2304 split_controllerLA_CA_NEAR event=2304 split_controller


LA_CA_NEAR event=2304 split_controller
{"status": "PASS", "arm": "R-NEAR", "repeat": 0, "TTFT": 6.743465837, "TPOT": 2.835097388380952, "E2E": 185.354601305, "throughput": 22.0981835420425, "output_tokens": 64, "global_requests": 64, "smoke": false, "profiled": false}
LA_CA_NEAR event=0 split_controllerLA_CA_NEAR event=0 split_controllerLA_CA_NEAR event=0 split_controller


LA_CA_NEAR event=0 split_controller
LA_CA_NEAR event=768 split_controllerLA_CA_NEAR event=768 split_controllerLA_CA_NEAR event=768 split_controller


LA_CA_NEAR event=768 split_controller
LA_CA_NEAR event=1536 split_controllerLA_CA_NEAR event=1536 split_controllerLA_CA_NEAR event=1536 split_controller


LA_CA_NEAR event=1536 split_controller
LA_CA_NEAR event=2304 split_controllerLA_CA_NEAR event=2304 split_controllerLA_CA_NEAR event=2304 split_controller


LA_CA_NEAR event=2304 split_controller
{"status": "PASS", "arm": "G-NEAR", "repeat": 0, "TTFT": 6.821958389, "TPOT": 2.9217706076190475, "E2E": 190.893506669, "throughput": 21.456989666506903, "output_tokens": 64, "global_requests": 64, "smoke": false, "profiled": false}
{"status": "PASS", "arm": "R-NEAR", "repeat": 1, "TTFT": 6.353547464, "TPOT": 1.9321724745555555, "E2E": 128.080413361, "throughput": 31.97990928132979, "output_tokens": 64, "global_requests": 64, "smoke": false, "profiled": false}
{"status": "PASS", "arm": "G-NEAR", "repeat": 1, "TTFT": 6.311990621, "TPOT": 1.930163328825397, "E2E": 127.912280337, "throughput": 32.02194495484409, "output_tokens": 64, "global_requests": 64, "smoke": false, "profiled": false}
{"status": "PASS", "arm": "G-NEAR", "repeat": 2, "TTFT": 6.672174734, "TPOT": 1.9141143746666667, "E2E": 127.261380338, "throughput": 32.185726644809485, "output_tokens": 64, "global_requests": 64, "smoke": false, "profiled": false}
{"status": "PASS", "arm": "R-NEAR", "repeat": 2, "TTFT": 6.25475394, "TPOT": 1.9436975512857142, "E2E": 128.707699671, "throughput": 31.824047904438597, "output_tokens": 64, "global_requests": 64, "smoke": false, "profiled": false}
{"status": "PASS", "arm": "R-NEAR", "repeat": 3, "TTFT": 6.226439443, "TPOT": 1.9687963318095238, "E2E": 130.260608347, "throughput": 31.444655847827033, "output_tokens": 64, "global_requests": 64, "smoke": false, "profiled": false}
{"status": "PASS", "arm": "G-NEAR", "repeat": 3, "TTFT": 6.203148122, "TPOT": 1.9517090735079365, "E2E": 129.160819753, "throughput": 31.712403249166144, "output_tokens": 64, "global_requests": 64, "smoke": false, "profiled": false}
{"status": "PASS", "arm": "G-NEAR", "repeat": -1, "TTFT": 6.252695212, "TPOT": 1.9136144443015872, "E2E": 126.810405203, "throughput": 32.3001885645193, "output_tokens": 64, "global_requests": 64, "smoke": false, "profiled": true}
{"status": "PASS", "arm": "R-NEAR", "repeat": -1, "TTFT": 6.176593381, "TPOT": 1.9447830408412698, "E2E": 128.697924954, "throughput": 31.826464967978445, "output_tokens": 64, "global_requests": 64, "smoke": false, "profiled": true}
