dmserver1:3659308:3659308 [0] NCCL INFO Bootstrap : Using eno2:143.248.135.95<0>
dmserver1:3659308:3659308 [0] NCCL INFO NET/Plugin: No plugin found (libnccl-net.so)
dmserver1:3659308:3659308 [0] NCCL INFO NET/Plugin: Plugin load returned 2 : libnccl-net.so: cannot open shared object file: No such file or directory : when loading libnccl-net.so
dmserver1:3659308:3659308 [0] NCCL INFO NET/Plugin: Using internal network plugin.
dmserver1:3659308:3659308 [0] NCCL INFO cudaDriverVersion 12020
dmserver1:3659308:3659308 [0] NCCL INFO NCCL version 2.21.5+cuda12.4
dmserver1:3659308:3661334 [0] NCCL INFO NET/IB : No device found.
dmserver1:3659308:3661334 [0] NCCL INFO NET/Socket : Using [0]eno2:143.248.135.95<0> [1]br-d1b1d403abe1:172.18.0.1<0> [2]br-b10fced7ab8e:172.19.0.1<0> [3]enxd298e5a6d5a1:fe80::15cc:ab11:6d1b:5174%enxd298e5a6d5a1<0> [4]veth541b4aa:fe80::8880:dbff:fedd:42f3%veth541b4aa<0> [5]vethf1ed907:fe80::b859:d7ff:fe5f:616d%vethf1ed907<0> [6]veth0f3240e:fe80::d0:56ff:fef9:f837%veth0f3240e<0> [7]veth686c6ae:fe80::4802:f4ff:fe6d:3d92%veth686c6ae<0> [8]vethdc9704a:fe80::5846:d4ff:fef0:3458%vethdc9704a<0> [9]vethf0da3b1:fe80::b89e:4cff:feea:bb6c%vethf0da3b1<0>
dmserver1:3659308:3661334 [0] NCCL INFO Using non-device net plugin version 0
dmserver1:3659308:3661334 [0] NCCL INFO Using network Socket
dmserver1:3659308:3661334 [0] NCCL INFO ncclCommInitRank comm 0x563d768603e0 rank 0 nranks 2 cudaDev 0 nvmlDev 0 busId 1b000 commId 0xa96d30b1bb9c5d90 - Init START
dmserver1:3659308:3661334 [0] NCCL INFO Setting affinity for GPU 0 to ff,000000ff
dmserver1:3659308:3661334 [0] NCCL INFO comm 0x563d768603e0 rank 0 nRanks 2 nNodes 1 localRanks 2 localRank 0 MNNVL 0
dmserver1:3659308:3661334 [0] NCCL INFO Channel 00/02 :    0   1
dmserver1:3659308:3661334 [0] NCCL INFO Channel 01/02 :    0   1
dmserver1:3659308:3661334 [0] NCCL INFO Trees [0] 1/-1/-1->0->-1 [1] 1/-1/-1->0->-1
dmserver1:3659308:3661334 [0] NCCL INFO P2P Chunksize set to 131072
dmserver1:3659308:3661334 [0] NCCL INFO Channel 00/0 : 0[0] -> 1[1] via P2P/CUMEM
dmserver1:3659308:3661334 [0] NCCL INFO Channel 01/0 : 0[0] -> 1[1] via P2P/CUMEM
dmserver1:3659308:3661334 [0] NCCL INFO Connected all rings
dmserver1:3659308:3661334 [0] NCCL INFO Connected all trees
dmserver1:3659308:3661334 [0] NCCL INFO threadThresholds 8/8/64 | 16/8/64 | 512 | 512
dmserver1:3659308:3661334 [0] NCCL INFO 2 coll channels, 2 collnet channels, 0 nvls channels, 2 p2p channels, 2 p2p channels per peer
dmserver1:3659308:3661334 [0] NCCL INFO TUNER/Plugin: Plugin load returned 2 : libnccl-net.so: cannot open shared object file: No such file or directory : when loading libnccl-tuner.so
dmserver1:3659308:3661334 [0] NCCL INFO TUNER/Plugin: Using internal tuner plugin.
dmserver1:3659308:3661334 [0] NCCL INFO ncclCommInitRank comm 0x563d768603e0 rank 0 nranks 2 cudaDev 0 nvmlDev 0 busId 1b000 commId 0xa96d30b1bb9c5d90 - Init COMPLETE
dmserver1:3659308:3661342 [0] NCCL INFO [Service thread] Connection closed by localRank 0
dmserver1:3659308:3661371 [0] NCCL INFO comm 0x563d768603e0 rank 0 nranks 2 cudaDev 0 busId 1b000 - Abort COMPLETE
dmserver1:3659308:3661404 [0] NCCL INFO Using non-device net plugin version 0
dmserver1:3659308:3661404 [0] NCCL INFO Using network Socket
dmserver1:3659308:3661404 [0] NCCL INFO ncclCommInitRank comm 0x563d768603e0 rank 0 nranks 2 cudaDev 0 nvmlDev 0 busId 1b000 commId 0xa97611e0663d2bfc - Init START
dmserver1:3659308:3661404 [0] NCCL INFO Setting affinity for GPU 0 to ff,000000ff
dmserver1:3659308:3661404 [0] NCCL INFO comm 0x563d768603e0 rank 0 nRanks 2 nNodes 1 localRanks 2 localRank 0 MNNVL 0
dmserver1:3659308:3661404 [0] NCCL INFO Channel 00/02 :    0   1
dmserver1:3659308:3661404 [0] NCCL INFO Channel 01/02 :    0   1
dmserver1:3659308:3661404 [0] NCCL INFO Trees [0] 1/-1/-1->0->-1 [1] 1/-1/-1->0->-1
dmserver1:3659308:3661404 [0] NCCL INFO P2P Chunksize set to 131072
dmserver1:3659308:3661404 [0] NCCL INFO Channel 00 : 0[0] -> 1[4] via SHM/direct/direct
dmserver1:3659308:3661404 [0] NCCL INFO Channel 01 : 0[0] -> 1[4] via SHM/direct/direct
dmserver1:3659308:3661404 [0] NCCL INFO Connected all rings
dmserver1:3659308:3661404 [0] NCCL INFO Connected all trees
dmserver1:3659308:3661404 [0] NCCL INFO threadThresholds 8/8/64 | 16/8/64 | 512 | 512
dmserver1:3659308:3661404 [0] NCCL INFO 2 coll channels, 2 collnet channels, 0 nvls channels, 2 p2p channels, 2 p2p channels per peer
dmserver1:3659308:3661404 [0] NCCL INFO ncclCommInitRank comm 0x563d768603e0 rank 0 nranks 2 cudaDev 0 nvmlDev 0 busId 1b000 commId 0xa97611e0663d2bfc - Init COMPLETE
dmserver1:3659308:3661407 [0] NCCL INFO [Service thread] Connection closed by localRank 0
dmserver1:3659308:3661439 [0] NCCL INFO comm 0x563d768603e0 rank 0 nranks 2 cudaDev 0 busId 1b000 - Abort COMPLETE
dmserver1:3659308:3661465 [0] NCCL INFO Using non-device net plugin version 0
dmserver1:3659308:3661465 [0] NCCL INFO Using network Socket
dmserver1:3659308:3661465 [0] NCCL INFO ncclCommInitRank comm 0x563d768603e0 rank 0 nranks 2 cudaDev 0 nvmlDev 0 busId 1b000 commId 0xbba6f9b5a169e58a - Init START
dmserver1:3659308:3661465 [0] NCCL INFO Setting affinity for GPU 0 to ff,000000ff
dmserver1:3659308:3661465 [0] NCCL INFO comm 0x563d768603e0 rank 0 nRanks 2 nNodes 1 localRanks 2 localRank 0 MNNVL 0
dmserver1:3659308:3661465 [0] NCCL INFO Channel 00/02 :    0   1
dmserver1:3659308:3661465 [0] NCCL INFO Channel 01/02 :    0   1
dmserver1:3659308:3661465 [0] NCCL INFO Trees [0] 1/-1/-1->0->-1 [1] 1/-1/-1->0->-1
dmserver1:3659308:3661465 [0] NCCL INFO P2P Chunksize set to 131072
dmserver1:3659308:3661465 [0] NCCL INFO Channel 00 : 0[0] -> 1[5] via SHM/direct/direct
dmserver1:3659308:3661465 [0] NCCL INFO Channel 01 : 0[0] -> 1[5] via SHM/direct/direct
dmserver1:3659308:3661465 [0] NCCL INFO Connected all rings
dmserver1:3659308:3661465 [0] NCCL INFO Connected all trees
dmserver1:3659308:3661465 [0] NCCL INFO threadThresholds 8/8/64 | 16/8/64 | 512 | 512
dmserver1:3659308:3661465 [0] NCCL INFO 2 coll channels, 2 collnet channels, 0 nvls channels, 2 p2p channels, 2 p2p channels per peer
dmserver1:3659308:3661465 [0] NCCL INFO ncclCommInitRank comm 0x563d768603e0 rank 0 nranks 2 cudaDev 0 nvmlDev 0 busId 1b000 commId 0xbba6f9b5a169e58a - Init COMPLETE
dmserver1:3659308:3661475 [0] NCCL INFO [Service thread] Connection closed by localRank 0
dmserver1:3659308:3661505 [0] NCCL INFO comm 0x563d768603e0 rank 0 nranks 2 cudaDev 0 busId 1b000 - Abort COMPLETE
dmserver1:3659308:3661523 [0] NCCL INFO Using non-device net plugin version 0
dmserver1:3659308:3661523 [0] NCCL INFO Using network Socket
dmserver1:3659308:3661523 [0] NCCL INFO ncclCommInitRank comm 0x563d768603e0 rank 0 nranks 2 cudaDev 0 nvmlDev 0 busId 1b000 commId 0x1633276e4f311588 - Init START
dmserver1:3659308:3661523 [0] NCCL INFO Setting affinity for GPU 0 to ff,000000ff
dmserver1:3659308:3661523 [0] NCCL INFO comm 0x563d768603e0 rank 0 nRanks 2 nNodes 1 localRanks 2 localRank 0 MNNVL 0
dmserver1:3659308:3661523 [0] NCCL INFO Channel 00/02 :    0   1
dmserver1:3659308:3661523 [0] NCCL INFO Channel 01/02 :    0   1
dmserver1:3659308:3661523 [0] NCCL INFO Trees [0] 1/-1/-1->0->-1 [1] 1/-1/-1->0->-1
dmserver1:3659308:3661523 [0] NCCL INFO P2P Chunksize set to 131072
dmserver1:3659308:3661523 [0] NCCL INFO Channel 00/0 : 0[0] -> 1[1] via P2P/CUMEM
dmserver1:3659308:3661523 [0] NCCL INFO Channel 01/0 : 0[0] -> 1[1] via P2P/CUMEM
dmserver1:3659308:3661523 [0] NCCL INFO Connected all rings
dmserver1:3659308:3661523 [0] NCCL INFO Connected all trees
dmserver1:3659308:3661523 [0] NCCL INFO threadThresholds 8/8/64 | 16/8/64 | 512 | 512
dmserver1:3659308:3661523 [0] NCCL INFO 2 coll channels, 2 collnet channels, 0 nvls channels, 2 p2p channels, 2 p2p channels per peer
dmserver1:3659308:3661523 [0] NCCL INFO ncclCommInitRank comm 0x563d768603e0 rank 0 nranks 2 cudaDev 0 nvmlDev 0 busId 1b000 commId 0x1633276e4f311588 - Init COMPLETE
dmserver1:3659308:3661525 [0] NCCL INFO [Service thread] Connection closed by localRank 0
dmserver1:3659308:3661553 [0] NCCL INFO comm 0x563d768603e0 rank 0 nranks 2 cudaDev 0 busId 1b000 - Abort COMPLETE
dmserver1:3659308:3661662 [0] NCCL INFO Using non-device net plugin version 0
dmserver1:3659308:3661662 [0] NCCL INFO Using network Socket
dmserver1:3659308:3661662 [0] NCCL INFO ncclCommInitRank comm 0x563d768603e0 rank 0 nranks 2 cudaDev 0 nvmlDev 0 busId 1b000 commId 0x741fbaf8045cdd0d - Init START
dmserver1:3659308:3661662 [0] NCCL INFO Setting affinity for GPU 0 to ff,000000ff
dmserver1:3659308:3661662 [0] NCCL INFO comm 0x563d768603e0 rank 0 nRanks 2 nNodes 1 localRanks 2 localRank 0 MNNVL 0
dmserver1:3659308:3661662 [0] NCCL INFO Channel 00/02 :    0   1
dmserver1:3659308:3661662 [0] NCCL INFO Channel 01/02 :    0   1
dmserver1:3659308:3661662 [0] NCCL INFO Trees [0] 1/-1/-1->0->-1 [1] 1/-1/-1->0->-1
dmserver1:3659308:3661662 [0] NCCL INFO P2P Chunksize set to 131072
dmserver1:3659308:3661662 [0] NCCL INFO Channel 00 : 0[0] -> 1[4] via SHM/direct/direct
dmserver1:3659308:3661662 [0] NCCL INFO Channel 01 : 0[0] -> 1[4] via SHM/direct/direct
dmserver1:3659308:3661662 [0] NCCL INFO Connected all rings
dmserver1:3659308:3661662 [0] NCCL INFO Connected all trees
dmserver1:3659308:3661662 [0] NCCL INFO threadThresholds 8/8/64 | 16/8/64 | 512 | 512
dmserver1:3659308:3661662 [0] NCCL INFO 2 coll channels, 2 collnet channels, 0 nvls channels, 2 p2p channels, 2 p2p channels per peer
dmserver1:3659308:3661662 [0] NCCL INFO ncclCommInitRank comm 0x563d768603e0 rank 0 nranks 2 cudaDev 0 nvmlDev 0 busId 1b000 commId 0x741fbaf8045cdd0d - Init COMPLETE
dmserver1:3659308:3661664 [0] NCCL INFO [Service thread] Connection closed by localRank 0
dmserver1:3659308:3661691 [0] NCCL INFO comm 0x563d768603e0 rank 0 nranks 2 cudaDev 0 busId 1b000 - Abort COMPLETE
dmserver1:3659308:3661792 [0] NCCL INFO Using non-device net plugin version 0
dmserver1:3659308:3661792 [0] NCCL INFO Using network Socket
dmserver1:3659308:3661792 [0] NCCL INFO ncclCommInitRank comm 0x563d7686b720 rank 0 nranks 2 cudaDev 0 nvmlDev 0 busId 1b000 commId 0x4fdf93def895bbce - Init START
dmserver1:3659308:3661792 [0] NCCL INFO Setting affinity for GPU 0 to ff,000000ff
dmserver1:3659308:3661792 [0] NCCL INFO comm 0x563d7686b720 rank 0 nRanks 2 nNodes 1 localRanks 2 localRank 0 MNNVL 0
dmserver1:3659308:3661792 [0] NCCL INFO Channel 00/02 :    0   1
dmserver1:3659308:3661792 [0] NCCL INFO Channel 01/02 :    0   1
dmserver1:3659308:3661792 [0] NCCL INFO Trees [0] 1/-1/-1->0->-1 [1] 1/-1/-1->0->-1
dmserver1:3659308:3661792 [0] NCCL INFO P2P Chunksize set to 131072
dmserver1:3659308:3661792 [0] NCCL INFO Channel 00 : 0[0] -> 1[5] via SHM/direct/direct
dmserver1:3659308:3661792 [0] NCCL INFO Channel 01 : 0[0] -> 1[5] via SHM/direct/direct
dmserver1:3659308:3661792 [0] NCCL INFO Connected all rings
dmserver1:3659308:3661792 [0] NCCL INFO Connected all trees
dmserver1:3659308:3661792 [0] NCCL INFO threadThresholds 8/8/64 | 16/8/64 | 512 | 512
dmserver1:3659308:3661792 [0] NCCL INFO 2 coll channels, 2 collnet channels, 0 nvls channels, 2 p2p channels, 2 p2p channels per peer
dmserver1:3659308:3661792 [0] NCCL INFO ncclCommInitRank comm 0x563d7686b720 rank 0 nranks 2 cudaDev 0 nvmlDev 0 busId 1b000 commId 0x4fdf93def895bbce - Init COMPLETE
dmserver1:3659308:3661794 [0] NCCL INFO [Service thread] Connection closed by localRank 0
dmserver1:3659308:3661827 [0] NCCL INFO comm 0x563d7686b720 rank 0 nranks 2 cudaDev 0 busId 1b000 - Abort COMPLETE
dmserver1:3659308:3661921 [0] NCCL INFO Using non-device net plugin version 0
dmserver1:3659308:3661921 [0] NCCL INFO Using network Socket
dmserver1:3659308:3661921 [0] NCCL INFO ncclCommInitRank comm 0x563d7686c600 rank 0 nranks 4 cudaDev 0 nvmlDev 0 busId 1b000 commId 0x450bc40118397d0b - Init START
dmserver1:3659308:3661921 [0] NCCL INFO Setting affinity for GPU 0 to ff,000000ff
dmserver1:3659308:3661921 [0] NCCL INFO NVLS multicast support is not available on dev 0
dmserver1:3659308:3661921 [0] NCCL INFO comm 0x563d7686c600 rank 0 nRanks 4 nNodes 1 localRanks 4 localRank 0 MNNVL 0
dmserver1:3659308:3661921 [0] NCCL INFO Channel 00/02 :    0   1   2   3
dmserver1:3659308:3661921 [0] NCCL INFO Channel 01/02 :    0   1   2   3
dmserver1:3659308:3661921 [0] NCCL INFO Trees [0] 1/-1/-1->0->-1 [1] 1/-1/-1->0->-1
dmserver1:3659308:3661921 [0] NCCL INFO P2P Chunksize set to 131072
dmserver1:3659308:3661921 [0] NCCL INFO Channel 00/0 : 0[0] -> 1[1] via P2P/CUMEM
dmserver1:3659308:3661921 [0] NCCL INFO Channel 01/0 : 0[0] -> 1[1] via P2P/CUMEM
dmserver1:3659308:3661921 [0] NCCL INFO Connected all rings
dmserver1:3659308:3661921 [0] NCCL INFO Connected all trees
dmserver1:3659308:3661921 [0] NCCL INFO threadThresholds 8/8/64 | 32/8/64 | 512 | 512
dmserver1:3659308:3661921 [0] NCCL INFO 2 coll channels, 2 collnet channels, 0 nvls channels, 2 p2p channels, 2 p2p channels per peer
dmserver1:3659308:3661921 [0] NCCL INFO ncclCommInitRank comm 0x563d7686c600 rank 0 nranks 4 cudaDev 0 nvmlDev 0 busId 1b000 commId 0x450bc40118397d0b - Init COMPLETE
dmserver1:3659308:3661940 [0] NCCL INFO Channel 00/1 : 0[0] -> 1[1] via P2P/CUMEM
dmserver1:3659308:3661940 [0] NCCL INFO Channel 01/1 : 0[0] -> 1[1] via P2P/CUMEM
dmserver1:3659308:3661940 [0] NCCL INFO Channel 00 : 0[0] -> 2[4] via SHM/direct/direct
dmserver1:3659308:3661940 [0] NCCL INFO Channel 01 : 0[0] -> 2[4] via SHM/direct/direct
dmserver1:3659308:3661940 [0] NCCL INFO Channel 00 : 0[0] -> 3[5] via SHM/direct/direct
dmserver1:3659308:3661940 [0] NCCL INFO Channel 01 : 0[0] -> 3[5] via SHM/direct/direct
dmserver1:3659308:3661925 [0] NCCL INFO [Service thread] Connection closed by localRank 0
dmserver1:3659308:3662462 [0] NCCL INFO comm 0x563d7686c600 rank 0 nranks 4 cudaDev 0 busId 1b000 - Abort COMPLETE
