dmserver1:3659310:3659310 [0] NCCL INFO cudaDriverVersion 12020
dmserver1:3659310:3659310 [0] NCCL INFO Bootstrap : Using eno2:143.248.135.95<0>
dmserver1:3659310:3659310 [0] NCCL INFO NET/Plugin: No plugin found (libnccl-net.so)
dmserver1:3659310:3659310 [0] NCCL INFO NET/Plugin: Plugin load returned 2 : libnccl-net.so: cannot open shared object file: No such file or directory : when loading libnccl-net.so
dmserver1:3659310:3659310 [0] NCCL INFO NET/Plugin: Using internal network plugin.
dmserver1:3659310:3661405 [0] NCCL INFO NET/IB : No device found.
dmserver1:3659310:3661405 [0] NCCL INFO NET/Socket : Using [0]eno2:143.248.135.95<0> [1]br-d1b1d403abe1:172.18.0.1<0> [2]br-b10fced7ab8e:172.19.0.1<0> [3]enxd298e5a6d5a1:fe80::15cc:ab11:6d1b:5174%enxd298e5a6d5a1<0> [4]veth541b4aa:fe80::8880:dbff:fedd:42f3%veth541b4aa<0> [5]vethf1ed907:fe80::b859:d7ff:fe5f:616d%vethf1ed907<0> [6]veth0f3240e:fe80::d0:56ff:fef9:f837%veth0f3240e<0> [7]veth686c6ae:fe80::4802:f4ff:fe6d:3d92%veth686c6ae<0> [8]vethdc9704a:fe80::5846:d4ff:fef0:3458%vethdc9704a<0> [9]vethf0da3b1:fe80::b89e:4cff:feea:bb6c%vethf0da3b1<0>
dmserver1:3659310:3661405 [0] NCCL INFO Using non-device net plugin version 0
dmserver1:3659310:3661405 [0] NCCL INFO Using network Socket
dmserver1:3659310:3661405 [0] NCCL INFO ncclCommInitRank comm 0x55ead0374460 rank 1 nranks 2 cudaDev 0 nvmlDev 4 busId 89000 commId 0xa97611e0663d2bfc - Init START
dmserver1:3659310:3661405 [0] NCCL INFO Setting affinity for GPU 4 to ff0000,00ff0000
dmserver1:3659310:3661405 [0] NCCL INFO comm 0x55ead0374460 rank 1 nRanks 2 nNodes 1 localRanks 2 localRank 1 MNNVL 0
dmserver1:3659310:3661405 [0] NCCL INFO Trees [0] -1/-1/-1->1->0 [1] -1/-1/-1->1->0
dmserver1:3659310:3661405 [0] NCCL INFO P2P Chunksize set to 131072
dmserver1:3659310:3661405 [0] NCCL INFO Channel 00 : 1[4] -> 0[0] via SHM/direct/direct
dmserver1:3659310:3661405 [0] NCCL INFO Channel 01 : 1[4] -> 0[0] via SHM/direct/direct
dmserver1:3659310:3661405 [0] NCCL INFO Connected all rings
dmserver1:3659310:3661405 [0] NCCL INFO Connected all trees
dmserver1:3659310:3661405 [0] NCCL INFO threadThresholds 8/8/64 | 16/8/64 | 512 | 512
dmserver1:3659310:3661405 [0] NCCL INFO 2 coll channels, 2 collnet channels, 0 nvls channels, 2 p2p channels, 2 p2p channels per peer
dmserver1:3659310:3661405 [0] NCCL INFO TUNER/Plugin: Plugin load returned 2 : libnccl-net.so: cannot open shared object file: No such file or directory : when loading libnccl-tuner.so
dmserver1:3659310:3661405 [0] NCCL INFO TUNER/Plugin: Using internal tuner plugin.
dmserver1:3659310:3661405 [0] NCCL INFO ncclCommInitRank comm 0x55ead0374460 rank 1 nranks 2 cudaDev 0 nvmlDev 4 busId 89000 commId 0xa97611e0663d2bfc - Init COMPLETE
dmserver1:3659310:3661406 [0] NCCL INFO [Service thread] Connection closed by localRank 1
dmserver1:3659310:3661438 [0] NCCL INFO comm 0x55ead0374460 rank 1 nranks 2 cudaDev 0 busId 89000 - Abort COMPLETE
dmserver1:3659310:3661563 [0] NCCL INFO Using non-device net plugin version 0
dmserver1:3659310:3661563 [0] NCCL INFO Using network Socket
dmserver1:3659310:3661563 [0] NCCL INFO ncclCommInitRank comm 0x55ead037e840 rank 1 nranks 2 cudaDev 0 nvmlDev 4 busId 89000 commId 0xa3d353fa1320cb2e - Init START
dmserver1:3659310:3661563 [0] NCCL INFO Setting affinity for GPU 4 to ff0000,00ff0000
dmserver1:3659310:3661563 [0] NCCL INFO comm 0x55ead037e840 rank 1 nRanks 2 nNodes 1 localRanks 2 localRank 1 MNNVL 0
dmserver1:3659310:3661563 [0] NCCL INFO Trees [0] -1/-1/-1->1->0 [1] -1/-1/-1->1->0
dmserver1:3659310:3661563 [0] NCCL INFO P2P Chunksize set to 131072
dmserver1:3659310:3661563 [0] NCCL INFO Channel 00 : 1[4] -> 0[1] via SHM/direct/direct
dmserver1:3659310:3661563 [0] NCCL INFO Channel 01 : 1[4] -> 0[1] via SHM/direct/direct
dmserver1:3659310:3661563 [0] NCCL INFO Connected all rings
dmserver1:3659310:3661563 [0] NCCL INFO Connected all trees
dmserver1:3659310:3661563 [0] NCCL INFO threadThresholds 8/8/64 | 16/8/64 | 512 | 512
dmserver1:3659310:3661563 [0] NCCL INFO 2 coll channels, 2 collnet channels, 0 nvls channels, 2 p2p channels, 2 p2p channels per peer
dmserver1:3659310:3661563 [0] NCCL INFO ncclCommInitRank comm 0x55ead037e840 rank 1 nranks 2 cudaDev 0 nvmlDev 4 busId 89000 commId 0xa3d353fa1320cb2e - Init COMPLETE
dmserver1:3659310:3661569 [0] NCCL INFO [Service thread] Connection closed by localRank 1
dmserver1:3659310:3661601 [0] NCCL INFO comm 0x55ead037e840 rank 1 nranks 2 cudaDev 0 busId 89000 - Abort COMPLETE
dmserver1:3659310:3661663 [0] NCCL INFO Using non-device net plugin version 0
dmserver1:3659310:3661663 [0] NCCL INFO Using network Socket
dmserver1:3659310:3661663 [0] NCCL INFO ncclCommInitRank comm 0x55ead0374460 rank 1 nranks 2 cudaDev 0 nvmlDev 4 busId 89000 commId 0x741fbaf8045cdd0d - Init START
dmserver1:3659310:3661663 [0] NCCL INFO Setting affinity for GPU 4 to ff0000,00ff0000
dmserver1:3659310:3661663 [0] NCCL INFO comm 0x55ead0374460 rank 1 nRanks 2 nNodes 1 localRanks 2 localRank 1 MNNVL 0
dmserver1:3659310:3661663 [0] NCCL INFO Trees [0] -1/-1/-1->1->0 [1] -1/-1/-1->1->0
dmserver1:3659310:3661663 [0] NCCL INFO P2P Chunksize set to 131072
dmserver1:3659310:3661663 [0] NCCL INFO Channel 00 : 1[4] -> 0[0] via SHM/direct/direct
dmserver1:3659310:3661663 [0] NCCL INFO Channel 01 : 1[4] -> 0[0] via SHM/direct/direct
dmserver1:3659310:3661663 [0] NCCL INFO Connected all rings
dmserver1:3659310:3661663 [0] NCCL INFO Connected all trees
dmserver1:3659310:3661663 [0] NCCL INFO threadThresholds 8/8/64 | 16/8/64 | 512 | 512
dmserver1:3659310:3661663 [0] NCCL INFO 2 coll channels, 2 collnet channels, 0 nvls channels, 2 p2p channels, 2 p2p channels per peer
dmserver1:3659310:3661663 [0] NCCL INFO ncclCommInitRank comm 0x55ead0374460 rank 1 nranks 2 cudaDev 0 nvmlDev 4 busId 89000 commId 0x741fbaf8045cdd0d - Init COMPLETE
dmserver1:3659310:3661665 [0] NCCL INFO [Service thread] Connection closed by localRank 1
dmserver1:3659310:3661690 [0] NCCL INFO comm 0x55ead0374460 rank 1 nranks 2 cudaDev 0 busId 89000 - Abort COMPLETE
dmserver1:3659310:3661707 [0] NCCL INFO Using non-device net plugin version 0
dmserver1:3659310:3661707 [0] NCCL INFO Using network Socket
dmserver1:3659310:3661707 [0] NCCL INFO ncclCommInitRank comm 0x55ead0374460 rank 1 nranks 2 cudaDev 0 nvmlDev 4 busId 89000 commId 0xbb45c08e01b55e2a - Init START
dmserver1:3659310:3661707 [0] NCCL INFO Setting affinity for GPU 4 to ff0000,00ff0000
dmserver1:3659310:3661707 [0] NCCL INFO comm 0x55ead0374460 rank 1 nRanks 2 nNodes 1 localRanks 2 localRank 1 MNNVL 0
dmserver1:3659310:3661707 [0] NCCL INFO Trees [0] -1/-1/-1->1->0 [1] -1/-1/-1->1->0
dmserver1:3659310:3661707 [0] NCCL INFO P2P Chunksize set to 131072
dmserver1:3659310:3661707 [0] NCCL INFO Channel 00 : 1[4] -> 0[1] via SHM/direct/direct
dmserver1:3659310:3661707 [0] NCCL INFO Channel 01 : 1[4] -> 0[1] via SHM/direct/direct
dmserver1:3659310:3661707 [0] NCCL INFO Connected all rings
dmserver1:3659310:3661707 [0] NCCL INFO Connected all trees
dmserver1:3659310:3661707 [0] NCCL INFO threadThresholds 8/8/64 | 16/8/64 | 512 | 512
dmserver1:3659310:3661707 [0] NCCL INFO 2 coll channels, 2 collnet channels, 0 nvls channels, 2 p2p channels, 2 p2p channels per peer
dmserver1:3659310:3661707 [0] NCCL INFO ncclCommInitRank comm 0x55ead0374460 rank 1 nranks 2 cudaDev 0 nvmlDev 4 busId 89000 commId 0xbb45c08e01b55e2a - Init COMPLETE
dmserver1:3659310:3661710 [0] NCCL INFO [Service thread] Connection closed by localRank 1
dmserver1:3659310:3661737 [0] NCCL INFO comm 0x55ead0374460 rank 1 nranks 2 cudaDev 0 busId 89000 - Abort COMPLETE
dmserver1:3659310:3659310 [0] NCCL INFO NCCL version 2.21.5+cuda12.4
dmserver1:3659310:3661758 [0] NCCL INFO Using non-device net plugin version 0
dmserver1:3659310:3661758 [0] NCCL INFO Using network Socket
dmserver1:3659310:3661758 [0] NCCL INFO ncclCommInitRank comm 0x55ead0374460 rank 0 nranks 2 cudaDev 0 nvmlDev 4 busId 89000 commId 0x9c2c1d156ac3537b - Init START
dmserver1:3659310:3661758 [0] NCCL INFO Setting affinity for GPU 4 to ff0000,00ff0000
dmserver1:3659310:3661758 [0] NCCL INFO comm 0x55ead0374460 rank 0 nRanks 2 nNodes 1 localRanks 2 localRank 0 MNNVL 0
dmserver1:3659310:3661758 [0] NCCL INFO Channel 00/02 :    0   1
dmserver1:3659310:3661758 [0] NCCL INFO Channel 01/02 :    0   1
dmserver1:3659310:3661758 [0] NCCL INFO Trees [0] 1/-1/-1->0->-1 [1] 1/-1/-1->0->-1
dmserver1:3659310:3661758 [0] NCCL INFO P2P Chunksize set to 131072
dmserver1:3659310:3661758 [0] NCCL INFO Channel 00/0 : 0[4] -> 1[5] via P2P/CUMEM
dmserver1:3659310:3661758 [0] NCCL INFO Channel 01/0 : 0[4] -> 1[5] via P2P/CUMEM
dmserver1:3659310:3661758 [0] NCCL INFO Connected all rings
dmserver1:3659310:3661758 [0] NCCL INFO Connected all trees
dmserver1:3659310:3661758 [0] NCCL INFO threadThresholds 8/8/64 | 16/8/64 | 512 | 512
dmserver1:3659310:3661758 [0] NCCL INFO 2 coll channels, 2 collnet channels, 0 nvls channels, 2 p2p channels, 2 p2p channels per peer
dmserver1:3659310:3661758 [0] NCCL INFO ncclCommInitRank comm 0x55ead0374460 rank 0 nranks 2 cudaDev 0 nvmlDev 4 busId 89000 commId 0x9c2c1d156ac3537b - Init COMPLETE
dmserver1:3659310:3661761 [0] NCCL INFO [Service thread] Connection closed by localRank 0
dmserver1:3659310:3661783 [0] NCCL INFO comm 0x55ead0374460 rank 0 nranks 2 cudaDev 0 busId 89000 - Abort COMPLETE
dmserver1:3659310:3661902 [0] NCCL INFO Using non-device net plugin version 0
dmserver1:3659310:3661902 [0] NCCL INFO Using network Socket
dmserver1:3659310:3661902 [0] NCCL INFO ncclCommInitRank comm 0x55ead03818d0 rank 0 nranks 2 cudaDev 0 nvmlDev 4 busId 89000 commId 0x257a521ba0eb600a - Init START
dmserver1:3659310:3661902 [0] NCCL INFO Setting affinity for GPU 4 to ff0000,00ff0000
dmserver1:3659310:3661902 [0] NCCL INFO comm 0x55ead03818d0 rank 0 nRanks 2 nNodes 1 localRanks 2 localRank 0 MNNVL 0
dmserver1:3659310:3661902 [0] NCCL INFO Channel 00/02 :    0   1
dmserver1:3659310:3661902 [0] NCCL INFO Channel 01/02 :    0   1
dmserver1:3659310:3661902 [0] NCCL INFO Trees [0] 1/-1/-1->0->-1 [1] 1/-1/-1->0->-1
dmserver1:3659310:3661902 [0] NCCL INFO P2P Chunksize set to 131072
dmserver1:3659310:3661902 [0] NCCL INFO Channel 00/0 : 0[4] -> 1[5] via P2P/CUMEM
dmserver1:3659310:3661902 [0] NCCL INFO Channel 01/0 : 0[4] -> 1[5] via P2P/CUMEM
dmserver1:3659310:3661902 [0] NCCL INFO Connected all rings
dmserver1:3659310:3661902 [0] NCCL INFO Connected all trees
dmserver1:3659310:3661902 [0] NCCL INFO threadThresholds 8/8/64 | 16/8/64 | 512 | 512
dmserver1:3659310:3661902 [0] NCCL INFO 2 coll channels, 2 collnet channels, 0 nvls channels, 2 p2p channels, 2 p2p channels per peer
dmserver1:3659310:3661902 [0] NCCL INFO ncclCommInitRank comm 0x55ead03818d0 rank 0 nranks 2 cudaDev 0 nvmlDev 4 busId 89000 commId 0x257a521ba0eb600a - Init COMPLETE
dmserver1:3659310:3661904 [0] NCCL INFO [Service thread] Connection closed by localRank 0
dmserver1:3659310:3661917 [0] NCCL INFO comm 0x55ead03818d0 rank 0 nranks 2 cudaDev 0 busId 89000 - Abort COMPLETE
dmserver1:3659310:3661923 [0] NCCL INFO Using non-device net plugin version 0
dmserver1:3659310:3661923 [0] NCCL INFO Using network Socket
dmserver1:3659310:3661923 [0] NCCL INFO ncclCommInitRank comm 0x55ead0381290 rank 2 nranks 4 cudaDev 0 nvmlDev 4 busId 89000 commId 0x450bc40118397d0b - Init START
dmserver1:3659310:3661923 [0] NCCL INFO Setting affinity for GPU 4 to ff0000,00ff0000
dmserver1:3659310:3661923 [0] NCCL INFO NVLS multicast support is not available on dev 0
dmserver1:3659310:3661923 [0] NCCL INFO comm 0x55ead0381290 rank 2 nRanks 4 nNodes 1 localRanks 4 localRank 2 MNNVL 0
dmserver1:3659310:3661923 [0] NCCL INFO Trees [0] 3/-1/-1->2->1 [1] 3/-1/-1->2->1
dmserver1:3659310:3661923 [0] NCCL INFO P2P Chunksize set to 131072
dmserver1:3659310:3661923 [0] NCCL INFO Channel 00/0 : 2[4] -> 3[5] via P2P/CUMEM
dmserver1:3659310:3661923 [0] NCCL INFO Channel 01/0 : 2[4] -> 3[5] via P2P/CUMEM
dmserver1:3659310:3661923 [0] NCCL INFO Connected all rings
dmserver1:3659310:3661923 [0] NCCL INFO Channel 00 : 2[4] -> 1[1] via SHM/direct/direct
dmserver1:3659310:3661923 [0] NCCL INFO Channel 01 : 2[4] -> 1[1] via SHM/direct/direct
dmserver1:3659310:3661923 [0] NCCL INFO Connected all trees
dmserver1:3659310:3661923 [0] NCCL INFO threadThresholds 8/8/64 | 32/8/64 | 512 | 512
dmserver1:3659310:3661923 [0] NCCL INFO 2 coll channels, 2 collnet channels, 0 nvls channels, 2 p2p channels, 2 p2p channels per peer
dmserver1:3659310:3661923 [0] NCCL INFO ncclCommInitRank comm 0x55ead0381290 rank 2 nranks 4 cudaDev 0 nvmlDev 4 busId 89000 commId 0x450bc40118397d0b - Init COMPLETE
dmserver1:3659310:3661938 [0] NCCL INFO Channel 00/1 : 2[4] -> 3[5] via P2P/CUMEM
dmserver1:3659310:3661938 [0] NCCL INFO Channel 01/1 : 2[4] -> 3[5] via P2P/CUMEM
dmserver1:3659310:3661938 [0] NCCL INFO Channel 00 : 2[4] -> 0[0] via SHM/direct/direct
dmserver1:3659310:3661938 [0] NCCL INFO Channel 01 : 2[4] -> 0[0] via SHM/direct/direct
dmserver1:3659310:3661938 [0] NCCL INFO Channel 00 : 2[4] -> 1[1] via SHM/direct/direct
dmserver1:3659310:3661938 [0] NCCL INFO Channel 01 : 2[4] -> 1[1] via SHM/direct/direct
dmserver1:3659310:3661928 [0] NCCL INFO [Service thread] Connection closed by localRank 2
dmserver1:3659310:3662512 [0] NCCL INFO comm 0x55ead0381290 rank 2 nranks 4 cudaDev 0 busId 89000 - Abort COMPLETE
