NCCL version 2.21.5+cuda12.4
LA_CA_NEAR event=0 split_controller
LA_CA_NEAR event=0 split_controller
LA_CA_NEAR event=0 split_controller
LA_CA_NEAR event=0 split_controller
LA_CA_NEAR event=0 split_controllerLA_CA_NEAR event=0 split_controllerLA_CA_NEAR event=0 split_controller


LA_CA_NEAR event=0 split_controller
LA_CA_NEAR event=768 split_controllerLA_CA_NEAR event=768 split_controllerLA_CA_NEAR event=768 split_controller


LA_CA_NEAR event=768 split_controller
LA_CA_NEAR event=1536 split_controllerLA_CA_NEAR event=1536 split_controllerLA_CA_NEAR event=1536 split_controller


LA_CA_NEAR event=1536 split_controller
LA_CA_NEAR event=2304 split_controllerLA_CA_NEAR event=2304 split_controllerLA_CA_NEAR event=2304 split_controller


LA_CA_NEAR event=2304 split_controller
LA_CA_NEAR event=3072 split_controllerLA_CA_NEAR event=3072 split_controllerLA_CA_NEAR event=3072 split_controller


LA_CA_NEAR event=3072 split_controller
LA_CA_NEAR event=3840 split_controllerLA_CA_NEAR event=3840 split_controllerLA_CA_NEAR event=3840 split_controller


LA_CA_NEAR event=3840 split_controller
LA_CA_NEAR event=4608 split_controllerLA_CA_NEAR event=4608 split_controllerLA_CA_NEAR event=4608 split_controller


LA_CA_NEAR event=4608 split_controller
LA_CA_NEAR event=5376 split_controllerLA_CA_NEAR event=5376 split_controllerLA_CA_NEAR event=5376 split_controller


LA_CA_NEAR event=5376 split_controller
LA_CA_NEAR event=6144 split_controllerLA_CA_NEAR event=6144 split_controllerLA_CA_NEAR event=6144 split_controller


LA_CA_NEAR event=6144 split_controller
LA_CA_NEAR event=6912 split_controllerLA_CA_NEAR event=6912 split_controllerLA_CA_NEAR event=6912 split_controller


LA_CA_NEAR event=6912 split_controller
LA_CA_NEAR event=7680 split_controllerLA_CA_NEAR event=7680 split_controllerLA_CA_NEAR event=7680 split_controller


LA_CA_NEAR event=7680 split_controller
LA_CA_NEAR event=8448 split_controllerLA_CA_NEAR event=8448 split_controllerLA_CA_NEAR event=8448 split_controller


LA_CA_NEAR event=8448 split_controller
LA_CA_NEAR event=9216 split_controllerLA_CA_NEAR event=9216 split_controllerLA_CA_NEAR event=9216 split_controller


LA_CA_NEAR event=9216 split_controller
LA_CA_NEAR event=9984 split_controllerLA_CA_NEAR event=9984 split_controllerLA_CA_NEAR event=9984 split_controller


LA_CA_NEAR event=9984 split_controller
LA_CA_NEAR event=10752 split_controllerLA_CA_NEAR event=10752 split_controllerLA_CA_NEAR event=10752 split_controller


LA_CA_NEAR event=10752 split_controller
LA_CA_NEAR event=11520 split_controllerLA_CA_NEAR event=11520 split_controllerLA_CA_NEAR event=11520 split_controller


LA_CA_NEAR event=11520 split_controller
{"status": "PASS", "candidate": "_warmup", "arm": "R-NEAR", "repeat": 0, "TTFT": 6.782626733, "TPOT": 2.4494934819058822, "E2E": 631.403464619, "throughput": 25.948543075997204, "output_tokens": 256, "decode_forwards": 255, "local_batch": 16, "global_requests": 64, "smoke": false, "profiled": false, "nomination": false}
LA_CA_NEAR event=0 split_controllerLA_CA_NEAR event=0 split_controllerLA_CA_NEAR event=0 split_controller


LA_CA_NEAR event=0 split_controller
LA_CA_NEAR event=768 split_controllerLA_CA_NEAR event=768 split_controllerLA_CA_NEAR event=768 split_controller


LA_CA_NEAR event=768 split_controller
LA_CA_NEAR event=1536 split_controllerLA_CA_NEAR event=1536 split_controllerLA_CA_NEAR event=1536 split_controller


LA_CA_NEAR event=1536 split_controller
LA_CA_NEAR event=2304 split_controllerLA_CA_NEAR event=2304 split_controllerLA_CA_NEAR event=2304 split_controller


LA_CA_NEAR event=2304 split_controller
LA_CA_NEAR event=3072 split_controllerLA_CA_NEAR event=3072 split_controllerLA_CA_NEAR event=3072 split_controller


LA_CA_NEAR event=3072 split_controller
LA_CA_NEAR event=3840 split_controllerLA_CA_NEAR event=3840 split_controllerLA_CA_NEAR event=3840 split_controller


LA_CA_NEAR event=3840 split_controller
LA_CA_NEAR event=4608 split_controllerLA_CA_NEAR event=4608 split_controllerLA_CA_NEAR event=4608 split_controller


LA_CA_NEAR event=4608 split_controller
LA_CA_NEAR event=5376 split_controllerLA_CA_NEAR event=5376 split_controllerLA_CA_NEAR event=5376 split_controller


LA_CA_NEAR event=5376 split_controller
LA_CA_NEAR event=6144 split_controllerLA_CA_NEAR event=6144 split_controllerLA_CA_NEAR event=6144 split_controller


LA_CA_NEAR event=6144 split_controller
LA_CA_NEAR event=6912 split_controllerLA_CA_NEAR event=6912 split_controllerLA_CA_NEAR event=6912 split_controller


LA_CA_NEAR event=6912 split_controller
LA_CA_NEAR event=7680 split_controllerLA_CA_NEAR event=7680 split_controllerLA_CA_NEAR event=7680 split_controller


LA_CA_NEAR event=7680 split_controller
LA_CA_NEAR event=8448 split_controllerLA_CA_NEAR event=8448 split_controllerLA_CA_NEAR event=8448 split_controller


LA_CA_NEAR event=8448 split_controller
LA_CA_NEAR event=9216 split_controllerLA_CA_NEAR event=9216 split_controllerLA_CA_NEAR event=9216 split_controller


LA_CA_NEAR event=9216 split_controller
LA_CA_NEAR event=9984 split_controllerLA_CA_NEAR event=9984 split_controllerLA_CA_NEAR event=9984 split_controller


LA_CA_NEAR event=9984 split_controller
LA_CA_NEAR event=10752 split_controllerLA_CA_NEAR event=10752 split_controllerLA_CA_NEAR event=10752 split_controller


LA_CA_NEAR event=10752 split_controller
LA_CA_NEAR event=11520 split_controllerLA_CA_NEAR event=11520 split_controllerLA_CA_NEAR event=11520 split_controller


LA_CA_NEAR event=11520 split_controller
{"status": "PASS", "candidate": "_warmup", "arm": "G-NEAR", "repeat": 0, "TTFT": 6.722726474, "TPOT": 2.4328635347411764, "E2E": 627.102927833, "throughput": 26.12649259447107, "output_tokens": 256, "decode_forwards": 255, "local_batch": 16, "global_requests": 64, "smoke": false, "profiled": false, "nomination": false}
{"status": "PASS", "candidate": "previous_best_control", "arm": "R-NEAR", "repeat": 1, "TTFT": 6.235736339, "TPOT": 1.022109791454902, "E2E": 266.87373316, "throughput": 61.39232889651687, "output_tokens": 256, "decode_forwards": 255, "local_batch": 16, "global_requests": 64, "smoke": false, "profiled": false, "nomination": false}
{"status": "PASS", "candidate": "previous_best_control", "arm": "G-NEAR", "repeat": 1, "TTFT": 6.261427796, "TPOT": 1.0152647141529412, "E2E": 265.153929905, "throughput": 61.790522983649915, "output_tokens": 256, "decode_forwards": 255, "local_batch": 16, "global_requests": 64, "smoke": false, "profiled": false, "nomination": false}
{"status": "PASS", "candidate": "mixed_0", "arm": "G-NEAR", "repeat": 1, "TTFT": 6.258188654, "TPOT": 1.4607710914980392, "E2E": 378.754816986, "throughput": 43.257535654274214, "output_tokens": 256, "decode_forwards": 255, "local_batch": 16, "global_requests": 64, "smoke": false, "profiled": false, "nomination": false}
{"status": "PASS", "candidate": "mixed_0", "arm": "R-NEAR", "repeat": 1, "TTFT": 6.213329128, "TPOT": 1.4896531295490196, "E2E": 386.074877163, "throughput": 42.43736375802228, "output_tokens": 256, "decode_forwards": 255, "local_batch": 16, "global_requests": 64, "smoke": false, "profiled": false, "nomination": false}
{"status": "PASS", "candidate": "family_6", "arm": "R-NEAR", "repeat": 1, "TTFT": 6.131291431, "TPOT": 0.9131242859176472, "E2E": 238.97798434, "throughput": 68.55861658239644, "output_tokens": 256, "decode_forwards": 255, "local_batch": 16, "global_requests": 64, "smoke": false, "profiled": false, "nomination": false}
{"status": "PASS", "candidate": "family_6", "arm": "G-NEAR", "repeat": 1, "TTFT": 6.216140515, "TPOT": 0.9138650849647059, "E2E": 239.251737181, "throughput": 68.4801715257979, "output_tokens": 256, "decode_forwards": 255, "local_batch": 16, "global_requests": 64, "smoke": false, "profiled": false, "nomination": false}
{"status": "PASS", "candidate": "previous_best_control", "arm": "G-NEAR", "repeat": 2, "TTFT": 6.081938431, "TPOT": 1.0187663490156862, "E2E": 265.86735743, "throughput": 61.624714513190014, "output_tokens": 256, "decode_forwards": 255, "local_batch": 16, "global_requests": 64, "smoke": false, "profiled": false, "nomination": false}
{"status": "PASS", "candidate": "previous_best_control", "arm": "R-NEAR", "repeat": 2, "TTFT": 6.091489138, "TPOT": 1.0253156606784313, "E2E": 267.546982611, "throughput": 61.237842565473905, "output_tokens": 256, "decode_forwards": 255, "local_batch": 16, "global_requests": 64, "smoke": false, "profiled": false, "nomination": false}
{"status": "PASS", "candidate": "mixed_0", "arm": "R-NEAR", "repeat": 2, "TTFT": 6.189449628, "TPOT": 1.4977831480509805, "E2E": 388.124152381, "throughput": 42.213296697693615, "output_tokens": 256, "decode_forwards": 255, "local_batch": 16, "global_requests": 64, "smoke": false, "profiled": false, "nomination": false}
{"status": "PASS", "candidate": "mixed_0", "arm": "G-NEAR", "repeat": 2, "TTFT": 6.148855643, "TPOT": 1.4575434946666666, "E2E": 377.822446783, "throughput": 43.36428430735893, "output_tokens": 256, "decode_forwards": 255, "local_batch": 16, "global_requests": 64, "smoke": false, "profiled": false, "nomination": false}
{"status": "PASS", "candidate": "family_6", "arm": "G-NEAR", "repeat": 2, "TTFT": 6.112112283, "TPOT": 0.9171469719019608, "E2E": 239.984590118, "throughput": 68.27105020344855, "output_tokens": 256, "decode_forwards": 255, "local_batch": 16, "global_requests": 64, "smoke": false, "profiled": false, "nomination": false}
{"status": "PASS", "candidate": "family_6", "arm": "R-NEAR", "repeat": 2, "TTFT": 6.051581855, "TPOT": 0.9162750988980393, "E2E": 239.701732074, "throughput": 68.35161289089885, "output_tokens": 256, "decode_forwards": 255, "local_batch": 16, "global_requests": 64, "smoke": false, "profiled": false, "nomination": false}
{"status": "PASS", "candidate": "previous_best_control", "arm": "R-NEAR", "repeat": 3, "TTFT": 6.477900352, "TPOT": 1.025794839945098, "E2E": 268.055584538, "throughput": 61.12165142255179, "output_tokens": 256, "decode_forwards": 255, "local_batch": 16, "global_requests": 64, "smoke": false, "profiled": false, "nomination": false}
{"status": "PASS", "candidate": "previous_best_control", "arm": "G-NEAR", "repeat": 3, "TTFT": 6.110942577, "TPOT": 1.0249317079215685, "E2E": 267.468528097, "throughput": 61.2558049972077, "output_tokens": 256, "decode_forwards": 255, "local_batch": 16, "global_requests": 64, "smoke": false, "profiled": false, "nomination": false}
{"status": "PASS", "candidate": "mixed_0", "arm": "G-NEAR", "repeat": 3, "TTFT": 6.143632042, "TPOT": 1.4614677533372549, "E2E": 378.817909143, "throughput": 43.25033110780198, "output_tokens": 256, "decode_forwards": 255, "local_batch": 16, "global_requests": 64, "smoke": false, "profiled": false, "nomination": false}
{"status": "PASS", "candidate": "mixed_0", "arm": "R-NEAR", "repeat": 3, "TTFT": 6.203981111, "TPOT": 1.490962258435294, "E2E": 386.399357012, "throughput": 42.40172687319244, "output_tokens": 256, "decode_forwards": 255, "local_batch": 16, "global_requests": 64, "smoke": false, "profiled": false, "nomination": false}
{"status": "PASS", "candidate": "family_6", "arm": "R-NEAR", "repeat": 3, "TTFT": 6.166895992, "TPOT": 0.919289952082353, "E2E": 240.585833773, "throughput": 68.10043527109248, "output_tokens": 256, "decode_forwards": 255, "local_batch": 16, "global_requests": 64, "smoke": false, "profiled": false, "nomination": false}
{"status": "PASS", "candidate": "family_6", "arm": "G-NEAR", "repeat": 3, "TTFT": 6.07599845, "TPOT": 0.9181949113254901, "E2E": 240.215700838, "throughput": 68.20536685505527, "output_tokens": 256, "decode_forwards": 255, "local_batch": 16, "global_requests": 64, "smoke": false, "profiled": false, "nomination": false}
{"status": "PASS", "candidate": "previous_best_control", "arm": "G-NEAR", "repeat": -1, "TTFT": 6.087497488, "TPOT": 1.0180940314980391, "E2E": 265.70147552, "throughput": 61.66318786124595, "output_tokens": 256, "decode_forwards": 255, "local_batch": 16, "global_requests": 64, "smoke": false, "profiled": true, "nomination": false}
{"status": "PASS", "candidate": "previous_best_control", "arm": "R-NEAR", "repeat": -1, "TTFT": 6.096862439, "TPOT": 1.0277443341686274, "E2E": 268.171667652, "throughput": 61.09519377438905, "output_tokens": 256, "decode_forwards": 255, "local_batch": 16, "global_requests": 64, "smoke": false, "profiled": true, "nomination": false}
{"status": "PASS", "candidate": "mixed_0", "arm": "G-NEAR", "repeat": -1, "TTFT": 6.148954389, "TPOT": 1.460715422062745, "E2E": 378.631387015, "throughput": 43.271637169770415, "output_tokens": 256, "decode_forwards": 255, "local_batch": 16, "global_requests": 64, "smoke": false, "profiled": true, "nomination": false}
{"status": "PASS", "candidate": "mixed_0", "arm": "R-NEAR", "repeat": -1, "TTFT": 6.246304293, "TPOT": 1.497265893384314, "E2E": 388.049107106, "throughput": 42.221460376984, "output_tokens": 256, "decode_forwards": 255, "local_batch": 16, "global_requests": 64, "smoke": false, "profiled": true, "nomination": false}
{"status": "PASS", "candidate": "family_6", "arm": "G-NEAR", "repeat": -1, "TTFT": 6.097761334, "TPOT": 0.9161276506078432, "E2E": 239.710312239, "throughput": 68.34916632065686, "output_tokens": 256, "decode_forwards": 255, "local_batch": 16, "global_requests": 64, "smoke": false, "profiled": true, "nomination": false}
{"status": "PASS", "candidate": "family_6", "arm": "R-NEAR", "repeat": -1, "TTFT": 6.073133014, "TPOT": 0.9225357138274509, "E2E": 241.31974004, "throughput": 67.89332690845875, "output_tokens": 256, "decode_forwards": 255, "local_batch": 16, "global_requests": 64, "smoke": false, "profiled": true, "nomination": false}
