dmserver1:3668563:3668563 [0] NCCL INFO cudaDriverVersion 12020
dmserver1:3668563:3668563 [0] NCCL INFO Bootstrap : Using eno2:143.248.135.95<0>
dmserver1:3668563:3668563 [0] NCCL INFO NET/Plugin: No plugin found (libnccl-net.so)
dmserver1:3668563:3668563 [0] NCCL INFO NET/Plugin: Plugin load returned 2 : libnccl-net.so: cannot open shared object file: No such file or directory : when loading libnccl-net.so
dmserver1:3668563:3668563 [0] NCCL INFO NET/Plugin: Using internal network plugin.
dmserver1:3668563:3670645 [0] NCCL INFO NET/IB : No device found.
dmserver1:3668563:3670645 [0] NCCL INFO NET/Socket : Using [0]eno2:143.248.135.95<0> [1]br-d1b1d403abe1:172.18.0.1<0> [2]br-b10fced7ab8e:172.19.0.1<0> [3]veth541b4aa:fe80::8880:dbff:fedd:42f3%veth541b4aa<0> [4]vethf1ed907:fe80::b859:d7ff:fe5f:616d%vethf1ed907<0> [5]veth0f3240e:fe80::d0:56ff:fef9:f837%veth0f3240e<0> [6]veth686c6ae:fe80::4802:f4ff:fe6d:3d92%veth686c6ae<0> [7]vethdc9704a:fe80::5846:d4ff:fef0:3458%vethdc9704a<0> [8]vethf0da3b1:fe80::b89e:4cff:feea:bb6c%vethf0da3b1<0>
dmserver1:3668563:3670645 [0] NCCL INFO Using non-device net plugin version 0
dmserver1:3668563:3670645 [0] NCCL INFO Using network Socket
dmserver1:3668563:3670645 [0] NCCL INFO ncclCommInitRank comm 0x55db4ba54d20 rank 1 nranks 2 cudaDev 0 nvmlDev 4 busId 89000 commId 0xbddaae2408662eb9 - Init START
dmserver1:3668563:3670645 [0] NCCL INFO Setting affinity for GPU 4 to ff0000,00ff0000
dmserver1:3668563:3670645 [0] NCCL INFO comm 0x55db4ba54d20 rank 1 nRanks 2 nNodes 1 localRanks 2 localRank 1 MNNVL 0
dmserver1:3668563:3670645 [0] NCCL INFO Trees [0] -1/-1/-1->1->0 [1] -1/-1/-1->1->0
dmserver1:3668563:3670645 [0] NCCL INFO P2P Chunksize set to 131072
dmserver1:3668563:3670645 [0] NCCL INFO Channel 00 : 1[4] -> 0[0] via SHM/direct/direct
dmserver1:3668563:3670645 [0] NCCL INFO Channel 01 : 1[4] -> 0[0] via SHM/direct/direct
dmserver1:3668563:3670645 [0] NCCL INFO Connected all rings
dmserver1:3668563:3670645 [0] NCCL INFO Connected all trees
dmserver1:3668563:3670645 [0] NCCL INFO threadThresholds 8/8/64 | 16/8/64 | 512 | 512
dmserver1:3668563:3670645 [0] NCCL INFO 2 coll channels, 2 collnet channels, 0 nvls channels, 2 p2p channels, 2 p2p channels per peer
dmserver1:3668563:3670645 [0] NCCL INFO TUNER/Plugin: Plugin load returned 2 : libnccl-net.so: cannot open shared object file: No such file or directory : when loading libnccl-tuner.so
dmserver1:3668563:3670645 [0] NCCL INFO TUNER/Plugin: Using internal tuner plugin.
dmserver1:3668563:3670645 [0] NCCL INFO ncclCommInitRank comm 0x55db4ba54d20 rank 1 nranks 2 cudaDev 0 nvmlDev 4 busId 89000 commId 0xbddaae2408662eb9 - Init COMPLETE
dmserver1:3668563:3670657 [0] NCCL INFO [Service thread] Connection closed by localRank 1
dmserver1:3668563:3670678 [0] NCCL INFO comm 0x55db4ba54d20 rank 1 nranks 2 cudaDev 0 busId 89000 - Abort COMPLETE
dmserver1:3668563:3670797 [0] NCCL INFO Using non-device net plugin version 0
dmserver1:3668563:3670797 [0] NCCL INFO Using network Socket
dmserver1:3668563:3670797 [0] NCCL INFO ncclCommInitRank comm 0x55db4ba54d20 rank 1 nranks 2 cudaDev 0 nvmlDev 4 busId 89000 commId 0xbcef62fd0ee5bd18 - Init START
dmserver1:3668563:3670797 [0] NCCL INFO Setting affinity for GPU 4 to ff0000,00ff0000
dmserver1:3668563:3670797 [0] NCCL INFO comm 0x55db4ba54d20 rank 1 nRanks 2 nNodes 1 localRanks 2 localRank 1 MNNVL 0
dmserver1:3668563:3670797 [0] NCCL INFO Trees [0] -1/-1/-1->1->0 [1] -1/-1/-1->1->0
dmserver1:3668563:3670797 [0] NCCL INFO P2P Chunksize set to 131072
dmserver1:3668563:3670797 [0] NCCL INFO Channel 00 : 1[4] -> 0[1] via SHM/direct/direct
dmserver1:3668563:3670797 [0] NCCL INFO Channel 01 : 1[4] -> 0[1] via SHM/direct/direct
dmserver1:3668563:3670797 [0] NCCL INFO Connected all rings
dmserver1:3668563:3670797 [0] NCCL INFO Connected all trees
dmserver1:3668563:3670797 [0] NCCL INFO threadThresholds 8/8/64 | 16/8/64 | 512 | 512
dmserver1:3668563:3670797 [0] NCCL INFO 2 coll channels, 2 collnet channels, 0 nvls channels, 2 p2p channels, 2 p2p channels per peer
dmserver1:3668563:3670797 [0] NCCL INFO ncclCommInitRank comm 0x55db4ba54d20 rank 1 nranks 2 cudaDev 0 nvmlDev 4 busId 89000 commId 0xbcef62fd0ee5bd18 - Init COMPLETE
dmserver1:3668563:3670798 [0] NCCL INFO [Service thread] Connection closed by localRank 1
dmserver1:3668563:3670832 [0] NCCL INFO comm 0x55db4ba54d20 rank 1 nranks 2 cudaDev 0 busId 89000 - Abort COMPLETE
dmserver1:3668563:3670899 [0] NCCL INFO Using non-device net plugin version 0
dmserver1:3668563:3670899 [0] NCCL INFO Using network Socket
dmserver1:3668563:3670899 [0] NCCL INFO ncclCommInitRank comm 0x55db4ba54d20 rank 1 nranks 2 cudaDev 0 nvmlDev 4 busId 89000 commId 0x43f9e4785b4bc8a1 - Init START
dmserver1:3668563:3670899 [0] NCCL INFO Setting affinity for GPU 4 to ff0000,00ff0000
dmserver1:3668563:3670899 [0] NCCL INFO comm 0x55db4ba54d20 rank 1 nRanks 2 nNodes 1 localRanks 2 localRank 1 MNNVL 0
dmserver1:3668563:3670899 [0] NCCL INFO Trees [0] -1/-1/-1->1->0 [1] -1/-1/-1->1->0
dmserver1:3668563:3670899 [0] NCCL INFO P2P Chunksize set to 131072
dmserver1:3668563:3670899 [0] NCCL INFO Channel 00 : 1[4] -> 0[0] via SHM/direct/direct
dmserver1:3668563:3670899 [0] NCCL INFO Channel 01 : 1[4] -> 0[0] via SHM/direct/direct
dmserver1:3668563:3670899 [0] NCCL INFO Connected all rings
dmserver1:3668563:3670899 [0] NCCL INFO Connected all trees
dmserver1:3668563:3670899 [0] NCCL INFO threadThresholds 8/8/64 | 16/8/64 | 512 | 512
dmserver1:3668563:3670899 [0] NCCL INFO 2 coll channels, 2 collnet channels, 0 nvls channels, 2 p2p channels, 2 p2p channels per peer
dmserver1:3668563:3670899 [0] NCCL INFO ncclCommInitRank comm 0x55db4ba54d20 rank 1 nranks 2 cudaDev 0 nvmlDev 4 busId 89000 commId 0x43f9e4785b4bc8a1 - Init COMPLETE
dmserver1:3668563:3670900 [0] NCCL INFO [Service thread] Connection closed by localRank 1
dmserver1:3668563:3671018 [0] NCCL INFO comm 0x55db4ba54d20 rank 1 nranks 2 cudaDev 0 busId 89000 - Abort COMPLETE
dmserver1:3668563:3671044 [0] NCCL INFO Using non-device net plugin version 0
dmserver1:3668563:3671044 [0] NCCL INFO Using network Socket
dmserver1:3668563:3671044 [0] NCCL INFO ncclCommInitRank comm 0x55db4ba54d20 rank 1 nranks 2 cudaDev 0 nvmlDev 4 busId 89000 commId 0xc774a89b64ff3325 - Init START
dmserver1:3668563:3671044 [0] NCCL INFO Setting affinity for GPU 4 to ff0000,00ff0000
dmserver1:3668563:3671044 [0] NCCL INFO comm 0x55db4ba54d20 rank 1 nRanks 2 nNodes 1 localRanks 2 localRank 1 MNNVL 0
dmserver1:3668563:3671044 [0] NCCL INFO Trees [0] -1/-1/-1->1->0 [1] -1/-1/-1->1->0
dmserver1:3668563:3671044 [0] NCCL INFO P2P Chunksize set to 131072
dmserver1:3668563:3671044 [0] NCCL INFO Channel 00 : 1[4] -> 0[1] via SHM/direct/direct
dmserver1:3668563:3671044 [0] NCCL INFO Channel 01 : 1[4] -> 0[1] via SHM/direct/direct
dmserver1:3668563:3671044 [0] NCCL INFO Connected all rings
dmserver1:3668563:3671044 [0] NCCL INFO Connected all trees
dmserver1:3668563:3671044 [0] NCCL INFO threadThresholds 8/8/64 | 16/8/64 | 512 | 512
dmserver1:3668563:3671044 [0] NCCL INFO 2 coll channels, 2 collnet channels, 0 nvls channels, 2 p2p channels, 2 p2p channels per peer
dmserver1:3668563:3671044 [0] NCCL INFO ncclCommInitRank comm 0x55db4ba54d20 rank 1 nranks 2 cudaDev 0 nvmlDev 4 busId 89000 commId 0xc774a89b64ff3325 - Init COMPLETE
dmserver1:3668563:3671046 [0] NCCL INFO [Service thread] Connection closed by localRank 1
dmserver1:3668563:3671073 [0] NCCL INFO comm 0x55db4ba54d20 rank 1 nranks 2 cudaDev 0 busId 89000 - Abort COMPLETE
dmserver1:3668563:3668563 [0] NCCL INFO NCCL version 2.21.5+cuda12.4
dmserver1:3668563:3671101 [0] NCCL INFO Using non-device net plugin version 0
dmserver1:3668563:3671101 [0] NCCL INFO Using network Socket
dmserver1:3668563:3671101 [0] NCCL INFO ncclCommInitRank comm 0x55db4ba54d20 rank 0 nranks 2 cudaDev 0 nvmlDev 4 busId 89000 commId 0x27cd27eca66513e5 - Init START
dmserver1:3668563:3671101 [0] NCCL INFO Setting affinity for GPU 4 to ff0000,00ff0000
dmserver1:3668563:3671101 [0] NCCL INFO comm 0x55db4ba54d20 rank 0 nRanks 2 nNodes 1 localRanks 2 localRank 0 MNNVL 0
dmserver1:3668563:3671101 [0] NCCL INFO Channel 00/02 :    0   1
dmserver1:3668563:3671101 [0] NCCL INFO Channel 01/02 :    0   1
dmserver1:3668563:3671101 [0] NCCL INFO Trees [0] 1/-1/-1->0->-1 [1] 1/-1/-1->0->-1
dmserver1:3668563:3671101 [0] NCCL INFO P2P Chunksize set to 131072
dmserver1:3668563:3671101 [0] NCCL INFO Channel 00/0 : 0[4] -> 1[5] via P2P/CUMEM
dmserver1:3668563:3671101 [0] NCCL INFO Channel 01/0 : 0[4] -> 1[5] via P2P/CUMEM
dmserver1:3668563:3671101 [0] NCCL INFO Connected all rings
dmserver1:3668563:3671101 [0] NCCL INFO Connected all trees
dmserver1:3668563:3671101 [0] NCCL INFO threadThresholds 8/8/64 | 16/8/64 | 512 | 512
dmserver1:3668563:3671101 [0] NCCL INFO 2 coll channels, 2 collnet channels, 0 nvls channels, 2 p2p channels, 2 p2p channels per peer
dmserver1:3668563:3671101 [0] NCCL INFO ncclCommInitRank comm 0x55db4ba54d20 rank 0 nranks 2 cudaDev 0 nvmlDev 4 busId 89000 commId 0x27cd27eca66513e5 - Init COMPLETE
dmserver1:3668563:3671103 [0] NCCL INFO [Service thread] Connection closed by localRank 0
dmserver1:3668563:3671166 [0] NCCL INFO comm 0x55db4ba54d20 rank 0 nranks 2 cudaDev 0 busId 89000 - Abort COMPLETE
dmserver1:3668563:3671335 [0] NCCL INFO Using non-device net plugin version 0
dmserver1:3668563:3671335 [0] NCCL INFO Using network Socket
dmserver1:3668563:3671335 [0] NCCL INFO ncclCommInitRank comm 0x55db4ba63ce0 rank 0 nranks 2 cudaDev 0 nvmlDev 4 busId 89000 commId 0x8a0707612ab81200 - Init START
dmserver1:3668563:3671335 [0] NCCL INFO Setting affinity for GPU 4 to ff0000,00ff0000
dmserver1:3668563:3671335 [0] NCCL INFO comm 0x55db4ba63ce0 rank 0 nRanks 2 nNodes 1 localRanks 2 localRank 0 MNNVL 0
dmserver1:3668563:3671335 [0] NCCL INFO Channel 00/02 :    0   1
dmserver1:3668563:3671335 [0] NCCL INFO Channel 01/02 :    0   1
dmserver1:3668563:3671335 [0] NCCL INFO Trees [0] 1/-1/-1->0->-1 [1] 1/-1/-1->0->-1
dmserver1:3668563:3671335 [0] NCCL INFO P2P Chunksize set to 131072
dmserver1:3668563:3671335 [0] NCCL INFO Channel 00/0 : 0[4] -> 1[5] via P2P/CUMEM
dmserver1:3668563:3671335 [0] NCCL INFO Channel 01/0 : 0[4] -> 1[5] via P2P/CUMEM
dmserver1:3668563:3671335 [0] NCCL INFO Connected all rings
dmserver1:3668563:3671335 [0] NCCL INFO Connected all trees
dmserver1:3668563:3671335 [0] NCCL INFO threadThresholds 8/8/64 | 16/8/64 | 512 | 512
dmserver1:3668563:3671335 [0] NCCL INFO 2 coll channels, 2 collnet channels, 0 nvls channels, 2 p2p channels, 2 p2p channels per peer
dmserver1:3668563:3671335 [0] NCCL INFO ncclCommInitRank comm 0x55db4ba63ce0 rank 0 nranks 2 cudaDev 0 nvmlDev 4 busId 89000 commId 0x8a0707612ab81200 - Init COMPLETE
dmserver1:3668563:3671338 [0] NCCL INFO [Service thread] Connection closed by localRank 0
dmserver1:3668563:3671367 [0] NCCL INFO comm 0x55db4ba63ce0 rank 0 nranks 2 cudaDev 0 busId 89000 - Abort COMPLETE
dmserver1:3668563:3671391 [0] NCCL INFO Using non-device net plugin version 0
dmserver1:3668563:3671391 [0] NCCL INFO Using network Socket
dmserver1:3668563:3671391 [0] NCCL INFO ncclCommInitRank comm 0x55db4ba62e00 rank 2 nranks 4 cudaDev 0 nvmlDev 4 busId 89000 commId 0x607798b998ec73ac - Init START
dmserver1:3668563:3671391 [0] NCCL INFO Setting affinity for GPU 4 to ff0000,00ff0000
dmserver1:3668563:3671391 [0] NCCL INFO NVLS multicast support is not available on dev 0
dmserver1:3668563:3671391 [0] NCCL INFO comm 0x55db4ba62e00 rank 2 nRanks 4 nNodes 1 localRanks 4 localRank 2 MNNVL 0
dmserver1:3668563:3671391 [0] NCCL INFO Trees [0] 3/-1/-1->2->1 [1] 3/-1/-1->2->1
dmserver1:3668563:3671391 [0] NCCL INFO P2P Chunksize set to 131072
dmserver1:3668563:3671391 [0] NCCL INFO Channel 00/0 : 2[4] -> 3[5] via P2P/CUMEM
dmserver1:3668563:3671391 [0] NCCL INFO Channel 01/0 : 2[4] -> 3[5] via P2P/CUMEM
dmserver1:3668563:3671391 [0] NCCL INFO Connected all rings
dmserver1:3668563:3671391 [0] NCCL INFO Channel 00 : 2[4] -> 1[1] via SHM/direct/direct
dmserver1:3668563:3671391 [0] NCCL INFO Channel 01 : 2[4] -> 1[1] via SHM/direct/direct
dmserver1:3668563:3671391 [0] NCCL INFO Connected all trees
dmserver1:3668563:3671391 [0] NCCL INFO threadThresholds 8/8/64 | 32/8/64 | 512 | 512
dmserver1:3668563:3671391 [0] NCCL INFO 2 coll channels, 2 collnet channels, 0 nvls channels, 2 p2p channels, 2 p2p channels per peer
dmserver1:3668563:3671391 [0] NCCL INFO ncclCommInitRank comm 0x55db4ba62e00 rank 2 nranks 4 cudaDev 0 nvmlDev 4 busId 89000 commId 0x607798b998ec73ac - Init COMPLETE
dmserver1:3668563:3671406 [0] NCCL INFO Channel 00/1 : 2[4] -> 3[5] via P2P/CUMEM
dmserver1:3668563:3671406 [0] NCCL INFO Channel 01/1 : 2[4] -> 3[5] via P2P/CUMEM
dmserver1:3668563:3671406 [0] NCCL INFO Channel 00 : 2[4] -> 0[0] via SHM/direct/direct
dmserver1:3668563:3671406 [0] NCCL INFO Channel 01 : 2[4] -> 0[0] via SHM/direct/direct
dmserver1:3668563:3671406 [0] NCCL INFO Channel 00 : 2[4] -> 1[1] via SHM/direct/direct
dmserver1:3668563:3671406 [0] NCCL INFO Channel 01 : 2[4] -> 1[1] via SHM/direct/direct
dmserver1:3668563:3671395 [0] NCCL INFO [Service thread] Connection closed by localRank 2
dmserver1:3668563:3671664 [0] NCCL INFO comm 0x55db4ba62e00 rank 2 nranks 4 cudaDev 0 busId 89000 - Abort COMPLETE
