dmserver1:3668562:3668562 [0] NCCL INFO cudaDriverVersion 12020
dmserver1:3668562:3668562 [0] NCCL INFO Bootstrap : Using eno2:143.248.135.95<0>
dmserver1:3668562:3668562 [0] NCCL INFO NET/Plugin: No plugin found (libnccl-net.so)
dmserver1:3668562:3668562 [0] NCCL INFO NET/Plugin: Plugin load returned 2 : libnccl-net.so: cannot open shared object file: No such file or directory : when loading libnccl-net.so
dmserver1:3668562:3668562 [0] NCCL INFO NET/Plugin: Using internal network plugin.
dmserver1:3668562:3670578 [0] NCCL INFO NET/IB : No device found.
dmserver1:3668562:3670578 [0] NCCL INFO NET/Socket : Using [0]eno2:143.248.135.95<0> [1]br-d1b1d403abe1:172.18.0.1<0> [2]br-b10fced7ab8e:172.19.0.1<0> [3]veth541b4aa:fe80::8880:dbff:fedd:42f3%veth541b4aa<0> [4]vethf1ed907:fe80::b859:d7ff:fe5f:616d%vethf1ed907<0> [5]veth0f3240e:fe80::d0:56ff:fef9:f837%veth0f3240e<0> [6]veth686c6ae:fe80::4802:f4ff:fe6d:3d92%veth686c6ae<0> [7]vethdc9704a:fe80::5846:d4ff:fef0:3458%vethdc9704a<0> [8]vethf0da3b1:fe80::b89e:4cff:feea:bb6c%vethf0da3b1<0>
dmserver1:3668562:3670578 [0] NCCL INFO Using non-device net plugin version 0
dmserver1:3668562:3670578 [0] NCCL INFO Using network Socket
dmserver1:3668562:3670578 [0] NCCL INFO ncclCommInitRank comm 0x5608d2a6f5e0 rank 1 nranks 2 cudaDev 0 nvmlDev 1 busId 1c000 commId 0x2b0f9dcda4e8a2f7 - Init START
dmserver1:3668562:3670578 [0] NCCL INFO Setting affinity for GPU 1 to ff00,0000ff00
dmserver1:3668562:3670578 [0] NCCL INFO comm 0x5608d2a6f5e0 rank 1 nRanks 2 nNodes 1 localRanks 2 localRank 1 MNNVL 0
dmserver1:3668562:3670578 [0] NCCL INFO Trees [0] -1/-1/-1->1->0 [1] -1/-1/-1->1->0
dmserver1:3668562:3670578 [0] NCCL INFO P2P Chunksize set to 131072
dmserver1:3668562:3670578 [0] NCCL INFO Channel 00/0 : 1[1] -> 0[0] via P2P/CUMEM
dmserver1:3668562:3670578 [0] NCCL INFO Channel 01/0 : 1[1] -> 0[0] via P2P/CUMEM
dmserver1:3668562:3670578 [0] NCCL INFO Connected all rings
dmserver1:3668562:3670578 [0] NCCL INFO Connected all trees
dmserver1:3668562:3670578 [0] NCCL INFO threadThresholds 8/8/64 | 16/8/64 | 512 | 512
dmserver1:3668562:3670578 [0] NCCL INFO 2 coll channels, 2 collnet channels, 0 nvls channels, 2 p2p channels, 2 p2p channels per peer
dmserver1:3668562:3670578 [0] NCCL INFO TUNER/Plugin: Plugin load returned 2 : libnccl-net.so: cannot open shared object file: No such file or directory : when loading libnccl-tuner.so
dmserver1:3668562:3670578 [0] NCCL INFO TUNER/Plugin: Using internal tuner plugin.
dmserver1:3668562:3670578 [0] NCCL INFO ncclCommInitRank comm 0x5608d2a6f5e0 rank 1 nranks 2 cudaDev 0 nvmlDev 1 busId 1c000 commId 0x2b0f9dcda4e8a2f7 - Init COMPLETE
dmserver1:3668562:3670591 [0] NCCL INFO [Service thread] Connection closed by localRank 1
dmserver1:3668562:3670633 [0] NCCL INFO comm 0x5608d2a6f5e0 rank 1 nranks 2 cudaDev 0 busId 1c000 - Abort COMPLETE
dmserver1:3668562:3670741 [0] NCCL INFO Using non-device net plugin version 0
dmserver1:3668562:3670741 [0] NCCL INFO Using network Socket
dmserver1:3668562:3670741 [0] NCCL INFO ncclCommInitRank comm 0x5608d2a6f580 rank 1 nranks 2 cudaDev 0 nvmlDev 1 busId 1c000 commId 0xc5c1082a6c8669b1 - Init START
dmserver1:3668562:3670741 [0] NCCL INFO Setting affinity for GPU 1 to ff00,0000ff00
dmserver1:3668562:3670741 [0] NCCL INFO comm 0x5608d2a6f580 rank 1 nRanks 2 nNodes 1 localRanks 2 localRank 1 MNNVL 0
dmserver1:3668562:3670741 [0] NCCL INFO Trees [0] -1/-1/-1->1->0 [1] -1/-1/-1->1->0
dmserver1:3668562:3670741 [0] NCCL INFO P2P Chunksize set to 131072
dmserver1:3668562:3670741 [0] NCCL INFO Channel 00/0 : 1[1] -> 0[0] via P2P/CUMEM
dmserver1:3668562:3670741 [0] NCCL INFO Channel 01/0 : 1[1] -> 0[0] via P2P/CUMEM
dmserver1:3668562:3670741 [0] NCCL INFO Connected all rings
dmserver1:3668562:3670741 [0] NCCL INFO Connected all trees
dmserver1:3668562:3670741 [0] NCCL INFO threadThresholds 8/8/64 | 16/8/64 | 512 | 512
dmserver1:3668562:3670741 [0] NCCL INFO 2 coll channels, 2 collnet channels, 0 nvls channels, 2 p2p channels, 2 p2p channels per peer
dmserver1:3668562:3670741 [0] NCCL INFO ncclCommInitRank comm 0x5608d2a6f580 rank 1 nranks 2 cudaDev 0 nvmlDev 1 busId 1c000 commId 0xc5c1082a6c8669b1 - Init COMPLETE
dmserver1:3668562:3670743 [0] NCCL INFO [Service thread] Connection closed by localRank 1
dmserver1:3668562:3670781 [0] NCCL INFO comm 0x5608d2a6f580 rank 1 nranks 2 cudaDev 0 busId 1c000 - Abort COMPLETE
dmserver1:3668562:3668562 [0] NCCL INFO NCCL version 2.21.5+cuda12.4
dmserver1:3668562:3670796 [0] NCCL INFO Using non-device net plugin version 0
dmserver1:3668562:3670796 [0] NCCL INFO Using network Socket
dmserver1:3668562:3670796 [0] NCCL INFO ncclCommInitRank comm 0x5608d2a6f580 rank 0 nranks 2 cudaDev 0 nvmlDev 1 busId 1c000 commId 0xbcef62fd0ee5bd18 - Init START
dmserver1:3668562:3670796 [0] NCCL INFO Setting affinity for GPU 1 to ff00,0000ff00
dmserver1:3668562:3670796 [0] NCCL INFO comm 0x5608d2a6f580 rank 0 nRanks 2 nNodes 1 localRanks 2 localRank 0 MNNVL 0
dmserver1:3668562:3670796 [0] NCCL INFO Channel 00/02 :    0   1
dmserver1:3668562:3670796 [0] NCCL INFO Channel 01/02 :    0   1
dmserver1:3668562:3670796 [0] NCCL INFO Trees [0] 1/-1/-1->0->-1 [1] 1/-1/-1->0->-1
dmserver1:3668562:3670796 [0] NCCL INFO P2P Chunksize set to 131072
dmserver1:3668562:3670796 [0] NCCL INFO Channel 00 : 0[1] -> 1[4] via SHM/direct/direct
dmserver1:3668562:3670796 [0] NCCL INFO Channel 01 : 0[1] -> 1[4] via SHM/direct/direct
dmserver1:3668562:3670796 [0] NCCL INFO Connected all rings
dmserver1:3668562:3670796 [0] NCCL INFO Connected all trees
dmserver1:3668562:3670796 [0] NCCL INFO threadThresholds 8/8/64 | 16/8/64 | 512 | 512
dmserver1:3668562:3670796 [0] NCCL INFO 2 coll channels, 2 collnet channels, 0 nvls channels, 2 p2p channels, 2 p2p channels per peer
dmserver1:3668562:3670796 [0] NCCL INFO ncclCommInitRank comm 0x5608d2a6f580 rank 0 nranks 2 cudaDev 0 nvmlDev 1 busId 1c000 commId 0xbcef62fd0ee5bd18 - Init COMPLETE
dmserver1:3668562:3670799 [0] NCCL INFO [Service thread] Connection closed by localRank 0
dmserver1:3668562:3670833 [0] NCCL INFO comm 0x5608d2a6f580 rank 0 nranks 2 cudaDev 0 busId 1c000 - Abort COMPLETE
dmserver1:3668562:3670856 [0] NCCL INFO Using non-device net plugin version 0
dmserver1:3668562:3670856 [0] NCCL INFO Using network Socket
dmserver1:3668562:3670856 [0] NCCL INFO ncclCommInitRank comm 0x5608d2a6f580 rank 0 nranks 2 cudaDev 0 nvmlDev 1 busId 1c000 commId 0xc90dfadffa15fb5f - Init START
dmserver1:3668562:3670856 [0] NCCL INFO Setting affinity for GPU 1 to ff00,0000ff00
dmserver1:3668562:3670856 [0] NCCL INFO comm 0x5608d2a6f580 rank 0 nRanks 2 nNodes 1 localRanks 2 localRank 0 MNNVL 0
dmserver1:3668562:3670856 [0] NCCL INFO Channel 00/02 :    0   1
dmserver1:3668562:3670856 [0] NCCL INFO Channel 01/02 :    0   1
dmserver1:3668562:3670856 [0] NCCL INFO Trees [0] 1/-1/-1->0->-1 [1] 1/-1/-1->0->-1
dmserver1:3668562:3670856 [0] NCCL INFO P2P Chunksize set to 131072
dmserver1:3668562:3670856 [0] NCCL INFO Channel 00 : 0[1] -> 1[5] via SHM/direct/direct
dmserver1:3668562:3670856 [0] NCCL INFO Channel 01 : 0[1] -> 1[5] via SHM/direct/direct
dmserver1:3668562:3670856 [0] NCCL INFO Connected all rings
dmserver1:3668562:3670856 [0] NCCL INFO Connected all trees
dmserver1:3668562:3670856 [0] NCCL INFO threadThresholds 8/8/64 | 16/8/64 | 512 | 512
dmserver1:3668562:3670856 [0] NCCL INFO 2 coll channels, 2 collnet channels, 0 nvls channels, 2 p2p channels, 2 p2p channels per peer
dmserver1:3668562:3670856 [0] NCCL INFO ncclCommInitRank comm 0x5608d2a6f580 rank 0 nranks 2 cudaDev 0 nvmlDev 1 busId 1c000 commId 0xc90dfadffa15fb5f - Init COMPLETE
dmserver1:3668562:3670859 [0] NCCL INFO [Service thread] Connection closed by localRank 0
dmserver1:3668562:3670891 [0] NCCL INFO comm 0x5608d2a6f580 rank 0 nranks 2 cudaDev 0 busId 1c000 - Abort COMPLETE
dmserver1:3668562:3671045 [0] NCCL INFO Using non-device net plugin version 0
dmserver1:3668562:3671045 [0] NCCL INFO Using network Socket
dmserver1:3668562:3671045 [0] NCCL INFO ncclCommInitRank comm 0x5608d2a6f580 rank 0 nranks 2 cudaDev 0 nvmlDev 1 busId 1c000 commId 0xc774a89b64ff3325 - Init START
dmserver1:3668562:3671045 [0] NCCL INFO Setting affinity for GPU 1 to ff00,0000ff00
dmserver1:3668562:3671045 [0] NCCL INFO comm 0x5608d2a6f580 rank 0 nRanks 2 nNodes 1 localRanks 2 localRank 0 MNNVL 0
dmserver1:3668562:3671045 [0] NCCL INFO Channel 00/02 :    0   1
dmserver1:3668562:3671045 [0] NCCL INFO Channel 01/02 :    0   1
dmserver1:3668562:3671045 [0] NCCL INFO Trees [0] 1/-1/-1->0->-1 [1] 1/-1/-1->0->-1
dmserver1:3668562:3671045 [0] NCCL INFO P2P Chunksize set to 131072
dmserver1:3668562:3671045 [0] NCCL INFO Channel 00 : 0[1] -> 1[4] via SHM/direct/direct
dmserver1:3668562:3671045 [0] NCCL INFO Channel 01 : 0[1] -> 1[4] via SHM/direct/direct
dmserver1:3668562:3671045 [0] NCCL INFO Connected all rings
dmserver1:3668562:3671045 [0] NCCL INFO Connected all trees
dmserver1:3668562:3671045 [0] NCCL INFO threadThresholds 8/8/64 | 16/8/64 | 512 | 512
dmserver1:3668562:3671045 [0] NCCL INFO 2 coll channels, 2 collnet channels, 0 nvls channels, 2 p2p channels, 2 p2p channels per peer
dmserver1:3668562:3671045 [0] NCCL INFO ncclCommInitRank comm 0x5608d2a6f580 rank 0 nranks 2 cudaDev 0 nvmlDev 1 busId 1c000 commId 0xc774a89b64ff3325 - Init COMPLETE
dmserver1:3668562:3671047 [0] NCCL INFO [Service thread] Connection closed by localRank 0
dmserver1:3668562:3671072 [0] NCCL INFO comm 0x5608d2a6f580 rank 0 nranks 2 cudaDev 0 busId 1c000 - Abort COMPLETE
dmserver1:3668562:3671271 [0] NCCL INFO Using non-device net plugin version 0
dmserver1:3668562:3671271 [0] NCCL INFO Using network Socket
dmserver1:3668562:3671271 [0] NCCL INFO ncclCommInitRank comm 0x5608d2a7d1e0 rank 0 nranks 2 cudaDev 0 nvmlDev 1 busId 1c000 commId 0x2316d3525ea2bd88 - Init START
dmserver1:3668562:3671271 [0] NCCL INFO Setting affinity for GPU 1 to ff00,0000ff00
dmserver1:3668562:3671271 [0] NCCL INFO comm 0x5608d2a7d1e0 rank 0 nRanks 2 nNodes 1 localRanks 2 localRank 0 MNNVL 0
dmserver1:3668562:3671271 [0] NCCL INFO Channel 00/02 :    0   1
dmserver1:3668562:3671271 [0] NCCL INFO Channel 01/02 :    0   1
dmserver1:3668562:3671271 [0] NCCL INFO Trees [0] 1/-1/-1->0->-1 [1] 1/-1/-1->0->-1
dmserver1:3668562:3671271 [0] NCCL INFO P2P Chunksize set to 131072
dmserver1:3668562:3671271 [0] NCCL INFO Channel 00 : 0[1] -> 1[5] via SHM/direct/direct
dmserver1:3668562:3671271 [0] NCCL INFO Channel 01 : 0[1] -> 1[5] via SHM/direct/direct
dmserver1:3668562:3671271 [0] NCCL INFO Connected all rings
dmserver1:3668562:3671271 [0] NCCL INFO Connected all trees
dmserver1:3668562:3671271 [0] NCCL INFO threadThresholds 8/8/64 | 16/8/64 | 512 | 512
dmserver1:3668562:3671271 [0] NCCL INFO 2 coll channels, 2 collnet channels, 0 nvls channels, 2 p2p channels, 2 p2p channels per peer
dmserver1:3668562:3671271 [0] NCCL INFO ncclCommInitRank comm 0x5608d2a7d1e0 rank 0 nranks 2 cudaDev 0 nvmlDev 1 busId 1c000 commId 0x2316d3525ea2bd88 - Init COMPLETE
dmserver1:3668562:3671277 [0] NCCL INFO [Service thread] Connection closed by localRank 0
dmserver1:3668562:3671326 [0] NCCL INFO comm 0x5608d2a7d1e0 rank 0 nranks 2 cudaDev 0 busId 1c000 - Abort COMPLETE
dmserver1:3668562:3671393 [0] NCCL INFO Using non-device net plugin version 0
dmserver1:3668562:3671393 [0] NCCL INFO Using network Socket
dmserver1:3668562:3671393 [0] NCCL INFO ncclCommInitRank comm 0x5608d2a7c9c0 rank 1 nranks 4 cudaDev 0 nvmlDev 1 busId 1c000 commId 0x607798b998ec73ac - Init START
dmserver1:3668562:3671393 [0] NCCL INFO Setting affinity for GPU 1 to ff00,0000ff00
dmserver1:3668562:3671393 [0] NCCL INFO NVLS multicast support is not available on dev 0
dmserver1:3668562:3671393 [0] NCCL INFO comm 0x5608d2a7c9c0 rank 1 nRanks 4 nNodes 1 localRanks 4 localRank 1 MNNVL 0
dmserver1:3668562:3671393 [0] NCCL INFO Trees [0] 2/-1/-1->1->0 [1] 2/-1/-1->1->0
dmserver1:3668562:3671393 [0] NCCL INFO P2P Chunksize set to 131072
dmserver1:3668562:3671393 [0] NCCL INFO Channel 00 : 1[1] -> 2[4] via SHM/direct/direct
dmserver1:3668562:3671393 [0] NCCL INFO Channel 01 : 1[1] -> 2[4] via SHM/direct/direct
dmserver1:3668562:3671393 [0] NCCL INFO Connected all rings
dmserver1:3668562:3671393 [0] NCCL INFO Channel 00/0 : 1[1] -> 0[0] via P2P/CUMEM
dmserver1:3668562:3671393 [0] NCCL INFO Channel 01/0 : 1[1] -> 0[0] via P2P/CUMEM
dmserver1:3668562:3671393 [0] NCCL INFO Connected all trees
dmserver1:3668562:3671393 [0] NCCL INFO threadThresholds 8/8/64 | 32/8/64 | 512 | 512
dmserver1:3668562:3671393 [0] NCCL INFO 2 coll channels, 2 collnet channels, 0 nvls channels, 2 p2p channels, 2 p2p channels per peer
dmserver1:3668562:3671393 [0] NCCL INFO ncclCommInitRank comm 0x5608d2a7c9c0 rank 1 nranks 4 cudaDev 0 nvmlDev 1 busId 1c000 commId 0x607798b998ec73ac - Init COMPLETE
dmserver1:3668562:3671409 [0] NCCL INFO Channel 00 : 1[1] -> 2[4] via SHM/direct/direct
dmserver1:3668562:3671409 [0] NCCL INFO Channel 01 : 1[1] -> 2[4] via SHM/direct/direct
dmserver1:3668562:3671409 [0] NCCL INFO Channel 00 : 1[1] -> 3[5] via SHM/direct/direct
dmserver1:3668562:3671409 [0] NCCL INFO Channel 01 : 1[1] -> 3[5] via SHM/direct/direct
dmserver1:3668562:3671409 [0] NCCL INFO Channel 00/1 : 1[1] -> 0[0] via P2P/CUMEM
dmserver1:3668562:3671409 [0] NCCL INFO Channel 01/1 : 1[1] -> 0[0] via P2P/CUMEM
dmserver1:3668562:3671397 [0] NCCL INFO [Service thread] Connection closed by localRank 1
dmserver1:3668562:3671720 [0] NCCL INFO comm 0x5608d2a7c9c0 rank 1 nranks 4 cudaDev 0 busId 1c000 - Abort COMPLETE
