BR event=0 split_controller
BR event=0 split_controller
BR event=0 split_controller
BR event=0 split_controller
BR event=0 split_controller
BR event=0 split_controller
BR event=0 split_controller
BR event=0 split_controller
BR event=0 split_controller
BR event=0 split_controllerBR event=0 split_controller

BR event=0 split_controller
BR event=0 split_controller
BR event=0 split_controller
BR event=0 split_controller
BR event=0 split_controller
BR event=768 split_controllerBR event=768 split_controllerBR event=768 split_controller
BR event=768 split_controllerBR event=768 split_controller
BR event=768 split_controller
BR event=768 split_controllerBR event=768 split_controller




BR event=1536 split_controllerBR event=1536 split_controller

BR event=1536 split_controllerBR event=1536 split_controllerBR event=1536 split_controllerBR event=1536 split_controllerBR event=1536 split_controller
BR event=1536 split_controller




BR event=2304 split_controllerBR event=2304 split_controllerBR event=2304 split_controllerBR event=2304 split_controllerBR event=2304 split_controllerBR event=2304 split_controller
BR event=2304 split_controller
BR event=2304 split_controller





{"status": "PASS", "expert_executor": "native", "repeat": 0, "TTFT": 1.86994589, "TPOT": 0.5981544234761904, "E2E": 39.553674569, "throughput": 207.11097234997325, "output_tokens": 64, "global_requests": 128, "smoke": false}
{"status": "PASS", "expert_executor": "native", "repeat": 1, "TTFT": 3.156408036, "TPOT": 0.4313489264285715, "E2E": 30.331390401, "throughput": 270.08323363013113, "output_tokens": 64, "global_requests": 128, "smoke": false}
{"status": "PASS", "expert_executor": "native", "repeat": 2, "TTFT": 1.807326813, "TPOT": 0.42539654600000004, "E2E": 28.607309211, "throughput": 286.3603822218287, "output_tokens": 64, "global_requests": 128, "smoke": false}
{"status": "PASS", "expert_executor": "native", "repeat": 3, "TTFT": 1.820814014, "TPOT": 0.4262829179365079, "E2E": 28.676637844, "throughput": 285.66807742819157, "output_tokens": 64, "global_requests": 128, "smoke": false}
