BR event=0 split_controller
BR event=0 split_controller
BR event=0 split_controller
BR event=0 split_controller
BR event=0 split_controller
BR event=0 split_controller
BR event=0 split_controller
BR event=0 split_controller
BR event=0 split_controllerBR event=0 split_controller

BR event=0 split_controller
BR event=0 split_controller
BR event=0 split_controller
BR event=0 split_controller
BR event=0 split_controller
BR event=0 split_controller
BR event=768 split_controllerBR event=768 split_controllerBR event=768 split_controllerBR event=768 split_controllerBR event=768 split_controllerBR event=768 split_controller
BR event=768 split_controller

BR event=768 split_controller




BR event=1536 split_controller
BR event=1536 split_controllerBR event=1536 split_controller

BR event=1536 split_controllerBR event=1536 split_controllerBR event=1536 split_controller


BR event=1536 split_controller
BR event=1536 split_controller
BR event=2304 split_controllerBR event=2304 split_controllerBR event=2304 split_controller

BR event=2304 split_controllerBR event=2304 split_controllerBR event=2304 split_controller
BR event=2304 split_controllerBR event=2304 split_controller




{"status": "PASS", "expert_executor": "native", "repeat": 0, "TTFT": 1.85042197, "TPOT": 0.5952584081587301, "E2E": 39.351701684, "throughput": 208.17397086873078, "output_tokens": 64, "global_requests": 128, "smoke": false}
{"status": "PASS", "expert_executor": "native", "repeat": 1, "TTFT": 3.14486122, "TPOT": 0.4307321392698413, "E2E": 30.280985994, "throughput": 270.5328023870556, "output_tokens": 64, "global_requests": 128, "smoke": false}
{"status": "PASS", "expert_executor": "native", "repeat": 2, "TTFT": 1.851434168, "TPOT": 0.4244416838888889, "E2E": 28.591260253, "throughput": 286.52112315127613, "output_tokens": 64, "global_requests": 128, "smoke": false}
{"status": "PASS", "expert_executor": "native", "repeat": 3, "TTFT": 1.836605661, "TPOT": 0.4233054804285714, "E2E": 28.504850928, "throughput": 287.3896804684949, "output_tokens": 64, "global_requests": 128, "smoke": false}
