NCCL version 2.21.5+cuda12.4
LA_CA_NEAR event=0 split_controllerLA_CA_NEAR event=0 split_controllerLA_CA_NEAR event=0 split_controller


LA_CA_NEAR event=0 split_controller
LA_CA_NEAR event=0 split_controllerLA_CA_NEAR event=0 split_controllerLA_CA_NEAR event=0 split_controller


LA_CA_NEAR event=0 split_controller
LA_CA_NEAR event=768 split_controllerLA_CA_NEAR event=768 split_controllerLA_CA_NEAR event=768 split_controller


LA_CA_NEAR event=768 split_controller
LA_CA_NEAR event=1536 split_controllerLA_CA_NEAR event=1536 split_controllerLA_CA_NEAR event=1536 split_controller


LA_CA_NEAR event=1536 split_controller
LA_CA_NEAR event=2304 split_controllerLA_CA_NEAR event=2304 split_controllerLA_CA_NEAR event=2304 split_controller


LA_CA_NEAR event=2304 split_controller
{"status": "PASS", "candidate": "_warmup", "arm": "R-NEAR", "repeat": 0, "TTFT": 15.393404587, "TPOT": 3.3521823694126986, "E2E": 226.58089386, "throughput": 72.30971562025596, "output_tokens": 64, "decode_forwards": 63, "local_batch": 64, "global_requests": 256, "smoke": false, "profiled": false, "nomination": false}
LA_CA_NEAR event=0 split_controllerLA_CA_NEAR event=0 split_controllerLA_CA_NEAR event=0 split_controller


LA_CA_NEAR event=0 split_controller
LA_CA_NEAR event=768 split_controllerLA_CA_NEAR event=768 split_controllerLA_CA_NEAR event=768 split_controller


LA_CA_NEAR event=768 split_controller
LA_CA_NEAR event=1536 split_controllerLA_CA_NEAR event=1536 split_controllerLA_CA_NEAR event=1536 split_controller


LA_CA_NEAR event=1536 split_controller
LA_CA_NEAR event=2304 split_controllerLA_CA_NEAR event=2304 split_controllerLA_CA_NEAR event=2304 split_controller


LA_CA_NEAR event=2304 split_controller
{"status": "PASS", "candidate": "_warmup", "arm": "G-NEAR", "repeat": 0, "TTFT": 16.32363312, "TPOT": 3.385458739174603, "E2E": 229.607533688, "throughput": 71.35654365010184, "output_tokens": 64, "decode_forwards": 63, "local_batch": 64, "global_requests": 256, "smoke": false, "profiled": false, "nomination": false}
{"status": "PASS", "candidate": "coherent_0", "arm": "R-NEAR", "repeat": 1, "TTFT": 15.016087611, "TPOT": 1.7102370984920634, "E2E": 122.761024816, "throughput": 133.4625547852595, "output_tokens": 64, "decode_forwards": 63, "local_batch": 64, "global_requests": 256, "smoke": false, "profiled": false, "nomination": false}
{"status": "PASS", "candidate": "coherent_0", "arm": "G-NEAR", "repeat": 1, "TTFT": 15.377493312, "TPOT": 1.5384869164603174, "E2E": 112.302169049, "throughput": 145.89210643697618, "output_tokens": 64, "decode_forwards": 63, "local_batch": 64, "global_requests": 256, "smoke": false, "profiled": false, "nomination": false}
{"status": "PASS", "candidate": "family_7", "arm": "G-NEAR", "repeat": 1, "TTFT": 15.200064761, "TPOT": 1.7927536659523808, "E2E": 128.143545716, "throughput": 127.85661508314494, "output_tokens": 64, "decode_forwards": 63, "local_batch": 64, "global_requests": 256, "smoke": false, "profiled": false, "nomination": false}
{"status": "PASS", "candidate": "family_7", "arm": "R-NEAR", "repeat": 1, "TTFT": 15.009519953, "TPOT": 1.7999111432380952, "E2E": 128.403921977, "throughput": 127.59734864589835, "output_tokens": 64, "decode_forwards": 63, "local_batch": 64, "global_requests": 256, "smoke": false, "profiled": false, "nomination": false}
{"status": "PASS", "candidate": "family_2", "arm": "R-NEAR", "repeat": 1, "TTFT": 15.392124376, "TPOT": 1.1141893058253967, "E2E": 85.586050643, "throughput": 191.43306504866786, "output_tokens": 64, "decode_forwards": 63, "local_batch": 64, "global_requests": 256, "smoke": false, "profiled": false, "nomination": false}
{"status": "PASS", "candidate": "family_2", "arm": "G-NEAR", "repeat": 1, "TTFT": 15.437421096, "TPOT": 1.1747348020952382, "E2E": 89.445713628, "throughput": 183.17255612873964, "output_tokens": 64, "decode_forwards": 63, "local_batch": 64, "global_requests": 256, "smoke": false, "profiled": false, "nomination": false}
{"status": "PASS", "candidate": "previous_best_control", "arm": "G-NEAR", "repeat": 1, "TTFT": 16.486700357, "TPOT": 1.9696362880793652, "E2E": 140.573786506, "throughput": 116.55089051258282, "output_tokens": 64, "decode_forwards": 63, "local_batch": 64, "global_requests": 256, "smoke": false, "profiled": false, "nomination": false}
{"status": "PASS", "candidate": "previous_best_control", "arm": "R-NEAR", "repeat": 1, "TTFT": 16.64759692, "TPOT": 1.8835921314920636, "E2E": 135.313901204, "throughput": 121.0814251471428, "output_tokens": 64, "decode_forwards": 63, "local_batch": 64, "global_requests": 256, "smoke": false, "profiled": false, "nomination": false}
{"status": "PASS", "candidate": "coherent_0", "arm": "G-NEAR", "repeat": 2, "TTFT": 15.394539345, "TPOT": 1.5371311802063492, "E2E": 112.233803698, "throughput": 145.98097418213013, "output_tokens": 64, "decode_forwards": 63, "local_batch": 64, "global_requests": 256, "smoke": false, "profiled": false, "nomination": false}
{"status": "PASS", "candidate": "coherent_0", "arm": "R-NEAR", "repeat": 2, "TTFT": 15.219547885, "TPOT": 1.5813567813015874, "E2E": 114.845025107, "throughput": 142.6618173903065, "output_tokens": 64, "decode_forwards": 63, "local_batch": 64, "global_requests": 256, "smoke": false, "profiled": false, "nomination": false}
{"status": "PASS", "candidate": "family_7", "arm": "R-NEAR", "repeat": 2, "TTFT": 15.571917856, "TPOT": 1.8083524479523811, "E2E": 129.498122077, "throughput": 126.51920921492606, "output_tokens": 64, "decode_forwards": 63, "local_batch": 64, "global_requests": 256, "smoke": false, "profiled": false, "nomination": false}
{"status": "PASS", "candidate": "family_7", "arm": "G-NEAR", "repeat": 2, "TTFT": 15.017669897, "TPOT": 1.810109399, "E2E": 129.054562034, "throughput": 126.95405525984863, "output_tokens": 64, "decode_forwards": 63, "local_batch": 64, "global_requests": 256, "smoke": false, "profiled": false, "nomination": false}
{"status": "PASS", "candidate": "family_2", "arm": "G-NEAR", "repeat": 2, "TTFT": 15.780550459, "TPOT": 1.117798918936508, "E2E": 86.201882352, "throughput": 190.06545510336954, "output_tokens": 64, "decode_forwards": 63, "local_batch": 64, "global_requests": 256, "smoke": false, "profiled": false, "nomination": false}
{"status": "PASS", "candidate": "family_2", "arm": "R-NEAR", "repeat": 2, "TTFT": 15.343914067, "TPOT": 1.1764666010793652, "E2E": 89.461309935, "throughput": 183.14062259879876, "output_tokens": 64, "decode_forwards": 63, "local_batch": 64, "global_requests": 256, "smoke": false, "profiled": false, "nomination": false}
{"status": "PASS", "candidate": "previous_best_control", "arm": "R-NEAR", "repeat": 2, "TTFT": 16.618066444, "TPOT": 1.9920221228888888, "E2E": 142.115460186, "throughput": 115.28654221403289, "output_tokens": 64, "decode_forwards": 63, "local_batch": 64, "global_requests": 256, "smoke": false, "profiled": false, "nomination": false}
{"status": "PASS", "candidate": "previous_best_control", "arm": "G-NEAR", "repeat": 2, "TTFT": 16.434590199, "TPOT": 1.9795016368730158, "E2E": 141.143193322, "throughput": 116.08069517473659, "output_tokens": 64, "decode_forwards": 63, "local_batch": 64, "global_requests": 256, "smoke": false, "profiled": false, "nomination": false}
{"status": "PASS", "candidate": "coherent_0", "arm": "R-NEAR", "repeat": 3, "TTFT": 16.511212515, "TPOT": 1.661662769031746, "E2E": 121.195966964, "throughput": 135.18601658474904, "output_tokens": 64, "decode_forwards": 63, "local_batch": 64, "global_requests": 256, "smoke": false, "profiled": false, "nomination": false}
{"status": "PASS", "candidate": "coherent_0", "arm": "G-NEAR", "repeat": 3, "TTFT": 16.447914076, "TPOT": 1.5984980402698414, "E2E": 117.153290613, "throughput": 139.8509586395001, "output_tokens": 64, "decode_forwards": 63, "local_batch": 64, "global_requests": 256, "smoke": false, "profiled": false, "nomination": false}
{"status": "PASS", "candidate": "family_7", "arm": "G-NEAR", "repeat": 3, "TTFT": 16.660168952, "TPOT": 1.8898788553174604, "E2E": 135.722536837, "throughput": 120.71687121260376, "output_tokens": 64, "decode_forwards": 63, "local_batch": 64, "global_requests": 256, "smoke": false, "profiled": false, "nomination": false}
{"status": "PASS", "candidate": "family_7", "arm": "R-NEAR", "repeat": 3, "TTFT": 15.300159715, "TPOT": 1.8415702147142856, "E2E": 131.319083242, "throughput": 124.76480642045694, "output_tokens": 64, "decode_forwards": 63, "local_batch": 64, "global_requests": 256, "smoke": false, "profiled": false, "nomination": false}
{"status": "PASS", "candidate": "family_2", "arm": "R-NEAR", "repeat": 3, "TTFT": 15.559632674, "TPOT": 1.1342917324603174, "E2E": 87.020011819, "throughput": 188.27853108177476, "output_tokens": 64, "decode_forwards": 63, "local_batch": 64, "global_requests": 256, "smoke": false, "profiled": false, "nomination": false}
{"status": "PASS", "candidate": "family_2", "arm": "G-NEAR", "repeat": 3, "TTFT": 15.868487784, "TPOT": 1.1417806161269841, "E2E": 87.8006666, "throughput": 186.60450580223727, "output_tokens": 64, "decode_forwards": 63, "local_batch": 64, "global_requests": 256, "smoke": false, "profiled": false, "nomination": false}
{"status": "PASS", "candidate": "previous_best_control", "arm": "G-NEAR", "repeat": 3, "TTFT": 15.605034546, "TPOT": 1.9756018272698412, "E2E": 140.067949664, "throughput": 116.97179861133489, "output_tokens": 64, "decode_forwards": 63, "local_batch": 64, "global_requests": 256, "smoke": false, "profiled": false, "nomination": false}
{"status": "PASS", "candidate": "previous_best_control", "arm": "R-NEAR", "repeat": 3, "TTFT": 15.296572642, "TPOT": 1.9746417022698413, "E2E": 139.698999885, "throughput": 117.28072508383941, "output_tokens": 64, "decode_forwards": 63, "local_batch": 64, "global_requests": 256, "smoke": false, "profiled": false, "nomination": false}
{"status": "PASS", "candidate": "coherent_0", "arm": "G-NEAR", "repeat": 4, "TTFT": 16.764196373, "TPOT": 1.6681600045714287, "E2E": 121.858276661, "throughput": 134.45126953156395, "output_tokens": 64, "decode_forwards": 63, "local_batch": 64, "global_requests": 256, "smoke": false, "profiled": false, "nomination": false}
{"status": "PASS", "candidate": "coherent_0", "arm": "R-NEAR", "repeat": 4, "TTFT": 16.413177504, "TPOT": 1.6570021166349205, "E2E": 120.804310852, "throughput": 135.624299202968, "output_tokens": 64, "decode_forwards": 63, "local_batch": 64, "global_requests": 256, "smoke": false, "profiled": false, "nomination": false}
{"status": "PASS", "candidate": "family_7", "arm": "R-NEAR", "repeat": 4, "TTFT": 16.729590282, "TPOT": 1.8469581816031746, "E2E": 133.087955723, "throughput": 123.10655694569776, "output_tokens": 64, "decode_forwards": 63, "local_batch": 64, "global_requests": 256, "smoke": false, "profiled": false, "nomination": false}
{"status": "PASS", "candidate": "family_7", "arm": "G-NEAR", "repeat": 4, "TTFT": 15.013602038, "TPOT": 1.8821718316349205, "E2E": 133.590427431, "throughput": 122.64351806541231, "output_tokens": 64, "decode_forwards": 63, "local_batch": 64, "global_requests": 256, "smoke": false, "profiled": false, "nomination": false}
{"status": "PASS", "candidate": "family_2", "arm": "G-NEAR", "repeat": 4, "TTFT": 16.601776581, "TPOT": 1.3121369112222223, "E2E": 99.266401988, "throughput": 165.05080945696622, "output_tokens": 64, "decode_forwards": 63, "local_batch": 64, "global_requests": 256, "smoke": false, "profiled": false, "nomination": false}
{"status": "PASS", "candidate": "family_2", "arm": "R-NEAR", "repeat": 4, "TTFT": 16.463149863, "TPOT": 1.132236243095238, "E2E": 87.794033178, "throughput": 186.61860501136664, "output_tokens": 64, "decode_forwards": 63, "local_batch": 64, "global_requests": 256, "smoke": false, "profiled": false, "nomination": false}
{"status": "PASS", "candidate": "previous_best_control", "arm": "R-NEAR", "repeat": 4, "TTFT": 15.201527891, "TPOT": 1.850717364126984, "E2E": 131.796721831, "throughput": 124.31265188074129, "output_tokens": 64, "decode_forwards": 63, "local_batch": 64, "global_requests": 256, "smoke": false, "profiled": false, "nomination": false}
{"status": "PASS", "candidate": "previous_best_control", "arm": "G-NEAR", "repeat": 4, "TTFT": 15.096012995, "TPOT": 1.839162296047619, "E2E": 130.963237646, "throughput": 125.1038100041994, "output_tokens": 64, "decode_forwards": 63, "local_batch": 64, "global_requests": 256, "smoke": false, "profiled": false, "nomination": false}
{"status": "PASS", "candidate": "coherent_0", "arm": "R-NEAR", "repeat": 5, "TTFT": 15.316968658, "TPOT": 1.5624716756190478, "E2E": 113.752684222, "throughput": 144.03176603749367, "output_tokens": 64, "decode_forwards": 63, "local_batch": 64, "global_requests": 256, "smoke": false, "profiled": false, "nomination": false}
{"status": "PASS", "candidate": "coherent_0", "arm": "G-NEAR", "repeat": 5, "TTFT": 15.636444553, "TPOT": 1.5320817402222222, "E2E": 112.157594187, "throughput": 146.08016620509002, "output_tokens": 64, "decode_forwards": 63, "local_batch": 64, "global_requests": 256, "smoke": false, "profiled": false, "nomination": false}
{"status": "PASS", "candidate": "family_7", "arm": "G-NEAR", "repeat": 5, "TTFT": 15.307328835, "TPOT": 1.7930628575079364, "E2E": 128.270288858, "throughput": 127.73028068984628, "output_tokens": 64, "decode_forwards": 63, "local_batch": 64, "global_requests": 256, "smoke": false, "profiled": false, "nomination": false}
{"status": "PASS", "candidate": "family_7", "arm": "R-NEAR", "repeat": 5, "TTFT": 15.05417333, "TPOT": 1.800343108888889, "E2E": 128.47578919, "throughput": 127.52597281788294, "output_tokens": 64, "decode_forwards": 63, "local_batch": 64, "global_requests": 256, "smoke": false, "profiled": false, "nomination": false}
{"status": "PASS", "candidate": "family_2", "arm": "R-NEAR", "repeat": 5, "TTFT": 15.821516606, "TPOT": 1.113127847952381, "E2E": 85.948571027, "throughput": 190.62562418697, "output_tokens": 64, "decode_forwards": 63, "local_batch": 64, "global_requests": 256, "smoke": false, "profiled": false, "nomination": false}
{"status": "PASS", "candidate": "family_2", "arm": "G-NEAR", "repeat": 5, "TTFT": 15.509766788, "TPOT": 1.1144661515873018, "E2E": 85.721134338, "throughput": 191.1313951516039, "output_tokens": 64, "decode_forwards": 63, "local_batch": 64, "global_requests": 256, "smoke": false, "profiled": false, "nomination": false}
{"status": "PASS", "candidate": "previous_best_control", "arm": "G-NEAR", "repeat": 5, "TTFT": 15.184667298, "TPOT": 1.873023852063492, "E2E": 133.185169978, "throughput": 123.01669925192397, "output_tokens": 64, "decode_forwards": 63, "local_batch": 64, "global_requests": 256, "smoke": false, "profiled": false, "nomination": false}
{"status": "PASS", "candidate": "previous_best_control", "arm": "R-NEAR", "repeat": 5, "TTFT": 15.132811483, "TPOT": 1.8532297915714284, "E2E": 131.886288352, "throughput": 124.22822876227787, "output_tokens": 64, "decode_forwards": 63, "local_batch": 64, "global_requests": 256, "smoke": false, "profiled": false, "nomination": false}
{"status": "PASS", "candidate": "coherent_0", "arm": "G-NEAR", "repeat": -1, "TTFT": 15.475056618, "TPOT": 1.541033742, "E2E": 112.560182364, "throughput": 145.55768883722132, "output_tokens": 64, "decode_forwards": 63, "local_batch": 64, "global_requests": 256, "smoke": false, "profiled": true, "nomination": false}
{"status": "PASS", "candidate": "coherent_0", "arm": "R-NEAR", "repeat": -1, "TTFT": 15.25985725, "TPOT": 1.5615329217936509, "E2E": 113.636431323, "throughput": 144.17911412080645, "output_tokens": 64, "decode_forwards": 63, "local_batch": 64, "global_requests": 256, "smoke": false, "profiled": true, "nomination": false}
{"status": "PASS", "candidate": "family_7", "arm": "G-NEAR", "repeat": -1, "TTFT": 15.352438407, "TPOT": 1.799703966015873, "E2E": 128.733788266, "throughput": 127.27039435945188, "output_tokens": 64, "decode_forwards": 63, "local_batch": 64, "global_requests": 256, "smoke": false, "profiled": true, "nomination": false}
{"status": "PASS", "candidate": "family_7", "arm": "R-NEAR", "repeat": -1, "TTFT": 15.120701025, "TPOT": 1.8140430142380952, "E2E": 129.405410922, "throughput": 126.60985258085978, "output_tokens": 64, "decode_forwards": 63, "local_batch": 64, "global_requests": 256, "smoke": false, "profiled": true, "nomination": false}
{"status": "PASS", "candidate": "family_2", "arm": "G-NEAR", "repeat": -1, "TTFT": 15.452791388, "TPOT": 1.1145856044603175, "E2E": 85.671684469, "throughput": 191.24171657822944, "output_tokens": 64, "decode_forwards": 63, "local_batch": 64, "global_requests": 256, "smoke": false, "profiled": true, "nomination": false}
{"status": "PASS", "candidate": "family_2", "arm": "R-NEAR", "repeat": -1, "TTFT": 15.887257439, "TPOT": 1.117309689063492, "E2E": 86.27776785, "throughput": 189.8982832806331, "output_tokens": 64, "decode_forwards": 63, "local_batch": 64, "global_requests": 256, "smoke": false, "profiled": true, "nomination": false}
{"status": "PASS", "candidate": "previous_best_control", "arm": "G-NEAR", "repeat": -1, "TTFT": 15.134451098, "TPOT": 1.8466623026666669, "E2E": 131.474176166, "throughput": 124.61762817447492, "output_tokens": 64, "decode_forwards": 63, "local_batch": 64, "global_requests": 256, "smoke": false, "profiled": true, "nomination": false}
{"status": "PASS", "candidate": "previous_best_control", "arm": "R-NEAR", "repeat": -1, "TTFT": 15.156966736, "TPOT": 1.8596825504761905, "E2E": 132.316967416, "throughput": 123.82387776836863, "output_tokens": 64, "decode_forwards": 63, "local_batch": 64, "global_requests": 256, "smoke": false, "profiled": true, "nomination": false}
