NCCL version 2.21.5+cuda12.4
LA_CA_NEAR event=0 split_controllerLA_CA_NEAR event=0 split_controllerLA_CA_NEAR event=0 split_controller


LA_CA_NEAR event=0 split_controller
LA_CA_NEAR event=0 split_controllerLA_CA_NEAR event=0 split_controllerLA_CA_NEAR event=0 split_controller


LA_CA_NEAR event=0 split_controller
LA_CA_NEAR event=768 split_controllerLA_CA_NEAR event=768 split_controllerLA_CA_NEAR event=768 split_controller


LA_CA_NEAR event=768 split_controller
LA_CA_NEAR event=1536 split_controllerLA_CA_NEAR event=1536 split_controllerLA_CA_NEAR event=1536 split_controller


LA_CA_NEAR event=1536 split_controller
LA_CA_NEAR event=2304 split_controllerLA_CA_NEAR event=2304 split_controllerLA_CA_NEAR event=2304 split_controller


LA_CA_NEAR event=2304 split_controller
{"status": "PASS", "candidate": "_warmup", "arm": "R-NEAR", "repeat": 0, "TTFT": 9.376130116, "TPOT": 2.525836211, "E2E": 168.503811409, "throughput": 48.61611100366157, "output_tokens": 64, "decode_forwards": 63, "local_batch": 32, "global_requests": 128, "smoke": false, "profiled": false, "nomination": false}
LA_CA_NEAR event=0 split_controllerLA_CA_NEAR event=0 split_controller

LA_CA_NEAR event=0 split_controllerLA_CA_NEAR event=0 split_controller

LA_CA_NEAR event=768 split_controllerLA_CA_NEAR event=768 split_controllerLA_CA_NEAR event=768 split_controller


LA_CA_NEAR event=768 split_controller
LA_CA_NEAR event=1536 split_controllerLA_CA_NEAR event=1536 split_controller

LA_CA_NEAR event=1536 split_controller
LA_CA_NEAR event=1536 split_controller
LA_CA_NEAR event=2304 split_controllerLA_CA_NEAR event=2304 split_controllerLA_CA_NEAR event=2304 split_controller


LA_CA_NEAR event=2304 split_controller
{"status": "PASS", "candidate": "_warmup", "arm": "G-NEAR", "repeat": 0, "TTFT": 9.387799079, "TPOT": 2.6179036675396823, "E2E": 174.315730134, "throughput": 46.99518507998472, "output_tokens": 64, "decode_forwards": 63, "local_batch": 32, "global_requests": 128, "smoke": false, "profiled": false, "nomination": false}
{"status": "PASS", "candidate": "family_2", "arm": "R-NEAR", "repeat": 1, "TTFT": 9.802181864, "TPOT": 0.8604848174761904, "E2E": 64.012725365, "throughput": 127.97455432946009, "output_tokens": 64, "decode_forwards": 63, "local_batch": 32, "global_requests": 128, "smoke": false, "profiled": false, "nomination": false}
{"status": "PASS", "candidate": "family_2", "arm": "G-NEAR", "repeat": 1, "TTFT": 9.773187892, "TPOT": 0.8918242295873016, "E2E": 65.958114356, "throughput": 124.20003330878728, "output_tokens": 64, "decode_forwards": 63, "local_batch": 32, "global_requests": 128, "smoke": false, "profiled": false, "nomination": false}
{"status": "PASS", "candidate": "family_5", "arm": "G-NEAR", "repeat": 1, "TTFT": 9.197075089, "TPOT": 1.317124963984127, "E2E": 92.17594782, "throughput": 88.87350977933237, "output_tokens": 64, "decode_forwards": 63, "local_batch": 32, "global_requests": 128, "smoke": false, "profiled": false, "nomination": false}
{"status": "PASS", "candidate": "family_5", "arm": "R-NEAR", "repeat": 1, "TTFT": 9.862569506, "TPOT": 1.315162766920635, "E2E": 92.717823822, "throughput": 88.35410131850193, "output_tokens": 64, "decode_forwards": 63, "local_batch": 32, "global_requests": 128, "smoke": false, "profiled": false, "nomination": false}
{"status": "PASS", "candidate": "coherent_0", "arm": "R-NEAR", "repeat": 1, "TTFT": 10.219037006, "TPOT": 1.423425656873016, "E2E": 99.894853389, "throughput": 82.00622676825579, "output_tokens": 64, "decode_forwards": 63, "local_batch": 32, "global_requests": 128, "smoke": false, "profiled": false, "nomination": false}
{"status": "PASS", "candidate": "coherent_0", "arm": "G-NEAR", "repeat": 1, "TTFT": 10.159970337, "TPOT": 1.4000151672539682, "E2E": 98.360925874, "throughput": 83.2851046003158, "output_tokens": 64, "decode_forwards": 63, "local_batch": 32, "global_requests": 128, "smoke": false, "profiled": false, "nomination": false}
{"status": "PASS", "candidate": "previous_best_control", "arm": "G-NEAR", "repeat": 1, "TTFT": 10.05157675, "TPOT": 1.5287441399365078, "E2E": 106.362457566, "throughput": 77.01965700554355, "output_tokens": 64, "decode_forwards": 63, "local_batch": 32, "global_requests": 128, "smoke": false, "profiled": false, "nomination": false}
{"status": "PASS", "candidate": "previous_best_control", "arm": "R-NEAR", "repeat": 1, "TTFT": 10.035403113, "TPOT": 1.5653557043333333, "E2E": 108.652812486, "throughput": 75.39611550373392, "output_tokens": 64, "decode_forwards": 63, "local_batch": 32, "global_requests": 128, "smoke": false, "profiled": false, "nomination": false}
{"status": "PASS", "candidate": "family_2", "arm": "G-NEAR", "repeat": 2, "TTFT": 9.393162701, "TPOT": 0.8884106292539683, "E2E": 65.363032344, "throughput": 125.33078264922304, "output_tokens": 64, "decode_forwards": 63, "local_batch": 32, "global_requests": 128, "smoke": false, "profiled": false, "nomination": false}
{"status": "PASS", "candidate": "family_2", "arm": "R-NEAR", "repeat": 2, "TTFT": 9.744287535, "TPOT": 0.8725316644285714, "E2E": 64.713782394, "throughput": 126.58818101720983, "output_tokens": 64, "decode_forwards": 63, "local_batch": 32, "global_requests": 128, "smoke": false, "profiled": false, "nomination": false}
{"status": "PASS", "candidate": "family_5", "arm": "R-NEAR", "repeat": 2, "TTFT": 10.172945606, "TPOT": 1.3079789456349205, "E2E": 92.575619181, "throughput": 88.48982132091759, "output_tokens": 64, "decode_forwards": 63, "local_batch": 32, "global_requests": 128, "smoke": false, "profiled": false, "nomination": false}
{"status": "PASS", "candidate": "family_5", "arm": "G-NEAR", "repeat": 2, "TTFT": 10.080573622, "TPOT": 1.2940737693650795, "E2E": 91.607221092, "throughput": 89.42526475912717, "output_tokens": 64, "decode_forwards": 63, "local_batch": 32, "global_requests": 128, "smoke": false, "profiled": false, "nomination": false}
{"status": "PASS", "candidate": "coherent_0", "arm": "G-NEAR", "repeat": 2, "TTFT": 10.135739296, "TPOT": 1.3924272406031746, "E2E": 97.858655454, "throughput": 83.71257465161861, "output_tokens": 64, "decode_forwards": 63, "local_batch": 32, "global_requests": 128, "smoke": false, "profiled": false, "nomination": false}
{"status": "PASS", "candidate": "coherent_0", "arm": "R-NEAR", "repeat": 2, "TTFT": 9.440497622, "TPOT": 1.4604132442222222, "E2E": 101.446532008, "throughput": 80.75189794909879, "output_tokens": 64, "decode_forwards": 63, "local_batch": 32, "global_requests": 128, "smoke": false, "profiled": false, "nomination": false}
{"status": "PASS", "candidate": "previous_best_control", "arm": "R-NEAR", "repeat": 2, "TTFT": 9.760162891, "TPOT": 1.6013276769206348, "E2E": 110.643806537, "throughput": 74.03939051265867, "output_tokens": 64, "decode_forwards": 63, "local_batch": 32, "global_requests": 128, "smoke": false, "profiled": false, "nomination": false}
{"status": "PASS", "candidate": "previous_best_control", "arm": "G-NEAR", "repeat": 2, "TTFT": 10.090294571, "TPOT": 1.5983703313333333, "E2E": 110.787625445, "throughput": 73.94327630992399, "output_tokens": 64, "decode_forwards": 63, "local_batch": 32, "global_requests": 128, "smoke": false, "profiled": false, "nomination": false}
{"status": "PASS", "candidate": "family_2", "arm": "R-NEAR", "repeat": 3, "TTFT": 11.164102403, "TPOT": 0.8891468302380953, "E2E": 67.180352708, "throughput": 121.94041367431637, "output_tokens": 64, "decode_forwards": 63, "local_batch": 32, "global_requests": 128, "smoke": false, "profiled": false, "nomination": false}
{"status": "PASS", "candidate": "family_2", "arm": "G-NEAR", "repeat": 3, "TTFT": 10.177925323, "TPOT": 0.9011978385079364, "E2E": 66.953389149, "throughput": 122.3537763229474, "output_tokens": 64, "decode_forwards": 63, "local_batch": 32, "global_requests": 128, "smoke": false, "profiled": false, "nomination": false}
{"status": "PASS", "candidate": "family_5", "arm": "G-NEAR", "repeat": 3, "TTFT": 9.850428065, "TPOT": 1.3288810253968253, "E2E": 93.569932665, "throughput": 87.54949123805699, "output_tokens": 64, "decode_forwards": 63, "local_batch": 32, "global_requests": 128, "smoke": false, "profiled": false, "nomination": false}
{"status": "PASS", "candidate": "family_5", "arm": "R-NEAR", "repeat": 3, "TTFT": 9.4136804, "TPOT": 1.331647598190476, "E2E": 93.307479086, "throughput": 87.79574885363225, "output_tokens": 64, "decode_forwards": 63, "local_batch": 32, "global_requests": 128, "smoke": false, "profiled": false, "nomination": false}
{"status": "PASS", "candidate": "coherent_0", "arm": "R-NEAR", "repeat": 3, "TTFT": 9.730880754, "TPOT": 1.4451444767142858, "E2E": 100.774982787, "throughput": 81.29001636561699, "output_tokens": 64, "decode_forwards": 63, "local_batch": 32, "global_requests": 128, "smoke": false, "profiled": false, "nomination": false}
{"status": "PASS", "candidate": "coherent_0", "arm": "G-NEAR", "repeat": 3, "TTFT": 10.135812736, "TPOT": 1.4216446125555555, "E2E": 99.699423327, "throughput": 82.16697475903545, "output_tokens": 64, "decode_forwards": 63, "local_batch": 32, "global_requests": 128, "smoke": false, "profiled": false, "nomination": false}
{"status": "PASS", "candidate": "previous_best_control", "arm": "G-NEAR", "repeat": 3, "TTFT": 9.432518046, "TPOT": 1.5278769403333332, "E2E": 105.688765287, "throughput": 77.5106036838869, "output_tokens": 64, "decode_forwards": 63, "local_batch": 32, "global_requests": 128, "smoke": false, "profiled": false, "nomination": false}
{"status": "PASS", "candidate": "previous_best_control", "arm": "R-NEAR", "repeat": 3, "TTFT": 10.092861111, "TPOT": 1.5830333741111111, "E2E": 109.82396368, "throughput": 74.59209926049903, "output_tokens": 64, "decode_forwards": 63, "local_batch": 32, "global_requests": 128, "smoke": false, "profiled": false, "nomination": false}
{"status": "PASS", "candidate": "family_2", "arm": "G-NEAR", "repeat": -1, "TTFT": 9.589478598, "TPOT": 0.8388029328571428, "E2E": 62.434063368, "throughput": 131.21042517631062, "output_tokens": 64, "decode_forwards": 63, "local_batch": 32, "global_requests": 128, "smoke": false, "profiled": true, "nomination": false}
{"status": "PASS", "candidate": "family_2", "arm": "R-NEAR", "repeat": -1, "TTFT": 10.271190344, "TPOT": 0.8962264958412698, "E2E": 66.733459582, "throughput": 122.75701052084563, "output_tokens": 64, "decode_forwards": 63, "local_batch": 32, "global_requests": 128, "smoke": false, "profiled": true, "nomination": false}
{"status": "PASS", "candidate": "family_5", "arm": "G-NEAR", "repeat": -1, "TTFT": 10.114008963, "TPOT": 1.2670432693015872, "E2E": 89.937734929, "throughput": 91.08523809796912, "output_tokens": 64, "decode_forwards": 63, "local_batch": 32, "global_requests": 128, "smoke": false, "profiled": true, "nomination": false}
{"status": "PASS", "candidate": "family_5", "arm": "R-NEAR", "repeat": -1, "TTFT": 9.540169498, "TPOT": 1.2974988183174603, "E2E": 91.282595052, "throughput": 89.7432856212441, "output_tokens": 64, "decode_forwards": 63, "local_batch": 32, "global_requests": 128, "smoke": false, "profiled": true, "nomination": false}
{"status": "PASS", "candidate": "coherent_0", "arm": "G-NEAR", "repeat": -1, "TTFT": 9.624457819, "TPOT": 1.3662049422222222, "E2E": 95.695369179, "throughput": 85.60497827932205, "output_tokens": 64, "decode_forwards": 63, "local_batch": 32, "global_requests": 128, "smoke": false, "profiled": true, "nomination": false}
{"status": "PASS", "candidate": "coherent_0", "arm": "R-NEAR", "repeat": -1, "TTFT": 9.734324967, "TPOT": 1.3804674325079367, "E2E": 96.703773215, "throughput": 84.71230984738159, "output_tokens": 64, "decode_forwards": 63, "local_batch": 32, "global_requests": 128, "smoke": false, "profiled": true, "nomination": false}
{"status": "PASS", "candidate": "previous_best_control", "arm": "G-NEAR", "repeat": -1, "TTFT": 9.426586534, "TPOT": 1.5222265551904761, "E2E": 105.326859511, "throughput": 77.77693209531662, "output_tokens": 64, "decode_forwards": 63, "local_batch": 32, "global_requests": 128, "smoke": false, "profiled": true, "nomination": false}
{"status": "PASS", "candidate": "previous_best_control", "arm": "R-NEAR", "repeat": -1, "TTFT": 9.497460226, "TPOT": 1.5630129458253967, "E2E": 107.967275813, "throughput": 75.87484206037203, "output_tokens": 64, "decode_forwards": 63, "local_batch": 32, "global_requests": 128, "smoke": false, "profiled": true, "nomination": false}
