dmserver1:3577265:3577265 [0] NCCL INFO cudaDriverVersion 12020
dmserver1:3577265:3577265 [0] NCCL INFO Bootstrap : Using eno2:143.248.135.95<0>
dmserver1:3577265:3577265 [0] NCCL INFO NET/Plugin: No plugin found (libnccl-net.so)
dmserver1:3577265:3577265 [0] NCCL INFO NET/Plugin: Plugin load returned 2 : libnccl-net.so: cannot open shared object file: No such file or directory : when loading libnccl-net.so
dmserver1:3577265:3577265 [0] NCCL INFO NET/Plugin: Using internal network plugin.
dmserver1:3577265:3578432 [0] NCCL INFO NET/IB : No device found.
dmserver1:3577265:3578432 [0] NCCL INFO NET/Socket : Using [0]eno2:143.248.135.95<0> [1]br-d1b1d403abe1:172.18.0.1<0> [2]br-b10fced7ab8e:172.19.0.1<0> [3]veth541b4aa:fe80::8880:dbff:fedd:42f3%veth541b4aa<0> [4]vethf1ed907:fe80::b859:d7ff:fe5f:616d%vethf1ed907<0> [5]veth0f3240e:fe80::d0:56ff:fef9:f837%veth0f3240e<0> [6]veth686c6ae:fe80::4802:f4ff:fe6d:3d92%veth686c6ae<0> [7]vethdc9704a:fe80::5846:d4ff:fef0:3458%vethdc9704a<0> [8]vethf0da3b1:fe80::b89e:4cff:feea:bb6c%vethf0da3b1<0>
dmserver1:3577265:3578432 [0] NCCL INFO Using non-device net plugin version 0
dmserver1:3577265:3578432 [0] NCCL INFO Using network Socket
dmserver1:3577265:3578432 [0] NCCL INFO ncclCommInitRank comm 0x5555d77b2220 rank 1 nranks 2 cudaDev 0 nvmlDev 4 busId 89000 commId 0xe3873e6a7a0ad067 - Init START
dmserver1:3577265:3578432 [0] NCCL INFO Setting affinity for GPU 4 to ff0000,00ff0000
dmserver1:3577265:3578432 [0] NCCL INFO comm 0x5555d77b2220 rank 1 nRanks 2 nNodes 1 localRanks 2 localRank 1 MNNVL 0
dmserver1:3577265:3578432 [0] NCCL INFO Trees [0] -1/-1/-1->1->0 [1] -1/-1/-1->1->0
dmserver1:3577265:3578432 [0] NCCL INFO P2P Chunksize set to 131072
dmserver1:3577265:3578432 [0] NCCL INFO Channel 00 : 1[4] -> 0[0] via SHM/direct/direct
dmserver1:3577265:3578432 [0] NCCL INFO Channel 01 : 1[4] -> 0[0] via SHM/direct/direct
dmserver1:3577265:3578432 [0] NCCL INFO Connected all rings
dmserver1:3577265:3578432 [0] NCCL INFO Connected all trees
dmserver1:3577265:3578432 [0] NCCL INFO threadThresholds 8/8/64 | 16/8/64 | 512 | 512
dmserver1:3577265:3578432 [0] NCCL INFO 2 coll channels, 2 collnet channels, 0 nvls channels, 2 p2p channels, 2 p2p channels per peer
dmserver1:3577265:3578432 [0] NCCL INFO TUNER/Plugin: Plugin load returned 2 : libnccl-net.so: cannot open shared object file: No such file or directory : when loading libnccl-tuner.so
dmserver1:3577265:3578432 [0] NCCL INFO TUNER/Plugin: Using internal tuner plugin.
dmserver1:3577265:3578432 [0] NCCL INFO ncclCommInitRank comm 0x5555d77b2220 rank 1 nranks 2 cudaDev 0 nvmlDev 4 busId 89000 commId 0xe3873e6a7a0ad067 - Init COMPLETE
dmserver1:3577265:3578439 [0] NCCL INFO [Service thread] Connection closed by localRank 1
dmserver1:3577265:3578460 [0] NCCL INFO comm 0x5555d77b2220 rank 1 nranks 2 cudaDev 0 busId 89000 - Abort COMPLETE
dmserver1:3577265:3578595 [0] NCCL INFO Using non-device net plugin version 0
dmserver1:3577265:3578595 [0] NCCL INFO Using network Socket
dmserver1:3577265:3578595 [0] NCCL INFO ncclCommInitRank comm 0x5555d77bb320 rank 1 nranks 2 cudaDev 0 nvmlDev 4 busId 89000 commId 0xd2325de509a642b6 - Init START
dmserver1:3577265:3578595 [0] NCCL INFO Setting affinity for GPU 4 to ff0000,00ff0000
dmserver1:3577265:3578595 [0] NCCL INFO comm 0x5555d77bb320 rank 1 nRanks 2 nNodes 1 localRanks 2 localRank 1 MNNVL 0
dmserver1:3577265:3578595 [0] NCCL INFO Trees [0] -1/-1/-1->1->0 [1] -1/-1/-1->1->0
dmserver1:3577265:3578595 [0] NCCL INFO P2P Chunksize set to 131072
dmserver1:3577265:3578595 [0] NCCL INFO Channel 00 : 1[4] -> 0[1] via SHM/direct/direct
dmserver1:3577265:3578595 [0] NCCL INFO Channel 01 : 1[4] -> 0[1] via SHM/direct/direct
dmserver1:3577265:3578595 [0] NCCL INFO Connected all rings
dmserver1:3577265:3578595 [0] NCCL INFO Connected all trees
dmserver1:3577265:3578595 [0] NCCL INFO threadThresholds 8/8/64 | 16/8/64 | 512 | 512
dmserver1:3577265:3578595 [0] NCCL INFO 2 coll channels, 2 collnet channels, 0 nvls channels, 2 p2p channels, 2 p2p channels per peer
dmserver1:3577265:3578595 [0] NCCL INFO ncclCommInitRank comm 0x5555d77bb320 rank 1 nranks 2 cudaDev 0 nvmlDev 4 busId 89000 commId 0xd2325de509a642b6 - Init COMPLETE
dmserver1:3577265:3578601 [0] NCCL INFO [Service thread] Connection closed by localRank 1
dmserver1:3577265:3578620 [0] NCCL INFO comm 0x5555d77bb320 rank 1 nranks 2 cudaDev 0 busId 89000 - Abort COMPLETE
dmserver1:3577265:3578694 [0] NCCL INFO Using non-device net plugin version 0
dmserver1:3577265:3578694 [0] NCCL INFO Using network Socket
dmserver1:3577265:3578694 [0] NCCL INFO ncclCommInitRank comm 0x5555d77bb320 rank 1 nranks 2 cudaDev 0 nvmlDev 4 busId 89000 commId 0x3697b89bfb2eec90 - Init START
dmserver1:3577265:3578694 [0] NCCL INFO Setting affinity for GPU 4 to ff0000,00ff0000
dmserver1:3577265:3578694 [0] NCCL INFO comm 0x5555d77bb320 rank 1 nRanks 2 nNodes 1 localRanks 2 localRank 1 MNNVL 0
dmserver1:3577265:3578694 [0] NCCL INFO Trees [0] -1/-1/-1->1->0 [1] -1/-1/-1->1->0
dmserver1:3577265:3578694 [0] NCCL INFO P2P Chunksize set to 131072
dmserver1:3577265:3578694 [0] NCCL INFO Channel 00 : 1[4] -> 0[0] via SHM/direct/direct
dmserver1:3577265:3578694 [0] NCCL INFO Channel 01 : 1[4] -> 0[0] via SHM/direct/direct
dmserver1:3577265:3578694 [0] NCCL INFO Connected all rings
dmserver1:3577265:3578694 [0] NCCL INFO Connected all trees
dmserver1:3577265:3578694 [0] NCCL INFO threadThresholds 8/8/64 | 16/8/64 | 512 | 512
dmserver1:3577265:3578694 [0] NCCL INFO 2 coll channels, 2 collnet channels, 0 nvls channels, 2 p2p channels, 2 p2p channels per peer
dmserver1:3577265:3578694 [0] NCCL INFO ncclCommInitRank comm 0x5555d77bb320 rank 1 nranks 2 cudaDev 0 nvmlDev 4 busId 89000 commId 0x3697b89bfb2eec90 - Init COMPLETE
dmserver1:3577265:3578698 [0] NCCL INFO [Service thread] Connection closed by localRank 1
dmserver1:3577265:3578735 [0] NCCL INFO comm 0x5555d77bb320 rank 1 nranks 2 cudaDev 0 busId 89000 - Abort COMPLETE
dmserver1:3577265:3578757 [0] NCCL INFO Using non-device net plugin version 0
dmserver1:3577265:3578757 [0] NCCL INFO Using network Socket
dmserver1:3577265:3578757 [0] NCCL INFO ncclCommInitRank comm 0x5555d77bb2e0 rank 1 nranks 2 cudaDev 0 nvmlDev 4 busId 89000 commId 0x32d79addf6ef6f96 - Init START
dmserver1:3577265:3578757 [0] NCCL INFO Setting affinity for GPU 4 to ff0000,00ff0000
dmserver1:3577265:3578757 [0] NCCL INFO comm 0x5555d77bb2e0 rank 1 nRanks 2 nNodes 1 localRanks 2 localRank 1 MNNVL 0
dmserver1:3577265:3578757 [0] NCCL INFO Trees [0] -1/-1/-1->1->0 [1] -1/-1/-1->1->0
dmserver1:3577265:3578757 [0] NCCL INFO P2P Chunksize set to 131072
dmserver1:3577265:3578757 [0] NCCL INFO Channel 00 : 1[4] -> 0[1] via SHM/direct/direct
dmserver1:3577265:3578757 [0] NCCL INFO Channel 01 : 1[4] -> 0[1] via SHM/direct/direct
dmserver1:3577265:3578757 [0] NCCL INFO Connected all rings
dmserver1:3577265:3578757 [0] NCCL INFO Connected all trees
dmserver1:3577265:3578757 [0] NCCL INFO threadThresholds 8/8/64 | 16/8/64 | 512 | 512
dmserver1:3577265:3578757 [0] NCCL INFO 2 coll channels, 2 collnet channels, 0 nvls channels, 2 p2p channels, 2 p2p channels per peer
dmserver1:3577265:3578757 [0] NCCL INFO ncclCommInitRank comm 0x5555d77bb2e0 rank 1 nranks 2 cudaDev 0 nvmlDev 4 busId 89000 commId 0x32d79addf6ef6f96 - Init COMPLETE
dmserver1:3577265:3578758 [0] NCCL INFO [Service thread] Connection closed by localRank 1
dmserver1:3577265:3578782 [0] NCCL INFO comm 0x5555d77bb2e0 rank 1 nranks 2 cudaDev 0 busId 89000 - Abort COMPLETE
dmserver1:3577265:3577265 [0] NCCL INFO NCCL version 2.21.5+cuda12.4
dmserver1:3577265:3578804 [0] NCCL INFO Using non-device net plugin version 0
dmserver1:3577265:3578804 [0] NCCL INFO Using network Socket
dmserver1:3577265:3578804 [0] NCCL INFO ncclCommInitRank comm 0x5555d77bc2f0 rank 0 nranks 2 cudaDev 0 nvmlDev 4 busId 89000 commId 0x5c0a0e8a9c551268 - Init START
dmserver1:3577265:3578804 [0] NCCL INFO Setting affinity for GPU 4 to ff0000,00ff0000
dmserver1:3577265:3578804 [0] NCCL INFO comm 0x5555d77bc2f0 rank 0 nRanks 2 nNodes 1 localRanks 2 localRank 0 MNNVL 0
dmserver1:3577265:3578804 [0] NCCL INFO Channel 00/02 :    0   1
dmserver1:3577265:3578804 [0] NCCL INFO Channel 01/02 :    0   1
dmserver1:3577265:3578804 [0] NCCL INFO Trees [0] 1/-1/-1->0->-1 [1] 1/-1/-1->0->-1
dmserver1:3577265:3578804 [0] NCCL INFO P2P Chunksize set to 131072
dmserver1:3577265:3578804 [0] NCCL INFO Channel 00/0 : 0[4] -> 1[5] via P2P/CUMEM
dmserver1:3577265:3578804 [0] NCCL INFO Channel 01/0 : 0[4] -> 1[5] via P2P/CUMEM
dmserver1:3577265:3578804 [0] NCCL INFO Connected all rings
dmserver1:3577265:3578804 [0] NCCL INFO Connected all trees
dmserver1:3577265:3578804 [0] NCCL INFO threadThresholds 8/8/64 | 16/8/64 | 512 | 512
dmserver1:3577265:3578804 [0] NCCL INFO 2 coll channels, 2 collnet channels, 0 nvls channels, 2 p2p channels, 2 p2p channels per peer
dmserver1:3577265:3578804 [0] NCCL INFO ncclCommInitRank comm 0x5555d77bc2f0 rank 0 nranks 2 cudaDev 0 nvmlDev 4 busId 89000 commId 0x5c0a0e8a9c551268 - Init COMPLETE
dmserver1:3577265:3578807 [0] NCCL INFO [Service thread] Connection closed by localRank 0
dmserver1:3577265:3578847 [0] NCCL INFO comm 0x5555d77bc2f0 rank 0 nranks 2 cudaDev 0 busId 89000 - Abort COMPLETE
dmserver1:3577265:3578961 [0] NCCL INFO Using non-device net plugin version 0
dmserver1:3577265:3578961 [0] NCCL INFO Using network Socket
dmserver1:3577265:3578961 [0] NCCL INFO ncclCommInitRank comm 0x5555d77bf020 rank 0 nranks 2 cudaDev 0 nvmlDev 4 busId 89000 commId 0x8608339acca2f232 - Init START
dmserver1:3577265:3578961 [0] NCCL INFO Setting affinity for GPU 4 to ff0000,00ff0000
dmserver1:3577265:3578961 [0] NCCL INFO comm 0x5555d77bf020 rank 0 nRanks 2 nNodes 1 localRanks 2 localRank 0 MNNVL 0
dmserver1:3577265:3578961 [0] NCCL INFO Channel 00/02 :    0   1
dmserver1:3577265:3578961 [0] NCCL INFO Channel 01/02 :    0   1
dmserver1:3577265:3578961 [0] NCCL INFO Trees [0] 1/-1/-1->0->-1 [1] 1/-1/-1->0->-1
dmserver1:3577265:3578961 [0] NCCL INFO P2P Chunksize set to 131072
dmserver1:3577265:3578961 [0] NCCL INFO Channel 00/0 : 0[4] -> 1[5] via P2P/CUMEM
dmserver1:3577265:3578961 [0] NCCL INFO Channel 01/0 : 0[4] -> 1[5] via P2P/CUMEM
dmserver1:3577265:3578961 [0] NCCL INFO Connected all rings
dmserver1:3577265:3578961 [0] NCCL INFO Connected all trees
dmserver1:3577265:3578961 [0] NCCL INFO threadThresholds 8/8/64 | 16/8/64 | 512 | 512
dmserver1:3577265:3578961 [0] NCCL INFO 2 coll channels, 2 collnet channels, 0 nvls channels, 2 p2p channels, 2 p2p channels per peer
dmserver1:3577265:3578961 [0] NCCL INFO ncclCommInitRank comm 0x5555d77bf020 rank 0 nranks 2 cudaDev 0 nvmlDev 4 busId 89000 commId 0x8608339acca2f232 - Init COMPLETE
dmserver1:3577265:3578965 [0] NCCL INFO [Service thread] Connection closed by localRank 0
dmserver1:3577265:3579005 [0] NCCL INFO comm 0x5555d77bf020 rank 0 nranks 2 cudaDev 0 busId 89000 - Abort COMPLETE
dmserver1:3577265:3579066 [0] NCCL INFO Using non-device net plugin version 0
dmserver1:3577265:3579066 [0] NCCL INFO Using network Socket
dmserver1:3577265:3579066 [0] NCCL INFO ncclCommInitRank comm 0x5555d77bee10 rank 2 nranks 4 cudaDev 0 nvmlDev 4 busId 89000 commId 0xf324edab7925dea5 - Init START
dmserver1:3577265:3579066 [0] NCCL INFO Setting affinity for GPU 4 to ff0000,00ff0000
dmserver1:3577265:3579066 [0] NCCL INFO NVLS multicast support is not available on dev 0
dmserver1:3577265:3579066 [0] NCCL INFO comm 0x5555d77bee10 rank 2 nRanks 4 nNodes 1 localRanks 4 localRank 2 MNNVL 0
dmserver1:3577265:3579066 [0] NCCL INFO Trees [0] 3/-1/-1->2->1 [1] 3/-1/-1->2->1
dmserver1:3577265:3579066 [0] NCCL INFO P2P Chunksize set to 131072
dmserver1:3577265:3579066 [0] NCCL INFO Channel 00/0 : 2[4] -> 3[5] via P2P/CUMEM
dmserver1:3577265:3579066 [0] NCCL INFO Channel 01/0 : 2[4] -> 3[5] via P2P/CUMEM
dmserver1:3577265:3579066 [0] NCCL INFO Connected all rings
dmserver1:3577265:3579066 [0] NCCL INFO Channel 00 : 2[4] -> 1[1] via SHM/direct/direct
dmserver1:3577265:3579066 [0] NCCL INFO Channel 01 : 2[4] -> 1[1] via SHM/direct/direct
dmserver1:3577265:3579066 [0] NCCL INFO Connected all trees
dmserver1:3577265:3579066 [0] NCCL INFO threadThresholds 8/8/64 | 32/8/64 | 512 | 512
dmserver1:3577265:3579066 [0] NCCL INFO 2 coll channels, 2 collnet channels, 0 nvls channels, 2 p2p channels, 2 p2p channels per peer
dmserver1:3577265:3579066 [0] NCCL INFO ncclCommInitRank comm 0x5555d77bee10 rank 2 nranks 4 cudaDev 0 nvmlDev 4 busId 89000 commId 0xf324edab7925dea5 - Init COMPLETE
dmserver1:3577265:3579093 [0] NCCL INFO Channel 00/1 : 2[4] -> 3[5] via P2P/CUMEM
dmserver1:3577265:3579093 [0] NCCL INFO Channel 01/1 : 2[4] -> 3[5] via P2P/CUMEM
dmserver1:3577265:3579093 [0] NCCL INFO Channel 00 : 2[4] -> 0[0] via SHM/direct/direct
dmserver1:3577265:3579093 [0] NCCL INFO Channel 01 : 2[4] -> 0[0] via SHM/direct/direct
dmserver1:3577265:3579093 [0] NCCL INFO Channel 00 : 2[4] -> 1[1] via SHM/direct/direct
dmserver1:3577265:3579093 [0] NCCL INFO Channel 01 : 2[4] -> 1[1] via SHM/direct/direct
dmserver1:3577265:3579080 [0] NCCL INFO [Service thread] Connection closed by localRank 2
dmserver1:3577265:3579132 [0] NCCL INFO comm 0x5555d77bee10 rank 2 nranks 4 cudaDev 0 busId 89000 - Abort COMPLETE
