dmserver1:3577266:3577266 [0] NCCL INFO cudaDriverVersion 12020
dmserver1:3577266:3577266 [0] NCCL INFO Bootstrap : Using eno2:143.248.135.95<0>
dmserver1:3577266:3577266 [0] NCCL INFO NET/Plugin: No plugin found (libnccl-net.so)
dmserver1:3577266:3577266 [0] NCCL INFO NET/Plugin: Plugin load returned 2 : libnccl-net.so: cannot open shared object file: No such file or directory : when loading libnccl-net.so
dmserver1:3577266:3577266 [0] NCCL INFO NET/Plugin: Using internal network plugin.
dmserver1:3577266:3578473 [0] NCCL INFO NET/IB : No device found.
dmserver1:3577266:3578473 [0] NCCL INFO NET/Socket : Using [0]eno2:143.248.135.95<0> [1]br-d1b1d403abe1:172.18.0.1<0> [2]br-b10fced7ab8e:172.19.0.1<0> [3]veth541b4aa:fe80::8880:dbff:fedd:42f3%veth541b4aa<0> [4]vethf1ed907:fe80::b859:d7ff:fe5f:616d%vethf1ed907<0> [5]veth0f3240e:fe80::d0:56ff:fef9:f837%veth0f3240e<0> [6]veth686c6ae:fe80::4802:f4ff:fe6d:3d92%veth686c6ae<0> [7]vethdc9704a:fe80::5846:d4ff:fef0:3458%vethdc9704a<0> [8]vethf0da3b1:fe80::b89e:4cff:feea:bb6c%vethf0da3b1<0>
dmserver1:3577266:3578473 [0] NCCL INFO Using non-device net plugin version 0
dmserver1:3577266:3578473 [0] NCCL INFO Using network Socket
dmserver1:3577266:3578473 [0] NCCL INFO ncclCommInitRank comm 0x559da1d7fdb0 rank 1 nranks 2 cudaDev 0 nvmlDev 5 busId 8a000 commId 0x7f92b14a93a97926 - Init START
dmserver1:3577266:3578473 [0] NCCL INFO Setting affinity for GPU 5 to ff000000,ff000000
dmserver1:3577266:3578473 [0] NCCL INFO comm 0x559da1d7fdb0 rank 1 nRanks 2 nNodes 1 localRanks 2 localRank 1 MNNVL 0
dmserver1:3577266:3578473 [0] NCCL INFO Trees [0] -1/-1/-1->1->0 [1] -1/-1/-1->1->0
dmserver1:3577266:3578473 [0] NCCL INFO P2P Chunksize set to 131072
dmserver1:3577266:3578473 [0] NCCL INFO Channel 00 : 1[5] -> 0[0] via SHM/direct/direct
dmserver1:3577266:3578473 [0] NCCL INFO Channel 01 : 1[5] -> 0[0] via SHM/direct/direct
dmserver1:3577266:3578473 [0] NCCL INFO Connected all rings
dmserver1:3577266:3578473 [0] NCCL INFO Connected all trees
dmserver1:3577266:3578473 [0] NCCL INFO threadThresholds 8/8/64 | 16/8/64 | 512 | 512
dmserver1:3577266:3578473 [0] NCCL INFO 2 coll channels, 2 collnet channels, 0 nvls channels, 2 p2p channels, 2 p2p channels per peer
dmserver1:3577266:3578473 [0] NCCL INFO TUNER/Plugin: Plugin load returned 2 : libnccl-net.so: cannot open shared object file: No such file or directory : when loading libnccl-tuner.so
dmserver1:3577266:3578473 [0] NCCL INFO TUNER/Plugin: Using internal tuner plugin.
dmserver1:3577266:3578473 [0] NCCL INFO ncclCommInitRank comm 0x559da1d7fdb0 rank 1 nranks 2 cudaDev 0 nvmlDev 5 busId 8a000 commId 0x7f92b14a93a97926 - Init COMPLETE
dmserver1:3577266:3578487 [0] NCCL INFO [Service thread] Connection closed by localRank 1
dmserver1:3577266:3578524 [0] NCCL INFO comm 0x559da1d7fdb0 rank 1 nranks 2 cudaDev 0 busId 8a000 - Abort COMPLETE
dmserver1:3577266:3578640 [0] NCCL INFO Using non-device net plugin version 0
dmserver1:3577266:3578640 [0] NCCL INFO Using network Socket
dmserver1:3577266:3578640 [0] NCCL INFO ncclCommInitRank comm 0x559da1d893a0 rank 1 nranks 2 cudaDev 0 nvmlDev 5 busId 8a000 commId 0xa933037f8909024b - Init START
dmserver1:3577266:3578640 [0] NCCL INFO Setting affinity for GPU 5 to ff000000,ff000000
dmserver1:3577266:3578640 [0] NCCL INFO comm 0x559da1d893a0 rank 1 nRanks 2 nNodes 1 localRanks 2 localRank 1 MNNVL 0
dmserver1:3577266:3578640 [0] NCCL INFO Trees [0] -1/-1/-1->1->0 [1] -1/-1/-1->1->0
dmserver1:3577266:3578640 [0] NCCL INFO P2P Chunksize set to 131072
dmserver1:3577266:3578640 [0] NCCL INFO Channel 00 : 1[5] -> 0[1] via SHM/direct/direct
dmserver1:3577266:3578640 [0] NCCL INFO Channel 01 : 1[5] -> 0[1] via SHM/direct/direct
dmserver1:3577266:3578640 [0] NCCL INFO Connected all rings
dmserver1:3577266:3578640 [0] NCCL INFO Connected all trees
dmserver1:3577266:3578640 [0] NCCL INFO threadThresholds 8/8/64 | 16/8/64 | 512 | 512
dmserver1:3577266:3578640 [0] NCCL INFO 2 coll channels, 2 collnet channels, 0 nvls channels, 2 p2p channels, 2 p2p channels per peer
dmserver1:3577266:3578640 [0] NCCL INFO ncclCommInitRank comm 0x559da1d893a0 rank 1 nranks 2 cudaDev 0 nvmlDev 5 busId 8a000 commId 0xa933037f8909024b - Init COMPLETE
dmserver1:3577266:3578641 [0] NCCL INFO [Service thread] Connection closed by localRank 1
dmserver1:3577266:3578686 [0] NCCL INFO comm 0x559da1d893a0 rank 1 nranks 2 cudaDev 0 busId 8a000 - Abort COMPLETE
dmserver1:3577266:3578805 [0] NCCL INFO Using non-device net plugin version 0
dmserver1:3577266:3578805 [0] NCCL INFO Using network Socket
dmserver1:3577266:3578805 [0] NCCL INFO ncclCommInitRank comm 0x559da1d89ce0 rank 1 nranks 2 cudaDev 0 nvmlDev 5 busId 8a000 commId 0x5c0a0e8a9c551268 - Init START
dmserver1:3577266:3578805 [0] NCCL INFO Setting affinity for GPU 5 to ff000000,ff000000
dmserver1:3577266:3578805 [0] NCCL INFO comm 0x559da1d89ce0 rank 1 nRanks 2 nNodes 1 localRanks 2 localRank 1 MNNVL 0
dmserver1:3577266:3578805 [0] NCCL INFO Trees [0] -1/-1/-1->1->0 [1] -1/-1/-1->1->0
dmserver1:3577266:3578805 [0] NCCL INFO P2P Chunksize set to 131072
dmserver1:3577266:3578805 [0] NCCL INFO Channel 00/0 : 1[5] -> 0[4] via P2P/CUMEM
dmserver1:3577266:3578805 [0] NCCL INFO Channel 01/0 : 1[5] -> 0[4] via P2P/CUMEM
dmserver1:3577266:3578805 [0] NCCL INFO Connected all rings
dmserver1:3577266:3578805 [0] NCCL INFO Connected all trees
dmserver1:3577266:3578805 [0] NCCL INFO threadThresholds 8/8/64 | 16/8/64 | 512 | 512
dmserver1:3577266:3578805 [0] NCCL INFO 2 coll channels, 2 collnet channels, 0 nvls channels, 2 p2p channels, 2 p2p channels per peer
dmserver1:3577266:3578805 [0] NCCL INFO ncclCommInitRank comm 0x559da1d89ce0 rank 1 nranks 2 cudaDev 0 nvmlDev 5 busId 8a000 commId 0x5c0a0e8a9c551268 - Init COMPLETE
dmserver1:3577266:3578806 [0] NCCL INFO [Service thread] Connection closed by localRank 1
dmserver1:3577266:3578848 [0] NCCL INFO comm 0x559da1d89ce0 rank 1 nranks 2 cudaDev 0 busId 8a000 - Abort COMPLETE
dmserver1:3577266:3578872 [0] NCCL INFO Using non-device net plugin version 0
dmserver1:3577266:3578872 [0] NCCL INFO Using network Socket
dmserver1:3577266:3578872 [0] NCCL INFO ncclCommInitRank comm 0x559da1d89cc0 rank 1 nranks 2 cudaDev 0 nvmlDev 5 busId 8a000 commId 0x549f9dc8282266ad - Init START
dmserver1:3577266:3578872 [0] NCCL INFO Setting affinity for GPU 5 to ff000000,ff000000
dmserver1:3577266:3578872 [0] NCCL INFO comm 0x559da1d89cc0 rank 1 nRanks 2 nNodes 1 localRanks 2 localRank 1 MNNVL 0
dmserver1:3577266:3578872 [0] NCCL INFO Trees [0] -1/-1/-1->1->0 [1] -1/-1/-1->1->0
dmserver1:3577266:3578872 [0] NCCL INFO P2P Chunksize set to 131072
dmserver1:3577266:3578872 [0] NCCL INFO Channel 00 : 1[5] -> 0[0] via SHM/direct/direct
dmserver1:3577266:3578872 [0] NCCL INFO Channel 01 : 1[5] -> 0[0] via SHM/direct/direct
dmserver1:3577266:3578872 [0] NCCL INFO Connected all rings
dmserver1:3577266:3578872 [0] NCCL INFO Connected all trees
dmserver1:3577266:3578872 [0] NCCL INFO threadThresholds 8/8/64 | 16/8/64 | 512 | 512
dmserver1:3577266:3578872 [0] NCCL INFO 2 coll channels, 2 collnet channels, 0 nvls channels, 2 p2p channels, 2 p2p channels per peer
dmserver1:3577266:3578872 [0] NCCL INFO ncclCommInitRank comm 0x559da1d89cc0 rank 1 nranks 2 cudaDev 0 nvmlDev 5 busId 8a000 commId 0x549f9dc8282266ad - Init COMPLETE
dmserver1:3577266:3578873 [0] NCCL INFO [Service thread] Connection closed by localRank 1
dmserver1:3577266:3578900 [0] NCCL INFO comm 0x559da1d89cc0 rank 1 nranks 2 cudaDev 0 busId 8a000 - Abort COMPLETE
dmserver1:3577266:3578922 [0] NCCL INFO Using non-device net plugin version 0
dmserver1:3577266:3578922 [0] NCCL INFO Using network Socket
dmserver1:3577266:3578922 [0] NCCL INFO ncclCommInitRank comm 0x559da1d892a0 rank 1 nranks 2 cudaDev 0 nvmlDev 5 busId 8a000 commId 0x43e452935bac7d0a - Init START
dmserver1:3577266:3578922 [0] NCCL INFO Setting affinity for GPU 5 to ff000000,ff000000
dmserver1:3577266:3578922 [0] NCCL INFO comm 0x559da1d892a0 rank 1 nRanks 2 nNodes 1 localRanks 2 localRank 1 MNNVL 0
dmserver1:3577266:3578922 [0] NCCL INFO Trees [0] -1/-1/-1->1->0 [1] -1/-1/-1->1->0
dmserver1:3577266:3578922 [0] NCCL INFO P2P Chunksize set to 131072
dmserver1:3577266:3578922 [0] NCCL INFO Channel 00 : 1[5] -> 0[1] via SHM/direct/direct
dmserver1:3577266:3578922 [0] NCCL INFO Channel 01 : 1[5] -> 0[1] via SHM/direct/direct
dmserver1:3577266:3578922 [0] NCCL INFO Connected all rings
dmserver1:3577266:3578922 [0] NCCL INFO Connected all trees
dmserver1:3577266:3578922 [0] NCCL INFO threadThresholds 8/8/64 | 16/8/64 | 512 | 512
dmserver1:3577266:3578922 [0] NCCL INFO 2 coll channels, 2 collnet channels, 0 nvls channels, 2 p2p channels, 2 p2p channels per peer
dmserver1:3577266:3578922 [0] NCCL INFO ncclCommInitRank comm 0x559da1d892a0 rank 1 nranks 2 cudaDev 0 nvmlDev 5 busId 8a000 commId 0x43e452935bac7d0a - Init COMPLETE
dmserver1:3577266:3578923 [0] NCCL INFO [Service thread] Connection closed by localRank 1
dmserver1:3577266:3578955 [0] NCCL INFO comm 0x559da1d892a0 rank 1 nranks 2 cudaDev 0 busId 8a000 - Abort COMPLETE
dmserver1:3577266:3578962 [0] NCCL INFO Using non-device net plugin version 0
dmserver1:3577266:3578962 [0] NCCL INFO Using network Socket
dmserver1:3577266:3578962 [0] NCCL INFO ncclCommInitRank comm 0x559da1d892a0 rank 1 nranks 2 cudaDev 0 nvmlDev 5 busId 8a000 commId 0x8608339acca2f232 - Init START
dmserver1:3577266:3578962 [0] NCCL INFO Setting affinity for GPU 5 to ff000000,ff000000
dmserver1:3577266:3578962 [0] NCCL INFO comm 0x559da1d892a0 rank 1 nRanks 2 nNodes 1 localRanks 2 localRank 1 MNNVL 0
dmserver1:3577266:3578962 [0] NCCL INFO Trees [0] -1/-1/-1->1->0 [1] -1/-1/-1->1->0
dmserver1:3577266:3578962 [0] NCCL INFO P2P Chunksize set to 131072
dmserver1:3577266:3578962 [0] NCCL INFO Channel 00/0 : 1[5] -> 0[4] via P2P/CUMEM
dmserver1:3577266:3578962 [0] NCCL INFO Channel 01/0 : 1[5] -> 0[4] via P2P/CUMEM
dmserver1:3577266:3578962 [0] NCCL INFO Connected all rings
dmserver1:3577266:3578962 [0] NCCL INFO Connected all trees
dmserver1:3577266:3578962 [0] NCCL INFO threadThresholds 8/8/64 | 16/8/64 | 512 | 512
dmserver1:3577266:3578962 [0] NCCL INFO 2 coll channels, 2 collnet channels, 0 nvls channels, 2 p2p channels, 2 p2p channels per peer
dmserver1:3577266:3578962 [0] NCCL INFO ncclCommInitRank comm 0x559da1d892a0 rank 1 nranks 2 cudaDev 0 nvmlDev 5 busId 8a000 commId 0x8608339acca2f232 - Init COMPLETE
dmserver1:3577266:3578963 [0] NCCL INFO [Service thread] Connection closed by localRank 1
dmserver1:3577266:3579006 [0] NCCL INFO comm 0x559da1d892a0 rank 1 nranks 2 cudaDev 0 busId 8a000 - Abort COMPLETE
dmserver1:3577266:3579067 [0] NCCL INFO Using non-device net plugin version 0
dmserver1:3577266:3579067 [0] NCCL INFO Using network Socket
dmserver1:3577266:3579067 [0] NCCL INFO ncclCommInitRank comm 0x559da1d892a0 rank 3 nranks 4 cudaDev 0 nvmlDev 5 busId 8a000 commId 0xf324edab7925dea5 - Init START
dmserver1:3577266:3579067 [0] NCCL INFO Setting affinity for GPU 5 to ff000000,ff000000
dmserver1:3577266:3579067 [0] NCCL INFO NVLS multicast support is not available on dev 0
dmserver1:3577266:3579067 [0] NCCL INFO comm 0x559da1d892a0 rank 3 nRanks 4 nNodes 1 localRanks 4 localRank 3 MNNVL 0
dmserver1:3577266:3579067 [0] NCCL INFO Trees [0] -1/-1/-1->3->2 [1] -1/-1/-1->3->2
dmserver1:3577266:3579067 [0] NCCL INFO P2P Chunksize set to 131072
dmserver1:3577266:3579067 [0] NCCL INFO Channel 00 : 3[5] -> 0[0] via SHM/direct/direct
dmserver1:3577266:3579067 [0] NCCL INFO Channel 01 : 3[5] -> 0[0] via SHM/direct/direct
dmserver1:3577266:3579067 [0] NCCL INFO Connected all rings
dmserver1:3577266:3579067 [0] NCCL INFO Channel 00/0 : 3[5] -> 2[4] via P2P/CUMEM
dmserver1:3577266:3579067 [0] NCCL INFO Channel 01/0 : 3[5] -> 2[4] via P2P/CUMEM
dmserver1:3577266:3579067 [0] NCCL INFO Connected all trees
dmserver1:3577266:3579067 [0] NCCL INFO threadThresholds 8/8/64 | 32/8/64 | 512 | 512
dmserver1:3577266:3579067 [0] NCCL INFO 2 coll channels, 2 collnet channels, 0 nvls channels, 2 p2p channels, 2 p2p channels per peer
dmserver1:3577266:3579067 [0] NCCL INFO ncclCommInitRank comm 0x559da1d892a0 rank 3 nranks 4 cudaDev 0 nvmlDev 5 busId 8a000 commId 0xf324edab7925dea5 - Init COMPLETE
dmserver1:3577266:3579096 [0] NCCL INFO Channel 00 : 3[5] -> 0[0] via SHM/direct/direct
dmserver1:3577266:3579096 [0] NCCL INFO Channel 01 : 3[5] -> 0[0] via SHM/direct/direct
dmserver1:3577266:3579096 [0] NCCL INFO Channel 00 : 3[5] -> 1[1] via SHM/direct/direct
dmserver1:3577266:3579096 [0] NCCL INFO Channel 01 : 3[5] -> 1[1] via SHM/direct/direct
dmserver1:3577266:3579096 [0] NCCL INFO Channel 00/1 : 3[5] -> 2[4] via P2P/CUMEM
dmserver1:3577266:3579096 [0] NCCL INFO Channel 01/1 : 3[5] -> 2[4] via P2P/CUMEM
dmserver1:3577266:3579078 [0] NCCL INFO [Service thread] Connection closed by localRank 3
dmserver1:3577266:3579131 [0] NCCL INFO comm 0x559da1d892a0 rank 3 nranks 4 cudaDev 0 busId 8a000 - Abort COMPLETE
