`rope_scaling`'s factor field must be a float >= 1, got 40
`rope_scaling`'s beta_fast field must be a float, got 32
`rope_scaling`'s beta_slow field must be a float, got 1
`rope_scaling`'s factor field must be a float >= 1, got 40
`rope_scaling`'s beta_fast field must be a float, got 32
`rope_scaling`'s beta_slow field must be a float, got 1
`rope_scaling`'s factor field must be a float >= 1, got 40
`rope_scaling`'s beta_fast field must be a float, got 32
`rope_scaling`'s beta_slow field must be a float, got 1
`rope_scaling`'s factor field must be a float >= 1, got 40
`rope_scaling`'s beta_fast field must be a float, got 32
`rope_scaling`'s beta_slow field must be a float, got 1
{"status": "PASS", "system": "main_OURS", "repeat": 0, "decode_policy": "BW", "prefill_policy": "BR", "h2d_serial_ablation": true, "serial_wait_ms_per_rank": [2243.243739, 2094.477129, 1888.124323, 1890.580108], "decode_fetches_per_rank": [14343, 13923, 13509, 13101], "TTFT": 25.192051229, "TPOT": 0.4049868845079365, "E2E": 50.706224953, "output_tokens": 64, "global_requests": 64}
{"status": "PASS", "system": "main_OURS", "repeat": 1, "decode_policy": "BW", "prefill_policy": "BR", "h2d_serial_ablation": true, "serial_wait_ms_per_rank": [2249.193417, 2083.042153, 1908.288422, 1891.479138], "decode_fetches_per_rank": [14271, 13860, 13458, 13018], "TTFT": 0.854948908, "TPOT": 0.3186873540793651, "E2E": 20.932252215, "output_tokens": 64, "global_requests": 64}
{"status": "PASS", "system": "main_OURS", "repeat": 2, "decode_policy": "BR", "prefill_policy": "BR", "h2d_serial_ablation": true, "serial_wait_ms_per_rank": [2233.206136, 2095.965647, 1874.947742, 1876.914022], "decode_fetches_per_rank": [14245, 13825, 13413, 13010], "TTFT": 0.614034845, "TPOT": 0.3200950157460317, "E2E": 20.780020837, "output_tokens": 64, "global_requests": 64}
{"status": "PASS", "system": "main_OURS", "repeat": 3, "decode_policy": "HAQ", "prefill_policy": "BR", "h2d_serial_ablation": true, "serial_wait_ms_per_rank": [2127.766552, 2055.579156, 1974.419629, 2028.230466], "decode_fetches_per_rank": [13695, 13642, 13601, 13537], "TTFT": 0.613574615, "TPOT": 0.3034828564603175, "E2E": 19.732994572, "output_tokens": 64, "global_requests": 64}
{"status": "PASS", "system": "main_OURS", "repeat": 4, "decode_policy": "LA_CA_NEAR", "prefill_policy": "BR", "h2d_serial_ablation": true, "serial_wait_ms_per_rank": [2254.635839, 2097.234903, 1900.489145, 1895.477123], "decode_fetches_per_rank": [14247, 13809, 13420, 13006], "TTFT": 0.600298839, "TPOT": 0.3099720286031746, "E2E": 20.128536641, "output_tokens": 64, "global_requests": 64}
{"status": "PASS", "system": "main_OURS", "repeat": 5, "decode_policy": "LA_CA_NEAR", "prefill_policy": "BR", "h2d_serial_ablation": true, "serial_wait_ms_per_rank": [2268.454746, 2091.246623, 1906.353052, 1898.588608], "decode_fetches_per_rank": [14247, 13809, 13420, 13006], "TTFT": 0.601723861, "TPOT": 0.30887923646031745, "E2E": 20.061115758, "output_tokens": 64, "global_requests": 64}
{"status": "PASS", "system": "main_OURS", "repeat": 6, "decode_policy": "HAQ", "prefill_policy": "BR", "h2d_serial_ablation": true, "serial_wait_ms_per_rank": [2173.174431, 2712.183633, 1961.986095, 2029.861062], "decode_fetches_per_rank": [13695, 13642, 13601, 13537], "TTFT": 0.599822082, "TPOT": 0.30304125396825393, "E2E": 19.691421082, "output_tokens": 64, "global_requests": 64}
{"status": "PASS", "system": "main_OURS", "repeat": 7, "decode_policy": "BR", "prefill_policy": "BR", "h2d_serial_ablation": true, "serial_wait_ms_per_rank": [2231.508644, 2118.10088, 1909.050139, 1891.609222], "decode_fetches_per_rank": [14245, 13825, 13413, 13010], "TTFT": 0.599744448, "TPOT": 0.31511161150793654, "E2E": 20.451775973, "output_tokens": 64, "global_requests": 64}
{"status": "PASS", "system": "main_OURS", "repeat": 8, "decode_policy": "BW", "prefill_policy": "BR", "h2d_serial_ablation": true, "serial_wait_ms_per_rank": [2248.645286, 2765.488087, 1904.691732, 1889.921906], "decode_fetches_per_rank": [14271, 13860, 13458, 13018], "TTFT": 0.600786911, "TPOT": 0.3158131657301587, "E2E": 20.497016352, "output_tokens": 64, "global_requests": 64}
