BR event=0 split_controller
BR event=0 split_controller
BR event=0 split_controller
BR event=0 split_controllerBR event=0 split_controller

BR event=0 split_controller
BR event=0 split_controller
BR event=0 split_controller
BR event=0 split_controllerBR event=0 split_controller

BR event=0 split_controller
BR event=0 split_controller
BR event=0 split_controller
BR event=0 split_controller
BR event=0 split_controller
BR event=0 split_controller
BR event=768 split_controller
BR event=768 split_controller
BR event=768 split_controllerBR event=768 split_controllerBR event=768 split_controllerBR event=768 split_controllerBR event=768 split_controller


BR event=768 split_controller


BR event=1536 split_controllerBR event=1536 split_controller
BR event=1536 split_controllerBR event=1536 split_controller
BR event=1536 split_controller
BR event=1536 split_controllerBR event=1536 split_controller
BR event=1536 split_controller



BR event=2304 split_controllerBR event=2304 split_controllerBR event=2304 split_controllerBR event=2304 split_controller
BR event=2304 split_controller

BR event=2304 split_controller
BR event=2304 split_controller
BR event=2304 split_controller


{"status": "PASS", "expert_executor": "native", "repeat": 0, "TTFT": 1.857256455, "TPOT": 0.660439122, "E2E": 43.464921141, "throughput": 188.47382636276254, "output_tokens": 64, "global_requests": 128, "smoke": false}
{"status": "PASS", "expert_executor": "native", "repeat": 1, "TTFT": 3.134111308, "TPOT": 0.4917148943015873, "E2E": 34.112149649, "throughput": 240.14904027721244, "output_tokens": 64, "global_requests": 128, "smoke": false}
{"status": "PASS", "expert_executor": "native", "repeat": 2, "TTFT": 1.821187541, "TPOT": 0.4854687818571429, "E2E": 32.405720798, "throughput": 252.79487072867673, "output_tokens": 64, "global_requests": 128, "smoke": false}
{"status": "PASS", "expert_executor": "native", "repeat": 3, "TTFT": 1.819434002, "TPOT": 0.48698046104761905, "E2E": 32.499203048, "throughput": 252.06771956533058, "output_tokens": 64, "global_requests": 128, "smoke": false}
