06:05:40 start qwen_l1024_r4_HAQ_r1
06:10:53 done qwen_l1024_r4_HAQ_r1 rc=0
06:10:53 start qwen_l1024_r4_RANDOM_r1
06:16:16 done qwen_l1024_r4_RANDOM_r1 rc=0
06:16:16 start qwen_l1024_r4_RANDOM_r2
06:21:40 done qwen_l1024_r4_RANDOM_r2 rc=0
06:21:40 start qwen_l1024_r4_HAQ_r2
06:26:48 done qwen_l1024_r4_HAQ_r2 rc=0
06:26:48 start ds_l1024_r4_HAQ_r1
06:29:32 done ds_l1024_r4_HAQ_r1 rc=0
06:29:32 start ds_l1024_r4_RANDOM_r1
06:31:58 done ds_l1024_r4_RANDOM_r1 rc=0
06:31:58 start ds_l1024_r4_RANDOM_r2
06:34:24 done ds_l1024_r4_RANDOM_r2 rc=0
06:34:24 start ds_l1024_r4_HAQ_r2
06:36:36 done ds_l1024_r4_HAQ_r2 rc=0
06:36:36 start qwen_l512_r4_HAQ_r1
06:41:37 done qwen_l512_r4_HAQ_r1 rc=0
06:41:37 start qwen_l512_r4_RANDOM_r1
06:46:56 done qwen_l512_r4_RANDOM_r1 rc=0
06:46:56 start qwen_l512_r4_RANDOM_r2
06:52:11 done qwen_l512_r4_RANDOM_r2 rc=0
06:52:11 start qwen_l512_r4_HAQ_r2
06:57:15 done qwen_l512_r4_HAQ_r2 rc=0
06:57:15 start r2 sab_haq v1
07:02:46 done r2 sab_haq v1 rc=0
07:02:46 start r2 sab_random v1
07:08:41 done r2 sab_random v1 rc=0
07:08:41 start r2 sab_random v2
07:14:21 done r2 sab_random v2 rc=0
07:14:21 start r2 sab_haq v2
07:20:06 done r2 sab_haq v2 rc=0
07:20:06 start r8 sab_haq v1
07:25:10 done r8 sab_haq v1 rc=0
07:25:10 start r8 sab_random v1
07:30:35 done r8 sab_random v1 rc=0
07:30:35 start r8 sab_random v2
07:35:50 done r8 sab_random v2 rc=0
07:35:50 start r8 sab_haq v2
07:40:58 done r8 sab_haq v2 rc=0
ALLDONE
